OpenROAD b16bda7e82721d10566ff7e2b68f1ff0be9f9e38 
Features included (+) or not (-): +Charts +GPU +GUI +Python
This program is licensed under the BSD-3 license. See the LICENSE file for details.
Components of this program may be licensed under more restrictive licenses which must be honored.
define_corners Typical
read_liberty -corner Typical /home/pikachu/.volare/sky130A/libs.ref/sky130_fd_sc_hd/lib/sky130_fd_sc_hd__tt_025C_1v80.lib
Using 1e-12 for capacitance...
Using 1e+03 for resistance...
Using 1e-09 for time...
Using 1e+00 for voltage...
Using 1e-03 for current...
Using 1e-09 for power...
Using 1e-06 for distance...
[INFO]: Reading ODB at '/openlane/designs/lab4/runs/RUN_2025.06.17_12.42.35/tmp/routing/25-fill.odb'…
Reading design constraints file at '/openlane/designs/lab4/src/topmodule.sdc'…
[INFO ORD-0030] Using 2 thread(s).
[INFO DRT-0149] Reading tech and libs.
[WARNING DRT-0349] LEF58_ENCLOSURE with no CUTCLASS is not supported. Skipping for layer mcon
[WARNING DRT-0349] LEF58_ENCLOSURE with no CUTCLASS is not supported. Skipping for layer mcon
[WARNING DRT-0349] LEF58_ENCLOSURE with no CUTCLASS is not supported. Skipping for layer via
[WARNING DRT-0349] LEF58_ENCLOSURE with no CUTCLASS is not supported. Skipping for layer via
[WARNING DRT-0349] LEF58_ENCLOSURE with no CUTCLASS is not supported. Skipping for layer via2
[WARNING DRT-0349] LEF58_ENCLOSURE with no CUTCLASS is not supported. Skipping for layer via2
[WARNING DRT-0349] LEF58_ENCLOSURE with no CUTCLASS is not supported. Skipping for layer via3
[WARNING DRT-0349] LEF58_ENCLOSURE with no CUTCLASS is not supported. Skipping for layer via3
[WARNING DRT-0349] LEF58_ENCLOSURE with no CUTCLASS is not supported. Skipping for layer via4
[WARNING DRT-0349] LEF58_ENCLOSURE with no CUTCLASS is not supported. Skipping for layer via4

Units:                1000
Number of layers:     13
Number of macros:     441
Number of vias:       29
Number of viarulegen: 25

[INFO DRT-0150] Reading design.

Design:                   topmodule
Die area:                 ( 0 0 ) ( 400000 600000 )
Number of track patterns: 12
Number of DEF vias:       0
Number of components:     26590
Number of terminals:      45
Number of snets:          2
Number of nets:           862

[INFO DRT-0167] List of default vias:
  Layer via
    default via: M1M2_PR
  Layer via2
    default via: M2M3_PR
  Layer via3
    default via: M3M4_PR
  Layer via4
    default via: M4M5_PR
[INFO DRT-0162] Library cell analysis.
[INFO DRT-0163] Instance analysis.
[INFO DRT-0164] Number of unique instances = 208.
[INFO DRT-0168] Init region query.
[INFO DRT-0024]   Complete FR_MASTERSLICE.
[INFO DRT-0024]   Complete Fr_VIA.
[INFO DRT-0024]   Complete li1.
[INFO DRT-0024]   Complete mcon.
[INFO DRT-0024]   Complete met1.
[INFO DRT-0024]   Complete via.
[INFO DRT-0024]   Complete met2.
[INFO DRT-0024]   Complete via2.
[INFO DRT-0024]   Complete met3.
[INFO DRT-0024]   Complete via3.
[INFO DRT-0024]   Complete met4.
[INFO DRT-0024]   Complete via4.
[INFO DRT-0024]   Complete met5.
[INFO DRT-0033] FR_MASTERSLICE shape region query size = 0.
[INFO DRT-0033] FR_VIA shape region query size = 0.
[INFO DRT-0033] li1 shape region query size = 155281.
[INFO DRT-0033] mcon shape region query size = 259728.
[INFO DRT-0033] met1 shape region query size = 58640.
[INFO DRT-0033] via shape region query size = 17040.
[INFO DRT-0033] met2 shape region query size = 10243.
[INFO DRT-0033] via2 shape region query size = 13632.
[INFO DRT-0033] met3 shape region query size = 10248.
[INFO DRT-0033] via3 shape region query size = 13632.
[INFO DRT-0033] met4 shape region query size = 4208.
[INFO DRT-0033] via4 shape region query size = 736.
[INFO DRT-0033] met5 shape region query size = 828.
[INFO DRT-0165] Start pin access.
[INFO DRT-0078]   Complete 645 pins.
[INFO DRT-0079]   Complete 100 unique inst patterns.
[INFO DRT-0081]   Complete 190 unique inst patterns.
[INFO DRT-0084]   Complete 2998 groups.
#scanned instances     = 26590
#unique  instances     = 208
#stdCellGenAp          = 5252
#stdCellValidPlanarAp  = 97
#stdCellValidViaAp     = 3818
#stdCellPinNoAp        = 0
#stdCellPinCnt         = 2801
#instTermValidViaApCnt = 0
#macroGenAp            = 0
#macroValidPlanarAp    = 0
#macroValidViaAp       = 0
#macroNoAp             = 0
[INFO DRT-0166] Complete pin access.
[INFO DRT-0267] cpu time = 00:00:09, elapsed time = 00:00:04, memory = 186.02 (MB), peak = 187.17 (MB)

Number of guides:     15389

[INFO DRT-0169] Post process guides.
[INFO DRT-0176] GCELLGRID X 0 DO 57 STEP 6900 ;
[INFO DRT-0177] GCELLGRID Y 0 DO 86 STEP 6900 ;
[INFO DRT-0028]   Complete FR_MASTERSLICE.
[INFO DRT-0028]   Complete Fr_VIA.
[INFO DRT-0028]   Complete li1.
[INFO DRT-0028]   Complete mcon.
[INFO DRT-0028]   Complete met1.
[INFO DRT-0028]   Complete via.
[INFO DRT-0028]   Complete met2.
[INFO DRT-0028]   Complete via2.
[INFO DRT-0028]   Complete met3.
[INFO DRT-0028]   Complete via3.
[INFO DRT-0028]   Complete met4.
[INFO DRT-0028]   Complete via4.
[INFO DRT-0028]   Complete met5.
[INFO DRT-0178] Init guide query.
[INFO DRT-0035]   Complete FR_MASTERSLICE (guide).
[INFO DRT-0035]   Complete Fr_VIA (guide).
[INFO DRT-0035]   Complete li1 (guide).
[INFO DRT-0035]   Complete mcon (guide).
[INFO DRT-0035]   Complete met1 (guide).
[INFO DRT-0035]   Complete via (guide).
[INFO DRT-0035]   Complete met2 (guide).
[INFO DRT-0035]   Complete via2 (guide).
[INFO DRT-0035]   Complete met3 (guide).
[INFO DRT-0035]   Complete via3 (guide).
[INFO DRT-0035]   Complete met4 (guide).
[INFO DRT-0035]   Complete via4 (guide).
[INFO DRT-0035]   Complete met5 (guide).
[INFO DRT-0036] FR_MASTERSLICE guide region query size = 0.
[INFO DRT-0036] FR_VIA guide region query size = 0.
[INFO DRT-0036] li1 guide region query size = 4062.
[INFO DRT-0036] mcon guide region query size = 0.
[INFO DRT-0036] met1 guide region query size = 4268.
[INFO DRT-0036] via guide region query size = 0.
[INFO DRT-0036] met2 guide region query size = 2691.
[INFO DRT-0036] via2 guide region query size = 0.
[INFO DRT-0036] met3 guide region query size = 383.
[INFO DRT-0036] via3 guide region query size = 0.
[INFO DRT-0036] met4 guide region query size = 178.
[INFO DRT-0036] via4 guide region query size = 0.
[INFO DRT-0036] met5 guide region query size = 0.
[INFO DRT-0179] Init gr pin query.
[INFO DRT-0245] skipped writing guide updates to database.
[INFO DRT-0185] Post process initialize RPin region query.
[INFO DRT-0181] Start track assignment.
[INFO DRT-0184] Done with 6931 vertical wires in 2 frboxes and 4651 horizontal wires in 2 frboxes.
[INFO DRT-0186] Done with 617 vertical wires in 2 frboxes and 1061 horizontal wires in 2 frboxes.
[INFO DRT-0182] Complete track assignment.
[INFO DRT-0267] cpu time = 00:00:01, elapsed time = 00:00:01, memory = 261.89 (MB), peak = 261.89 (MB)
[INFO DRT-0187] Start routing data preparation.
[INFO DRT-0267] cpu time = 00:00:00, elapsed time = 00:00:00, memory = 261.89 (MB), peak = 261.89 (MB)
[INFO DRT-0194] Start detail routing.
[INFO DRT-0195] Start 0th optimization iteration.
    Completing 10% with 0 violations.
    elapsed time = 00:00:00, memory = 300.21 (MB).
    Completing 20% with 0 violations.
    elapsed time = 00:00:01, memory = 372.18 (MB).
    Completing 30% with 215 violations.
    elapsed time = 00:00:02, memory = 436.18 (MB).
    Completing 40% with 215 violations.
    elapsed time = 00:00:03, memory = 436.18 (MB).
    Completing 50% with 215 violations.
    elapsed time = 00:00:03, memory = 436.18 (MB).
    Completing 60% with 408 violations.
    elapsed time = 00:00:05, memory = 445.65 (MB).
    Completing 70% with 408 violations.
    elapsed time = 00:00:05, memory = 446.17 (MB).
    Completing 80% with 609 violations.
    elapsed time = 00:00:06, memory = 453.13 (MB).
    Completing 90% with 609 violations.
    elapsed time = 00:00:07, memory = 453.90 (MB).
    Completing 100% with 718 violations.
    elapsed time = 00:00:08, memory = 453.90 (MB).
[INFO DRT-0199]   Number of violations = 886.
Viol/Layer         li1   met1    via   met2   met3
Metal Spacing        2     79      0     81      1
Recheck              0    111      0     49      8
Short                0    446      1    108      0
[INFO DRT-0267] cpu time = 00:00:17, elapsed time = 00:00:09, memory = 687.98 (MB), peak = 687.98 (MB)
Total wire length = 378972 um.
Total wire length on LAYER li1 = 0 um.
Total wire length on LAYER met1 = 140586 um.
Total wire length on LAYER met2 = 179185 um.
Total wire length on LAYER met3 = 21375 um.
Total wire length on LAYER met4 = 37825 um.
Total wire length on LAYER met5 = 0 um.
Total number of vias = 13141.
Up-via summary (total 13141):

------------------------
 FR_MASTERSLICE        0
            li1     5268
           met1     7105
           met2      423
           met3      345
           met4        0
------------------------
                   13141


[INFO DRT-0195] Start 1st optimization iteration.
    Completing 10% with 886 violations.
    elapsed time = 00:00:00, memory = 687.98 (MB).
    Completing 20% with 886 violations.
    elapsed time = 00:00:01, memory = 687.98 (MB).
    Completing 30% with 722 violations.
    elapsed time = 00:00:02, memory = 687.98 (MB).
    Completing 40% with 722 violations.
    elapsed time = 00:00:03, memory = 687.98 (MB).
    Completing 50% with 722 violations.
    elapsed time = 00:00:04, memory = 687.98 (MB).
    Completing 60% with 605 violations.
    elapsed time = 00:00:05, memory = 687.98 (MB).
    Completing 70% with 605 violations.
    elapsed time = 00:00:04, memory = 687.98 (MB).
    Completing 80% with 453 violations.
    elapsed time = 00:00:05, memory = 687.98 (MB).
    Completing 90% with 453 violations.
    elapsed time = 00:00:07, memory = 687.98 (MB).
    Completing 100% with 351 violations.
    elapsed time = 00:00:08, memory = 687.98 (MB).
[INFO DRT-0199]   Number of violations = 356.
Viol/Layer        met1   met2
Metal Spacing       27     20
Recheck              4      1
Short              275     29
[INFO DRT-0267] cpu time = 00:00:18, elapsed time = 00:00:08, memory = 688.77 (MB), peak = 688.77 (MB)
Total wire length = 378972 um.
Total wire length on LAYER li1 = 0 um.
Total wire length on LAYER met1 = 140565 um.
Total wire length on LAYER met2 = 179099 um.
Total wire length on LAYER met3 = 21379 um.
Total wire length on LAYER met4 = 37927 um.
Total wire length on LAYER met5 = 0 um.
Total number of vias = 13391.
Up-via summary (total 13391):

------------------------
 FR_MASTERSLICE        0
            li1     5267
           met1     7342
           met2      433
           met3      349
           met4        0
------------------------
                   13391


[INFO DRT-0195] Start 2nd optimization iteration.
    Completing 10% with 356 violations.
    elapsed time = 00:00:00, memory = 688.77 (MB).
    Completing 20% with 356 violations.
    elapsed time = 00:00:00, memory = 688.77 (MB).
    Completing 30% with 284 violations.
    elapsed time = 00:00:01, memory = 688.77 (MB).
    Completing 40% with 284 violations.
    elapsed time = 00:00:01, memory = 688.77 (MB).
    Completing 50% with 284 violations.
    elapsed time = 00:00:02, memory = 688.77 (MB).
    Completing 60% with 266 violations.
    elapsed time = 00:00:03, memory = 688.77 (MB).
    Completing 70% with 266 violations.
    elapsed time = 00:00:04, memory = 688.77 (MB).
    Completing 80% with 258 violations.
    elapsed time = 00:00:05, memory = 688.77 (MB).
    Completing 90% with 258 violations.
    elapsed time = 00:00:06, memory = 688.77 (MB).
    Completing 100% with 275 violations.
    elapsed time = 00:00:07, memory = 688.77 (MB).
[INFO DRT-0199]   Number of violations = 281.
Viol/Layer        met1   met2
Metal Spacing       13     20
Recheck              4      2
Short              225     17
[INFO DRT-0267] cpu time = 00:00:14, elapsed time = 00:00:07, memory = 689.54 (MB), peak = 689.54 (MB)
Total wire length = 378968 um.
Total wire length on LAYER li1 = 0 um.
Total wire length on LAYER met1 = 140458 um.
Total wire length on LAYER met2 = 179188 um.
Total wire length on LAYER met3 = 21472 um.
Total wire length on LAYER met4 = 37849 um.
Total wire length on LAYER met5 = 0 um.
Total number of vias = 13388.
Up-via summary (total 13388):

------------------------
 FR_MASTERSLICE        0
            li1     5267
           met1     7306
           met2      439
           met3      376
           met4        0
------------------------
                   13388


[INFO DRT-0195] Start 3rd optimization iteration.
    Completing 10% with 281 violations.
    elapsed time = 00:00:00, memory = 689.54 (MB).
    Completing 20% with 281 violations.
    elapsed time = 00:00:01, memory = 689.54 (MB).
    Completing 30% with 220 violations.
    elapsed time = 00:00:01, memory = 689.54 (MB).
    Completing 40% with 220 violations.
    elapsed time = 00:00:01, memory = 689.54 (MB).
    Completing 50% with 220 violations.
    elapsed time = 00:00:02, memory = 689.54 (MB).
    Completing 60% with 150 violations.
    elapsed time = 00:00:03, memory = 689.54 (MB).
    Completing 70% with 150 violations.
    elapsed time = 00:00:03, memory = 689.54 (MB).
    Completing 80% with 62 violations.
    elapsed time = 00:00:04, memory = 689.54 (MB).
    Completing 90% with 62 violations.
    elapsed time = 00:00:04, memory = 689.54 (MB).
    Completing 100% with 21 violations.
    elapsed time = 00:00:06, memory = 689.54 (MB).
[INFO DRT-0199]   Number of violations = 26.
Viol/Layer        met1
Metal Spacing        2
Recheck              5
Short               19
[INFO DRT-0267] cpu time = 00:00:11, elapsed time = 00:00:06, memory = 689.54 (MB), peak = 689.54 (MB)
Total wire length = 378963 um.
Total wire length on LAYER li1 = 0 um.
Total wire length on LAYER met1 = 139976 um.
Total wire length on LAYER met2 = 179250 um.
Total wire length on LAYER met3 = 21880 um.
Total wire length on LAYER met4 = 37855 um.
Total wire length on LAYER met5 = 0 um.
Total number of vias = 13676.
Up-via summary (total 13676):

------------------------
 FR_MASTERSLICE        0
            li1     5267
           met1     7505
           met2      525
           met3      379
           met4        0
------------------------
                   13676


[INFO DRT-0195] Start 4th optimization iteration.
    Completing 10% with 26 violations.
    elapsed time = 00:00:00, memory = 689.54 (MB).
    Completing 20% with 26 violations.
    elapsed time = 00:00:00, memory = 689.54 (MB).
    Completing 30% with 26 violations.
    elapsed time = 00:00:00, memory = 689.54 (MB).
    Completing 40% with 26 violations.
    elapsed time = 00:00:00, memory = 689.54 (MB).
    Completing 50% with 26 violations.
    elapsed time = 00:00:00, memory = 689.54 (MB).
    Completing 60% with 19 violations.
    elapsed time = 00:00:00, memory = 689.54 (MB).
    Completing 70% with 19 violations.
    elapsed time = 00:00:00, memory = 689.54 (MB).
    Completing 80% with 14 violations.
    elapsed time = 00:00:00, memory = 689.54 (MB).
    Completing 90% with 14 violations.
    elapsed time = 00:00:00, memory = 689.54 (MB).
    Completing 100% with 1 violations.
    elapsed time = 00:00:00, memory = 689.54 (MB).
[INFO DRT-0199]   Number of violations = 1.
Viol/Layer        met1
Short                1
[INFO DRT-0267] cpu time = 00:00:01, elapsed time = 00:00:00, memory = 689.54 (MB), peak = 689.54 (MB)
Total wire length = 378968 um.
Total wire length on LAYER li1 = 0 um.
Total wire length on LAYER met1 = 139966 um.
Total wire length on LAYER met2 = 179255 um.
Total wire length on LAYER met3 = 21890 um.
Total wire length on LAYER met4 = 37855 um.
Total wire length on LAYER met5 = 0 um.
Total number of vias = 13686.
Up-via summary (total 13686):

------------------------
 FR_MASTERSLICE        0
            li1     5267
           met1     7513
           met2      527
           met3      379
           met4        0
------------------------
                   13686


[INFO DRT-0195] Start 5th optimization iteration.
    Completing 10% with 1 violations.
    elapsed time = 00:00:00, memory = 689.54 (MB).
    Completing 20% with 1 violations.
    elapsed time = 00:00:00, memory = 689.54 (MB).
    Completing 30% with 1 violations.
    elapsed time = 00:00:00, memory = 689.54 (MB).
    Completing 40% with 1 violations.
    elapsed time = 00:00:00, memory = 689.54 (MB).
    Completing 50% with 1 violations.
    elapsed time = 00:00:00, memory = 689.54 (MB).
    Completing 60% with 0 violations.
    elapsed time = 00:00:00, memory = 689.54 (MB).
    Completing 70% with 0 violations.
    elapsed time = 00:00:00, memory = 689.54 (MB).
    Completing 80% with 0 violations.
    elapsed time = 00:00:00, memory = 689.54 (MB).
    Completing 90% with 0 violations.
    elapsed time = 00:00:00, memory = 689.54 (MB).
    Completing 100% with 0 violations.
    elapsed time = 00:00:00, memory = 689.54 (MB).
[INFO DRT-0199]   Number of violations = 0.
[INFO DRT-0267] cpu time = 00:00:00, elapsed time = 00:00:00, memory = 689.54 (MB), peak = 689.54 (MB)
Total wire length = 378970 um.
Total wire length on LAYER li1 = 0 um.
Total wire length on LAYER met1 = 139966 um.
Total wire length on LAYER met2 = 179257 um.
Total wire length on LAYER met3 = 21890 um.
Total wire length on LAYER met4 = 37855 um.
Total wire length on LAYER met5 = 0 um.
Total number of vias = 13690.
Up-via summary (total 13690):

------------------------
 FR_MASTERSLICE        0
            li1     5267
           met1     7517
           met2      527
           met3      379
           met4        0
------------------------
                   13690


[INFO DRT-0198] Complete detail routing.
Total wire length = 378970 um.
Total wire length on LAYER li1 = 0 um.
Total wire length on LAYER met1 = 139966 um.
Total wire length on LAYER met2 = 179257 um.
Total wire length on LAYER met3 = 21890 um.
Total wire length on LAYER met4 = 37855 um.
Total wire length on LAYER met5 = 0 um.
Total number of vias = 13690.
Up-via summary (total 13690):

------------------------
 FR_MASTERSLICE        0
            li1     5267
           met1     7517
           met2      527
           met3      379
           met4        0
------------------------
                   13690


[INFO DRT-0267] cpu time = 00:01:03, elapsed time = 00:00:32, memory = 689.54 (MB), peak = 689.54 (MB)

[INFO DRT-0180] Post processing.
Setting global connections for newly added cells…
Writing OpenROAD database to '/openlane/designs/lab4/runs/RUN_2025.06.17_12.42.35/results/routing/topmodule.odb'…
Writing netlist to '/openlane/designs/lab4/runs/RUN_2025.06.17_12.42.35/results/routing/topmodule.nl.v'…
Writing powered netlist to '/openlane/designs/lab4/runs/RUN_2025.06.17_12.42.35/results/routing/topmodule.pnl.v'…
Writing layout to '/openlane/designs/lab4/runs/RUN_2025.06.17_12.42.35/results/routing/topmodule.def'…
