
===========================================================================
 report_power
============================================================================
======================= Fastest Corner ===================================

Group                  Internal  Switching    Leakage      Total
                          Power      Power      Power      Power (Watts)
----------------------------------------------------------------
Sequential             9.25e-04   1.42e-03   3.73e-09   2.35e-03  34.0%
Combinational          6.20e-04   2.87e-03   1.32e-08   3.49e-03  50.5%
Clock                  4.59e-04   6.14e-04   1.64e-08   1.07e-03  15.5%
Macro                  0.00e+00   0.00e+00   0.00e+00   0.00e+00   0.0%
Pad                    0.00e+00   0.00e+00   0.00e+00   0.00e+00   0.0%
----------------------------------------------------------------
Total                  2.00e-03   4.90e-03   3.33e-08   6.91e-03 100.0%
                          29.0%      71.0%       0.0%

======================= Slowest Corner ===================================

Group                  Internal  Switching    Leakage      Total
                          Power      Power      Power      Power (Watts)
----------------------------------------------------------------
Sequential             6.36e-04   9.63e-04   2.39e-06   1.60e-03  33.8%
Combinational          4.45e-04   1.94e-03   5.44e-06   2.39e-03  50.5%
Clock                  3.29e-04   4.14e-04   4.66e-07   7.44e-04  15.7%
Macro                  0.00e+00   0.00e+00   0.00e+00   0.00e+00   0.0%
Pad                    0.00e+00   0.00e+00   0.00e+00   0.00e+00   0.0%
----------------------------------------------------------------
Total                  1.41e-03   3.32e-03   8.30e-06   4.73e-03 100.0%
                          29.8%      70.0%       0.2%

======================= Typical Corner ===================================

Group                  Internal  Switching    Leakage      Total
                          Power      Power      Power      Power (Watts)
----------------------------------------------------------------
Sequential             8.03e-04   1.22e-03   1.27e-09   2.02e-03  34.0%
Combinational          5.46e-04   2.45e-03   4.13e-09   2.99e-03  50.4%
Clock                  4.04e-04   5.24e-04   1.53e-08   9.27e-04  15.6%
Macro                  0.00e+00   0.00e+00   0.00e+00   0.00e+00   0.0%
Pad                    0.00e+00   0.00e+00   0.00e+00   0.00e+00   0.0%
----------------------------------------------------------------
Total                  1.75e-03   4.19e-03   2.07e-08   5.94e-03 100.0%
                          29.5%      70.5%       0.0%

