
===========================================================================
report_checks -unconstrained
===========================================================================
======================= Typical Corner ===================================

Startpoint: _462_ (rising edge-triggered flip-flop clocked by CLK100MHZ)
Endpoint: _445_ (rising edge-triggered flip-flop clocked by CLK100MHZ)
Path Group: CLK100MHZ
Path Type: max

Fanout     Cap    Slew   Delay    Time   Description
-----------------------------------------------------------------------------
                          0.00    0.00   clock CLK100MHZ (rise edge)
                          0.00    0.00   clock source latency
     1    0.01    0.00    0.00    0.00 ^ CLK100MHZ (in)
                                         CLK100MHZ (net)
                  0.00    0.00    0.00 ^ clkbuf_0_CLK100MHZ/A (sky130_fd_sc_hd__clkbuf_16)
     2    0.02    0.04    0.11    0.11 ^ clkbuf_0_CLK100MHZ/X (sky130_fd_sc_hd__clkbuf_16)
                                         clknet_0_CLK100MHZ (net)
                  0.04    0.00    0.11 ^ clkbuf_1_1__f_CLK100MHZ/A (sky130_fd_sc_hd__clkbuf_16)
    13    0.03    0.05    0.13    0.24 ^ clkbuf_1_1__f_CLK100MHZ/X (sky130_fd_sc_hd__clkbuf_16)
                                         clknet_1_1__leaf_CLK100MHZ (net)
                  0.05    0.00    0.24 ^ _462_/CLK (sky130_fd_sc_hd__dfrtp_2)
     4    0.02    0.07    0.43    0.67 v _462_/Q (sky130_fd_sc_hd__dfrtp_2)
                                         imem.address[0] (net)
                  0.07    0.00    0.67 v _221_/A (sky130_fd_sc_hd__clkbuf_4)
    10    0.02    0.06    0.18    0.85 v _221_/X (sky130_fd_sc_hd__clkbuf_4)
                                         _066_ (net)
                  0.06    0.00    0.85 v _222_/A (sky130_fd_sc_hd__clkbuf_4)
     9    0.02    0.05    0.17    1.02 v _222_/X (sky130_fd_sc_hd__clkbuf_4)
                                         _067_ (net)
                  0.05    0.00    1.02 v _246_/C (sky130_fd_sc_hd__and3b_1)
     1    0.00    0.03    0.17    1.19 v _246_/X (sky130_fd_sc_hd__and3b_1)
                                         _088_ (net)
                  0.03    0.00    1.19 v _247_/A (sky130_fd_sc_hd__buf_2)
     7    0.02    0.05    0.14    1.33 v _247_/X (sky130_fd_sc_hd__buf_2)
                                         _089_ (net)
                  0.05    0.00    1.33 v _248_/B (sky130_fd_sc_hd__or2_1)
     1    0.01    0.06    0.22    1.55 v _248_/X (sky130_fd_sc_hd__or2_1)
                                         _090_ (net)
                  0.06    0.00    1.55 v _249_/A (sky130_fd_sc_hd__clkbuf_2)
     5    0.01    0.05    0.13    1.68 v _249_/X (sky130_fd_sc_hd__clkbuf_2)
                                         _091_ (net)
                  0.05    0.00    1.68 v _266_/A2 (sky130_fd_sc_hd__a21o_1)
     2    0.01    0.06    0.20    1.88 v _266_/X (sky130_fd_sc_hd__a21o_1)
                                         _108_ (net)
                  0.06    0.00    1.88 v _268_/B (sky130_fd_sc_hd__or3_2)
     2    0.01    0.09    0.47    2.35 v _268_/X (sky130_fd_sc_hd__or3_2)
                                         _110_ (net)
                  0.09    0.00    2.35 v _312_/A2 (sky130_fd_sc_hd__a21oi_2)
     3    0.01    0.14    0.19    2.53 ^ _312_/Y (sky130_fd_sc_hd__a21oi_2)
                                         _154_ (net)
                  0.14    0.00    2.53 ^ _319_/A2 (sky130_fd_sc_hd__o21ai_2)
     3    0.01    0.06    0.09    2.62 v _319_/Y (sky130_fd_sc_hd__o21ai_2)
                                         _161_ (net)
                  0.06    0.00    2.62 v _327_/A (sky130_fd_sc_hd__or2_1)
     1    0.01    0.08    0.27    2.89 v _327_/X (sky130_fd_sc_hd__or2_1)
                                         _169_ (net)
                  0.08    0.00    2.89 v _332_/A2 (sky130_fd_sc_hd__a32o_4)
     8    0.04    0.09    0.37    3.26 v _332_/X (sky130_fd_sc_hd__a32o_4)
                                         _174_ (net)
                  0.09    0.00    3.26 v _393_/A1 (sky130_fd_sc_hd__mux2_1)
     1    0.00    0.06    0.30    3.56 v _393_/X (sky130_fd_sc_hd__mux2_1)
                                         _036_ (net)
                  0.06    0.00    3.56 v _394_/A (sky130_fd_sc_hd__buf_1)
     1    0.01    0.04    0.11    3.67 v _394_/X (sky130_fd_sc_hd__buf_1)
                                         _011_ (net)
                  0.04    0.00    3.67 v _445_/D (sky130_fd_sc_hd__dfxtp_1)
                                  3.67   data arrival time

                         10.00   10.00   clock CLK100MHZ (rise edge)
                          0.00   10.00   clock source latency
     1    0.01    0.00    0.00   10.00 ^ CLK100MHZ (in)
                                         CLK100MHZ (net)
                  0.00    0.00   10.00 ^ clkbuf_0_CLK100MHZ/A (sky130_fd_sc_hd__clkbuf_16)
     2    0.02    0.04    0.11   10.11 ^ clkbuf_0_CLK100MHZ/X (sky130_fd_sc_hd__clkbuf_16)
                                         clknet_0_CLK100MHZ (net)
                  0.04    0.00   10.11 ^ clkbuf_1_1__f_CLK100MHZ/A (sky130_fd_sc_hd__clkbuf_16)
    13    0.03    0.05    0.13   10.24 ^ clkbuf_1_1__f_CLK100MHZ/X (sky130_fd_sc_hd__clkbuf_16)
                                         clknet_1_1__leaf_CLK100MHZ (net)
                  0.05    0.00   10.24 ^ _445_/CLK (sky130_fd_sc_hd__dfxtp_1)
                         -0.20   10.04   clock uncertainty
                          0.00   10.04   clock reconvergence pessimism
                         -0.11    9.93   library setup time
                                  9.93   data required time
-----------------------------------------------------------------------------
                                  9.93   data required time
                                 -3.67   data arrival time
-----------------------------------------------------------------------------
                                  6.26   slack (MET)




===========================================================================
report_checks --slack_max -0.01
============================================================================
======================= Typical Corner ===================================

No paths found.


===========================================================================
 report_check_types -max_slew -max_cap -max_fanout -violators
============================================================================
======================= Typical Corner ===================================


max slew violations count Typical: 0
max fanout violations count Typical: 0
max cap violations count Typical: 0

===========================================================================
report_parasitic_annotation -report_unannotated
============================================================================
Found 5 unannotated drivers.
 clkload0/Y
 top_module_10/HI
 top_module_11/LO
 top_module_12/LO
 top_module_13/LO
Found 165 partially unannotated drivers.
 CLK100MHZ
 _215_/X
 _216_/X
 _217_/X
 _218_/X
 _219_/X
 _220_/X
 _221_/X
 _222_/X
 _223_/X
 _226_/Y
 _229_/Y
 _231_/X
 _232_/X
 _234_/X
 _235_/X
 _236_/X
 _237_/Y
 _240_/X
 _243_/X
 _245_/X
 _246_/X
 _247_/X
 _249_/X
 _250_/Y
 _251_/Y
 _253_/X
 _254_/Y
 _256_/X
 _257_/Y
 _258_/X
 _260_/X
 _261_/Y
 _262_/Y
 _263_/X
 _264_/Y
 _265_/X
 _266_/X
 _267_/X
 _268_/X
 _270_/X
 _272_/Y
 _274_/X
 _275_/X
 _277_/X
 _278_/X
 _280_/Y
 _281_/X
 _282_/X
 _286_/Y
 _287_/X
 _288_/X
 _289_/X
 _291_/Y
 _294_/Y
 _295_/X
 _299_/Y
 _301_/Y
 _302_/X
 _304_/Y
 _305_/X
 _307_/X
 _308_/X
 _309_/Y
 _310_/Y
 _312_/Y
 _314_/Y
 _316_/Y
 _318_/X
 _319_/Y
 _320_/X
 _322_/X
 _323_/Y
 _324_/X
 _326_/Y
 _328_/Y
 _329_/Y
 _330_/X
 _331_/X
 _335_/X
 _337_/X
 _338_/X
 _341_/Y
 _342_/X
 _343_/Y
 _344_/Y
 _346_/Y
 _347_/Y
 _348_/Y
 _349_/Y
 _350_/Y
 _354_/Y
 _355_/X
 _356_/X
 _357_/X
 _358_/Y
 _359_/X
 _360_/Y
 _363_/X
 _364_/X
 _368_/X
 _369_/X
 _371_/X
 _372_/X
 _373_/Y
 _374_/Y
 _376_/X
 _378_/Y
 _379_/X
 _383_/X
 _384_/X
 _385_/X
 _386_/X
 _387_/X
 _390_/X
 _392_/X
 _393_/X
 _394_/X
 _399_/X
 _401_/X
 _403_/X
 _405_/X
 _409_/X
 _411_/X
 _412_/X
 _416_/X
 _417_/X
 _420_/X
 _422_/X
 _425_/X
 _427_/X
 _428_/X
 _429_/X
 _431_/X
 _432_/X
 _433_/X
 _435_/Y
 _437_/Q
 _438_/Q
 _440_/Q
 _441_/Q
 _442_/Q
 _443_/Q
 _447_/Q
 _448_/Q
 _449_/Q
 _450_/Q
 _451_/Q
 _452_/Q
 _453_/Q
 _454_/Q
 _456_/Q
 _457_/Q
 _458_/Q
 _459_/Q
 _460_/Q
 _461_/Q
 _462_/Q
 _463_/Q
 _464_/Q
 clkbuf_0_CLK100MHZ/X
 clkbuf_1_1__f_CLK100MHZ/X
 input1/X
 input2/X
 output5/X

===========================================================================
max slew violation count 0
max fanout violation count 0
max cap violation count 0
============================================================================

===========================================================================
check_setup -verbose -unconstrained_endpoints -multiple_clock -no_clock -no_input_delay -loops -generated_clocks
===========================================================================
Warning: There are 2 input ports missing set_input_delay.
  BTNR
  BTNU
Warning: There are 11 unconstrained endpoints.
  an[0]
  an[1]
  an[2]
  an[3]
  seg[0]
  seg[1]
  seg[2]
  seg[3]
  seg[4]
  seg[5]
  seg[6]
