
===========================================================================
report_checks -path_delay max (Setup)
============================================================================
======================= Typical Corner ===================================

Startpoint: _133_ (rising edge-triggered flip-flop clocked by clk)
Endpoint: _149_ (rising edge-triggered flip-flop clocked by clk)
Path Group: clk
Path Type: max

Fanout     Cap    Slew   Delay    Time   Description
-----------------------------------------------------------------------------
                          0.00    0.00   clock clk (rise edge)
                          0.00    0.00   clock source latency
     1    0.01    0.00    0.00    0.00 ^ clk (in)
                                         clk (net)
                  0.00    0.00    0.00 ^ clkbuf_0_clk/A (sky130_fd_sc_hd__clkbuf_16)
     2    0.02    0.04    0.11    0.11 ^ clkbuf_0_clk/X (sky130_fd_sc_hd__clkbuf_16)
                                         clknet_0_clk (net)
                  0.04    0.00    0.11 ^ clkbuf_1_0__f_clk/A (sky130_fd_sc_hd__clkbuf_16)
    10    0.02    0.04    0.12    0.23 ^ clkbuf_1_0__f_clk/X (sky130_fd_sc_hd__clkbuf_16)
                                         clknet_1_0__leaf_clk (net)
                  0.04    0.00    0.23 ^ _133_/CLK (sky130_fd_sc_hd__dfxtp_1)
     4    0.02    0.17    0.40    0.63 ^ _133_/Q (sky130_fd_sc_hd__dfxtp_1)
                                         div_cntr[1] (net)
                  0.17    0.00    0.63 ^ _087_/B (sky130_fd_sc_hd__and4_1)
     1    0.00    0.05    0.19    0.82 ^ _087_/X (sky130_fd_sc_hd__and4_1)
                                         _053_ (net)
                  0.05    0.00    0.82 ^ _088_/A (sky130_fd_sc_hd__buf_2)
     7    0.03    0.13    0.17    0.99 ^ _088_/X (sky130_fd_sc_hd__buf_2)
                                         _054_ (net)
                  0.13    0.00    0.99 ^ _118_/A (sky130_fd_sc_hd__and4_2)
     5    0.02    0.15    0.32    1.31 ^ _118_/X (sky130_fd_sc_hd__and4_2)
                                         _037_ (net)
                  0.15    0.00    1.31 ^ _121_/C (sky130_fd_sc_hd__nand3_2)
     2    0.01    0.08    0.11    1.41 v _121_/Y (sky130_fd_sc_hd__nand3_2)
                                         _038_ (net)
                  0.08    0.00    1.41 v _123_/A (sky130_fd_sc_hd__and2_1)
     1    0.00    0.03    0.14    1.56 v _123_/X (sky130_fd_sc_hd__and2_1)
                                         _040_ (net)
                  0.03    0.00    1.56 v _124_/A (sky130_fd_sc_hd__buf_1)
     1    0.01    0.06    0.11    1.67 v _124_/X (sky130_fd_sc_hd__buf_1)
                                         _012_ (net)
                  0.06    0.00    1.67 v _149_/D (sky130_fd_sc_hd__dfxtp_1)
                                  1.67   data arrival time

                         10.00   10.00   clock clk (rise edge)
                          0.00   10.00   clock source latency
     1    0.01    0.00    0.00   10.00 ^ clk (in)
                                         clk (net)
                  0.00    0.00   10.00 ^ clkbuf_0_clk/A (sky130_fd_sc_hd__clkbuf_16)
     2    0.02    0.04    0.11   10.11 ^ clkbuf_0_clk/X (sky130_fd_sc_hd__clkbuf_16)
                                         clknet_0_clk (net)
                  0.04    0.00   10.11 ^ clkbuf_1_0__f_clk/A (sky130_fd_sc_hd__clkbuf_16)
    10    0.02    0.04    0.12   10.23 ^ clkbuf_1_0__f_clk/X (sky130_fd_sc_hd__clkbuf_16)
                                         clknet_1_0__leaf_clk (net)
                  0.04    0.00   10.23 ^ _149_/CLK (sky130_fd_sc_hd__dfxtp_1)
                         -0.20   10.03   clock uncertainty
                          0.00   10.03   clock reconvergence pessimism
                         -0.12    9.91   library setup time
                                  9.91   data required time
-----------------------------------------------------------------------------
                                  9.91   data required time
                                 -1.67   data arrival time
-----------------------------------------------------------------------------
                                  8.24   slack (MET)


Startpoint: _133_ (rising edge-triggered flip-flop clocked by clk)
Endpoint: _145_ (rising edge-triggered flip-flop clocked by clk)
Path Group: clk
Path Type: max

Fanout     Cap    Slew   Delay    Time   Description
-----------------------------------------------------------------------------
                          0.00    0.00   clock clk (rise edge)
                          0.00    0.00   clock source latency
     1    0.01    0.00    0.00    0.00 ^ clk (in)
                                         clk (net)
                  0.00    0.00    0.00 ^ clkbuf_0_clk/A (sky130_fd_sc_hd__clkbuf_16)
     2    0.02    0.04    0.11    0.11 ^ clkbuf_0_clk/X (sky130_fd_sc_hd__clkbuf_16)
                                         clknet_0_clk (net)
                  0.04    0.00    0.11 ^ clkbuf_1_0__f_clk/A (sky130_fd_sc_hd__clkbuf_16)
    10    0.02    0.04    0.12    0.23 ^ clkbuf_1_0__f_clk/X (sky130_fd_sc_hd__clkbuf_16)
                                         clknet_1_0__leaf_clk (net)
                  0.04    0.00    0.23 ^ _133_/CLK (sky130_fd_sc_hd__dfxtp_1)
     4    0.02    0.17    0.40    0.63 ^ _133_/Q (sky130_fd_sc_hd__dfxtp_1)
                                         div_cntr[1] (net)
                  0.17    0.00    0.63 ^ _087_/B (sky130_fd_sc_hd__and4_1)
     1    0.00    0.05    0.19    0.82 ^ _087_/X (sky130_fd_sc_hd__and4_1)
                                         _053_ (net)
                  0.05    0.00    0.82 ^ _088_/A (sky130_fd_sc_hd__buf_2)
     7    0.03    0.13    0.17    0.99 ^ _088_/X (sky130_fd_sc_hd__buf_2)
                                         _054_ (net)
                  0.13    0.00    0.99 ^ _108_/A (sky130_fd_sc_hd__and3_1)
     5    0.02    0.18    0.26    1.26 ^ _108_/X (sky130_fd_sc_hd__and3_1)
                                         _031_ (net)
                  0.18    0.00    1.26 ^ _113_/C (sky130_fd_sc_hd__and3_1)
     2    0.01    0.08    0.20    1.46 ^ _113_/X (sky130_fd_sc_hd__and3_1)
                                         _034_ (net)
                  0.08    0.00    1.46 ^ _114_/B1_N (sky130_fd_sc_hd__o21ba_1)
     1    0.01    0.06    0.17    1.63 v _114_/X (sky130_fd_sc_hd__o21ba_1)
                                         _008_ (net)
                  0.06    0.00    1.63 v _145_/D (sky130_fd_sc_hd__dfxtp_1)
                                  1.63   data arrival time

                         10.00   10.00   clock clk (rise edge)
                          0.00   10.00   clock source latency
     1    0.01    0.00    0.00   10.00 ^ clk (in)
                                         clk (net)
                  0.00    0.00   10.00 ^ clkbuf_0_clk/A (sky130_fd_sc_hd__clkbuf_16)
     2    0.02    0.04    0.11   10.11 ^ clkbuf_0_clk/X (sky130_fd_sc_hd__clkbuf_16)
                                         clknet_0_clk (net)
                  0.04    0.00   10.11 ^ clkbuf_1_1__f_clk/A (sky130_fd_sc_hd__clkbuf_16)
    11    0.02    0.04    0.12   10.23 ^ clkbuf_1_1__f_clk/X (sky130_fd_sc_hd__clkbuf_16)
                                         clknet_1_1__leaf_clk (net)
                  0.04    0.00   10.23 ^ _145_/CLK (sky130_fd_sc_hd__dfxtp_1)
                         -0.20   10.03   clock uncertainty
                          0.00   10.03   clock reconvergence pessimism
                         -0.12    9.92   library setup time
                                  9.92   data required time
-----------------------------------------------------------------------------
                                  9.92   data required time
                                 -1.63   data arrival time
-----------------------------------------------------------------------------
                                  8.29   slack (MET)


Startpoint: _133_ (rising edge-triggered flip-flop clocked by clk)
Endpoint: _151_ (rising edge-triggered flip-flop clocked by clk)
Path Group: clk
Path Type: max

Fanout     Cap    Slew   Delay    Time   Description
-----------------------------------------------------------------------------
                          0.00    0.00   clock clk (rise edge)
                          0.00    0.00   clock source latency
     1    0.01    0.00    0.00    0.00 ^ clk (in)
                                         clk (net)
                  0.00    0.00    0.00 ^ clkbuf_0_clk/A (sky130_fd_sc_hd__clkbuf_16)
     2    0.02    0.04    0.11    0.11 ^ clkbuf_0_clk/X (sky130_fd_sc_hd__clkbuf_16)
                                         clknet_0_clk (net)
                  0.04    0.00    0.11 ^ clkbuf_1_0__f_clk/A (sky130_fd_sc_hd__clkbuf_16)
    10    0.02    0.04    0.12    0.23 ^ clkbuf_1_0__f_clk/X (sky130_fd_sc_hd__clkbuf_16)
                                         clknet_1_0__leaf_clk (net)
                  0.04    0.00    0.23 ^ _133_/CLK (sky130_fd_sc_hd__dfxtp_1)
     4    0.02    0.17    0.40    0.63 ^ _133_/Q (sky130_fd_sc_hd__dfxtp_1)
                                         div_cntr[1] (net)
                  0.17    0.00    0.63 ^ _087_/B (sky130_fd_sc_hd__and4_1)
     1    0.00    0.05    0.19    0.82 ^ _087_/X (sky130_fd_sc_hd__and4_1)
                                         _053_ (net)
                  0.05    0.00    0.82 ^ _088_/A (sky130_fd_sc_hd__buf_2)
     7    0.03    0.13    0.17    0.99 ^ _088_/X (sky130_fd_sc_hd__buf_2)
                                         _054_ (net)
                  0.13    0.00    0.99 ^ _118_/A (sky130_fd_sc_hd__and4_2)
     5    0.02    0.15    0.32    1.31 ^ _118_/X (sky130_fd_sc_hd__and4_2)
                                         _037_ (net)
                  0.15    0.00    1.31 ^ _126_/D (sky130_fd_sc_hd__and4_1)
     1    0.01    0.08    0.23    1.54 ^ _126_/X (sky130_fd_sc_hd__and4_1)
                                         _041_ (net)
                  0.08    0.00    1.54 ^ _127_/B (sky130_fd_sc_hd__xor2_1)
     1    0.00    0.09    0.13    1.67 ^ _127_/X (sky130_fd_sc_hd__xor2_1)
                                         _014_ (net)
                  0.09    0.00    1.67 ^ _151_/D (sky130_fd_sc_hd__dfxtp_2)
                                  1.67   data arrival time

                         10.00   10.00   clock clk (rise edge)
                          0.00   10.00   clock source latency
     1    0.01    0.00    0.00   10.00 ^ clk (in)
                                         clk (net)
                  0.00    0.00   10.00 ^ clkbuf_0_clk/A (sky130_fd_sc_hd__clkbuf_16)
     2    0.02    0.04    0.11   10.11 ^ clkbuf_0_clk/X (sky130_fd_sc_hd__clkbuf_16)
                                         clknet_0_clk (net)
                  0.04    0.00   10.11 ^ clkbuf_1_1__f_clk/A (sky130_fd_sc_hd__clkbuf_16)
    11    0.02    0.04    0.12   10.23 ^ clkbuf_1_1__f_clk/X (sky130_fd_sc_hd__clkbuf_16)
                                         clknet_1_1__leaf_clk (net)
                  0.04    0.00   10.23 ^ _151_/CLK (sky130_fd_sc_hd__dfxtp_2)
                         -0.20   10.03   clock uncertainty
                          0.00   10.03   clock reconvergence pessimism
                         -0.07    9.96   library setup time
                                  9.96   data required time
-----------------------------------------------------------------------------
                                  9.96   data required time
                                 -1.67   data arrival time
-----------------------------------------------------------------------------
                                  8.29   slack (MET)


Startpoint: _133_ (rising edge-triggered flip-flop clocked by clk)
Endpoint: _150_ (rising edge-triggered flip-flop clocked by clk)
Path Group: clk
Path Type: max

Fanout     Cap    Slew   Delay    Time   Description
-----------------------------------------------------------------------------
                          0.00    0.00   clock clk (rise edge)
                          0.00    0.00   clock source latency
     1    0.01    0.00    0.00    0.00 ^ clk (in)
                                         clk (net)
                  0.00    0.00    0.00 ^ clkbuf_0_clk/A (sky130_fd_sc_hd__clkbuf_16)
     2    0.02    0.04    0.11    0.11 ^ clkbuf_0_clk/X (sky130_fd_sc_hd__clkbuf_16)
                                         clknet_0_clk (net)
                  0.04    0.00    0.11 ^ clkbuf_1_0__f_clk/A (sky130_fd_sc_hd__clkbuf_16)
    10    0.02    0.04    0.12    0.23 ^ clkbuf_1_0__f_clk/X (sky130_fd_sc_hd__clkbuf_16)
                                         clknet_1_0__leaf_clk (net)
                  0.04    0.00    0.23 ^ _133_/CLK (sky130_fd_sc_hd__dfxtp_1)
     4    0.02    0.17    0.40    0.63 ^ _133_/Q (sky130_fd_sc_hd__dfxtp_1)
                                         div_cntr[1] (net)
                  0.17    0.00    0.63 ^ _087_/B (sky130_fd_sc_hd__and4_1)
     1    0.00    0.05    0.19    0.82 ^ _087_/X (sky130_fd_sc_hd__and4_1)
                                         _053_ (net)
                  0.05    0.00    0.82 ^ _088_/A (sky130_fd_sc_hd__buf_2)
     7    0.03    0.13    0.17    0.99 ^ _088_/X (sky130_fd_sc_hd__buf_2)
                                         _054_ (net)
                  0.13    0.00    0.99 ^ _118_/A (sky130_fd_sc_hd__and4_2)
     5    0.02    0.15    0.32    1.31 ^ _118_/X (sky130_fd_sc_hd__and4_2)
                                         _037_ (net)
                  0.15    0.00    1.31 ^ _121_/C (sky130_fd_sc_hd__nand3_2)
     2    0.01    0.08    0.11    1.41 v _121_/Y (sky130_fd_sc_hd__nand3_2)
                                         _038_ (net)
                  0.08    0.00    1.41 v _125_/B (sky130_fd_sc_hd__xnor2_1)
     1    0.01    0.18    0.19    1.61 ^ _125_/Y (sky130_fd_sc_hd__xnor2_1)
                                         _013_ (net)
                  0.18    0.00    1.61 ^ _150_/D (sky130_fd_sc_hd__dfxtp_1)
                                  1.61   data arrival time

                         10.00   10.00   clock clk (rise edge)
                          0.00   10.00   clock source latency
     1    0.01    0.00    0.00   10.00 ^ clk (in)
                                         clk (net)
                  0.00    0.00   10.00 ^ clkbuf_0_clk/A (sky130_fd_sc_hd__clkbuf_16)
     2    0.02    0.04    0.11   10.11 ^ clkbuf_0_clk/X (sky130_fd_sc_hd__clkbuf_16)
                                         clknet_0_clk (net)
                  0.04    0.00   10.11 ^ clkbuf_1_1__f_clk/A (sky130_fd_sc_hd__clkbuf_16)
    11    0.02    0.04    0.12   10.23 ^ clkbuf_1_1__f_clk/X (sky130_fd_sc_hd__clkbuf_16)
                                         clknet_1_1__leaf_clk (net)
                  0.04    0.00   10.23 ^ _150_/CLK (sky130_fd_sc_hd__dfxtp_1)
                         -0.20   10.03   clock uncertainty
                          0.00   10.03   clock reconvergence pessimism
                         -0.09    9.95   library setup time
                                  9.95   data required time
-----------------------------------------------------------------------------
                                  9.95   data required time
                                 -1.61   data arrival time
-----------------------------------------------------------------------------
                                  8.34   slack (MET)


Startpoint: _133_ (rising edge-triggered flip-flop clocked by clk)
Endpoint: _142_ (rising edge-triggered flip-flop clocked by clk)
Path Group: clk
Path Type: max

Fanout     Cap    Slew   Delay    Time   Description
-----------------------------------------------------------------------------
                          0.00    0.00   clock clk (rise edge)
                          0.00    0.00   clock source latency
     1    0.01    0.00    0.00    0.00 ^ clk (in)
                                         clk (net)
                  0.00    0.00    0.00 ^ clkbuf_0_clk/A (sky130_fd_sc_hd__clkbuf_16)
     2    0.02    0.04    0.11    0.11 ^ clkbuf_0_clk/X (sky130_fd_sc_hd__clkbuf_16)
                                         clknet_0_clk (net)
                  0.04    0.00    0.11 ^ clkbuf_1_0__f_clk/A (sky130_fd_sc_hd__clkbuf_16)
    10    0.02    0.04    0.12    0.23 ^ clkbuf_1_0__f_clk/X (sky130_fd_sc_hd__clkbuf_16)
                                         clknet_1_0__leaf_clk (net)
                  0.04    0.00    0.23 ^ _133_/CLK (sky130_fd_sc_hd__dfxtp_1)
     4    0.02    0.17    0.40    0.63 ^ _133_/Q (sky130_fd_sc_hd__dfxtp_1)
                                         div_cntr[1] (net)
                  0.17    0.00    0.63 ^ _087_/B (sky130_fd_sc_hd__and4_1)
     1    0.00    0.05    0.19    0.82 ^ _087_/X (sky130_fd_sc_hd__and4_1)
                                         _053_ (net)
                  0.05    0.00    0.82 ^ _088_/A (sky130_fd_sc_hd__buf_2)
     7    0.03    0.13    0.17    0.99 ^ _088_/X (sky130_fd_sc_hd__buf_2)
                                         _054_ (net)
                  0.13    0.00    0.99 ^ _099_/A (sky130_fd_sc_hd__and2_2)
     5    0.02    0.13    0.23    1.22 ^ _099_/X (sky130_fd_sc_hd__and2_2)
                                         _061_ (net)
                  0.13    0.00    1.22 ^ _103_/C (sky130_fd_sc_hd__and3_1)
     2    0.01    0.09    0.20    1.42 ^ _103_/X (sky130_fd_sc_hd__and3_1)
                                         _028_ (net)
                  0.09    0.00    1.42 ^ _105_/B (sky130_fd_sc_hd__xor2_1)
     1    0.01    0.16    0.18    1.60 ^ _105_/X (sky130_fd_sc_hd__xor2_1)
                                         _005_ (net)
                  0.16    0.00    1.60 ^ _142_/D (sky130_fd_sc_hd__dfxtp_1)
                                  1.60   data arrival time

                         10.00   10.00   clock clk (rise edge)
                          0.00   10.00   clock source latency
     1    0.01    0.00    0.00   10.00 ^ clk (in)
                                         clk (net)
                  0.00    0.00   10.00 ^ clkbuf_0_clk/A (sky130_fd_sc_hd__clkbuf_16)
     2    0.02    0.04    0.11   10.11 ^ clkbuf_0_clk/X (sky130_fd_sc_hd__clkbuf_16)
                                         clknet_0_clk (net)
                  0.04    0.00   10.11 ^ clkbuf_1_0__f_clk/A (sky130_fd_sc_hd__clkbuf_16)
    10    0.02    0.04    0.12   10.23 ^ clkbuf_1_0__f_clk/X (sky130_fd_sc_hd__clkbuf_16)
                                         clknet_1_0__leaf_clk (net)
                  0.04    0.00   10.23 ^ _142_/CLK (sky130_fd_sc_hd__dfxtp_1)
                         -0.20   10.03   clock uncertainty
                          0.00   10.03   clock reconvergence pessimism
                         -0.08    9.95   library setup time
                                  9.95   data required time
-----------------------------------------------------------------------------
                                  9.95   data required time
                                 -1.60   data arrival time
-----------------------------------------------------------------------------
                                  8.35   slack (MET)


Startpoint: _133_ (rising edge-triggered flip-flop clocked by clk)
Endpoint: _146_ (rising edge-triggered flip-flop clocked by clk)
Path Group: clk
Path Type: max

Fanout     Cap    Slew   Delay    Time   Description
-----------------------------------------------------------------------------
                          0.00    0.00   clock clk (rise edge)
                          0.00    0.00   clock source latency
     1    0.01    0.00    0.00    0.00 ^ clk (in)
                                         clk (net)
                  0.00    0.00    0.00 ^ clkbuf_0_clk/A (sky130_fd_sc_hd__clkbuf_16)
     2    0.02    0.04    0.11    0.11 ^ clkbuf_0_clk/X (sky130_fd_sc_hd__clkbuf_16)
                                         clknet_0_clk (net)
                  0.04    0.00    0.11 ^ clkbuf_1_0__f_clk/A (sky130_fd_sc_hd__clkbuf_16)
    10    0.02    0.04    0.12    0.23 ^ clkbuf_1_0__f_clk/X (sky130_fd_sc_hd__clkbuf_16)
                                         clknet_1_0__leaf_clk (net)
                  0.04    0.00    0.23 ^ _133_/CLK (sky130_fd_sc_hd__dfxtp_1)
     4    0.02    0.17    0.40    0.63 ^ _133_/Q (sky130_fd_sc_hd__dfxtp_1)
                                         div_cntr[1] (net)
                  0.17    0.00    0.63 ^ _087_/B (sky130_fd_sc_hd__and4_1)
     1    0.00    0.05    0.19    0.82 ^ _087_/X (sky130_fd_sc_hd__and4_1)
                                         _053_ (net)
                  0.05    0.00    0.82 ^ _088_/A (sky130_fd_sc_hd__buf_2)
     7    0.03    0.13    0.17    0.99 ^ _088_/X (sky130_fd_sc_hd__buf_2)
                                         _054_ (net)
                  0.13    0.00    0.99 ^ _108_/A (sky130_fd_sc_hd__and3_1)
     5    0.02    0.18    0.26    1.26 ^ _108_/X (sky130_fd_sc_hd__and3_1)
                                         _031_ (net)
                  0.18    0.00    1.26 ^ _113_/C (sky130_fd_sc_hd__and3_1)
     2    0.01    0.08    0.20    1.46 ^ _113_/X (sky130_fd_sc_hd__and3_1)
                                         _034_ (net)
                  0.08    0.00    1.46 ^ _115_/B (sky130_fd_sc_hd__xor2_1)
     1    0.00    0.09    0.13    1.58 ^ _115_/X (sky130_fd_sc_hd__xor2_1)
                                         _009_ (net)
                  0.09    0.00    1.58 ^ _146_/D (sky130_fd_sc_hd__dfxtp_1)
                                  1.58   data arrival time

                         10.00   10.00   clock clk (rise edge)
                          0.00   10.00   clock source latency
     1    0.01    0.00    0.00   10.00 ^ clk (in)
                                         clk (net)
                  0.00    0.00   10.00 ^ clkbuf_0_clk/A (sky130_fd_sc_hd__clkbuf_16)
     2    0.02    0.04    0.11   10.11 ^ clkbuf_0_clk/X (sky130_fd_sc_hd__clkbuf_16)
                                         clknet_0_clk (net)
                  0.04    0.00   10.11 ^ clkbuf_1_1__f_clk/A (sky130_fd_sc_hd__clkbuf_16)
    11    0.02    0.04    0.12   10.23 ^ clkbuf_1_1__f_clk/X (sky130_fd_sc_hd__clkbuf_16)
                                         clknet_1_1__leaf_clk (net)
                  0.04    0.00   10.23 ^ _146_/CLK (sky130_fd_sc_hd__dfxtp_1)
                         -0.20   10.03   clock uncertainty
                          0.00   10.03   clock reconvergence pessimism
                         -0.07    9.97   library setup time
                                  9.97   data required time
-----------------------------------------------------------------------------
                                  9.97   data required time
                                 -1.58   data arrival time
-----------------------------------------------------------------------------
                                  8.38   slack (MET)


Startpoint: _133_ (rising edge-triggered flip-flop clocked by clk)
Endpoint: _147_ (rising edge-triggered flip-flop clocked by clk)
Path Group: clk
Path Type: max

Fanout     Cap    Slew   Delay    Time   Description
-----------------------------------------------------------------------------
                          0.00    0.00   clock clk (rise edge)
                          0.00    0.00   clock source latency
     1    0.01    0.00    0.00    0.00 ^ clk (in)
                                         clk (net)
                  0.00    0.00    0.00 ^ clkbuf_0_clk/A (sky130_fd_sc_hd__clkbuf_16)
     2    0.02    0.04    0.11    0.11 ^ clkbuf_0_clk/X (sky130_fd_sc_hd__clkbuf_16)
                                         clknet_0_clk (net)
                  0.04    0.00    0.11 ^ clkbuf_1_0__f_clk/A (sky130_fd_sc_hd__clkbuf_16)
    10    0.02    0.04    0.12    0.23 ^ clkbuf_1_0__f_clk/X (sky130_fd_sc_hd__clkbuf_16)
                                         clknet_1_0__leaf_clk (net)
                  0.04    0.00    0.23 ^ _133_/CLK (sky130_fd_sc_hd__dfxtp_1)
     4    0.02    0.17    0.40    0.63 ^ _133_/Q (sky130_fd_sc_hd__dfxtp_1)
                                         div_cntr[1] (net)
                  0.17    0.00    0.63 ^ _087_/B (sky130_fd_sc_hd__and4_1)
     1    0.00    0.05    0.19    0.82 ^ _087_/X (sky130_fd_sc_hd__and4_1)
                                         _053_ (net)
                  0.05    0.00    0.82 ^ _088_/A (sky130_fd_sc_hd__buf_2)
     7    0.03    0.13    0.17    0.99 ^ _088_/X (sky130_fd_sc_hd__buf_2)
                                         _054_ (net)
                  0.13    0.00    0.99 ^ _108_/A (sky130_fd_sc_hd__and3_1)
     5    0.02    0.18    0.26    1.26 ^ _108_/X (sky130_fd_sc_hd__and3_1)
                                         _031_ (net)
                  0.18    0.00    1.26 ^ _116_/D (sky130_fd_sc_hd__and4_1)
     1    0.00    0.05    0.21    1.46 ^ _116_/X (sky130_fd_sc_hd__and4_1)
                                         _035_ (net)
                  0.05    0.00    1.46 ^ _119_/A2 (sky130_fd_sc_hd__o21ba_1)
     1    0.00    0.05    0.12    1.58 ^ _119_/X (sky130_fd_sc_hd__o21ba_1)
                                         _010_ (net)
                  0.05    0.00    1.58 ^ _147_/D (sky130_fd_sc_hd__dfxtp_1)
                                  1.58   data arrival time

                         10.00   10.00   clock clk (rise edge)
                          0.00   10.00   clock source latency
     1    0.01    0.00    0.00   10.00 ^ clk (in)
                                         clk (net)
                  0.00    0.00   10.00 ^ clkbuf_0_clk/A (sky130_fd_sc_hd__clkbuf_16)
     2    0.02    0.04    0.11   10.11 ^ clkbuf_0_clk/X (sky130_fd_sc_hd__clkbuf_16)
                                         clknet_0_clk (net)
                  0.04    0.00   10.11 ^ clkbuf_1_1__f_clk/A (sky130_fd_sc_hd__clkbuf_16)
    11    0.02    0.04    0.12   10.23 ^ clkbuf_1_1__f_clk/X (sky130_fd_sc_hd__clkbuf_16)
                                         clknet_1_1__leaf_clk (net)
                  0.04    0.00   10.23 ^ _147_/CLK (sky130_fd_sc_hd__dfxtp_1)
                         -0.20   10.03   clock uncertainty
                          0.00   10.03   clock reconvergence pessimism
                         -0.06    9.98   library setup time
                                  9.98   data required time
-----------------------------------------------------------------------------
                                  9.98   data required time
                                 -1.58   data arrival time
-----------------------------------------------------------------------------
                                  8.39   slack (MET)


Startpoint: _133_ (rising edge-triggered flip-flop clocked by clk)
Endpoint: _143_ (rising edge-triggered flip-flop clocked by clk)
Path Group: clk
Path Type: max

Fanout     Cap    Slew   Delay    Time   Description
-----------------------------------------------------------------------------
                          0.00    0.00   clock clk (rise edge)
                          0.00    0.00   clock source latency
     1    0.01    0.00    0.00    0.00 ^ clk (in)
                                         clk (net)
                  0.00    0.00    0.00 ^ clkbuf_0_clk/A (sky130_fd_sc_hd__clkbuf_16)
     2    0.02    0.04    0.11    0.11 ^ clkbuf_0_clk/X (sky130_fd_sc_hd__clkbuf_16)
                                         clknet_0_clk (net)
                  0.04    0.00    0.11 ^ clkbuf_1_0__f_clk/A (sky130_fd_sc_hd__clkbuf_16)
    10    0.02    0.04    0.12    0.23 ^ clkbuf_1_0__f_clk/X (sky130_fd_sc_hd__clkbuf_16)
                                         clknet_1_0__leaf_clk (net)
                  0.04    0.00    0.23 ^ _133_/CLK (sky130_fd_sc_hd__dfxtp_1)
     4    0.02    0.09    0.34    0.57 v _133_/Q (sky130_fd_sc_hd__dfxtp_1)
                                         div_cntr[1] (net)
                  0.09    0.00    0.57 v _087_/B (sky130_fd_sc_hd__and4_1)
     1    0.00    0.03    0.18    0.75 v _087_/X (sky130_fd_sc_hd__and4_1)
                                         _053_ (net)
                  0.03    0.00    0.75 v _088_/A (sky130_fd_sc_hd__buf_2)
     7    0.02    0.07    0.16    0.91 v _088_/X (sky130_fd_sc_hd__buf_2)
                                         _054_ (net)
                  0.07    0.00    0.91 v _099_/A (sky130_fd_sc_hd__and2_2)
     5    0.02    0.08    0.22    1.14 v _099_/X (sky130_fd_sc_hd__and2_2)
                                         _061_ (net)
                  0.08    0.00    1.14 v _106_/D (sky130_fd_sc_hd__and4_1)
     1    0.00    0.04    0.20    1.34 v _106_/X (sky130_fd_sc_hd__and4_1)
                                         _029_ (net)
                  0.04    0.00    1.34 v _109_/A2 (sky130_fd_sc_hd__o21ba_1)
     1    0.00    0.03    0.15    1.49 v _109_/X (sky130_fd_sc_hd__o21ba_1)
                                         _006_ (net)
                  0.03    0.00    1.49 v _143_/D (sky130_fd_sc_hd__dfxtp_1)
                                  1.49   data arrival time

                         10.00   10.00   clock clk (rise edge)
                          0.00   10.00   clock source latency
     1    0.01    0.00    0.00   10.00 ^ clk (in)
                                         clk (net)
                  0.00    0.00   10.00 ^ clkbuf_0_clk/A (sky130_fd_sc_hd__clkbuf_16)
     2    0.02    0.04    0.11   10.11 ^ clkbuf_0_clk/X (sky130_fd_sc_hd__clkbuf_16)
                                         clknet_0_clk (net)
                  0.04    0.00   10.11 ^ clkbuf_1_0__f_clk/A (sky130_fd_sc_hd__clkbuf_16)
    10    0.02    0.04    0.12   10.23 ^ clkbuf_1_0__f_clk/X (sky130_fd_sc_hd__clkbuf_16)
                                         clknet_1_0__leaf_clk (net)
                  0.04    0.00   10.23 ^ _143_/CLK (sky130_fd_sc_hd__dfxtp_1)
                         -0.20   10.03   clock uncertainty
                          0.00   10.03   clock reconvergence pessimism
                         -0.10    9.92   library setup time
                                  9.92   data required time
-----------------------------------------------------------------------------
                                  9.92   data required time
                                 -1.49   data arrival time
-----------------------------------------------------------------------------
                                  8.43   slack (MET)


Startpoint: _133_ (rising edge-triggered flip-flop clocked by clk)
Endpoint: _141_ (rising edge-triggered flip-flop clocked by clk)
Path Group: clk
Path Type: max

Fanout     Cap    Slew   Delay    Time   Description
-----------------------------------------------------------------------------
                          0.00    0.00   clock clk (rise edge)
                          0.00    0.00   clock source latency
     1    0.01    0.00    0.00    0.00 ^ clk (in)
                                         clk (net)
                  0.00    0.00    0.00 ^ clkbuf_0_clk/A (sky130_fd_sc_hd__clkbuf_16)
     2    0.02    0.04    0.11    0.11 ^ clkbuf_0_clk/X (sky130_fd_sc_hd__clkbuf_16)
                                         clknet_0_clk (net)
                  0.04    0.00    0.11 ^ clkbuf_1_0__f_clk/A (sky130_fd_sc_hd__clkbuf_16)
    10    0.02    0.04    0.12    0.23 ^ clkbuf_1_0__f_clk/X (sky130_fd_sc_hd__clkbuf_16)
                                         clknet_1_0__leaf_clk (net)
                  0.04    0.00    0.23 ^ _133_/CLK (sky130_fd_sc_hd__dfxtp_1)
     4    0.02    0.17    0.40    0.63 ^ _133_/Q (sky130_fd_sc_hd__dfxtp_1)
                                         div_cntr[1] (net)
                  0.17    0.00    0.63 ^ _087_/B (sky130_fd_sc_hd__and4_1)
     1    0.00    0.05    0.19    0.82 ^ _087_/X (sky130_fd_sc_hd__and4_1)
                                         _053_ (net)
                  0.05    0.00    0.82 ^ _088_/A (sky130_fd_sc_hd__buf_2)
     7    0.03    0.13    0.17    0.99 ^ _088_/X (sky130_fd_sc_hd__buf_2)
                                         _054_ (net)
                  0.13    0.00    0.99 ^ _099_/A (sky130_fd_sc_hd__and2_2)
     5    0.02    0.13    0.23    1.22 ^ _099_/X (sky130_fd_sc_hd__and2_2)
                                         _061_ (net)
                  0.13    0.00    1.22 ^ _103_/C (sky130_fd_sc_hd__and3_1)
     2    0.01    0.09    0.20    1.42 ^ _103_/X (sky130_fd_sc_hd__and3_1)
                                         _028_ (net)
                  0.09    0.00    1.42 ^ _104_/B (sky130_fd_sc_hd__nor2_1)
     1    0.00    0.04    0.05    1.47 v _104_/Y (sky130_fd_sc_hd__nor2_1)
                                         _023_ (net)
                  0.04    0.00    1.47 v _141_/D (sky130_fd_sc_hd__dfxtp_1)
                                  1.47   data arrival time

                         10.00   10.00   clock clk (rise edge)
                          0.00   10.00   clock source latency
     1    0.01    0.00    0.00   10.00 ^ clk (in)
                                         clk (net)
                  0.00    0.00   10.00 ^ clkbuf_0_clk/A (sky130_fd_sc_hd__clkbuf_16)
     2    0.02    0.04    0.11   10.11 ^ clkbuf_0_clk/X (sky130_fd_sc_hd__clkbuf_16)
                                         clknet_0_clk (net)
                  0.04    0.00   10.11 ^ clkbuf_1_1__f_clk/A (sky130_fd_sc_hd__clkbuf_16)
    11    0.02    0.04    0.12   10.23 ^ clkbuf_1_1__f_clk/X (sky130_fd_sc_hd__clkbuf_16)
                                         clknet_1_1__leaf_clk (net)
                  0.04    0.00   10.23 ^ _141_/CLK (sky130_fd_sc_hd__dfxtp_1)
                         -0.20   10.03   clock uncertainty
                          0.00   10.03   clock reconvergence pessimism
                         -0.11    9.92   library setup time
                                  9.92   data required time
-----------------------------------------------------------------------------
                                  9.92   data required time
                                 -1.47   data arrival time
-----------------------------------------------------------------------------
                                  8.45   slack (MET)


Startpoint: _133_ (rising edge-triggered flip-flop clocked by clk)
Endpoint: _144_ (rising edge-triggered flip-flop clocked by clk)
Path Group: clk
Path Type: max

Fanout     Cap    Slew   Delay    Time   Description
-----------------------------------------------------------------------------
                          0.00    0.00   clock clk (rise edge)
                          0.00    0.00   clock source latency
     1    0.01    0.00    0.00    0.00 ^ clk (in)
                                         clk (net)
                  0.00    0.00    0.00 ^ clkbuf_0_clk/A (sky130_fd_sc_hd__clkbuf_16)
     2    0.02    0.04    0.11    0.11 ^ clkbuf_0_clk/X (sky130_fd_sc_hd__clkbuf_16)
                                         clknet_0_clk (net)
                  0.04    0.00    0.11 ^ clkbuf_1_0__f_clk/A (sky130_fd_sc_hd__clkbuf_16)
    10    0.02    0.04    0.12    0.23 ^ clkbuf_1_0__f_clk/X (sky130_fd_sc_hd__clkbuf_16)
                                         clknet_1_0__leaf_clk (net)
                  0.04    0.00    0.23 ^ _133_/CLK (sky130_fd_sc_hd__dfxtp_1)
     4    0.02    0.17    0.40    0.63 ^ _133_/Q (sky130_fd_sc_hd__dfxtp_1)
                                         div_cntr[1] (net)
                  0.17    0.00    0.63 ^ _087_/B (sky130_fd_sc_hd__and4_1)
     1    0.00    0.05    0.19    0.82 ^ _087_/X (sky130_fd_sc_hd__and4_1)
                                         _053_ (net)
                  0.05    0.00    0.82 ^ _088_/A (sky130_fd_sc_hd__buf_2)
     7    0.03    0.13    0.17    0.99 ^ _088_/X (sky130_fd_sc_hd__buf_2)
                                         _054_ (net)
                  0.13    0.00    0.99 ^ _108_/A (sky130_fd_sc_hd__and3_1)
     5    0.02    0.18    0.26    1.26 ^ _108_/X (sky130_fd_sc_hd__and3_1)
                                         _031_ (net)
                  0.18    0.00    1.26 ^ _110_/B (sky130_fd_sc_hd__and2_1)
     2    0.01    0.07    0.17    1.42 ^ _110_/X (sky130_fd_sc_hd__and2_1)
                                         _032_ (net)
                  0.07    0.00    1.42 ^ _112_/A (sky130_fd_sc_hd__nor2_1)
     1    0.00    0.03    0.05    1.47 v _112_/Y (sky130_fd_sc_hd__nor2_1)
                                         _007_ (net)
                  0.03    0.00    1.47 v _144_/D (sky130_fd_sc_hd__dfxtp_1)
                                  1.47   data arrival time

                         10.00   10.00   clock clk (rise edge)
                          0.00   10.00   clock source latency
     1    0.01    0.00    0.00   10.00 ^ clk (in)
                                         clk (net)
                  0.00    0.00   10.00 ^ clkbuf_0_clk/A (sky130_fd_sc_hd__clkbuf_16)
     2    0.02    0.04    0.11   10.11 ^ clkbuf_0_clk/X (sky130_fd_sc_hd__clkbuf_16)
                                         clknet_0_clk (net)
                  0.04    0.00   10.11 ^ clkbuf_1_1__f_clk/A (sky130_fd_sc_hd__clkbuf_16)
    11    0.02    0.04    0.12   10.23 ^ clkbuf_1_1__f_clk/X (sky130_fd_sc_hd__clkbuf_16)
                                         clknet_1_1__leaf_clk (net)
                  0.04    0.00   10.23 ^ _144_/CLK (sky130_fd_sc_hd__dfxtp_1)
                         -0.20   10.03   clock uncertainty
                          0.00   10.03   clock reconvergence pessimism
                         -0.10    9.93   library setup time
                                  9.93   data required time
-----------------------------------------------------------------------------
                                  9.93   data required time
                                 -1.47   data arrival time
-----------------------------------------------------------------------------
                                  8.45   slack (MET)


Startpoint: _133_ (rising edge-triggered flip-flop clocked by clk)
Endpoint: _139_ (rising edge-triggered flip-flop clocked by clk)
Path Group: clk
Path Type: max

Fanout     Cap    Slew   Delay    Time   Description
-----------------------------------------------------------------------------
                          0.00    0.00   clock clk (rise edge)
                          0.00    0.00   clock source latency
     1    0.01    0.00    0.00    0.00 ^ clk (in)
                                         clk (net)
                  0.00    0.00    0.00 ^ clkbuf_0_clk/A (sky130_fd_sc_hd__clkbuf_16)
     2    0.02    0.04    0.11    0.11 ^ clkbuf_0_clk/X (sky130_fd_sc_hd__clkbuf_16)
                                         clknet_0_clk (net)
                  0.04    0.00    0.11 ^ clkbuf_1_0__f_clk/A (sky130_fd_sc_hd__clkbuf_16)
    10    0.02    0.04    0.12    0.23 ^ clkbuf_1_0__f_clk/X (sky130_fd_sc_hd__clkbuf_16)
                                         clknet_1_0__leaf_clk (net)
                  0.04    0.00    0.23 ^ _133_/CLK (sky130_fd_sc_hd__dfxtp_1)
     4    0.02    0.09    0.34    0.57 v _133_/Q (sky130_fd_sc_hd__dfxtp_1)
                                         div_cntr[1] (net)
                  0.09    0.00    0.57 v _087_/B (sky130_fd_sc_hd__and4_1)
     1    0.00    0.03    0.18    0.75 v _087_/X (sky130_fd_sc_hd__and4_1)
                                         _053_ (net)
                  0.03    0.00    0.75 v _088_/A (sky130_fd_sc_hd__buf_2)
     7    0.02    0.07    0.16    0.91 v _088_/X (sky130_fd_sc_hd__buf_2)
                                         _054_ (net)
                  0.07    0.00    0.91 v _093_/C (sky130_fd_sc_hd__and3_1)
     3    0.01    0.06    0.22    1.13 v _093_/X (sky130_fd_sc_hd__and3_1)
                                         _057_ (net)
                  0.06    0.00    1.13 v _097_/B (sky130_fd_sc_hd__and2_1)
     1    0.00    0.03    0.15    1.28 v _097_/X (sky130_fd_sc_hd__and2_1)
                                         _059_ (net)
                  0.03    0.00    1.28 v _100_/A2 (sky130_fd_sc_hd__o21ba_1)
     1    0.01    0.05    0.17    1.46 v _100_/X (sky130_fd_sc_hd__o21ba_1)
                                         _021_ (net)
                  0.05    0.00    1.46 v _139_/D (sky130_fd_sc_hd__dfxtp_1)
                                  1.46   data arrival time

                         10.00   10.00   clock clk (rise edge)
                          0.00   10.00   clock source latency
     1    0.01    0.00    0.00   10.00 ^ clk (in)
                                         clk (net)
                  0.00    0.00   10.00 ^ clkbuf_0_clk/A (sky130_fd_sc_hd__clkbuf_16)
     2    0.02    0.04    0.11   10.11 ^ clkbuf_0_clk/X (sky130_fd_sc_hd__clkbuf_16)
                                         clknet_0_clk (net)
                  0.04    0.00   10.11 ^ clkbuf_1_0__f_clk/A (sky130_fd_sc_hd__clkbuf_16)
    10    0.02    0.04    0.12   10.23 ^ clkbuf_1_0__f_clk/X (sky130_fd_sc_hd__clkbuf_16)
                                         clknet_1_0__leaf_clk (net)
                  0.04    0.00   10.23 ^ _139_/CLK (sky130_fd_sc_hd__dfxtp_1)
                         -0.20   10.03   clock uncertainty
                          0.00   10.03   clock reconvergence pessimism
                         -0.11    9.92   library setup time
                                  9.92   data required time
-----------------------------------------------------------------------------
                                  9.92   data required time
                                 -1.46   data arrival time
-----------------------------------------------------------------------------
                                  8.46   slack (MET)


Startpoint: _133_ (rising edge-triggered flip-flop clocked by clk)
Endpoint: _148_ (rising edge-triggered flip-flop clocked by clk)
Path Group: clk
Path Type: max

Fanout     Cap    Slew   Delay    Time   Description
-----------------------------------------------------------------------------
                          0.00    0.00   clock clk (rise edge)
                          0.00    0.00   clock source latency
     1    0.01    0.00    0.00    0.00 ^ clk (in)
                                         clk (net)
                  0.00    0.00    0.00 ^ clkbuf_0_clk/A (sky130_fd_sc_hd__clkbuf_16)
     2    0.02    0.04    0.11    0.11 ^ clkbuf_0_clk/X (sky130_fd_sc_hd__clkbuf_16)
                                         clknet_0_clk (net)
                  0.04    0.00    0.11 ^ clkbuf_1_0__f_clk/A (sky130_fd_sc_hd__clkbuf_16)
    10    0.02    0.04    0.12    0.23 ^ clkbuf_1_0__f_clk/X (sky130_fd_sc_hd__clkbuf_16)
                                         clknet_1_0__leaf_clk (net)
                  0.04    0.00    0.23 ^ _133_/CLK (sky130_fd_sc_hd__dfxtp_1)
     4    0.02    0.17    0.40    0.63 ^ _133_/Q (sky130_fd_sc_hd__dfxtp_1)
                                         div_cntr[1] (net)
                  0.17    0.00    0.63 ^ _087_/B (sky130_fd_sc_hd__and4_1)
     1    0.00    0.05    0.19    0.82 ^ _087_/X (sky130_fd_sc_hd__and4_1)
                                         _053_ (net)
                  0.05    0.00    0.82 ^ _088_/A (sky130_fd_sc_hd__buf_2)
     7    0.03    0.13    0.17    0.99 ^ _088_/X (sky130_fd_sc_hd__buf_2)
                                         _054_ (net)
                  0.13    0.00    0.99 ^ _118_/A (sky130_fd_sc_hd__and4_2)
     5    0.02    0.15    0.32    1.31 ^ _118_/X (sky130_fd_sc_hd__and4_2)
                                         _037_ (net)
                  0.15    0.00    1.31 ^ _120_/B (sky130_fd_sc_hd__xor2_1)
     1    0.00    0.09    0.14    1.45 ^ _120_/X (sky130_fd_sc_hd__xor2_1)
                                         _011_ (net)
                  0.09    0.00    1.45 ^ _148_/D (sky130_fd_sc_hd__dfxtp_1)
                                  1.45   data arrival time

                         10.00   10.00   clock clk (rise edge)
                          0.00   10.00   clock source latency
     1    0.01    0.00    0.00   10.00 ^ clk (in)
                                         clk (net)
                  0.00    0.00   10.00 ^ clkbuf_0_clk/A (sky130_fd_sc_hd__clkbuf_16)
     2    0.02    0.04    0.11   10.11 ^ clkbuf_0_clk/X (sky130_fd_sc_hd__clkbuf_16)
                                         clknet_0_clk (net)
                  0.04    0.00   10.11 ^ clkbuf_1_0__f_clk/A (sky130_fd_sc_hd__clkbuf_16)
    10    0.02    0.04    0.12   10.23 ^ clkbuf_1_0__f_clk/X (sky130_fd_sc_hd__clkbuf_16)
                                         clknet_1_0__leaf_clk (net)
                  0.04    0.00   10.23 ^ _148_/CLK (sky130_fd_sc_hd__dfxtp_1)
                         -0.20   10.03   clock uncertainty
                          0.00   10.03   clock reconvergence pessimism
                         -0.07    9.96   library setup time
                                  9.96   data required time
-----------------------------------------------------------------------------
                                  9.96   data required time
                                 -1.45   data arrival time
-----------------------------------------------------------------------------
                                  8.52   slack (MET)


Startpoint: _133_ (rising edge-triggered flip-flop clocked by clk)
Endpoint: _140_ (rising edge-triggered flip-flop clocked by clk)
Path Group: clk
Path Type: max

Fanout     Cap    Slew   Delay    Time   Description
-----------------------------------------------------------------------------
                          0.00    0.00   clock clk (rise edge)
                          0.00    0.00   clock source latency
     1    0.01    0.00    0.00    0.00 ^ clk (in)
                                         clk (net)
                  0.00    0.00    0.00 ^ clkbuf_0_clk/A (sky130_fd_sc_hd__clkbuf_16)
     2    0.02    0.04    0.11    0.11 ^ clkbuf_0_clk/X (sky130_fd_sc_hd__clkbuf_16)
                                         clknet_0_clk (net)
                  0.04    0.00    0.11 ^ clkbuf_1_0__f_clk/A (sky130_fd_sc_hd__clkbuf_16)
    10    0.02    0.04    0.12    0.23 ^ clkbuf_1_0__f_clk/X (sky130_fd_sc_hd__clkbuf_16)
                                         clknet_1_0__leaf_clk (net)
                  0.04    0.00    0.23 ^ _133_/CLK (sky130_fd_sc_hd__dfxtp_1)
     4    0.02    0.17    0.40    0.63 ^ _133_/Q (sky130_fd_sc_hd__dfxtp_1)
                                         div_cntr[1] (net)
                  0.17    0.00    0.63 ^ _087_/B (sky130_fd_sc_hd__and4_1)
     1    0.00    0.05    0.19    0.82 ^ _087_/X (sky130_fd_sc_hd__and4_1)
                                         _053_ (net)
                  0.05    0.00    0.82 ^ _088_/A (sky130_fd_sc_hd__buf_2)
     7    0.03    0.13    0.17    0.99 ^ _088_/X (sky130_fd_sc_hd__buf_2)
                                         _054_ (net)
                  0.13    0.00    0.99 ^ _099_/A (sky130_fd_sc_hd__and2_2)
     5    0.02    0.13    0.23    1.22 ^ _099_/X (sky130_fd_sc_hd__and2_2)
                                         _061_ (net)
                  0.13    0.00    1.22 ^ _101_/B (sky130_fd_sc_hd__xor2_1)
     1    0.00    0.15    0.18    1.40 ^ _101_/X (sky130_fd_sc_hd__xor2_1)
                                         _022_ (net)
                  0.15    0.00    1.40 ^ _140_/D (sky130_fd_sc_hd__dfxtp_1)
                                  1.40   data arrival time

                         10.00   10.00   clock clk (rise edge)
                          0.00   10.00   clock source latency
     1    0.01    0.00    0.00   10.00 ^ clk (in)
                                         clk (net)
                  0.00    0.00   10.00 ^ clkbuf_0_clk/A (sky130_fd_sc_hd__clkbuf_16)
     2    0.02    0.04    0.11   10.11 ^ clkbuf_0_clk/X (sky130_fd_sc_hd__clkbuf_16)
                                         clknet_0_clk (net)
                  0.04    0.00   10.11 ^ clkbuf_1_0__f_clk/A (sky130_fd_sc_hd__clkbuf_16)
    10    0.02    0.04    0.12   10.23 ^ clkbuf_1_0__f_clk/X (sky130_fd_sc_hd__clkbuf_16)
                                         clknet_1_0__leaf_clk (net)
                  0.04    0.00   10.23 ^ _140_/CLK (sky130_fd_sc_hd__dfxtp_1)
                         -0.20   10.03   clock uncertainty
                          0.00   10.03   clock reconvergence pessimism
                         -0.08    9.95   library setup time
                                  9.95   data required time
-----------------------------------------------------------------------------
                                  9.95   data required time
                                 -1.40   data arrival time
-----------------------------------------------------------------------------
                                  8.55   slack (MET)


Startpoint: _133_ (rising edge-triggered flip-flop clocked by clk)
Endpoint: _138_ (rising edge-triggered flip-flop clocked by clk)
Path Group: clk
Path Type: max

Fanout     Cap    Slew   Delay    Time   Description
-----------------------------------------------------------------------------
                          0.00    0.00   clock clk (rise edge)
                          0.00    0.00   clock source latency
     1    0.01    0.00    0.00    0.00 ^ clk (in)
                                         clk (net)
                  0.00    0.00    0.00 ^ clkbuf_0_clk/A (sky130_fd_sc_hd__clkbuf_16)
     2    0.02    0.04    0.11    0.11 ^ clkbuf_0_clk/X (sky130_fd_sc_hd__clkbuf_16)
                                         clknet_0_clk (net)
                  0.04    0.00    0.11 ^ clkbuf_1_0__f_clk/A (sky130_fd_sc_hd__clkbuf_16)
    10    0.02    0.04    0.12    0.23 ^ clkbuf_1_0__f_clk/X (sky130_fd_sc_hd__clkbuf_16)
                                         clknet_1_0__leaf_clk (net)
                  0.04    0.00    0.23 ^ _133_/CLK (sky130_fd_sc_hd__dfxtp_1)
     4    0.02    0.17    0.40    0.63 ^ _133_/Q (sky130_fd_sc_hd__dfxtp_1)
                                         div_cntr[1] (net)
                  0.17    0.00    0.63 ^ _087_/B (sky130_fd_sc_hd__and4_1)
     1    0.00    0.05    0.19    0.82 ^ _087_/X (sky130_fd_sc_hd__and4_1)
                                         _053_ (net)
                  0.05    0.00    0.82 ^ _088_/A (sky130_fd_sc_hd__buf_2)
     7    0.03    0.13    0.17    0.99 ^ _088_/X (sky130_fd_sc_hd__buf_2)
                                         _054_ (net)
                  0.13    0.00    0.99 ^ _093_/C (sky130_fd_sc_hd__and3_1)
     3    0.01    0.11    0.21    1.21 ^ _093_/X (sky130_fd_sc_hd__and3_1)
                                         _057_ (net)
                  0.11    0.00    1.21 ^ _096_/B (sky130_fd_sc_hd__xor2_1)
     1    0.00    0.11    0.14    1.35 ^ _096_/X (sky130_fd_sc_hd__xor2_1)
                                         _020_ (net)
                  0.11    0.00    1.35 ^ _138_/D (sky130_fd_sc_hd__dfxtp_1)
                                  1.35   data arrival time

                         10.00   10.00   clock clk (rise edge)
                          0.00   10.00   clock source latency
     1    0.01    0.00    0.00   10.00 ^ clk (in)
                                         clk (net)
                  0.00    0.00   10.00 ^ clkbuf_0_clk/A (sky130_fd_sc_hd__clkbuf_16)
     2    0.02    0.04    0.11   10.11 ^ clkbuf_0_clk/X (sky130_fd_sc_hd__clkbuf_16)
                                         clknet_0_clk (net)
                  0.04    0.00   10.11 ^ clkbuf_1_1__f_clk/A (sky130_fd_sc_hd__clkbuf_16)
    11    0.02    0.04    0.12   10.23 ^ clkbuf_1_1__f_clk/X (sky130_fd_sc_hd__clkbuf_16)
                                         clknet_1_1__leaf_clk (net)
                  0.04    0.00   10.23 ^ _138_/CLK (sky130_fd_sc_hd__dfxtp_1)
                         -0.20   10.03   clock uncertainty
                          0.00   10.03   clock reconvergence pessimism
                         -0.07    9.96   library setup time
                                  9.96   data required time
-----------------------------------------------------------------------------
                                  9.96   data required time
                                 -1.35   data arrival time
-----------------------------------------------------------------------------
                                  8.61   slack (MET)


Startpoint: _133_ (rising edge-triggered flip-flop clocked by clk)
Endpoint: _137_ (rising edge-triggered flip-flop clocked by clk)
Path Group: clk
Path Type: max

Fanout     Cap    Slew   Delay    Time   Description
-----------------------------------------------------------------------------
                          0.00    0.00   clock clk (rise edge)
                          0.00    0.00   clock source latency
     1    0.01    0.00    0.00    0.00 ^ clk (in)
                                         clk (net)
                  0.00    0.00    0.00 ^ clkbuf_0_clk/A (sky130_fd_sc_hd__clkbuf_16)
     2    0.02    0.04    0.11    0.11 ^ clkbuf_0_clk/X (sky130_fd_sc_hd__clkbuf_16)
                                         clknet_0_clk (net)
                  0.04    0.00    0.11 ^ clkbuf_1_0__f_clk/A (sky130_fd_sc_hd__clkbuf_16)
    10    0.02    0.04    0.12    0.23 ^ clkbuf_1_0__f_clk/X (sky130_fd_sc_hd__clkbuf_16)
                                         clknet_1_0__leaf_clk (net)
                  0.04    0.00    0.23 ^ _133_/CLK (sky130_fd_sc_hd__dfxtp_1)
     4    0.02    0.17    0.40    0.63 ^ _133_/Q (sky130_fd_sc_hd__dfxtp_1)
                                         div_cntr[1] (net)
                  0.17    0.00    0.63 ^ _087_/B (sky130_fd_sc_hd__and4_1)
     1    0.00    0.05    0.19    0.82 ^ _087_/X (sky130_fd_sc_hd__and4_1)
                                         _053_ (net)
                  0.05    0.00    0.82 ^ _088_/A (sky130_fd_sc_hd__buf_2)
     7    0.03    0.13    0.17    0.99 ^ _088_/X (sky130_fd_sc_hd__buf_2)
                                         _054_ (net)
                  0.13    0.00    0.99 ^ _093_/C (sky130_fd_sc_hd__and3_1)
     3    0.01    0.11    0.21    1.21 ^ _093_/X (sky130_fd_sc_hd__and3_1)
                                         _057_ (net)
                  0.11    0.00    1.21 ^ _095_/A (sky130_fd_sc_hd__nor2_1)
     1    0.01    0.05    0.07    1.28 v _095_/Y (sky130_fd_sc_hd__nor2_1)
                                         _019_ (net)
                  0.05    0.00    1.28 v _137_/D (sky130_fd_sc_hd__dfxtp_1)
                                  1.28   data arrival time

                         10.00   10.00   clock clk (rise edge)
                          0.00   10.00   clock source latency
     1    0.01    0.00    0.00   10.00 ^ clk (in)
                                         clk (net)
                  0.00    0.00   10.00 ^ clkbuf_0_clk/A (sky130_fd_sc_hd__clkbuf_16)
     2    0.02    0.04    0.11   10.11 ^ clkbuf_0_clk/X (sky130_fd_sc_hd__clkbuf_16)
                                         clknet_0_clk (net)
                  0.04    0.00   10.11 ^ clkbuf_1_1__f_clk/A (sky130_fd_sc_hd__clkbuf_16)
    11    0.02    0.04    0.12   10.23 ^ clkbuf_1_1__f_clk/X (sky130_fd_sc_hd__clkbuf_16)
                                         clknet_1_1__leaf_clk (net)
                  0.04    0.00   10.23 ^ _137_/CLK (sky130_fd_sc_hd__dfxtp_1)
                         -0.20   10.03   clock uncertainty
                          0.00   10.03   clock reconvergence pessimism
                         -0.11    9.92   library setup time
                                  9.92   data required time
-----------------------------------------------------------------------------
                                  9.92   data required time
                                 -1.28   data arrival time
-----------------------------------------------------------------------------
                                  8.64   slack (MET)


Startpoint: _133_ (rising edge-triggered flip-flop clocked by clk)
Endpoint: _135_ (rising edge-triggered flip-flop clocked by clk)
Path Group: clk
Path Type: max

Fanout     Cap    Slew   Delay    Time   Description
-----------------------------------------------------------------------------
                          0.00    0.00   clock clk (rise edge)
                          0.00    0.00   clock source latency
     1    0.01    0.00    0.00    0.00 ^ clk (in)
                                         clk (net)
                  0.00    0.00    0.00 ^ clkbuf_0_clk/A (sky130_fd_sc_hd__clkbuf_16)
     2    0.02    0.04    0.11    0.11 ^ clkbuf_0_clk/X (sky130_fd_sc_hd__clkbuf_16)
                                         clknet_0_clk (net)
                  0.04    0.00    0.11 ^ clkbuf_1_0__f_clk/A (sky130_fd_sc_hd__clkbuf_16)
    10    0.02    0.04    0.12    0.23 ^ clkbuf_1_0__f_clk/X (sky130_fd_sc_hd__clkbuf_16)
                                         clknet_1_0__leaf_clk (net)
                  0.04    0.00    0.23 ^ _133_/CLK (sky130_fd_sc_hd__dfxtp_1)
     4    0.02    0.17    0.40    0.63 ^ _133_/Q (sky130_fd_sc_hd__dfxtp_1)
                                         div_cntr[1] (net)
                  0.17    0.00    0.63 ^ _087_/B (sky130_fd_sc_hd__and4_1)
     1    0.00    0.05    0.19    0.82 ^ _087_/X (sky130_fd_sc_hd__and4_1)
                                         _053_ (net)
                  0.05    0.00    0.82 ^ _088_/A (sky130_fd_sc_hd__buf_2)
     7    0.03    0.13    0.17    0.99 ^ _088_/X (sky130_fd_sc_hd__buf_2)
                                         _054_ (net)
                  0.13    0.00    0.99 ^ _090_/A_N (sky130_fd_sc_hd__and2b_1)
     1    0.00    0.03    0.19    1.18 v _090_/X (sky130_fd_sc_hd__and2b_1)
                                         _056_ (net)
                  0.03    0.00    1.18 v _091_/A (sky130_fd_sc_hd__buf_1)
     1    0.00    0.02    0.08    1.25 v _091_/X (sky130_fd_sc_hd__buf_1)
                                         _017_ (net)
                  0.02    0.00    1.25 v _135_/D (sky130_fd_sc_hd__dfxtp_1)
                                  1.25   data arrival time

                         10.00   10.00   clock clk (rise edge)
                          0.00   10.00   clock source latency
     1    0.01    0.00    0.00   10.00 ^ clk (in)
                                         clk (net)
                  0.00    0.00   10.00 ^ clkbuf_0_clk/A (sky130_fd_sc_hd__clkbuf_16)
     2    0.02    0.04    0.11   10.11 ^ clkbuf_0_clk/X (sky130_fd_sc_hd__clkbuf_16)
                                         clknet_0_clk (net)
                  0.04    0.00   10.11 ^ clkbuf_1_0__f_clk/A (sky130_fd_sc_hd__clkbuf_16)
    10    0.02    0.04    0.12   10.23 ^ clkbuf_1_0__f_clk/X (sky130_fd_sc_hd__clkbuf_16)
                                         clknet_1_0__leaf_clk (net)
                  0.04    0.00   10.23 ^ _135_/CLK (sky130_fd_sc_hd__dfxtp_1)
                         -0.20   10.03   clock uncertainty
                          0.00   10.03   clock reconvergence pessimism
                         -0.10    9.93   library setup time
                                  9.93   data required time
-----------------------------------------------------------------------------
                                  9.93   data required time
                                 -1.25   data arrival time
-----------------------------------------------------------------------------
                                  8.68   slack (MET)


Startpoint: _132_ (rising edge-triggered flip-flop clocked by clk)
Endpoint: _132_ (rising edge-triggered flip-flop clocked by clk)
Path Group: clk
Path Type: max

Fanout     Cap    Slew   Delay    Time   Description
-----------------------------------------------------------------------------
                          0.00    0.00   clock clk (rise edge)
                          0.00    0.00   clock source latency
     1    0.01    0.00    0.00    0.00 ^ clk (in)
                                         clk (net)
                  0.00    0.00    0.00 ^ clkbuf_0_clk/A (sky130_fd_sc_hd__clkbuf_16)
     2    0.02    0.04    0.11    0.11 ^ clkbuf_0_clk/X (sky130_fd_sc_hd__clkbuf_16)
                                         clknet_0_clk (net)
                  0.04    0.00    0.11 ^ clkbuf_1_0__f_clk/A (sky130_fd_sc_hd__clkbuf_16)
    10    0.02    0.04    0.12    0.23 ^ clkbuf_1_0__f_clk/X (sky130_fd_sc_hd__clkbuf_16)
                                         clknet_1_0__leaf_clk (net)
                  0.04    0.00    0.23 ^ _132_/CLK (sky130_fd_sc_hd__dfxtp_2)
     5    0.02    0.12    0.38    0.61 ^ _132_/Q (sky130_fd_sc_hd__dfxtp_2)
                                         div_cntr[0] (net)
                  0.12    0.00    0.61 ^ hold1/A (sky130_fd_sc_hd__dlygate4sd3_1)
     1    0.01    0.07    0.58    1.18 ^ hold1/X (sky130_fd_sc_hd__dlygate4sd3_1)
                                         net17 (net)
                  0.07    0.00    1.18 ^ _081_/A (sky130_fd_sc_hd__inv_2)
     1    0.00    0.02    0.03    1.22 v _081_/Y (sky130_fd_sc_hd__inv_2)
                                         _004_ (net)
                  0.02    0.00    1.22 v _132_/D (sky130_fd_sc_hd__dfxtp_2)
                                  1.22   data arrival time

                         10.00   10.00   clock clk (rise edge)
                          0.00   10.00   clock source latency
     1    0.01    0.00    0.00   10.00 ^ clk (in)
                                         clk (net)
                  0.00    0.00   10.00 ^ clkbuf_0_clk/A (sky130_fd_sc_hd__clkbuf_16)
     2    0.02    0.04    0.11   10.11 ^ clkbuf_0_clk/X (sky130_fd_sc_hd__clkbuf_16)
                                         clknet_0_clk (net)
                  0.04    0.00   10.11 ^ clkbuf_1_0__f_clk/A (sky130_fd_sc_hd__clkbuf_16)
    10    0.02    0.04    0.12   10.23 ^ clkbuf_1_0__f_clk/X (sky130_fd_sc_hd__clkbuf_16)
                                         clknet_1_0__leaf_clk (net)
                  0.04    0.00   10.23 ^ _132_/CLK (sky130_fd_sc_hd__dfxtp_2)
                         -0.20   10.03   clock uncertainty
                          0.00   10.03   clock reconvergence pessimism
                         -0.10    9.93   library setup time
                                  9.93   data required time
-----------------------------------------------------------------------------
                                  9.93   data required time
                                 -1.22   data arrival time
-----------------------------------------------------------------------------
                                  8.71   slack (MET)


Startpoint: _133_ (rising edge-triggered flip-flop clocked by clk)
Endpoint: _136_ (rising edge-triggered flip-flop clocked by clk)
Path Group: clk
Path Type: max

Fanout     Cap    Slew   Delay    Time   Description
-----------------------------------------------------------------------------
                          0.00    0.00   clock clk (rise edge)
                          0.00    0.00   clock source latency
     1    0.01    0.00    0.00    0.00 ^ clk (in)
                                         clk (net)
                  0.00    0.00    0.00 ^ clkbuf_0_clk/A (sky130_fd_sc_hd__clkbuf_16)
     2    0.02    0.04    0.11    0.11 ^ clkbuf_0_clk/X (sky130_fd_sc_hd__clkbuf_16)
                                         clknet_0_clk (net)
                  0.04    0.00    0.11 ^ clkbuf_1_0__f_clk/A (sky130_fd_sc_hd__clkbuf_16)
    10    0.02    0.04    0.12    0.23 ^ clkbuf_1_0__f_clk/X (sky130_fd_sc_hd__clkbuf_16)
                                         clknet_1_0__leaf_clk (net)
                  0.04    0.00    0.23 ^ _133_/CLK (sky130_fd_sc_hd__dfxtp_1)
     4    0.02    0.17    0.40    0.63 ^ _133_/Q (sky130_fd_sc_hd__dfxtp_1)
                                         div_cntr[1] (net)
                  0.17    0.00    0.63 ^ _087_/B (sky130_fd_sc_hd__and4_1)
     1    0.00    0.05    0.19    0.82 ^ _087_/X (sky130_fd_sc_hd__and4_1)
                                         _053_ (net)
                  0.05    0.00    0.82 ^ _088_/A (sky130_fd_sc_hd__buf_2)
     7    0.03    0.13    0.17    0.99 ^ _088_/X (sky130_fd_sc_hd__buf_2)
                                         _054_ (net)
                  0.13    0.00    0.99 ^ _092_/B (sky130_fd_sc_hd__xor2_1)
     1    0.00    0.13    0.17    1.16 ^ _092_/X (sky130_fd_sc_hd__xor2_1)
                                         _018_ (net)
                  0.13    0.00    1.16 ^ _136_/D (sky130_fd_sc_hd__dfxtp_1)
                                  1.16   data arrival time

                         10.00   10.00   clock clk (rise edge)
                          0.00   10.00   clock source latency
     1    0.01    0.00    0.00   10.00 ^ clk (in)
                                         clk (net)
                  0.00    0.00   10.00 ^ clkbuf_0_clk/A (sky130_fd_sc_hd__clkbuf_16)
     2    0.02    0.04    0.11   10.11 ^ clkbuf_0_clk/X (sky130_fd_sc_hd__clkbuf_16)
                                         clknet_0_clk (net)
                  0.04    0.00   10.11 ^ clkbuf_1_1__f_clk/A (sky130_fd_sc_hd__clkbuf_16)
    11    0.02    0.04    0.12   10.23 ^ clkbuf_1_1__f_clk/X (sky130_fd_sc_hd__clkbuf_16)
                                         clknet_1_1__leaf_clk (net)
                  0.04    0.00   10.23 ^ _136_/CLK (sky130_fd_sc_hd__dfxtp_1)
                         -0.20   10.03   clock uncertainty
                          0.00   10.03   clock reconvergence pessimism
                         -0.07    9.96   library setup time
                                  9.96   data required time
-----------------------------------------------------------------------------
                                  9.96   data required time
                                 -1.16   data arrival time
-----------------------------------------------------------------------------
                                  8.80   slack (MET)


Startpoint: _132_ (rising edge-triggered flip-flop clocked by clk)
Endpoint: _133_ (rising edge-triggered flip-flop clocked by clk)
Path Group: clk
Path Type: max

Fanout     Cap    Slew   Delay    Time   Description
-----------------------------------------------------------------------------
                          0.00    0.00   clock clk (rise edge)
                          0.00    0.00   clock source latency
     1    0.01    0.00    0.00    0.00 ^ clk (in)
                                         clk (net)
                  0.00    0.00    0.00 ^ clkbuf_0_clk/A (sky130_fd_sc_hd__clkbuf_16)
     2    0.02    0.04    0.11    0.11 ^ clkbuf_0_clk/X (sky130_fd_sc_hd__clkbuf_16)
                                         clknet_0_clk (net)
                  0.04    0.00    0.11 ^ clkbuf_1_0__f_clk/A (sky130_fd_sc_hd__clkbuf_16)
    10    0.02    0.04    0.12    0.23 ^ clkbuf_1_0__f_clk/X (sky130_fd_sc_hd__clkbuf_16)
                                         clknet_1_0__leaf_clk (net)
                  0.04    0.00    0.23 ^ _132_/CLK (sky130_fd_sc_hd__dfxtp_2)
     5    0.02    0.06    0.35    0.57 v _132_/Q (sky130_fd_sc_hd__dfxtp_2)
                                         div_cntr[0] (net)
                  0.06    0.00    0.58 v _083_/A (sky130_fd_sc_hd__or2_1)
     1    0.01    0.07    0.26    0.83 v _083_/X (sky130_fd_sc_hd__or2_1)
                                         _051_ (net)
                  0.07    0.00    0.83 v _084_/B (sky130_fd_sc_hd__and2_1)
     1    0.00    0.04    0.17    1.01 v _084_/X (sky130_fd_sc_hd__and2_1)
                                         _052_ (net)
                  0.04    0.00    1.01 v _085_/A (sky130_fd_sc_hd__clkbuf_1)
     1    0.00    0.04    0.10    1.10 v _085_/X (sky130_fd_sc_hd__clkbuf_1)
                                         _015_ (net)
                  0.04    0.00    1.10 v _133_/D (sky130_fd_sc_hd__dfxtp_1)
                                  1.10   data arrival time

                         10.00   10.00   clock clk (rise edge)
                          0.00   10.00   clock source latency
     1    0.01    0.00    0.00   10.00 ^ clk (in)
                                         clk (net)
                  0.00    0.00   10.00 ^ clkbuf_0_clk/A (sky130_fd_sc_hd__clkbuf_16)
     2    0.02    0.04    0.11   10.11 ^ clkbuf_0_clk/X (sky130_fd_sc_hd__clkbuf_16)
                                         clknet_0_clk (net)
                  0.04    0.00   10.11 ^ clkbuf_1_0__f_clk/A (sky130_fd_sc_hd__clkbuf_16)
    10    0.02    0.04    0.12   10.23 ^ clkbuf_1_0__f_clk/X (sky130_fd_sc_hd__clkbuf_16)
                                         clknet_1_0__leaf_clk (net)
                  0.04    0.00   10.23 ^ _133_/CLK (sky130_fd_sc_hd__dfxtp_1)
                         -0.20   10.03   clock uncertainty
                          0.00   10.03   clock reconvergence pessimism
                         -0.11    9.92   library setup time
                                  9.92   data required time
-----------------------------------------------------------------------------
                                  9.92   data required time
                                 -1.10   data arrival time
-----------------------------------------------------------------------------
                                  8.82   slack (MET)


Startpoint: _133_ (rising edge-triggered flip-flop clocked by clk)
Endpoint: _134_ (rising edge-triggered flip-flop clocked by clk)
Path Group: clk
Path Type: max

Fanout     Cap    Slew   Delay    Time   Description
-----------------------------------------------------------------------------
                          0.00    0.00   clock clk (rise edge)
                          0.00    0.00   clock source latency
     1    0.01    0.00    0.00    0.00 ^ clk (in)
                                         clk (net)
                  0.00    0.00    0.00 ^ clkbuf_0_clk/A (sky130_fd_sc_hd__clkbuf_16)
     2    0.02    0.04    0.11    0.11 ^ clkbuf_0_clk/X (sky130_fd_sc_hd__clkbuf_16)
                                         clknet_0_clk (net)
                  0.04    0.00    0.11 ^ clkbuf_1_0__f_clk/A (sky130_fd_sc_hd__clkbuf_16)
    10    0.02    0.04    0.12    0.23 ^ clkbuf_1_0__f_clk/X (sky130_fd_sc_hd__clkbuf_16)
                                         clknet_1_0__leaf_clk (net)
                  0.04    0.00    0.23 ^ _133_/CLK (sky130_fd_sc_hd__dfxtp_1)
     4    0.02    0.17    0.40    0.63 ^ _133_/Q (sky130_fd_sc_hd__dfxtp_1)
                                         div_cntr[1] (net)
                  0.17    0.00    0.63 ^ _082_/B (sky130_fd_sc_hd__nand2_1)
     2    0.01    0.08    0.11    0.74 v _082_/Y (sky130_fd_sc_hd__nand2_1)
                                         _050_ (net)
                  0.08    0.00    0.74 v _086_/B (sky130_fd_sc_hd__xnor2_1)
     1    0.00    0.04    0.13    0.87 v _086_/Y (sky130_fd_sc_hd__xnor2_1)
                                         _016_ (net)
                  0.04    0.00    0.87 v _134_/D (sky130_fd_sc_hd__dfxtp_1)
                                  0.87   data arrival time

                         10.00   10.00   clock clk (rise edge)
                          0.00   10.00   clock source latency
     1    0.01    0.00    0.00   10.00 ^ clk (in)
                                         clk (net)
                  0.00    0.00   10.00 ^ clkbuf_0_clk/A (sky130_fd_sc_hd__clkbuf_16)
     2    0.02    0.04    0.11   10.11 ^ clkbuf_0_clk/X (sky130_fd_sc_hd__clkbuf_16)
                                         clknet_0_clk (net)
                  0.04    0.00   10.11 ^ clkbuf_1_1__f_clk/A (sky130_fd_sc_hd__clkbuf_16)
    11    0.02    0.04    0.12   10.23 ^ clkbuf_1_1__f_clk/X (sky130_fd_sc_hd__clkbuf_16)
                                         clknet_1_1__leaf_clk (net)
                  0.04    0.00   10.23 ^ _134_/CLK (sky130_fd_sc_hd__dfxtp_1)
                         -0.20   10.03   clock uncertainty
                          0.00   10.03   clock reconvergence pessimism
                         -0.11    9.92   library setup time
                                  9.92   data required time
-----------------------------------------------------------------------------
                                  9.92   data required time
                                 -0.87   data arrival time
-----------------------------------------------------------------------------
                                  9.06   slack (MET)



worst slack corner Typical: 8.2431
