
===========================================================================
report_checks -path_delay max (Setup)
============================================================================
======================= Typical Corner ===================================

Startpoint: _134_ (rising edge-triggered flip-flop clocked by clk)
Endpoint: _149_ (rising edge-triggered flip-flop clocked by clk)
Path Group: clk
Path Type: max

Fanout     Cap    Slew   Delay    Time   Description
-----------------------------------------------------------------------------
                          0.00    0.00   clock clk (rise edge)
                          0.00    0.00   clock source latency
     1    0.01    0.00    0.00    0.00 ^ clk (in)
                                         clk (net)
                  0.00    0.00    0.00 ^ clkbuf_0_clk/A (sky130_fd_sc_hd__clkbuf_16)
     2    0.02    0.04    0.11    0.11 ^ clkbuf_0_clk/X (sky130_fd_sc_hd__clkbuf_16)
                                         clknet_0_clk (net)
                  0.04    0.00    0.11 ^ clkbuf_1_1__f_clk/A (sky130_fd_sc_hd__clkbuf_16)
    11    0.02    0.04    0.12    0.23 ^ clkbuf_1_1__f_clk/X (sky130_fd_sc_hd__clkbuf_16)
                                         clknet_1_1__leaf_clk (net)
                  0.04    0.00    0.23 ^ _134_/CLK (sky130_fd_sc_hd__dfxtp_1)
     3    0.01    0.05    0.31    0.54 v _134_/Q (sky130_fd_sc_hd__dfxtp_1)
                                         div_cntr[2] (net)
                  0.05    0.00    0.54 v _087_/C (sky130_fd_sc_hd__and4_1)
     1    0.00    0.03    0.18    0.72 v _087_/X (sky130_fd_sc_hd__and4_1)
                                         _053_ (net)
                  0.03    0.00    0.72 v _088_/A (sky130_fd_sc_hd__buf_2)
     7    0.01    0.05    0.14    0.86 v _088_/X (sky130_fd_sc_hd__buf_2)
                                         _054_ (net)
                  0.05    0.00    0.86 v _118_/A (sky130_fd_sc_hd__and4_2)
     5    0.01    0.07    0.21    1.06 v _118_/X (sky130_fd_sc_hd__and4_2)
                                         _037_ (net)
                  0.07    0.00    1.06 v _122_/A2 (sky130_fd_sc_hd__a21o_1)
     1    0.00    0.03    0.17    1.23 v _122_/X (sky130_fd_sc_hd__a21o_1)
                                         _039_ (net)
                  0.03    0.00    1.23 v _123_/B (sky130_fd_sc_hd__and2_1)
     1    0.00    0.03    0.14    1.37 v _123_/X (sky130_fd_sc_hd__and2_1)
                                         _040_ (net)
                  0.03    0.00    1.37 v _124_/A (sky130_fd_sc_hd__buf_1)
     1    0.00    0.02    0.08    1.45 v _124_/X (sky130_fd_sc_hd__buf_1)
                                         _012_ (net)
                  0.02    0.00    1.45 v _149_/D (sky130_fd_sc_hd__dfxtp_1)
                                  1.45   data arrival time

                         10.00   10.00   clock clk (rise edge)
                          0.00   10.00   clock source latency
     1    0.01    0.00    0.00   10.00 ^ clk (in)
                                         clk (net)
                  0.00    0.00   10.00 ^ clkbuf_0_clk/A (sky130_fd_sc_hd__clkbuf_16)
     2    0.02    0.04    0.11   10.11 ^ clkbuf_0_clk/X (sky130_fd_sc_hd__clkbuf_16)
                                         clknet_0_clk (net)
                  0.04    0.00   10.11 ^ clkbuf_1_0__f_clk/A (sky130_fd_sc_hd__clkbuf_16)
    10    0.02    0.04    0.12   10.23 ^ clkbuf_1_0__f_clk/X (sky130_fd_sc_hd__clkbuf_16)
                                         clknet_1_0__leaf_clk (net)
                  0.04    0.00   10.23 ^ _149_/CLK (sky130_fd_sc_hd__dfxtp_1)
                         -0.20   10.03   clock uncertainty
                          0.00   10.03   clock reconvergence pessimism
                         -0.10    9.93   library setup time
                                  9.93   data required time
-----------------------------------------------------------------------------
                                  9.93   data required time
                                 -1.45   data arrival time
-----------------------------------------------------------------------------
                                  8.48   slack (MET)


Startpoint: _134_ (rising edge-triggered flip-flop clocked by clk)
Endpoint: _151_ (rising edge-triggered flip-flop clocked by clk)
Path Group: clk
Path Type: max

Fanout     Cap    Slew   Delay    Time   Description
-----------------------------------------------------------------------------
                          0.00    0.00   clock clk (rise edge)
                          0.00    0.00   clock source latency
     1    0.01    0.00    0.00    0.00 ^ clk (in)
                                         clk (net)
                  0.00    0.00    0.00 ^ clkbuf_0_clk/A (sky130_fd_sc_hd__clkbuf_16)
     2    0.02    0.04    0.11    0.11 ^ clkbuf_0_clk/X (sky130_fd_sc_hd__clkbuf_16)
                                         clknet_0_clk (net)
                  0.04    0.00    0.11 ^ clkbuf_1_1__f_clk/A (sky130_fd_sc_hd__clkbuf_16)
    11    0.02    0.04    0.12    0.23 ^ clkbuf_1_1__f_clk/X (sky130_fd_sc_hd__clkbuf_16)
                                         clknet_1_1__leaf_clk (net)
                  0.04    0.00    0.23 ^ _134_/CLK (sky130_fd_sc_hd__dfxtp_1)
     3    0.01    0.09    0.34    0.57 ^ _134_/Q (sky130_fd_sc_hd__dfxtp_1)
                                         div_cntr[2] (net)
                  0.09    0.00    0.57 ^ _087_/C (sky130_fd_sc_hd__and4_1)
     1    0.00    0.05    0.18    0.75 ^ _087_/X (sky130_fd_sc_hd__and4_1)
                                         _053_ (net)
                  0.05    0.00    0.75 ^ _088_/A (sky130_fd_sc_hd__buf_2)
     7    0.01    0.08    0.13    0.88 ^ _088_/X (sky130_fd_sc_hd__buf_2)
                                         _054_ (net)
                  0.08    0.00    0.88 ^ _118_/A (sky130_fd_sc_hd__and4_2)
     5    0.01    0.11    0.26    1.14 ^ _118_/X (sky130_fd_sc_hd__and4_2)
                                         _037_ (net)
                  0.11    0.00    1.14 ^ _126_/D (sky130_fd_sc_hd__and4_1)
     1    0.00    0.07    0.21    1.35 ^ _126_/X (sky130_fd_sc_hd__and4_1)
                                         _041_ (net)
                  0.07    0.00    1.35 ^ _127_/B (sky130_fd_sc_hd__xor2_1)
     1    0.00    0.09    0.13    1.48 ^ _127_/X (sky130_fd_sc_hd__xor2_1)
                                         _014_ (net)
                  0.09    0.00    1.48 ^ _151_/D (sky130_fd_sc_hd__dfxtp_2)
                                  1.48   data arrival time

                         10.00   10.00   clock clk (rise edge)
                          0.00   10.00   clock source latency
     1    0.01    0.00    0.00   10.00 ^ clk (in)
                                         clk (net)
                  0.00    0.00   10.00 ^ clkbuf_0_clk/A (sky130_fd_sc_hd__clkbuf_16)
     2    0.02    0.04    0.11   10.11 ^ clkbuf_0_clk/X (sky130_fd_sc_hd__clkbuf_16)
                                         clknet_0_clk (net)
                  0.04    0.00   10.11 ^ clkbuf_1_1__f_clk/A (sky130_fd_sc_hd__clkbuf_16)
    11    0.02    0.04    0.12   10.23 ^ clkbuf_1_1__f_clk/X (sky130_fd_sc_hd__clkbuf_16)
                                         clknet_1_1__leaf_clk (net)
                  0.04    0.00   10.23 ^ _151_/CLK (sky130_fd_sc_hd__dfxtp_2)
                         -0.20   10.03   clock uncertainty
                          0.00   10.03   clock reconvergence pessimism
                         -0.07    9.96   library setup time
                                  9.96   data required time
-----------------------------------------------------------------------------
                                  9.96   data required time
                                 -1.48   data arrival time
-----------------------------------------------------------------------------
                                  8.48   slack (MET)


Startpoint: _134_ (rising edge-triggered flip-flop clocked by clk)
Endpoint: _145_ (rising edge-triggered flip-flop clocked by clk)
Path Group: clk
Path Type: max

Fanout     Cap    Slew   Delay    Time   Description
-----------------------------------------------------------------------------
                          0.00    0.00   clock clk (rise edge)
                          0.00    0.00   clock source latency
     1    0.01    0.00    0.00    0.00 ^ clk (in)
                                         clk (net)
                  0.00    0.00    0.00 ^ clkbuf_0_clk/A (sky130_fd_sc_hd__clkbuf_16)
     2    0.02    0.04    0.11    0.11 ^ clkbuf_0_clk/X (sky130_fd_sc_hd__clkbuf_16)
                                         clknet_0_clk (net)
                  0.04    0.00    0.11 ^ clkbuf_1_1__f_clk/A (sky130_fd_sc_hd__clkbuf_16)
    11    0.02    0.04    0.12    0.23 ^ clkbuf_1_1__f_clk/X (sky130_fd_sc_hd__clkbuf_16)
                                         clknet_1_1__leaf_clk (net)
                  0.04    0.00    0.23 ^ _134_/CLK (sky130_fd_sc_hd__dfxtp_1)
     3    0.01    0.09    0.34    0.57 ^ _134_/Q (sky130_fd_sc_hd__dfxtp_1)
                                         div_cntr[2] (net)
                  0.09    0.00    0.57 ^ _087_/C (sky130_fd_sc_hd__and4_1)
     1    0.00    0.05    0.18    0.75 ^ _087_/X (sky130_fd_sc_hd__and4_1)
                                         _053_ (net)
                  0.05    0.00    0.75 ^ _088_/A (sky130_fd_sc_hd__buf_2)
     7    0.01    0.08    0.13    0.88 ^ _088_/X (sky130_fd_sc_hd__buf_2)
                                         _054_ (net)
                  0.08    0.00    0.88 ^ _108_/A (sky130_fd_sc_hd__and3_1)
     5    0.01    0.10    0.19    1.07 ^ _108_/X (sky130_fd_sc_hd__and3_1)
                                         _031_ (net)
                  0.10    0.00    1.07 ^ _113_/C (sky130_fd_sc_hd__and3_1)
     2    0.01    0.08    0.18    1.25 ^ _113_/X (sky130_fd_sc_hd__and3_1)
                                         _034_ (net)
                  0.08    0.00    1.25 ^ _114_/B1_N (sky130_fd_sc_hd__o21ba_1)
     1    0.00    0.03    0.14    1.39 v _114_/X (sky130_fd_sc_hd__o21ba_1)
                                         _008_ (net)
                  0.03    0.00    1.39 v _145_/D (sky130_fd_sc_hd__dfxtp_1)
                                  1.39   data arrival time

                         10.00   10.00   clock clk (rise edge)
                          0.00   10.00   clock source latency
     1    0.01    0.00    0.00   10.00 ^ clk (in)
                                         clk (net)
                  0.00    0.00   10.00 ^ clkbuf_0_clk/A (sky130_fd_sc_hd__clkbuf_16)
     2    0.02    0.04    0.11   10.11 ^ clkbuf_0_clk/X (sky130_fd_sc_hd__clkbuf_16)
                                         clknet_0_clk (net)
                  0.04    0.00   10.11 ^ clkbuf_1_1__f_clk/A (sky130_fd_sc_hd__clkbuf_16)
    11    0.02    0.04    0.12   10.23 ^ clkbuf_1_1__f_clk/X (sky130_fd_sc_hd__clkbuf_16)
                                         clknet_1_1__leaf_clk (net)
                  0.04    0.00   10.23 ^ _145_/CLK (sky130_fd_sc_hd__dfxtp_1)
                         -0.20   10.03   clock uncertainty
                          0.00   10.03   clock reconvergence pessimism
                         -0.10    9.93   library setup time
                                  9.93   data required time
-----------------------------------------------------------------------------
                                  9.93   data required time
                                 -1.39   data arrival time
-----------------------------------------------------------------------------
                                  8.53   slack (MET)


Startpoint: _134_ (rising edge-triggered flip-flop clocked by clk)
Endpoint: _143_ (rising edge-triggered flip-flop clocked by clk)
Path Group: clk
Path Type: max

Fanout     Cap    Slew   Delay    Time   Description
-----------------------------------------------------------------------------
                          0.00    0.00   clock clk (rise edge)
                          0.00    0.00   clock source latency
     1    0.01    0.00    0.00    0.00 ^ clk (in)
                                         clk (net)
                  0.00    0.00    0.00 ^ clkbuf_0_clk/A (sky130_fd_sc_hd__clkbuf_16)
     2    0.02    0.04    0.11    0.11 ^ clkbuf_0_clk/X (sky130_fd_sc_hd__clkbuf_16)
                                         clknet_0_clk (net)
                  0.04    0.00    0.11 ^ clkbuf_1_1__f_clk/A (sky130_fd_sc_hd__clkbuf_16)
    11    0.02    0.04    0.12    0.23 ^ clkbuf_1_1__f_clk/X (sky130_fd_sc_hd__clkbuf_16)
                                         clknet_1_1__leaf_clk (net)
                  0.04    0.00    0.23 ^ _134_/CLK (sky130_fd_sc_hd__dfxtp_1)
     3    0.01    0.05    0.31    0.54 v _134_/Q (sky130_fd_sc_hd__dfxtp_1)
                                         div_cntr[2] (net)
                  0.05    0.00    0.54 v _087_/C (sky130_fd_sc_hd__and4_1)
     1    0.00    0.03    0.18    0.72 v _087_/X (sky130_fd_sc_hd__and4_1)
                                         _053_ (net)
                  0.03    0.00    0.72 v _088_/A (sky130_fd_sc_hd__buf_2)
     7    0.01    0.05    0.14    0.86 v _088_/X (sky130_fd_sc_hd__buf_2)
                                         _054_ (net)
                  0.05    0.00    0.86 v _099_/A (sky130_fd_sc_hd__and2_2)
     5    0.01    0.06    0.19    1.05 v _099_/X (sky130_fd_sc_hd__and2_2)
                                         _061_ (net)
                  0.06    0.00    1.05 v _106_/D (sky130_fd_sc_hd__and4_1)
     1    0.00    0.04    0.19    1.24 v _106_/X (sky130_fd_sc_hd__and4_1)
                                         _029_ (net)
                  0.04    0.00    1.24 v _109_/A2 (sky130_fd_sc_hd__o21ba_1)
     1    0.00    0.03    0.15    1.39 v _109_/X (sky130_fd_sc_hd__o21ba_1)
                                         _006_ (net)
                  0.03    0.00    1.39 v _143_/D (sky130_fd_sc_hd__dfxtp_1)
                                  1.39   data arrival time

                         10.00   10.00   clock clk (rise edge)
                          0.00   10.00   clock source latency
     1    0.01    0.00    0.00   10.00 ^ clk (in)
                                         clk (net)
                  0.00    0.00   10.00 ^ clkbuf_0_clk/A (sky130_fd_sc_hd__clkbuf_16)
     2    0.02    0.04    0.11   10.11 ^ clkbuf_0_clk/X (sky130_fd_sc_hd__clkbuf_16)
                                         clknet_0_clk (net)
                  0.04    0.00   10.11 ^ clkbuf_1_0__f_clk/A (sky130_fd_sc_hd__clkbuf_16)
    10    0.02    0.04    0.12   10.23 ^ clkbuf_1_0__f_clk/X (sky130_fd_sc_hd__clkbuf_16)
                                         clknet_1_0__leaf_clk (net)
                  0.04    0.00   10.23 ^ _143_/CLK (sky130_fd_sc_hd__dfxtp_1)
                         -0.20   10.03   clock uncertainty
                          0.00   10.03   clock reconvergence pessimism
                         -0.10    9.92   library setup time
                                  9.92   data required time
-----------------------------------------------------------------------------
                                  9.92   data required time
                                 -1.39   data arrival time
-----------------------------------------------------------------------------
                                  8.53   slack (MET)


Startpoint: _134_ (rising edge-triggered flip-flop clocked by clk)
Endpoint: _142_ (rising edge-triggered flip-flop clocked by clk)
Path Group: clk
Path Type: max

Fanout     Cap    Slew   Delay    Time   Description
-----------------------------------------------------------------------------
                          0.00    0.00   clock clk (rise edge)
                          0.00    0.00   clock source latency
     1    0.01    0.00    0.00    0.00 ^ clk (in)
                                         clk (net)
                  0.00    0.00    0.00 ^ clkbuf_0_clk/A (sky130_fd_sc_hd__clkbuf_16)
     2    0.02    0.04    0.11    0.11 ^ clkbuf_0_clk/X (sky130_fd_sc_hd__clkbuf_16)
                                         clknet_0_clk (net)
                  0.04    0.00    0.11 ^ clkbuf_1_1__f_clk/A (sky130_fd_sc_hd__clkbuf_16)
    11    0.02    0.04    0.12    0.23 ^ clkbuf_1_1__f_clk/X (sky130_fd_sc_hd__clkbuf_16)
                                         clknet_1_1__leaf_clk (net)
                  0.04    0.00    0.23 ^ _134_/CLK (sky130_fd_sc_hd__dfxtp_1)
     3    0.01    0.05    0.31    0.54 v _134_/Q (sky130_fd_sc_hd__dfxtp_1)
                                         div_cntr[2] (net)
                  0.05    0.00    0.54 v _087_/C (sky130_fd_sc_hd__and4_1)
     1    0.00    0.03    0.18    0.72 v _087_/X (sky130_fd_sc_hd__and4_1)
                                         _053_ (net)
                  0.03    0.00    0.72 v _088_/A (sky130_fd_sc_hd__buf_2)
     7    0.01    0.05    0.14    0.86 v _088_/X (sky130_fd_sc_hd__buf_2)
                                         _054_ (net)
                  0.05    0.00    0.86 v _099_/A (sky130_fd_sc_hd__and2_2)
     5    0.01    0.06    0.19    1.05 v _099_/X (sky130_fd_sc_hd__and2_2)
                                         _061_ (net)
                  0.06    0.00    1.05 v _103_/C (sky130_fd_sc_hd__and3_1)
     2    0.01    0.05    0.20    1.24 v _103_/X (sky130_fd_sc_hd__and3_1)
                                         _028_ (net)
                  0.05    0.00    1.24 v _105_/B (sky130_fd_sc_hd__xor2_1)
     1    0.00    0.04    0.13    1.37 v _105_/X (sky130_fd_sc_hd__xor2_1)
                                         _005_ (net)
                  0.04    0.00    1.37 v _142_/D (sky130_fd_sc_hd__dfxtp_1)
                                  1.37   data arrival time

                         10.00   10.00   clock clk (rise edge)
                          0.00   10.00   clock source latency
     1    0.01    0.00    0.00   10.00 ^ clk (in)
                                         clk (net)
                  0.00    0.00   10.00 ^ clkbuf_0_clk/A (sky130_fd_sc_hd__clkbuf_16)
     2    0.02    0.04    0.11   10.11 ^ clkbuf_0_clk/X (sky130_fd_sc_hd__clkbuf_16)
                                         clknet_0_clk (net)
                  0.04    0.00   10.11 ^ clkbuf_1_0__f_clk/A (sky130_fd_sc_hd__clkbuf_16)
    10    0.02    0.04    0.12   10.23 ^ clkbuf_1_0__f_clk/X (sky130_fd_sc_hd__clkbuf_16)
                                         clknet_1_0__leaf_clk (net)
                  0.04    0.00   10.23 ^ _142_/CLK (sky130_fd_sc_hd__dfxtp_1)
                         -0.20   10.03   clock uncertainty
                          0.00   10.03   clock reconvergence pessimism
                         -0.11    9.92   library setup time
                                  9.92   data required time
-----------------------------------------------------------------------------
                                  9.92   data required time
                                 -1.37   data arrival time
-----------------------------------------------------------------------------
                                  8.55   slack (MET)


Startpoint: _134_ (rising edge-triggered flip-flop clocked by clk)
Endpoint: _147_ (rising edge-triggered flip-flop clocked by clk)
Path Group: clk
Path Type: max

Fanout     Cap    Slew   Delay    Time   Description
-----------------------------------------------------------------------------
                          0.00    0.00   clock clk (rise edge)
                          0.00    0.00   clock source latency
     1    0.01    0.00    0.00    0.00 ^ clk (in)
                                         clk (net)
                  0.00    0.00    0.00 ^ clkbuf_0_clk/A (sky130_fd_sc_hd__clkbuf_16)
     2    0.02    0.04    0.11    0.11 ^ clkbuf_0_clk/X (sky130_fd_sc_hd__clkbuf_16)
                                         clknet_0_clk (net)
                  0.04    0.00    0.11 ^ clkbuf_1_1__f_clk/A (sky130_fd_sc_hd__clkbuf_16)
    11    0.02    0.04    0.12    0.23 ^ clkbuf_1_1__f_clk/X (sky130_fd_sc_hd__clkbuf_16)
                                         clknet_1_1__leaf_clk (net)
                  0.04    0.00    0.23 ^ _134_/CLK (sky130_fd_sc_hd__dfxtp_1)
     3    0.01    0.05    0.31    0.54 v _134_/Q (sky130_fd_sc_hd__dfxtp_1)
                                         div_cntr[2] (net)
                  0.05    0.00    0.54 v _087_/C (sky130_fd_sc_hd__and4_1)
     1    0.00    0.03    0.18    0.72 v _087_/X (sky130_fd_sc_hd__and4_1)
                                         _053_ (net)
                  0.03    0.00    0.72 v _088_/A (sky130_fd_sc_hd__buf_2)
     7    0.01    0.05    0.14    0.86 v _088_/X (sky130_fd_sc_hd__buf_2)
                                         _054_ (net)
                  0.05    0.00    0.86 v _108_/A (sky130_fd_sc_hd__and3_1)
     5    0.01    0.06    0.17    1.02 v _108_/X (sky130_fd_sc_hd__and3_1)
                                         _031_ (net)
                  0.06    0.00    1.02 v _116_/D (sky130_fd_sc_hd__and4_1)
     1    0.00    0.04    0.19    1.22 v _116_/X (sky130_fd_sc_hd__and4_1)
                                         _035_ (net)
                  0.04    0.00    1.22 v _119_/A2 (sky130_fd_sc_hd__o21ba_1)
     1    0.00    0.03    0.15    1.37 v _119_/X (sky130_fd_sc_hd__o21ba_1)
                                         _010_ (net)
                  0.03    0.00    1.37 v _147_/D (sky130_fd_sc_hd__dfxtp_1)
                                  1.37   data arrival time

                         10.00   10.00   clock clk (rise edge)
                          0.00   10.00   clock source latency
     1    0.01    0.00    0.00   10.00 ^ clk (in)
                                         clk (net)
                  0.00    0.00   10.00 ^ clkbuf_0_clk/A (sky130_fd_sc_hd__clkbuf_16)
     2    0.02    0.04    0.11   10.11 ^ clkbuf_0_clk/X (sky130_fd_sc_hd__clkbuf_16)
                                         clknet_0_clk (net)
                  0.04    0.00   10.11 ^ clkbuf_1_1__f_clk/A (sky130_fd_sc_hd__clkbuf_16)
    11    0.02    0.04    0.12   10.23 ^ clkbuf_1_1__f_clk/X (sky130_fd_sc_hd__clkbuf_16)
                                         clknet_1_1__leaf_clk (net)
                  0.04    0.00   10.23 ^ _147_/CLK (sky130_fd_sc_hd__dfxtp_1)
                         -0.20   10.03   clock uncertainty
                          0.00   10.03   clock reconvergence pessimism
                         -0.10    9.93   library setup time
                                  9.93   data required time
-----------------------------------------------------------------------------
                                  9.93   data required time
                                 -1.37   data arrival time
-----------------------------------------------------------------------------
                                  8.56   slack (MET)


Startpoint: _134_ (rising edge-triggered flip-flop clocked by clk)
Endpoint: _139_ (rising edge-triggered flip-flop clocked by clk)
Path Group: clk
Path Type: max

Fanout     Cap    Slew   Delay    Time   Description
-----------------------------------------------------------------------------
                          0.00    0.00   clock clk (rise edge)
                          0.00    0.00   clock source latency
     1    0.01    0.00    0.00    0.00 ^ clk (in)
                                         clk (net)
                  0.00    0.00    0.00 ^ clkbuf_0_clk/A (sky130_fd_sc_hd__clkbuf_16)
     2    0.02    0.04    0.11    0.11 ^ clkbuf_0_clk/X (sky130_fd_sc_hd__clkbuf_16)
                                         clknet_0_clk (net)
                  0.04    0.00    0.11 ^ clkbuf_1_1__f_clk/A (sky130_fd_sc_hd__clkbuf_16)
    11    0.02    0.04    0.12    0.23 ^ clkbuf_1_1__f_clk/X (sky130_fd_sc_hd__clkbuf_16)
                                         clknet_1_1__leaf_clk (net)
                  0.04    0.00    0.23 ^ _134_/CLK (sky130_fd_sc_hd__dfxtp_1)
     3    0.01    0.05    0.31    0.54 v _134_/Q (sky130_fd_sc_hd__dfxtp_1)
                                         div_cntr[2] (net)
                  0.05    0.00    0.54 v _087_/C (sky130_fd_sc_hd__and4_1)
     1    0.00    0.03    0.18    0.72 v _087_/X (sky130_fd_sc_hd__and4_1)
                                         _053_ (net)
                  0.03    0.00    0.72 v _088_/A (sky130_fd_sc_hd__buf_2)
     7    0.01    0.05    0.14    0.86 v _088_/X (sky130_fd_sc_hd__buf_2)
                                         _054_ (net)
                  0.05    0.00    0.86 v _093_/C (sky130_fd_sc_hd__and3_1)
     3    0.01    0.06    0.20    1.06 v _093_/X (sky130_fd_sc_hd__and3_1)
                                         _057_ (net)
                  0.06    0.00    1.06 v _097_/B (sky130_fd_sc_hd__and2_1)
     1    0.00    0.03    0.15    1.21 v _097_/X (sky130_fd_sc_hd__and2_1)
                                         _059_ (net)
                  0.03    0.00    1.21 v _100_/A2 (sky130_fd_sc_hd__o21ba_1)
     1    0.00    0.03    0.15    1.36 v _100_/X (sky130_fd_sc_hd__o21ba_1)
                                         _021_ (net)
                  0.03    0.00    1.36 v _139_/D (sky130_fd_sc_hd__dfxtp_1)
                                  1.36   data arrival time

                         10.00   10.00   clock clk (rise edge)
                          0.00   10.00   clock source latency
     1    0.01    0.00    0.00   10.00 ^ clk (in)
                                         clk (net)
                  0.00    0.00   10.00 ^ clkbuf_0_clk/A (sky130_fd_sc_hd__clkbuf_16)
     2    0.02    0.04    0.11   10.11 ^ clkbuf_0_clk/X (sky130_fd_sc_hd__clkbuf_16)
                                         clknet_0_clk (net)
                  0.04    0.00   10.11 ^ clkbuf_1_0__f_clk/A (sky130_fd_sc_hd__clkbuf_16)
    10    0.02    0.04    0.12   10.23 ^ clkbuf_1_0__f_clk/X (sky130_fd_sc_hd__clkbuf_16)
                                         clknet_1_0__leaf_clk (net)
                  0.04    0.00   10.23 ^ _139_/CLK (sky130_fd_sc_hd__dfxtp_1)
                         -0.20   10.03   clock uncertainty
                          0.00   10.03   clock reconvergence pessimism
                         -0.10    9.92   library setup time
                                  9.92   data required time
-----------------------------------------------------------------------------
                                  9.92   data required time
                                 -1.36   data arrival time
-----------------------------------------------------------------------------
                                  8.56   slack (MET)


Startpoint: _134_ (rising edge-triggered flip-flop clocked by clk)
Endpoint: _150_ (rising edge-triggered flip-flop clocked by clk)
Path Group: clk
Path Type: max

Fanout     Cap    Slew   Delay    Time   Description
-----------------------------------------------------------------------------
                          0.00    0.00   clock clk (rise edge)
                          0.00    0.00   clock source latency
     1    0.01    0.00    0.00    0.00 ^ clk (in)
                                         clk (net)
                  0.00    0.00    0.00 ^ clkbuf_0_clk/A (sky130_fd_sc_hd__clkbuf_16)
     2    0.02    0.04    0.11    0.11 ^ clkbuf_0_clk/X (sky130_fd_sc_hd__clkbuf_16)
                                         clknet_0_clk (net)
                  0.04    0.00    0.11 ^ clkbuf_1_1__f_clk/A (sky130_fd_sc_hd__clkbuf_16)
    11    0.02    0.04    0.12    0.23 ^ clkbuf_1_1__f_clk/X (sky130_fd_sc_hd__clkbuf_16)
                                         clknet_1_1__leaf_clk (net)
                  0.04    0.00    0.23 ^ _134_/CLK (sky130_fd_sc_hd__dfxtp_1)
     3    0.01    0.09    0.34    0.57 ^ _134_/Q (sky130_fd_sc_hd__dfxtp_1)
                                         div_cntr[2] (net)
                  0.09    0.00    0.57 ^ _087_/C (sky130_fd_sc_hd__and4_1)
     1    0.00    0.05    0.18    0.75 ^ _087_/X (sky130_fd_sc_hd__and4_1)
                                         _053_ (net)
                  0.05    0.00    0.75 ^ _088_/A (sky130_fd_sc_hd__buf_2)
     7    0.01    0.08    0.13    0.88 ^ _088_/X (sky130_fd_sc_hd__buf_2)
                                         _054_ (net)
                  0.08    0.00    0.88 ^ _118_/A (sky130_fd_sc_hd__and4_2)
     5    0.01    0.11    0.26    1.14 ^ _118_/X (sky130_fd_sc_hd__and4_2)
                                         _037_ (net)
                  0.11    0.00    1.14 ^ _121_/C (sky130_fd_sc_hd__nand3_2)
     2    0.01    0.07    0.09    1.23 v _121_/Y (sky130_fd_sc_hd__nand3_2)
                                         _038_ (net)
                  0.07    0.00    1.23 v _125_/B (sky130_fd_sc_hd__xnor2_1)
     1    0.00    0.04    0.12    1.35 v _125_/Y (sky130_fd_sc_hd__xnor2_1)
                                         _013_ (net)
                  0.04    0.00    1.35 v _150_/D (sky130_fd_sc_hd__dfxtp_1)
                                  1.35   data arrival time

                         10.00   10.00   clock clk (rise edge)
                          0.00   10.00   clock source latency
     1    0.01    0.00    0.00   10.00 ^ clk (in)
                                         clk (net)
                  0.00    0.00   10.00 ^ clkbuf_0_clk/A (sky130_fd_sc_hd__clkbuf_16)
     2    0.02    0.04    0.11   10.11 ^ clkbuf_0_clk/X (sky130_fd_sc_hd__clkbuf_16)
                                         clknet_0_clk (net)
                  0.04    0.00   10.11 ^ clkbuf_1_1__f_clk/A (sky130_fd_sc_hd__clkbuf_16)
    11    0.02    0.04    0.12   10.23 ^ clkbuf_1_1__f_clk/X (sky130_fd_sc_hd__clkbuf_16)
                                         clknet_1_1__leaf_clk (net)
                  0.04    0.00   10.23 ^ _150_/CLK (sky130_fd_sc_hd__dfxtp_1)
                         -0.20   10.03   clock uncertainty
                          0.00   10.03   clock reconvergence pessimism
                         -0.11    9.92   library setup time
                                  9.92   data required time
-----------------------------------------------------------------------------
                                  9.92   data required time
                                 -1.35   data arrival time
-----------------------------------------------------------------------------
                                  8.57   slack (MET)


Startpoint: _134_ (rising edge-triggered flip-flop clocked by clk)
Endpoint: _146_ (rising edge-triggered flip-flop clocked by clk)
Path Group: clk
Path Type: max

Fanout     Cap    Slew   Delay    Time   Description
-----------------------------------------------------------------------------
                          0.00    0.00   clock clk (rise edge)
                          0.00    0.00   clock source latency
     1    0.01    0.00    0.00    0.00 ^ clk (in)
                                         clk (net)
                  0.00    0.00    0.00 ^ clkbuf_0_clk/A (sky130_fd_sc_hd__clkbuf_16)
     2    0.02    0.04    0.11    0.11 ^ clkbuf_0_clk/X (sky130_fd_sc_hd__clkbuf_16)
                                         clknet_0_clk (net)
                  0.04    0.00    0.11 ^ clkbuf_1_1__f_clk/A (sky130_fd_sc_hd__clkbuf_16)
    11    0.02    0.04    0.12    0.23 ^ clkbuf_1_1__f_clk/X (sky130_fd_sc_hd__clkbuf_16)
                                         clknet_1_1__leaf_clk (net)
                  0.04    0.00    0.23 ^ _134_/CLK (sky130_fd_sc_hd__dfxtp_1)
     3    0.01    0.05    0.31    0.54 v _134_/Q (sky130_fd_sc_hd__dfxtp_1)
                                         div_cntr[2] (net)
                  0.05    0.00    0.54 v _087_/C (sky130_fd_sc_hd__and4_1)
     1    0.00    0.03    0.18    0.72 v _087_/X (sky130_fd_sc_hd__and4_1)
                                         _053_ (net)
                  0.03    0.00    0.72 v _088_/A (sky130_fd_sc_hd__buf_2)
     7    0.01    0.05    0.14    0.86 v _088_/X (sky130_fd_sc_hd__buf_2)
                                         _054_ (net)
                  0.05    0.00    0.86 v _108_/A (sky130_fd_sc_hd__and3_1)
     5    0.01    0.06    0.17    1.02 v _108_/X (sky130_fd_sc_hd__and3_1)
                                         _031_ (net)
                  0.06    0.00    1.02 v _113_/C (sky130_fd_sc_hd__and3_1)
     2    0.01    0.05    0.19    1.22 v _113_/X (sky130_fd_sc_hd__and3_1)
                                         _034_ (net)
                  0.05    0.00    1.22 v _115_/B (sky130_fd_sc_hd__xor2_1)
     1    0.00    0.04    0.13    1.35 v _115_/X (sky130_fd_sc_hd__xor2_1)
                                         _009_ (net)
                  0.04    0.00    1.35 v _146_/D (sky130_fd_sc_hd__dfxtp_1)
                                  1.35   data arrival time

                         10.00   10.00   clock clk (rise edge)
                          0.00   10.00   clock source latency
     1    0.01    0.00    0.00   10.00 ^ clk (in)
                                         clk (net)
                  0.00    0.00   10.00 ^ clkbuf_0_clk/A (sky130_fd_sc_hd__clkbuf_16)
     2    0.02    0.04    0.11   10.11 ^ clkbuf_0_clk/X (sky130_fd_sc_hd__clkbuf_16)
                                         clknet_0_clk (net)
                  0.04    0.00   10.11 ^ clkbuf_1_1__f_clk/A (sky130_fd_sc_hd__clkbuf_16)
    11    0.02    0.04    0.12   10.23 ^ clkbuf_1_1__f_clk/X (sky130_fd_sc_hd__clkbuf_16)
                                         clknet_1_1__leaf_clk (net)
                  0.04    0.00   10.23 ^ _146_/CLK (sky130_fd_sc_hd__dfxtp_1)
                         -0.20   10.03   clock uncertainty
                          0.00   10.03   clock reconvergence pessimism
                         -0.11    9.92   library setup time
                                  9.92   data required time
-----------------------------------------------------------------------------
                                  9.92   data required time
                                 -1.35   data arrival time
-----------------------------------------------------------------------------
                                  8.58   slack (MET)


Startpoint: _134_ (rising edge-triggered flip-flop clocked by clk)
Endpoint: _141_ (rising edge-triggered flip-flop clocked by clk)
Path Group: clk
Path Type: max

Fanout     Cap    Slew   Delay    Time   Description
-----------------------------------------------------------------------------
                          0.00    0.00   clock clk (rise edge)
                          0.00    0.00   clock source latency
     1    0.01    0.00    0.00    0.00 ^ clk (in)
                                         clk (net)
                  0.00    0.00    0.00 ^ clkbuf_0_clk/A (sky130_fd_sc_hd__clkbuf_16)
     2    0.02    0.04    0.11    0.11 ^ clkbuf_0_clk/X (sky130_fd_sc_hd__clkbuf_16)
                                         clknet_0_clk (net)
                  0.04    0.00    0.11 ^ clkbuf_1_1__f_clk/A (sky130_fd_sc_hd__clkbuf_16)
    11    0.02    0.04    0.12    0.23 ^ clkbuf_1_1__f_clk/X (sky130_fd_sc_hd__clkbuf_16)
                                         clknet_1_1__leaf_clk (net)
                  0.04    0.00    0.23 ^ _134_/CLK (sky130_fd_sc_hd__dfxtp_1)
     3    0.01    0.09    0.34    0.57 ^ _134_/Q (sky130_fd_sc_hd__dfxtp_1)
                                         div_cntr[2] (net)
                  0.09    0.00    0.57 ^ _087_/C (sky130_fd_sc_hd__and4_1)
     1    0.00    0.05    0.18    0.75 ^ _087_/X (sky130_fd_sc_hd__and4_1)
                                         _053_ (net)
                  0.05    0.00    0.75 ^ _088_/A (sky130_fd_sc_hd__buf_2)
     7    0.01    0.08    0.13    0.88 ^ _088_/X (sky130_fd_sc_hd__buf_2)
                                         _054_ (net)
                  0.08    0.00    0.88 ^ _099_/A (sky130_fd_sc_hd__and2_2)
     5    0.01    0.08    0.17    1.05 ^ _099_/X (sky130_fd_sc_hd__and2_2)
                                         _061_ (net)
                  0.08    0.00    1.05 ^ _103_/C (sky130_fd_sc_hd__and3_1)
     2    0.01    0.09    0.19    1.24 ^ _103_/X (sky130_fd_sc_hd__and3_1)
                                         _028_ (net)
                  0.09    0.00    1.24 ^ _104_/B (sky130_fd_sc_hd__nor2_1)
     1    0.00    0.03    0.04    1.28 v _104_/Y (sky130_fd_sc_hd__nor2_1)
                                         _023_ (net)
                  0.03    0.00    1.28 v _141_/D (sky130_fd_sc_hd__dfxtp_1)
                                  1.28   data arrival time

                         10.00   10.00   clock clk (rise edge)
                          0.00   10.00   clock source latency
     1    0.01    0.00    0.00   10.00 ^ clk (in)
                                         clk (net)
                  0.00    0.00   10.00 ^ clkbuf_0_clk/A (sky130_fd_sc_hd__clkbuf_16)
     2    0.02    0.04    0.11   10.11 ^ clkbuf_0_clk/X (sky130_fd_sc_hd__clkbuf_16)
                                         clknet_0_clk (net)
                  0.04    0.00   10.11 ^ clkbuf_1_1__f_clk/A (sky130_fd_sc_hd__clkbuf_16)
    11    0.02    0.04    0.12   10.23 ^ clkbuf_1_1__f_clk/X (sky130_fd_sc_hd__clkbuf_16)
                                         clknet_1_1__leaf_clk (net)
                  0.04    0.00   10.23 ^ _141_/CLK (sky130_fd_sc_hd__dfxtp_1)
                         -0.20   10.03   clock uncertainty
                          0.00   10.03   clock reconvergence pessimism
                         -0.10    9.93   library setup time
                                  9.93   data required time
-----------------------------------------------------------------------------
                                  9.93   data required time
                                 -1.28   data arrival time
-----------------------------------------------------------------------------
                                  8.65   slack (MET)


Startpoint: _134_ (rising edge-triggered flip-flop clocked by clk)
Endpoint: _144_ (rising edge-triggered flip-flop clocked by clk)
Path Group: clk
Path Type: max

Fanout     Cap    Slew   Delay    Time   Description
-----------------------------------------------------------------------------
                          0.00    0.00   clock clk (rise edge)
                          0.00    0.00   clock source latency
     1    0.01    0.00    0.00    0.00 ^ clk (in)
                                         clk (net)
                  0.00    0.00    0.00 ^ clkbuf_0_clk/A (sky130_fd_sc_hd__clkbuf_16)
     2    0.02    0.04    0.11    0.11 ^ clkbuf_0_clk/X (sky130_fd_sc_hd__clkbuf_16)
                                         clknet_0_clk (net)
                  0.04    0.00    0.11 ^ clkbuf_1_1__f_clk/A (sky130_fd_sc_hd__clkbuf_16)
    11    0.02    0.04    0.12    0.23 ^ clkbuf_1_1__f_clk/X (sky130_fd_sc_hd__clkbuf_16)
                                         clknet_1_1__leaf_clk (net)
                  0.04    0.00    0.23 ^ _134_/CLK (sky130_fd_sc_hd__dfxtp_1)
     3    0.01    0.09    0.34    0.57 ^ _134_/Q (sky130_fd_sc_hd__dfxtp_1)
                                         div_cntr[2] (net)
                  0.09    0.00    0.57 ^ _087_/C (sky130_fd_sc_hd__and4_1)
     1    0.00    0.05    0.18    0.75 ^ _087_/X (sky130_fd_sc_hd__and4_1)
                                         _053_ (net)
                  0.05    0.00    0.75 ^ _088_/A (sky130_fd_sc_hd__buf_2)
     7    0.01    0.08    0.13    0.88 ^ _088_/X (sky130_fd_sc_hd__buf_2)
                                         _054_ (net)
                  0.08    0.00    0.88 ^ _108_/A (sky130_fd_sc_hd__and3_1)
     5    0.01    0.10    0.19    1.07 ^ _108_/X (sky130_fd_sc_hd__and3_1)
                                         _031_ (net)
                  0.10    0.00    1.07 ^ _110_/B (sky130_fd_sc_hd__and2_1)
     2    0.01    0.07    0.15    1.22 ^ _110_/X (sky130_fd_sc_hd__and2_1)
                                         _032_ (net)
                  0.07    0.00    1.22 ^ _112_/A (sky130_fd_sc_hd__nor2_1)
     1    0.00    0.03    0.04    1.26 v _112_/Y (sky130_fd_sc_hd__nor2_1)
                                         _007_ (net)
                  0.03    0.00    1.26 v _144_/D (sky130_fd_sc_hd__dfxtp_1)
                                  1.26   data arrival time

                         10.00   10.00   clock clk (rise edge)
                          0.00   10.00   clock source latency
     1    0.01    0.00    0.00   10.00 ^ clk (in)
                                         clk (net)
                  0.00    0.00   10.00 ^ clkbuf_0_clk/A (sky130_fd_sc_hd__clkbuf_16)
     2    0.02    0.04    0.11   10.11 ^ clkbuf_0_clk/X (sky130_fd_sc_hd__clkbuf_16)
                                         clknet_0_clk (net)
                  0.04    0.00   10.11 ^ clkbuf_1_1__f_clk/A (sky130_fd_sc_hd__clkbuf_16)
    11    0.02    0.04    0.12   10.23 ^ clkbuf_1_1__f_clk/X (sky130_fd_sc_hd__clkbuf_16)
                                         clknet_1_1__leaf_clk (net)
                  0.04    0.00   10.23 ^ _144_/CLK (sky130_fd_sc_hd__dfxtp_1)
                         -0.20   10.03   clock uncertainty
                          0.00   10.03   clock reconvergence pessimism
                         -0.10    9.93   library setup time
                                  9.93   data required time
-----------------------------------------------------------------------------
                                  9.93   data required time
                                 -1.26   data arrival time
-----------------------------------------------------------------------------
                                  8.67   slack (MET)


Startpoint: _134_ (rising edge-triggered flip-flop clocked by clk)
Endpoint: _148_ (rising edge-triggered flip-flop clocked by clk)
Path Group: clk
Path Type: max

Fanout     Cap    Slew   Delay    Time   Description
-----------------------------------------------------------------------------
                          0.00    0.00   clock clk (rise edge)
                          0.00    0.00   clock source latency
     1    0.01    0.00    0.00    0.00 ^ clk (in)
                                         clk (net)
                  0.00    0.00    0.00 ^ clkbuf_0_clk/A (sky130_fd_sc_hd__clkbuf_16)
     2    0.02    0.04    0.11    0.11 ^ clkbuf_0_clk/X (sky130_fd_sc_hd__clkbuf_16)
                                         clknet_0_clk (net)
                  0.04    0.00    0.11 ^ clkbuf_1_1__f_clk/A (sky130_fd_sc_hd__clkbuf_16)
    11    0.02    0.04    0.12    0.23 ^ clkbuf_1_1__f_clk/X (sky130_fd_sc_hd__clkbuf_16)
                                         clknet_1_1__leaf_clk (net)
                  0.04    0.00    0.23 ^ _134_/CLK (sky130_fd_sc_hd__dfxtp_1)
     3    0.01    0.09    0.34    0.57 ^ _134_/Q (sky130_fd_sc_hd__dfxtp_1)
                                         div_cntr[2] (net)
                  0.09    0.00    0.57 ^ _087_/C (sky130_fd_sc_hd__and4_1)
     1    0.00    0.05    0.18    0.75 ^ _087_/X (sky130_fd_sc_hd__and4_1)
                                         _053_ (net)
                  0.05    0.00    0.75 ^ _088_/A (sky130_fd_sc_hd__buf_2)
     7    0.01    0.08    0.13    0.88 ^ _088_/X (sky130_fd_sc_hd__buf_2)
                                         _054_ (net)
                  0.08    0.00    0.88 ^ _118_/A (sky130_fd_sc_hd__and4_2)
     5    0.01    0.11    0.26    1.14 ^ _118_/X (sky130_fd_sc_hd__and4_2)
                                         _037_ (net)
                  0.11    0.00    1.14 ^ _120_/B (sky130_fd_sc_hd__xor2_1)
     1    0.00    0.09    0.13    1.27 ^ _120_/X (sky130_fd_sc_hd__xor2_1)
                                         _011_ (net)
                  0.09    0.00    1.27 ^ _148_/D (sky130_fd_sc_hd__dfxtp_1)
                                  1.27   data arrival time

                         10.00   10.00   clock clk (rise edge)
                          0.00   10.00   clock source latency
     1    0.01    0.00    0.00   10.00 ^ clk (in)
                                         clk (net)
                  0.00    0.00   10.00 ^ clkbuf_0_clk/A (sky130_fd_sc_hd__clkbuf_16)
     2    0.02    0.04    0.11   10.11 ^ clkbuf_0_clk/X (sky130_fd_sc_hd__clkbuf_16)
                                         clknet_0_clk (net)
                  0.04    0.00   10.11 ^ clkbuf_1_0__f_clk/A (sky130_fd_sc_hd__clkbuf_16)
    10    0.02    0.04    0.12   10.23 ^ clkbuf_1_0__f_clk/X (sky130_fd_sc_hd__clkbuf_16)
                                         clknet_1_0__leaf_clk (net)
                  0.04    0.00   10.23 ^ _148_/CLK (sky130_fd_sc_hd__dfxtp_1)
                         -0.20   10.03   clock uncertainty
                          0.00   10.03   clock reconvergence pessimism
                         -0.07    9.96   library setup time
                                  9.96   data required time
-----------------------------------------------------------------------------
                                  9.96   data required time
                                 -1.27   data arrival time
-----------------------------------------------------------------------------
                                  8.69   slack (MET)


Startpoint: _134_ (rising edge-triggered flip-flop clocked by clk)
Endpoint: _138_ (rising edge-triggered flip-flop clocked by clk)
Path Group: clk
Path Type: max

Fanout     Cap    Slew   Delay    Time   Description
-----------------------------------------------------------------------------
                          0.00    0.00   clock clk (rise edge)
                          0.00    0.00   clock source latency
     1    0.01    0.00    0.00    0.00 ^ clk (in)
                                         clk (net)
                  0.00    0.00    0.00 ^ clkbuf_0_clk/A (sky130_fd_sc_hd__clkbuf_16)
     2    0.02    0.04    0.11    0.11 ^ clkbuf_0_clk/X (sky130_fd_sc_hd__clkbuf_16)
                                         clknet_0_clk (net)
                  0.04    0.00    0.11 ^ clkbuf_1_1__f_clk/A (sky130_fd_sc_hd__clkbuf_16)
    11    0.02    0.04    0.12    0.23 ^ clkbuf_1_1__f_clk/X (sky130_fd_sc_hd__clkbuf_16)
                                         clknet_1_1__leaf_clk (net)
                  0.04    0.00    0.23 ^ _134_/CLK (sky130_fd_sc_hd__dfxtp_1)
     3    0.01    0.05    0.31    0.54 v _134_/Q (sky130_fd_sc_hd__dfxtp_1)
                                         div_cntr[2] (net)
                  0.05    0.00    0.54 v _087_/C (sky130_fd_sc_hd__and4_1)
     1    0.00    0.03    0.18    0.72 v _087_/X (sky130_fd_sc_hd__and4_1)
                                         _053_ (net)
                  0.03    0.00    0.72 v _088_/A (sky130_fd_sc_hd__buf_2)
     7    0.01    0.05    0.14    0.86 v _088_/X (sky130_fd_sc_hd__buf_2)
                                         _054_ (net)
                  0.05    0.00    0.86 v _093_/C (sky130_fd_sc_hd__and3_1)
     3    0.01    0.06    0.20    1.06 v _093_/X (sky130_fd_sc_hd__and3_1)
                                         _057_ (net)
                  0.06    0.00    1.06 v _096_/B (sky130_fd_sc_hd__xor2_1)
     1    0.00    0.04    0.13    1.19 v _096_/X (sky130_fd_sc_hd__xor2_1)
                                         _020_ (net)
                  0.04    0.00    1.19 v _138_/D (sky130_fd_sc_hd__dfxtp_1)
                                  1.19   data arrival time

                         10.00   10.00   clock clk (rise edge)
                          0.00   10.00   clock source latency
     1    0.01    0.00    0.00   10.00 ^ clk (in)
                                         clk (net)
                  0.00    0.00   10.00 ^ clkbuf_0_clk/A (sky130_fd_sc_hd__clkbuf_16)
     2    0.02    0.04    0.11   10.11 ^ clkbuf_0_clk/X (sky130_fd_sc_hd__clkbuf_16)
                                         clknet_0_clk (net)
                  0.04    0.00   10.11 ^ clkbuf_1_1__f_clk/A (sky130_fd_sc_hd__clkbuf_16)
    11    0.02    0.04    0.12   10.23 ^ clkbuf_1_1__f_clk/X (sky130_fd_sc_hd__clkbuf_16)
                                         clknet_1_1__leaf_clk (net)
                  0.04    0.00   10.23 ^ _138_/CLK (sky130_fd_sc_hd__dfxtp_1)
                         -0.20   10.03   clock uncertainty
                          0.00   10.03   clock reconvergence pessimism
                         -0.11    9.92   library setup time
                                  9.92   data required time
-----------------------------------------------------------------------------
                                  9.92   data required time
                                 -1.19   data arrival time
-----------------------------------------------------------------------------
                                  8.73   slack (MET)


Startpoint: _134_ (rising edge-triggered flip-flop clocked by clk)
Endpoint: _140_ (rising edge-triggered flip-flop clocked by clk)
Path Group: clk
Path Type: max

Fanout     Cap    Slew   Delay    Time   Description
-----------------------------------------------------------------------------
                          0.00    0.00   clock clk (rise edge)
                          0.00    0.00   clock source latency
     1    0.01    0.00    0.00    0.00 ^ clk (in)
                                         clk (net)
                  0.00    0.00    0.00 ^ clkbuf_0_clk/A (sky130_fd_sc_hd__clkbuf_16)
     2    0.02    0.04    0.11    0.11 ^ clkbuf_0_clk/X (sky130_fd_sc_hd__clkbuf_16)
                                         clknet_0_clk (net)
                  0.04    0.00    0.11 ^ clkbuf_1_1__f_clk/A (sky130_fd_sc_hd__clkbuf_16)
    11    0.02    0.04    0.12    0.23 ^ clkbuf_1_1__f_clk/X (sky130_fd_sc_hd__clkbuf_16)
                                         clknet_1_1__leaf_clk (net)
                  0.04    0.00    0.23 ^ _134_/CLK (sky130_fd_sc_hd__dfxtp_1)
     3    0.01    0.05    0.31    0.54 v _134_/Q (sky130_fd_sc_hd__dfxtp_1)
                                         div_cntr[2] (net)
                  0.05    0.00    0.54 v _087_/C (sky130_fd_sc_hd__and4_1)
     1    0.00    0.03    0.18    0.72 v _087_/X (sky130_fd_sc_hd__and4_1)
                                         _053_ (net)
                  0.03    0.00    0.72 v _088_/A (sky130_fd_sc_hd__buf_2)
     7    0.01    0.05    0.14    0.86 v _088_/X (sky130_fd_sc_hd__buf_2)
                                         _054_ (net)
                  0.05    0.00    0.86 v _099_/A (sky130_fd_sc_hd__and2_2)
     5    0.01    0.06    0.19    1.05 v _099_/X (sky130_fd_sc_hd__and2_2)
                                         _061_ (net)
                  0.06    0.00    1.05 v _101_/B (sky130_fd_sc_hd__xor2_1)
     1    0.00    0.04    0.13    1.18 v _101_/X (sky130_fd_sc_hd__xor2_1)
                                         _022_ (net)
                  0.04    0.00    1.18 v _140_/D (sky130_fd_sc_hd__dfxtp_1)
                                  1.18   data arrival time

                         10.00   10.00   clock clk (rise edge)
                          0.00   10.00   clock source latency
     1    0.01    0.00    0.00   10.00 ^ clk (in)
                                         clk (net)
                  0.00    0.00   10.00 ^ clkbuf_0_clk/A (sky130_fd_sc_hd__clkbuf_16)
     2    0.02    0.04    0.11   10.11 ^ clkbuf_0_clk/X (sky130_fd_sc_hd__clkbuf_16)
                                         clknet_0_clk (net)
                  0.04    0.00   10.11 ^ clkbuf_1_0__f_clk/A (sky130_fd_sc_hd__clkbuf_16)
    10    0.02    0.04    0.12   10.23 ^ clkbuf_1_0__f_clk/X (sky130_fd_sc_hd__clkbuf_16)
                                         clknet_1_0__leaf_clk (net)
                  0.04    0.00   10.23 ^ _140_/CLK (sky130_fd_sc_hd__dfxtp_1)
                         -0.20   10.03   clock uncertainty
                          0.00   10.03   clock reconvergence pessimism
                         -0.11    9.92   library setup time
                                  9.92   data required time
-----------------------------------------------------------------------------
                                  9.92   data required time
                                 -1.18   data arrival time
-----------------------------------------------------------------------------
                                  8.74   slack (MET)


Startpoint: _132_ (rising edge-triggered flip-flop clocked by clk)
Endpoint: _132_ (rising edge-triggered flip-flop clocked by clk)
Path Group: clk
Path Type: max

Fanout     Cap    Slew   Delay    Time   Description
-----------------------------------------------------------------------------
                          0.00    0.00   clock clk (rise edge)
                          0.00    0.00   clock source latency
     1    0.01    0.00    0.00    0.00 ^ clk (in)
                                         clk (net)
                  0.00    0.00    0.00 ^ clkbuf_0_clk/A (sky130_fd_sc_hd__clkbuf_16)
     2    0.02    0.04    0.11    0.11 ^ clkbuf_0_clk/X (sky130_fd_sc_hd__clkbuf_16)
                                         clknet_0_clk (net)
                  0.04    0.00    0.11 ^ clkbuf_1_0__f_clk/A (sky130_fd_sc_hd__clkbuf_16)
    10    0.02    0.04    0.12    0.23 ^ clkbuf_1_0__f_clk/X (sky130_fd_sc_hd__clkbuf_16)
                                         clknet_1_0__leaf_clk (net)
                  0.04    0.00    0.23 ^ _132_/CLK (sky130_fd_sc_hd__dfxtp_2)
     5    0.01    0.06    0.33    0.56 ^ _132_/Q (sky130_fd_sc_hd__dfxtp_2)
                                         div_cntr[0] (net)
                  0.06    0.00    0.56 ^ hold1/A (sky130_fd_sc_hd__dlygate4sd3_1)
     1    0.00    0.07    0.56    1.11 ^ hold1/X (sky130_fd_sc_hd__dlygate4sd3_1)
                                         net17 (net)
                  0.07    0.00    1.11 ^ _081_/A (sky130_fd_sc_hd__inv_2)
     1    0.00    0.02    0.03    1.14 v _081_/Y (sky130_fd_sc_hd__inv_2)
                                         _004_ (net)
                  0.02    0.00    1.14 v _132_/D (sky130_fd_sc_hd__dfxtp_2)
                                  1.14   data arrival time

                         10.00   10.00   clock clk (rise edge)
                          0.00   10.00   clock source latency
     1    0.01    0.00    0.00   10.00 ^ clk (in)
                                         clk (net)
                  0.00    0.00   10.00 ^ clkbuf_0_clk/A (sky130_fd_sc_hd__clkbuf_16)
     2    0.02    0.04    0.11   10.11 ^ clkbuf_0_clk/X (sky130_fd_sc_hd__clkbuf_16)
                                         clknet_0_clk (net)
                  0.04    0.00   10.11 ^ clkbuf_1_0__f_clk/A (sky130_fd_sc_hd__clkbuf_16)
    10    0.02    0.04    0.12   10.23 ^ clkbuf_1_0__f_clk/X (sky130_fd_sc_hd__clkbuf_16)
                                         clknet_1_0__leaf_clk (net)
                  0.04    0.00   10.23 ^ _132_/CLK (sky130_fd_sc_hd__dfxtp_2)
                         -0.20   10.03   clock uncertainty
                          0.00   10.03   clock reconvergence pessimism
                         -0.10    9.93   library setup time
                                  9.93   data required time
-----------------------------------------------------------------------------
                                  9.93   data required time
                                 -1.14   data arrival time
-----------------------------------------------------------------------------
                                  8.79   slack (MET)


Startpoint: _134_ (rising edge-triggered flip-flop clocked by clk)
Endpoint: _137_ (rising edge-triggered flip-flop clocked by clk)
Path Group: clk
Path Type: max

Fanout     Cap    Slew   Delay    Time   Description
-----------------------------------------------------------------------------
                          0.00    0.00   clock clk (rise edge)
                          0.00    0.00   clock source latency
     1    0.01    0.00    0.00    0.00 ^ clk (in)
                                         clk (net)
                  0.00    0.00    0.00 ^ clkbuf_0_clk/A (sky130_fd_sc_hd__clkbuf_16)
     2    0.02    0.04    0.11    0.11 ^ clkbuf_0_clk/X (sky130_fd_sc_hd__clkbuf_16)
                                         clknet_0_clk (net)
                  0.04    0.00    0.11 ^ clkbuf_1_1__f_clk/A (sky130_fd_sc_hd__clkbuf_16)
    11    0.02    0.04    0.12    0.23 ^ clkbuf_1_1__f_clk/X (sky130_fd_sc_hd__clkbuf_16)
                                         clknet_1_1__leaf_clk (net)
                  0.04    0.00    0.23 ^ _134_/CLK (sky130_fd_sc_hd__dfxtp_1)
     3    0.01    0.09    0.34    0.57 ^ _134_/Q (sky130_fd_sc_hd__dfxtp_1)
                                         div_cntr[2] (net)
                  0.09    0.00    0.57 ^ _087_/C (sky130_fd_sc_hd__and4_1)
     1    0.00    0.05    0.18    0.75 ^ _087_/X (sky130_fd_sc_hd__and4_1)
                                         _053_ (net)
                  0.05    0.00    0.75 ^ _088_/A (sky130_fd_sc_hd__buf_2)
     7    0.01    0.08    0.13    0.88 ^ _088_/X (sky130_fd_sc_hd__buf_2)
                                         _054_ (net)
                  0.08    0.00    0.88 ^ _093_/C (sky130_fd_sc_hd__and3_1)
     3    0.01    0.10    0.20    1.08 ^ _093_/X (sky130_fd_sc_hd__and3_1)
                                         _057_ (net)
                  0.10    0.00    1.08 ^ _095_/A (sky130_fd_sc_hd__nor2_1)
     1    0.00    0.03    0.05    1.13 v _095_/Y (sky130_fd_sc_hd__nor2_1)
                                         _019_ (net)
                  0.03    0.00    1.13 v _137_/D (sky130_fd_sc_hd__dfxtp_1)
                                  1.13   data arrival time

                         10.00   10.00   clock clk (rise edge)
                          0.00   10.00   clock source latency
     1    0.01    0.00    0.00   10.00 ^ clk (in)
                                         clk (net)
                  0.00    0.00   10.00 ^ clkbuf_0_clk/A (sky130_fd_sc_hd__clkbuf_16)
     2    0.02    0.04    0.11   10.11 ^ clkbuf_0_clk/X (sky130_fd_sc_hd__clkbuf_16)
                                         clknet_0_clk (net)
                  0.04    0.00   10.11 ^ clkbuf_1_1__f_clk/A (sky130_fd_sc_hd__clkbuf_16)
    11    0.02    0.04    0.12   10.23 ^ clkbuf_1_1__f_clk/X (sky130_fd_sc_hd__clkbuf_16)
                                         clknet_1_1__leaf_clk (net)
                  0.04    0.00   10.23 ^ _137_/CLK (sky130_fd_sc_hd__dfxtp_1)
                         -0.20   10.03   clock uncertainty
                          0.00   10.03   clock reconvergence pessimism
                         -0.10    9.92   library setup time
                                  9.92   data required time
-----------------------------------------------------------------------------
                                  9.92   data required time
                                 -1.13   data arrival time
-----------------------------------------------------------------------------
                                  8.80   slack (MET)


Startpoint: _134_ (rising edge-triggered flip-flop clocked by clk)
Endpoint: _135_ (rising edge-triggered flip-flop clocked by clk)
Path Group: clk
Path Type: max

Fanout     Cap    Slew   Delay    Time   Description
-----------------------------------------------------------------------------
                          0.00    0.00   clock clk (rise edge)
                          0.00    0.00   clock source latency
     1    0.01    0.00    0.00    0.00 ^ clk (in)
                                         clk (net)
                  0.00    0.00    0.00 ^ clkbuf_0_clk/A (sky130_fd_sc_hd__clkbuf_16)
     2    0.02    0.04    0.11    0.11 ^ clkbuf_0_clk/X (sky130_fd_sc_hd__clkbuf_16)
                                         clknet_0_clk (net)
                  0.04    0.00    0.11 ^ clkbuf_1_1__f_clk/A (sky130_fd_sc_hd__clkbuf_16)
    11    0.02    0.04    0.12    0.23 ^ clkbuf_1_1__f_clk/X (sky130_fd_sc_hd__clkbuf_16)
                                         clknet_1_1__leaf_clk (net)
                  0.04    0.00    0.23 ^ _134_/CLK (sky130_fd_sc_hd__dfxtp_1)
     3    0.01    0.09    0.34    0.57 ^ _134_/Q (sky130_fd_sc_hd__dfxtp_1)
                                         div_cntr[2] (net)
                  0.09    0.00    0.57 ^ _087_/C (sky130_fd_sc_hd__and4_1)
     1    0.00    0.05    0.18    0.75 ^ _087_/X (sky130_fd_sc_hd__and4_1)
                                         _053_ (net)
                  0.05    0.00    0.75 ^ _088_/A (sky130_fd_sc_hd__buf_2)
     7    0.01    0.08    0.13    0.88 ^ _088_/X (sky130_fd_sc_hd__buf_2)
                                         _054_ (net)
                  0.08    0.00    0.88 ^ _090_/A_N (sky130_fd_sc_hd__and2b_1)
     1    0.00    0.03    0.17    1.05 v _090_/X (sky130_fd_sc_hd__and2b_1)
                                         _056_ (net)
                  0.03    0.00    1.05 v _091_/A (sky130_fd_sc_hd__buf_1)
     1    0.00    0.02    0.08    1.13 v _091_/X (sky130_fd_sc_hd__buf_1)
                                         _017_ (net)
                  0.02    0.00    1.13 v _135_/D (sky130_fd_sc_hd__dfxtp_1)
                                  1.13   data arrival time

                         10.00   10.00   clock clk (rise edge)
                          0.00   10.00   clock source latency
     1    0.01    0.00    0.00   10.00 ^ clk (in)
                                         clk (net)
                  0.00    0.00   10.00 ^ clkbuf_0_clk/A (sky130_fd_sc_hd__clkbuf_16)
     2    0.02    0.04    0.11   10.11 ^ clkbuf_0_clk/X (sky130_fd_sc_hd__clkbuf_16)
                                         clknet_0_clk (net)
                  0.04    0.00   10.11 ^ clkbuf_1_0__f_clk/A (sky130_fd_sc_hd__clkbuf_16)
    10    0.02    0.04    0.12   10.23 ^ clkbuf_1_0__f_clk/X (sky130_fd_sc_hd__clkbuf_16)
                                         clknet_1_0__leaf_clk (net)
                  0.04    0.00   10.23 ^ _135_/CLK (sky130_fd_sc_hd__dfxtp_1)
                         -0.20   10.03   clock uncertainty
                          0.00   10.03   clock reconvergence pessimism
                         -0.10    9.93   library setup time
                                  9.93   data required time
-----------------------------------------------------------------------------
                                  9.93   data required time
                                 -1.13   data arrival time
-----------------------------------------------------------------------------
                                  8.80   slack (MET)


Startpoint: _134_ (rising edge-triggered flip-flop clocked by clk)
Endpoint: _136_ (rising edge-triggered flip-flop clocked by clk)
Path Group: clk
Path Type: max

Fanout     Cap    Slew   Delay    Time   Description
-----------------------------------------------------------------------------
                          0.00    0.00   clock clk (rise edge)
                          0.00    0.00   clock source latency
     1    0.01    0.00    0.00    0.00 ^ clk (in)
                                         clk (net)
                  0.00    0.00    0.00 ^ clkbuf_0_clk/A (sky130_fd_sc_hd__clkbuf_16)
     2    0.02    0.04    0.11    0.11 ^ clkbuf_0_clk/X (sky130_fd_sc_hd__clkbuf_16)
                                         clknet_0_clk (net)
                  0.04    0.00    0.11 ^ clkbuf_1_1__f_clk/A (sky130_fd_sc_hd__clkbuf_16)
    11    0.02    0.04    0.12    0.23 ^ clkbuf_1_1__f_clk/X (sky130_fd_sc_hd__clkbuf_16)
                                         clknet_1_1__leaf_clk (net)
                  0.04    0.00    0.23 ^ _134_/CLK (sky130_fd_sc_hd__dfxtp_1)
     3    0.01    0.05    0.31    0.54 v _134_/Q (sky130_fd_sc_hd__dfxtp_1)
                                         div_cntr[2] (net)
                  0.05    0.00    0.54 v _087_/C (sky130_fd_sc_hd__and4_1)
     1    0.00    0.03    0.18    0.72 v _087_/X (sky130_fd_sc_hd__and4_1)
                                         _053_ (net)
                  0.03    0.00    0.72 v _088_/A (sky130_fd_sc_hd__buf_2)
     7    0.01    0.05    0.14    0.86 v _088_/X (sky130_fd_sc_hd__buf_2)
                                         _054_ (net)
                  0.05    0.00    0.86 v _092_/B (sky130_fd_sc_hd__xor2_1)
     1    0.00    0.04    0.13    0.99 v _092_/X (sky130_fd_sc_hd__xor2_1)
                                         _018_ (net)
                  0.04    0.00    0.99 v _136_/D (sky130_fd_sc_hd__dfxtp_1)
                                  0.99   data arrival time

                         10.00   10.00   clock clk (rise edge)
                          0.00   10.00   clock source latency
     1    0.01    0.00    0.00   10.00 ^ clk (in)
                                         clk (net)
                  0.00    0.00   10.00 ^ clkbuf_0_clk/A (sky130_fd_sc_hd__clkbuf_16)
     2    0.02    0.04    0.11   10.11 ^ clkbuf_0_clk/X (sky130_fd_sc_hd__clkbuf_16)
                                         clknet_0_clk (net)
                  0.04    0.00   10.11 ^ clkbuf_1_1__f_clk/A (sky130_fd_sc_hd__clkbuf_16)
    11    0.02    0.04    0.12   10.23 ^ clkbuf_1_1__f_clk/X (sky130_fd_sc_hd__clkbuf_16)
                                         clknet_1_1__leaf_clk (net)
                  0.04    0.00   10.23 ^ _136_/CLK (sky130_fd_sc_hd__dfxtp_1)
                         -0.20   10.03   clock uncertainty
                          0.00   10.03   clock reconvergence pessimism
                         -0.11    9.92   library setup time
                                  9.92   data required time
-----------------------------------------------------------------------------
                                  9.92   data required time
                                 -0.99   data arrival time
-----------------------------------------------------------------------------
                                  8.93   slack (MET)


Startpoint: _132_ (rising edge-triggered flip-flop clocked by clk)
Endpoint: _133_ (rising edge-triggered flip-flop clocked by clk)
Path Group: clk
Path Type: max

Fanout     Cap    Slew   Delay    Time   Description
-----------------------------------------------------------------------------
                          0.00    0.00   clock clk (rise edge)
                          0.00    0.00   clock source latency
     1    0.01    0.00    0.00    0.00 ^ clk (in)
                                         clk (net)
                  0.00    0.00    0.00 ^ clkbuf_0_clk/A (sky130_fd_sc_hd__clkbuf_16)
     2    0.02    0.04    0.11    0.11 ^ clkbuf_0_clk/X (sky130_fd_sc_hd__clkbuf_16)
                                         clknet_0_clk (net)
                  0.04    0.00    0.11 ^ clkbuf_1_0__f_clk/A (sky130_fd_sc_hd__clkbuf_16)
    10    0.02    0.04    0.12    0.23 ^ clkbuf_1_0__f_clk/X (sky130_fd_sc_hd__clkbuf_16)
                                         clknet_1_0__leaf_clk (net)
                  0.04    0.00    0.23 ^ _132_/CLK (sky130_fd_sc_hd__dfxtp_2)
     5    0.01    0.04    0.32    0.55 v _132_/Q (sky130_fd_sc_hd__dfxtp_2)
                                         div_cntr[0] (net)
                  0.04    0.00    0.55 v _083_/A (sky130_fd_sc_hd__or2_1)
     1    0.00    0.04    0.21    0.75 v _083_/X (sky130_fd_sc_hd__or2_1)
                                         _051_ (net)
                  0.04    0.00    0.75 v _084_/B (sky130_fd_sc_hd__and2_1)
     1    0.00    0.03    0.14    0.90 v _084_/X (sky130_fd_sc_hd__and2_1)
                                         _052_ (net)
                  0.03    0.00    0.90 v _085_/A (sky130_fd_sc_hd__clkbuf_1)
     1    0.00    0.02    0.08    0.97 v _085_/X (sky130_fd_sc_hd__clkbuf_1)
                                         _015_ (net)
                  0.02    0.00    0.97 v _133_/D (sky130_fd_sc_hd__dfxtp_1)
                                  0.97   data arrival time

                         10.00   10.00   clock clk (rise edge)
                          0.00   10.00   clock source latency
     1    0.01    0.00    0.00   10.00 ^ clk (in)
                                         clk (net)
                  0.00    0.00   10.00 ^ clkbuf_0_clk/A (sky130_fd_sc_hd__clkbuf_16)
     2    0.02    0.04    0.11   10.11 ^ clkbuf_0_clk/X (sky130_fd_sc_hd__clkbuf_16)
                                         clknet_0_clk (net)
                  0.04    0.00   10.11 ^ clkbuf_1_0__f_clk/A (sky130_fd_sc_hd__clkbuf_16)
    10    0.02    0.04    0.12   10.23 ^ clkbuf_1_0__f_clk/X (sky130_fd_sc_hd__clkbuf_16)
                                         clknet_1_0__leaf_clk (net)
                  0.04    0.00   10.23 ^ _133_/CLK (sky130_fd_sc_hd__dfxtp_1)
                         -0.20   10.03   clock uncertainty
                          0.00   10.03   clock reconvergence pessimism
                         -0.10    9.93   library setup time
                                  9.93   data required time
-----------------------------------------------------------------------------
                                  9.93   data required time
                                 -0.97   data arrival time
-----------------------------------------------------------------------------
                                  8.95   slack (MET)


Startpoint: _133_ (rising edge-triggered flip-flop clocked by clk)
Endpoint: _134_ (rising edge-triggered flip-flop clocked by clk)
Path Group: clk
Path Type: max

Fanout     Cap    Slew   Delay    Time   Description
-----------------------------------------------------------------------------
                          0.00    0.00   clock clk (rise edge)
                          0.00    0.00   clock source latency
     1    0.01    0.00    0.00    0.00 ^ clk (in)
                                         clk (net)
                  0.00    0.00    0.00 ^ clkbuf_0_clk/A (sky130_fd_sc_hd__clkbuf_16)
     2    0.02    0.04    0.11    0.11 ^ clkbuf_0_clk/X (sky130_fd_sc_hd__clkbuf_16)
                                         clknet_0_clk (net)
                  0.04    0.00    0.11 ^ clkbuf_1_0__f_clk/A (sky130_fd_sc_hd__clkbuf_16)
    10    0.02    0.04    0.12    0.23 ^ clkbuf_1_0__f_clk/X (sky130_fd_sc_hd__clkbuf_16)
                                         clknet_1_0__leaf_clk (net)
                  0.04    0.00    0.23 ^ _133_/CLK (sky130_fd_sc_hd__dfxtp_1)
     5    0.01    0.10    0.34    0.57 ^ _133_/Q (sky130_fd_sc_hd__dfxtp_1)
                                         div_cntr[1] (net)
                  0.10    0.00    0.57 ^ _082_/B (sky130_fd_sc_hd__nand2_1)
     2    0.01    0.06    0.08    0.65 v _082_/Y (sky130_fd_sc_hd__nand2_1)
                                         _050_ (net)
                  0.06    0.00    0.65 v _086_/B (sky130_fd_sc_hd__xnor2_1)
     1    0.00    0.04    0.11    0.76 v _086_/Y (sky130_fd_sc_hd__xnor2_1)
                                         _016_ (net)
                  0.04    0.00    0.76 v _134_/D (sky130_fd_sc_hd__dfxtp_1)
                                  0.76   data arrival time

                         10.00   10.00   clock clk (rise edge)
                          0.00   10.00   clock source latency
     1    0.01    0.00    0.00   10.00 ^ clk (in)
                                         clk (net)
                  0.00    0.00   10.00 ^ clkbuf_0_clk/A (sky130_fd_sc_hd__clkbuf_16)
     2    0.02    0.04    0.11   10.11 ^ clkbuf_0_clk/X (sky130_fd_sc_hd__clkbuf_16)
                                         clknet_0_clk (net)
                  0.04    0.00   10.11 ^ clkbuf_1_1__f_clk/A (sky130_fd_sc_hd__clkbuf_16)
    11    0.02    0.04    0.12   10.23 ^ clkbuf_1_1__f_clk/X (sky130_fd_sc_hd__clkbuf_16)
                                         clknet_1_1__leaf_clk (net)
                  0.04    0.00   10.23 ^ _134_/CLK (sky130_fd_sc_hd__dfxtp_1)
                         -0.20   10.03   clock uncertainty
                          0.00   10.03   clock reconvergence pessimism
                         -0.11    9.92   library setup time
                                  9.92   data required time
-----------------------------------------------------------------------------
                                  9.92   data required time
                                 -0.76   data arrival time
-----------------------------------------------------------------------------
                                  9.16   slack (MET)



worst slack corner Typical: 8.4803
