Partial/Required:  2.77, Required:    400.0, Partial:  1109.96, Net: Module2.RegisterFile\[8\]\[2\], Pin: _1201_/A0, Layer: met1
Partial/Required:  2.28, Required:    400.0, Partial:   912.89, Net: _0105_, Pin: _1355_/D, Layer: met1
Partial/Required:  2.06, Required:    400.0, Partial:   824.77, Net: Module2.RegisterFile\[0\]\[0\], Pin: _0693_/A0, Layer: met1
Partial/Required:  1.66, Required:  3091.96, Partial:   5145.4, Net: _0002_, Pin: _1244_/D, Layer: met4
Partial/Required:  1.65, Required:    400.0, Partial:   660.64, Net: Module2.RegisterFile\[12\]\[1\], Pin: _0724_/A0, Layer: met1
Partial/Required:  1.53, Required:  2773.88, Partial:  4245.46, Net: _0010_, Pin: _1252_/D, Layer: met3
Partial/Required:  1.52, Required:  3091.96, Partial:  4687.75, Net: _0111_, Pin: _1361_/D, Layer: met4
Partial/Required:  1.37, Required:    400.0, Partial:   547.06, Net: Module2.RegisterFile\[22\]\[1\], Pin: _1167_/A2, Layer: met1
Partial/Required:  1.36, Required:    400.0, Partial:   545.24, Net: _0256_, Pin: _0743_/A1, Layer: met1
Partial/Required:  1.35, Required:  3486.68, Partial:  4713.86, Net: _0499_, Pin: _1113_/A, Layer: met4
Partial/Required:  1.30, Required:  3130.28, Partial:  4065.35, Net: _0454_, Pin: _1032_/A, Layer: met4
Partial/Required:  1.27, Required:    400.0, Partial:   507.79, Net: _0320_, Pin: _0927_/A1, Layer: met1
Partial/Required:  1.25, Required:    400.0, Partial:   501.44, Net: Module2.RegisterFile\[20\]\[2\], Pin: _1195_/A0, Layer: met1
Partial/Required:  1.23, Required:    400.0, Partial:   492.91, Net: Module2.RegisterFile\[9\]\[0\], Pin: _0685_/A1, Layer: met1
Partial/Required:  1.18, Required:  3091.96, Partial:  3642.92, Net: _0009_, Pin: _1251_/D, Layer: met4
Partial/Required:  1.18, Required:    400.0, Partial:   470.57, Net: _0517_, Pin: _1165_/C1, Layer: met1
Partial/Required:  1.16, Required:    400.0, Partial:    462.7, Net: Module2.RegisterFile\[20\]\[1\], Pin: _0889_/A0, Layer: met1
Partial/Required:  1.10, Required:    400.0, Partial:   441.67, Net: _0513_, Pin: _1217_/A_N, Layer: met1
Partial/Required:  1.08, Required:  3091.96, Partial:  3354.67, Net: _0122_, Pin: _1372_/D, Layer: met3
Partial/Required:  1.08, Required:  2952.08, Partial:  3176.63, Net: _0125_, Pin: _1375_/D, Layer: met4
Partial/Required:  1.06, Required:  3130.28, Partial:  3304.25, Net: _0415_, Pin: _0964_/A, Layer: met4
Partial/Required:  1.01, Required:    400.0, Partial:   402.21, Net: Module2.RegisterFile\[1\]\[0\], Pin: _1125_/A1, Layer: met1
Partial/Required:  1.01, Required:  3147.48, Partial:  3164.57, Net: _0609_, Pin: _1231_/B1, Layer: met4
