
===========================================================================
 report_power
============================================================================
======================= Fastest Corner ===================================

Group                  Internal  Switching    Leakage      Total
                          Power      Power      Power      Power (Watts)
----------------------------------------------------------------
Sequential             9.25e-05   0.00e+00   2.14e-08   9.25e-05  47.2%
Combinational          3.65e-15   1.38e-14   4.04e-10   4.04e-10   0.0%
Clock                  6.11e-05   4.23e-05   8.95e-10   1.03e-04  52.8%
Macro                  0.00e+00   0.00e+00   0.00e+00   0.00e+00   0.0%
Pad                    0.00e+00   0.00e+00   0.00e+00   0.00e+00   0.0%
----------------------------------------------------------------
Total                  1.54e-04   4.23e-05   2.27e-08   1.96e-04 100.0%
                          78.4%      21.6%       0.0%

======================= Slowest Corner ===================================

Group                  Internal  Switching    Leakage      Total
                          Power      Power      Power      Power (Watts)
----------------------------------------------------------------
Sequential             6.15e-05   0.00e+00   3.58e-07   6.19e-05  46.4%
Combinational          2.43e-15   9.13e-15   3.56e-07   3.56e-07   0.3%
Clock                  4.38e-05   2.73e-05   6.20e-08   7.12e-05  53.4%
Macro                  0.00e+00   0.00e+00   0.00e+00   0.00e+00   0.0%
Pad                    0.00e+00   0.00e+00   0.00e+00   0.00e+00   0.0%
----------------------------------------------------------------
Total                  1.05e-04   2.73e-05   7.77e-07   1.33e-04 100.0%
                          79.0%      20.5%       0.6%

======================= Typical Corner ===================================

Group                  Internal  Switching    Leakage      Total
                          Power      Power      Power      Power (Watts)
----------------------------------------------------------------
Sequential             7.96e-05   0.00e+00   2.12e-08   7.96e-05  47.2%
Combinational          2.99e-15   1.17e-14   3.18e-10   3.18e-10   0.0%
Clock                  5.35e-05   3.56e-05   7.40e-10   8.91e-05  52.8%
Macro                  0.00e+00   0.00e+00   0.00e+00   0.00e+00   0.0%
Pad                    0.00e+00   0.00e+00   0.00e+00   0.00e+00   0.0%
----------------------------------------------------------------
Total                  1.33e-04   3.56e-05   2.22e-08   1.69e-04 100.0%
                          78.9%      21.1%       0.0%

