
===========================================================================
report_checks -unconstrained
===========================================================================
======================= Fastest Corner ===================================

Startpoint: _133_ (rising edge-triggered flip-flop clocked by clk)
Endpoint: _149_ (rising edge-triggered flip-flop clocked by clk)
Path Group: clk
Path Type: max
Corner: Fastest

Fanout     Cap    Slew   Delay    Time   Description
-----------------------------------------------------------------------------
                          0.00    0.00   clock clk (rise edge)
                          0.00    0.00   clock source latency
     1    0.02    0.00    0.00    0.00 ^ clk (in)
                                         clk (net)
                  0.00    0.00    0.00 ^ clkbuf_0_clk/A (sky130_fd_sc_hd__clkbuf_16)
     2    0.02    0.03    0.08    0.08 ^ clkbuf_0_clk/X (sky130_fd_sc_hd__clkbuf_16)
                                         clknet_0_clk (net)
                  0.03    0.00    0.08 ^ clkbuf_1_0__f_clk/A (sky130_fd_sc_hd__clkbuf_16)
    10    0.04    0.05    0.10    0.18 ^ clkbuf_1_0__f_clk/X (sky130_fd_sc_hd__clkbuf_16)
                                         clknet_1_0__leaf_clk (net)
                  0.05    0.00    0.18 ^ _133_/CLK (sky130_fd_sc_hd__dfxtp_1)
     5    0.03    0.22    0.32    0.50 ^ _133_/Q (sky130_fd_sc_hd__dfxtp_1)
                                         div_cntr[1] (net)
                  0.22    0.00    0.50 ^ _087_/B (sky130_fd_sc_hd__and4_1)
     1    0.01    0.07    0.16    0.66 ^ _087_/X (sky130_fd_sc_hd__and4_1)
                                         _053_ (net)
                  0.07    0.00    0.66 ^ _088_/A (sky130_fd_sc_hd__buf_2)
     7    0.05    0.18    0.18    0.85 ^ _088_/X (sky130_fd_sc_hd__buf_2)
                                         _054_ (net)
                  0.18    0.00    0.85 ^ _118_/A (sky130_fd_sc_hd__and4_2)
     5    0.03    0.14    0.23    1.08 ^ _118_/X (sky130_fd_sc_hd__and4_2)
                                         _037_ (net)
                  0.14    0.00    1.08 ^ _121_/C (sky130_fd_sc_hd__nand3_2)
     2    0.02    0.12    0.10    1.18 v _121_/Y (sky130_fd_sc_hd__nand3_2)
                                         _038_ (net)
                  0.12    0.00    1.18 v _123_/A (sky130_fd_sc_hd__and2_1)
     1    0.01    0.04    0.13    1.32 v _123_/X (sky130_fd_sc_hd__and2_1)
                                         _040_ (net)
                  0.04    0.00    1.32 v _124_/A (sky130_fd_sc_hd__buf_1)
     1    0.02    0.08    0.11    1.43 v _124_/X (sky130_fd_sc_hd__buf_1)
                                         _012_ (net)
                  0.08    0.00    1.43 v _149_/D (sky130_fd_sc_hd__dfxtp_1)
                                  1.43   data arrival time

                         10.00   10.00   clock clk (rise edge)
                          0.00   10.00   clock source latency
     1    0.02    0.00    0.00   10.00 ^ clk (in)
                                         clk (net)
                  0.00    0.00   10.00 ^ clkbuf_0_clk/A (sky130_fd_sc_hd__clkbuf_16)
     2    0.02    0.03    0.08   10.08 ^ clkbuf_0_clk/X (sky130_fd_sc_hd__clkbuf_16)
                                         clknet_0_clk (net)
                  0.03    0.00   10.08 ^ clkbuf_1_0__f_clk/A (sky130_fd_sc_hd__clkbuf_16)
    10    0.04    0.05    0.10   10.18 ^ clkbuf_1_0__f_clk/X (sky130_fd_sc_hd__clkbuf_16)
                                         clknet_1_0__leaf_clk (net)
                  0.05    0.00   10.18 ^ _149_/CLK (sky130_fd_sc_hd__dfxtp_1)
                         -0.20    9.98   clock uncertainty
                          0.00    9.98   clock reconvergence pessimism
                         -0.09    9.89   library setup time
                                  9.89   data required time
-----------------------------------------------------------------------------
                                  9.89   data required time
                                 -1.43   data arrival time
-----------------------------------------------------------------------------
                                  8.46   slack (MET)



======================= Slowest Corner ===================================

Startpoint: _133_ (rising edge-triggered flip-flop clocked by clk)
Endpoint: _149_ (rising edge-triggered flip-flop clocked by clk)
Path Group: clk
Path Type: max
Corner: Slowest

Fanout     Cap    Slew   Delay    Time   Description
-----------------------------------------------------------------------------
                          0.00    0.00   clock clk (rise edge)
                          0.00    0.00   clock source latency
     1    0.02    0.00    0.00    0.00 ^ clk (in)
                                         clk (net)
                  0.00    0.00    0.00 ^ clkbuf_0_clk/A (sky130_fd_sc_hd__clkbuf_16)
     2    0.02    0.07    0.19    0.19 ^ clkbuf_0_clk/X (sky130_fd_sc_hd__clkbuf_16)
                                         clknet_0_clk (net)
                  0.07    0.00    0.19 ^ clkbuf_1_0__f_clk/A (sky130_fd_sc_hd__clkbuf_16)
    10    0.04    0.09    0.25    0.44 ^ clkbuf_1_0__f_clk/X (sky130_fd_sc_hd__clkbuf_16)
                                         clknet_1_0__leaf_clk (net)
                  0.09    0.00    0.44 ^ _133_/CLK (sky130_fd_sc_hd__dfxtp_1)
     5    0.03    0.47    0.93    1.37 ^ _133_/Q (sky130_fd_sc_hd__dfxtp_1)
                                         div_cntr[1] (net)
                  0.47    0.00    1.37 ^ _087_/B (sky130_fd_sc_hd__and4_1)
     1    0.01    0.17    0.57    1.95 ^ _087_/X (sky130_fd_sc_hd__and4_1)
                                         _053_ (net)
                  0.17    0.00    1.95 ^ _088_/A (sky130_fd_sc_hd__buf_2)
     7    0.05    0.37    0.46    2.40 ^ _088_/X (sky130_fd_sc_hd__buf_2)
                                         _054_ (net)
                  0.37    0.00    2.41 ^ _118_/A (sky130_fd_sc_hd__and4_2)
     5    0.03    0.33    0.76    3.17 ^ _118_/X (sky130_fd_sc_hd__and4_2)
                                         _037_ (net)
                  0.33    0.00    3.17 ^ _121_/C (sky130_fd_sc_hd__nand3_2)
     2    0.02    0.34    0.41    3.58 v _121_/Y (sky130_fd_sc_hd__nand3_2)
                                         _038_ (net)
                  0.34    0.00    3.58 v _123_/A (sky130_fd_sc_hd__and2_1)
     1    0.01    0.11    0.46    4.04 v _123_/X (sky130_fd_sc_hd__and2_1)
                                         _040_ (net)
                  0.11    0.00    4.04 v _124_/A (sky130_fd_sc_hd__buf_1)
     1    0.02    0.23    0.32    4.36 v _124_/X (sky130_fd_sc_hd__buf_1)
                                         _012_ (net)
                  0.23    0.00    4.36 v _149_/D (sky130_fd_sc_hd__dfxtp_1)
                                  4.36   data arrival time

                         10.00   10.00   clock clk (rise edge)
                          0.00   10.00   clock source latency
     1    0.02    0.00    0.00   10.00 ^ clk (in)
                                         clk (net)
                  0.00    0.00   10.00 ^ clkbuf_0_clk/A (sky130_fd_sc_hd__clkbuf_16)
     2    0.02    0.07    0.19   10.19 ^ clkbuf_0_clk/X (sky130_fd_sc_hd__clkbuf_16)
                                         clknet_0_clk (net)
                  0.07    0.00   10.19 ^ clkbuf_1_0__f_clk/A (sky130_fd_sc_hd__clkbuf_16)
    10    0.04    0.09    0.25   10.44 ^ clkbuf_1_0__f_clk/X (sky130_fd_sc_hd__clkbuf_16)
                                         clknet_1_0__leaf_clk (net)
                  0.09    0.00   10.44 ^ _149_/CLK (sky130_fd_sc_hd__dfxtp_1)
                         -0.20   10.24   clock uncertainty
                          0.00   10.24   clock reconvergence pessimism
                         -0.33    9.91   library setup time
                                  9.91   data required time
-----------------------------------------------------------------------------
                                  9.91   data required time
                                 -4.36   data arrival time
-----------------------------------------------------------------------------
                                  5.56   slack (MET)



======================= Typical Corner ===================================

Startpoint: _133_ (rising edge-triggered flip-flop clocked by clk)
Endpoint: _149_ (rising edge-triggered flip-flop clocked by clk)
Path Group: clk
Path Type: max
Corner: Typical

Fanout     Cap    Slew   Delay    Time   Description
-----------------------------------------------------------------------------
                          0.00    0.00   clock clk (rise edge)
                          0.00    0.00   clock source latency
     1    0.02    0.00    0.00    0.00 ^ clk (in)
                                         clk (net)
                  0.00    0.00    0.00 ^ clkbuf_0_clk/A (sky130_fd_sc_hd__clkbuf_16)
     2    0.02    0.04    0.11    0.11 ^ clkbuf_0_clk/X (sky130_fd_sc_hd__clkbuf_16)
                                         clknet_0_clk (net)
                  0.04    0.00    0.11 ^ clkbuf_1_0__f_clk/A (sky130_fd_sc_hd__clkbuf_16)
    10    0.04    0.06    0.14    0.25 ^ clkbuf_1_0__f_clk/X (sky130_fd_sc_hd__clkbuf_16)
                                         clknet_1_0__leaf_clk (net)
                  0.06    0.00    0.25 ^ _133_/CLK (sky130_fd_sc_hd__dfxtp_1)
     5    0.03    0.29    0.49    0.74 ^ _133_/Q (sky130_fd_sc_hd__dfxtp_1)
                                         div_cntr[1] (net)
                  0.29    0.00    0.74 ^ _087_/B (sky130_fd_sc_hd__and4_1)
     1    0.01    0.10    0.28    1.02 ^ _087_/X (sky130_fd_sc_hd__and4_1)
                                         _053_ (net)
                  0.10    0.00    1.02 ^ _088_/A (sky130_fd_sc_hd__buf_2)
     7    0.05    0.23    0.26    1.28 ^ _088_/X (sky130_fd_sc_hd__buf_2)
                                         _054_ (net)
                  0.23    0.00    1.29 ^ _118_/A (sky130_fd_sc_hd__and4_2)
     5    0.03    0.20    0.38    1.67 ^ _118_/X (sky130_fd_sc_hd__and4_2)
                                         _037_ (net)
                  0.20    0.00    1.67 ^ _121_/C (sky130_fd_sc_hd__nand3_2)
     2    0.02    0.17    0.18    1.85 v _121_/Y (sky130_fd_sc_hd__nand3_2)
                                         _038_ (net)
                  0.17    0.00    1.85 v _123_/A (sky130_fd_sc_hd__and2_1)
     1    0.01    0.06    0.21    2.06 v _123_/X (sky130_fd_sc_hd__and2_1)
                                         _040_ (net)
                  0.06    0.00    2.06 v _124_/A (sky130_fd_sc_hd__buf_1)
     1    0.02    0.12    0.17    2.23 v _124_/X (sky130_fd_sc_hd__buf_1)
                                         _012_ (net)
                  0.12    0.00    2.23 v _149_/D (sky130_fd_sc_hd__dfxtp_1)
                                  2.23   data arrival time

                         10.00   10.00   clock clk (rise edge)
                          0.00   10.00   clock source latency
     1    0.02    0.00    0.00   10.00 ^ clk (in)
                                         clk (net)
                  0.00    0.00   10.00 ^ clkbuf_0_clk/A (sky130_fd_sc_hd__clkbuf_16)
     2    0.02    0.04    0.11   10.11 ^ clkbuf_0_clk/X (sky130_fd_sc_hd__clkbuf_16)
                                         clknet_0_clk (net)
                  0.04    0.00   10.11 ^ clkbuf_1_0__f_clk/A (sky130_fd_sc_hd__clkbuf_16)
    10    0.04    0.06    0.14   10.25 ^ clkbuf_1_0__f_clk/X (sky130_fd_sc_hd__clkbuf_16)
                                         clknet_1_0__leaf_clk (net)
                  0.06    0.00   10.25 ^ _149_/CLK (sky130_fd_sc_hd__dfxtp_1)
                         -0.20   10.05   clock uncertainty
                          0.00   10.05   clock reconvergence pessimism
                         -0.14    9.91   library setup time
                                  9.91   data required time
-----------------------------------------------------------------------------
                                  9.91   data required time
                                 -2.23   data arrival time
-----------------------------------------------------------------------------
                                  7.68   slack (MET)




===========================================================================
report_checks --slack_max -0.01
============================================================================
======================= Fastest Corner ===================================

No paths found.

======================= Slowest Corner ===================================

No paths found.

======================= Typical Corner ===================================

No paths found.


===========================================================================
 report_check_types -max_slew -max_cap -max_fanout -violators
============================================================================
======================= Fastest Corner ===================================


max slew violations count Fastest: 0
max fanout violations count Fastest: 0
max cap violations count Fastest: 0
======================= Slowest Corner ===================================


max slew violations count Slowest: 0
max fanout violations count Slowest: 0
max cap violations count Slowest: 0
======================= Typical Corner ===================================


max slew violations count Typical: 0
max fanout violations count Typical: 0
max cap violations count Typical: 0

===========================================================================
report_parasitic_annotation -report_unannotated
============================================================================
Found 9 unannotated drivers.
 TopZeroToFive_10/LO
 TopZeroToFive_11/LO
 TopZeroToFive_12/LO
 TopZeroToFive_13/LO
 TopZeroToFive_14/LO
 TopZeroToFive_15/LO
 TopZeroToFive_16/LO
 TopZeroToFive_9/HI
 clkload0/Y
Found 0 partially unannotated drivers.

===========================================================================
max slew violation count 0
max fanout violation count 0
max cap violation count 0
============================================================================

===========================================================================
check_setup -verbose -unconstrained_endpoints -multiple_clock -no_clock -no_input_delay -loops -generated_clocks
===========================================================================
Warning: There is 1 input port missing set_input_delay.
  btnC
Warning: There are 4 unclocked register/latch pins.
  _152_/CLK
  _153_/CLK
  _154_/CLK
  _155_/CLK
Warning: There are 19 unconstrained endpoints.
  an[0]
  an[1]
  an[2]
  an[3]
  an[4]
  an[5]
  an[6]
  an[7]
  seg[0]
  seg[1]
  seg[2]
  seg[3]
  seg[4]
  seg[5]
  seg[6]
  _152_/D
  _153_/D
  _154_/D
  _155_/D
