Instance,Terminal,Layer,X location,Y location,Voltage
FILLER_0_27_181,VPWR,li1,90.1600,84.3200,1.799977
FILLER_0_27_169,VPWR,li1,86.0200,84.3200,1.799977
FILLER_0_27_165,VPWR,li1,82.1100,84.3200,1.799974
FILLER_0_27_153,VPWR,li1,78.6600,84.3200,1.799971
FILLER_0_27_145,VPWR,li1,72.4500,84.3200,1.799970
FILLER_0_27_141,VPWR,li1,71.3000,84.3200,1.799971
FILLER_0_27_137,VPWR,li1,69.2300,84.3200,1.799973
FILLER_0_27_125,VPWR,li1,65.7800,84.3200,1.799975
FILLER_0_27_113,VPWR,li1,60.2600,84.3200,1.799978
FILLER_0_27_106,VPWR,li1,55.6600,84.3200,1.799973
FILLER_0_27_94,VPWR,li1,51.5200,84.3200,1.799971
FILLER_0_27_85,VPWR,li1,45.3100,84.3200,1.799973
FILLER_0_27_81,VPWR,li1,43.4700,84.3200,1.799975
FILLER_0_27_69,VPWR,li1,40.0200,84.3200,1.799980
FILLER_0_27_57,VPWR,li1,34.5000,84.3200,1.799976
FILLER_0_27_48,VPWR,li1,29.4400,84.3200,1.799973
FILLER_0_27_36,VPWR,li1,24.8400,84.3200,1.799978
FILLER_0_27_27,VPWR,li1,18.1700,84.3200,1.799984
FILLER_0_27_15,VPWR,li1,15.1800,84.3200,1.799988
FILLER_0_27_3,VPWR,li1,9.6600,84.3200,1.799988
FILLER_0_26_181,VPWR,li1,89.4700,84.3200,1.799977
FILLER_0_26_173,VPWR,li1,86.9400,84.3200,1.799977
FILLER_0_26_163,VPWR,li1,80.7300,84.3200,1.799974
FILLER_0_26_149,VPWR,li1,74.5200,84.3200,1.799969
FILLER_0_26_141,VPWR,li1,72.2200,84.3200,1.799970
FILLER_0_26_139,VPWR,li1,69.6900,84.3200,1.799973
FILLER_0_26_133,VPWR,li1,68.0800,84.3200,1.799973
FILLER_0_26_121,VPWR,li1,63.9400,84.3200,1.799976
FILLER_0_26_114,VPWR,li1,58.1900,84.3200,1.799975
FILLER_0_26_106,VPWR,li1,56.1200,84.3200,1.799973
FILLER_0_26_99,VPWR,li1,51.7500,84.3200,1.799971
FILLER_0_26_91,VPWR,li1,49.2200,84.3200,1.799972
FILLER_0_26_78,VPWR,li1,42.7800,84.3200,1.799975
FILLER_0_26_70,VPWR,li1,38.4100,84.3200,1.799980
FILLER_0_26_35,VPWR,li1,24.3800,84.3200,1.799978
FILLER_0_26_29,VPWR,li1,19.0900,84.3200,1.799984
FILLER_0_26_27,VPWR,li1,18.1700,84.3200,1.799984
FILLER_0_26_19,VPWR,li1,16.1000,84.3200,1.799988
FILLER_0_26_7,VPWR,li1,11.5000,84.3200,1.799988
FILLER_0_25_189,VPWR,li1,92.6900,78.8800,1.799978
FILLER_0_25_181,VPWR,li1,90.6200,78.8800,1.799978
FILLER_0_25_169,VPWR,li1,86.0200,78.8800,1.799978
FILLER_0_25_162,VPWR,li1,81.4200,78.8800,1.799974
FILLER_0_25_156,VPWR,li1,77.5100,78.8800,1.799966
FILLER_0_25_150,VPWR,li1,75.9000,78.8800,1.799964
FILLER_0_25_138,VPWR,li1,71.7600,78.8800,1.799959
FILLER_0_25_111,VPWR,li1,56.8100,78.8800,1.799954
FILLER_0_25_105,VPWR,li1,55.2000,78.8800,1.799954
FILLER_0_25_93,VPWR,li1,51.0600,78.8800,1.799956
FILLER_0_25_81,VPWR,li1,45.5400,78.8800,1.799966
FILLER_0_25_69,VPWR,li1,40.0200,78.8800,1.799976
FILLER_0_25_57,VPWR,li1,34.5000,78.8800,1.799974
FILLER_0_25_44,VPWR,li1,28.5200,78.8800,1.799971
FILLER_0_25_39,VPWR,li1,23.9200,78.8800,1.799970
FILLER_0_25_31,VPWR,li1,21.6200,78.8800,1.799970
FILLER_0_25_19,VPWR,li1,17.0200,78.8800,1.799970
FILLER_0_25_3,VPWR,li1,7.8200,78.8800,1.799956
FILLER_0_24_189,VPWR,li1,92.6900,78.8800,1.799978
FILLER_0_24_177,VPWR,li1,89.7000,78.8800,1.799978
FILLER_0_24_165,VPWR,li1,84.1800,78.8800,1.799978
FILLER_0_24_152,VPWR,li1,76.8200,78.8800,1.799966
FILLER_0_24_141,VPWR,li1,72.2200,78.8800,1.799961
FILLER_0_24_132,VPWR,li1,68.0800,78.8800,1.799957
FILLER_0_24_120,VPWR,li1,63.4800,78.8800,1.799959
FILLER_0_24_103,VPWR,li1,53.1300,78.8800,1.799950
FILLER_0_24_97,VPWR,li1,51.5200,78.8800,1.799956
FILLER_0_24_85,VPWR,li1,47.3800,78.8800,1.799960
FILLER_0_24_72,VPWR,li1,41.4000,78.8800,1.799972
FILLER_0_24_60,VPWR,li1,35.8800,78.8800,1.799974
FILLER_0_24_48,VPWR,li1,30.3600,78.8800,1.799972
FILLER_0_24_41,VPWR,li1,24.8400,78.8800,1.799970
FILLER_0_24_29,VPWR,li1,21.6200,78.8800,1.799970
FILLER_0_24_26,VPWR,li1,17.9400,78.8800,1.799970
FILLER_0_24_18,VPWR,li1,15.6400,78.8800,1.799970
FILLER_0_24_6,VPWR,li1,11.0400,78.8800,1.799958
FILLER_0_23_184,VPWR,li1,90.8500,73.4400,1.799963
FILLER_0_23_176,VPWR,li1,88.3200,73.4400,1.799963
FILLER_0_23_169,VPWR,li1,84.1800,73.4400,1.799964
FILLER_0_23_160,VPWR,li1,80.9600,73.4400,1.799958
FILLER_0_23_148,VPWR,li1,76.3600,73.4400,1.799943
FILLER_0_23_125,VPWR,li1,63.7100,73.4400,1.799933
FILLER_0_23_117,VPWR,li1,61.1800,73.4400,1.799944
FILLER_0_23_111,VPWR,li1,56.8100,73.4400,1.799941
FILLER_0_23_92,VPWR,li1,48.5300,73.4400,1.799948
FILLER_0_23_81,VPWR,li1,43.0100,73.4400,1.799958
FILLER_0_23_69,VPWR,li1,40.0200,73.4400,1.799964
FILLER_0_23_57,VPWR,li1,34.5000,73.4400,1.799967
FILLER_0_23_43,VPWR,li1,25.5300,73.4400,1.799968
FILLER_0_23_31,VPWR,li1,22.5400,73.4400,1.799970
FILLER_0_23_19,VPWR,li1,17.0200,73.4400,1.799973
FILLER_0_23_7,VPWR,li1,11.5000,73.4400,1.799967
FILLER_0_22_189,VPWR,li1,92.6900,73.4400,1.799963
FILLER_0_22_177,VPWR,li1,89.7000,73.4400,1.799963
FILLER_0_22_165,VPWR,li1,84.1800,73.4400,1.799964
FILLER_0_22_153,VPWR,li1,78.6600,73.4400,1.799950
FILLER_0_22_141,VPWR,li1,73.1400,73.4400,1.799933
FILLER_0_22_129,VPWR,li1,65.7800,73.4400,1.799921
FILLER_0_22_120,VPWR,li1,60.9500,73.4400,1.799944
FILLER_0_22_108,VPWR,li1,57.9600,73.4400,1.799941
FILLER_0_22_97,VPWR,li1,50.3700,73.4400,1.799945
FILLER_0_22_85,VPWR,li1,47.3800,73.4400,1.799948
FILLER_0_22_83,VPWR,li1,43.9300,73.4400,1.799958
FILLER_0_22_77,VPWR,li1,42.3200,73.4400,1.799958
FILLER_0_22_65,VPWR,li1,38.1800,73.4400,1.799969
FILLER_0_22_53,VPWR,li1,32.6600,73.4400,1.799966
FILLER_0_22_41,VPWR,li1,27.1400,73.4400,1.799968
FILLER_0_22_29,VPWR,li1,21.6200,73.4400,1.799970
FILLER_0_22_25,VPWR,li1,17.7100,73.4400,1.799973
FILLER_0_22_17,VPWR,li1,15.1800,73.4400,1.799974
FILLER_0_22_13,VPWR,li1,11.9600,73.4400,1.799967
FILLER_0_22_3,VPWR,li1,7.1300,73.4400,1.799960
FILLER_0_21_189,VPWR,li1,92.6900,68.0000,1.799945
FILLER_0_21_185,VPWR,li1,91.5400,68.0000,1.799945
FILLER_0_21_169,VPWR,li1,83.4900,68.0000,1.799953
FILLER_0_21_166,VPWR,li1,82.3400,68.0000,1.799951
FILLER_0_21_156,VPWR,li1,79.1200,68.0000,1.799949
FILLER_0_21_144,VPWR,li1,74.5200,68.0000,1.799945
FILLER_0_21_132,VPWR,li1,69.0000,68.0000,1.799943
FILLER_0_21_120,VPWR,li1,63.4800,68.0000,1.799947
FILLER_0_21_109,VPWR,li1,56.3500,68.0000,1.799928
FILLER_0_21_92,VPWR,li1,48.0700,68.0000,1.799929
FILLER_0_21_88,VPWR,li1,46.9200,68.0000,1.799934
FILLER_0_21_84,VPWR,li1,44.3900,68.0000,1.799938
FILLER_0_21_80,VPWR,li1,43.2400,68.0000,1.799938
FILLER_0_21_57,VPWR,li1,32.2000,68.0000,1.799945
FILLER_0_21_53,VPWR,li1,30.5900,68.0000,1.799945
FILLER_0_21_45,VPWR,li1,28.0600,68.0000,1.799949
FILLER_0_21_33,VPWR,li1,23.4600,68.0000,1.799955
FILLER_0_21_15,VPWR,li1,12.8800,68.0000,1.799965
FILLER_0_21_3,VPWR,li1,9.6600,68.0000,1.799964
FILLER_0_20_186,VPWR,li1,91.3100,68.0000,1.799945
FILLER_0_20_180,VPWR,li1,89.7000,68.0000,1.799945
FILLER_0_20_168,VPWR,li1,85.5600,68.0000,1.799945
FILLER_0_20_157,VPWR,li1,79.5800,68.0000,1.799949
FILLER_0_20_145,VPWR,li1,74.9800,68.0000,1.799945
FILLER_0_20_137,VPWR,li1,69.2300,68.0000,1.799943
FILLER_0_20_129,VPWR,li1,66.7000,68.0000,1.799945
FILLER_0_20_115,VPWR,li1,58.6500,68.0000,1.799934
FILLER_0_20_101,VPWR,li1,52.4400,68.0000,1.799926
FILLER_0_20_82,VPWR,li1,43.7000,68.0000,1.799938
FILLER_0_20_45,VPWR,li1,26.4500,68.0000,1.799953
FILLER_0_20_41,VPWR,li1,25.3000,68.0000,1.799953
FILLER_0_20_29,VPWR,li1,21.6200,68.0000,1.799958
FILLER_0_20_27,VPWR,li1,18.1700,68.0000,1.799963
FILLER_0_20_19,VPWR,li1,16.1000,68.0000,1.799966
FILLER_0_20_7,VPWR,li1,11.5000,68.0000,1.799965
FILLER_0_19_186,VPWR,li1,92.0000,62.5600,1.799874
FILLER_0_19_177,VPWR,li1,87.1700,62.5600,1.799883
FILLER_0_19_169,VPWR,li1,85.1000,62.5600,1.799891
FILLER_0_19_156,VPWR,li1,80.0400,62.5600,1.799905
FILLER_0_19_144,VPWR,li1,74.5200,62.5600,1.799911
FILLER_0_19_132,VPWR,li1,69.0000,62.5600,1.799915
FILLER_0_19_121,VPWR,li1,62.1000,62.5600,1.799926
FILLER_0_19_111,VPWR,li1,56.8100,62.5600,1.799920
FILLER_0_19_105,VPWR,li1,55.2000,62.5600,1.799920
FILLER_0_19_88,VPWR,li1,46.2300,62.5600,1.799928
FILLER_0_19_57,VPWR,li1,32.4300,62.5600,1.799957
FILLER_0_19_55,VPWR,li1,31.0500,62.5600,1.799959
FILLER_0_19_46,VPWR,li1,28.0600,62.5600,1.799962
FILLER_0_19_34,VPWR,li1,23.9200,62.5600,1.799967
FILLER_0_19_27,VPWR,li1,18.8600,62.5600,1.799975
FILLER_0_19_15,VPWR,li1,15.1800,62.5600,1.799978
FILLER_0_19_3,VPWR,li1,9.6600,62.5600,1.799978
FILLER_0_18_179,VPWR,li1,88.0900,62.5600,1.799883
FILLER_0_18_160,VPWR,li1,79.8100,62.5600,1.799905
FILLER_0_18_153,VPWR,li1,76.5900,62.5600,1.799908
FILLER_0_18_141,VPWR,li1,73.1400,62.5600,1.799911
FILLER_0_18_139,VPWR,li1,69.6900,62.5600,1.799915
FILLER_0_18_127,VPWR,li1,66.7000,62.5600,1.799917
FILLER_0_18_117,VPWR,li1,60.2600,62.5600,1.799932
FILLER_0_18_85,VPWR,li1,45.5400,62.5600,1.799931
FILLER_0_18_83,VPWR,li1,43.9300,62.5600,1.799938
FILLER_0_18_77,VPWR,li1,42.3200,62.5600,1.799938
FILLER_0_18_65,VPWR,li1,38.1800,62.5600,1.799955
FILLER_0_18_53,VPWR,li1,32.6600,62.5600,1.799957
FILLER_0_18_41,VPWR,li1,27.1400,62.5600,1.799962
FILLER_0_18_29,VPWR,li1,21.6200,62.5600,1.799971
FILLER_0_18_24,VPWR,li1,17.4800,62.5600,1.799975
FILLER_0_18_19,VPWR,li1,14.4900,62.5600,1.799978
FILLER_0_18_15,VPWR,li1,13.3400,62.5600,1.799978
FILLER_0_18_3,VPWR,li1,9.6600,62.5600,1.799978
FILLER_0_17_181,VPWR,li1,90.1600,57.1200,1.799899
FILLER_0_17_151,VPWR,li1,75.2100,57.1200,1.799877
FILLER_0_17_147,VPWR,li1,74.0600,57.1200,1.799873
FILLER_0_17_135,VPWR,li1,70.3800,57.1200,1.799868
FILLER_0_17_123,VPWR,li1,64.8600,57.1200,1.799854
FILLER_0_17_111,VPWR,li1,56.8100,57.1200,1.799853
FILLER_0_17_107,VPWR,li1,55.6600,57.1200,1.799853
FILLER_0_17_101,VPWR,li1,52.2100,57.1200,1.799850
FILLER_0_17_89,VPWR,li1,47.1500,57.1200,1.799865
FILLER_0_17_81,VPWR,li1,44.6200,57.1200,1.799880
FILLER_0_17_69,VPWR,li1,40.0200,57.1200,1.799911
FILLER_0_17_57,VPWR,li1,34.5000,57.1200,1.799902
FILLER_0_17_48,VPWR,li1,29.4400,57.1200,1.799894
FILLER_0_17_39,VPWR,li1,24.8400,57.1200,1.799899
FILLER_0_17_15,VPWR,li1,12.6500,57.1200,1.799929
FILLER_0_17_3,VPWR,li1,9.6600,57.1200,1.799927
FILLER_0_16_187,VPWR,li1,92.2300,57.1200,1.799897
FILLER_0_16_179,VPWR,li1,89.7000,57.1200,1.799899
FILLER_0_16_167,VPWR,li1,85.1000,57.1200,1.799904
FILLER_0_16_162,VPWR,li1,80.5000,57.1200,1.799890
FILLER_0_16_141,VPWR,li1,73.1400,57.1200,1.799873
FILLER_0_16_134,VPWR,li1,68.5400,57.1200,1.799864
FILLER_0_16_117,VPWR,li1,59.5700,57.1200,1.799857
FILLER_0_16_113,VPWR,li1,58.4200,57.1200,1.799857
FILLER_0_16_101,VPWR,li1,54.7400,57.1200,1.799851
FILLER_0_16_91,VPWR,li1,47.6100,57.1200,1.799865
FILLER_0_16_85,VPWR,li1,46.0000,57.1200,1.799880
FILLER_0_16_65,VPWR,li1,36.1100,57.1200,1.799902
FILLER_0_16_41,VPWR,li1,25.0700,57.1200,1.799899
FILLER_0_16_29,VPWR,li1,21.6200,57.1200,1.799912
FILLER_0_16_27,VPWR,li1,18.1700,57.1200,1.799925
FILLER_0_16_15,VPWR,li1,15.1800,57.1200,1.799937
FILLER_0_15_187,VPWR,li1,92.2300,51.6800,1.799914
FILLER_0_15_169,VPWR,li1,83.7200,51.6800,1.799930
FILLER_0_15_156,VPWR,li1,77.9700,51.6800,1.799913
FILLER_0_15_148,VPWR,li1,75.4400,51.6800,1.799905
FILLER_0_15_144,VPWR,li1,71.9900,51.6800,1.799895
FILLER_0_15_132,VPWR,li1,69.0000,51.6800,1.799895
FILLER_0_15_113,VPWR,li1,58.1900,51.6800,1.799902
FILLER_0_15_100,VPWR,li1,52.9000,51.6800,1.799888
FILLER_0_15_94,VPWR,li1,48.9900,51.6800,1.799879
FILLER_0_15_82,VPWR,li1,46.0000,51.6800,1.799885
FILLER_0_15_65,VPWR,li1,36.1100,51.6800,1.799887
FILLER_0_15_57,VPWR,li1,33.5800,51.6800,1.799882
FILLER_0_15_7,VPWR,li1,8.9700,51.6800,1.799916
FILLER_0_15_3,VPWR,li1,7.8200,51.6800,1.799916
FILLER_0_14_179,VPWR,li1,89.7000,51.6800,1.799916
FILLER_0_14_165,VPWR,li1,81.6500,51.6800,1.799922
FILLER_0_14_153,VPWR,li1,78.6600,51.6800,1.799913
FILLER_0_14_141,VPWR,li1,73.1400,51.6800,1.799895
FILLER_0_14_139,VPWR,li1,69.6900,51.6800,1.799895
FILLER_0_14_132,VPWR,li1,66.4700,51.6800,1.799901
FILLER_0_14_128,VPWR,li1,65.3200,51.6800,1.799901
FILLER_0_14_124,VPWR,li1,62.7900,51.6800,1.799906
FILLER_0_14_111,VPWR,li1,57.0400,51.6800,1.799894
FILLER_0_14_85,VPWR,li1,45.3100,51.6800,1.799885
FILLER_0_14_80,VPWR,li1,43.2400,51.6800,1.799889
FILLER_0_14_58,VPWR,li1,32.6600,51.6800,1.799879
FILLER_0_14_54,VPWR,li1,30.5900,51.6800,1.799876
FILLER_0_14_48,VPWR,li1,28.9800,51.6800,1.799876
FILLER_0_14_40,VPWR,li1,24.1500,51.6800,1.799882
FILLER_0_14_36,VPWR,li1,23.0000,51.6800,1.799882
FILLER_0_14_26,VPWR,li1,17.9400,51.6800,1.799904
FILLER_0_14_15,VPWR,li1,12.8800,51.6800,1.799919
FILLER_0_14_7,VPWR,li1,10.5800,51.6800,1.799916
FILLER_0_13_189,VPWR,li1,92.6900,46.2400,1.799910
FILLER_0_13_183,VPWR,li1,91.0800,46.2400,1.799914
FILLER_0_13_169,VPWR,li1,83.4900,46.2400,1.799928
FILLER_0_13_167,VPWR,li1,82.5700,46.2400,1.799918
FILLER_0_13_161,VPWR,li1,80.9600,46.2400,1.799918
FILLER_0_13_149,VPWR,li1,76.8200,46.2400,1.799898
FILLER_0_13_137,VPWR,li1,71.3000,46.2400,1.799875
FILLER_0_13_111,VPWR,li1,56.8100,46.2400,1.799850
FILLER_0_13_94,VPWR,li1,48.9900,46.2400,1.799849
FILLER_0_13_77,VPWR,li1,41.8600,46.2400,1.799876
FILLER_0_13_69,VPWR,li1,37.9500,46.2400,1.799903
FILLER_0_13_57,VPWR,li1,34.5000,46.2400,1.799901
FILLER_0_13_48,VPWR,li1,29.4400,46.2400,1.799897
FILLER_0_13_44,VPWR,li1,25.9900,46.2400,1.799904
FILLER_0_13_38,VPWR,li1,24.3800,46.2400,1.799904
FILLER_0_13_26,VPWR,li1,20.2400,46.2400,1.799933
FILLER_0_13_14,VPWR,li1,14.7200,46.2400,1.799942
FILLER_0_13_3,VPWR,li1,8.7400,46.2400,1.799940
FILLER_0_12_182,VPWR,li1,89.4700,46.2400,1.799914
FILLER_0_12_178,VPWR,li1,88.3200,46.2400,1.799917
FILLER_0_12_166,VPWR,li1,84.6400,46.2400,1.799928
FILLER_0_12_154,VPWR,li1,79.1200,46.2400,1.799909
FILLER_0_12_132,VPWR,li1,68.0800,46.2400,1.799873
FILLER_0_12_103,VPWR,li1,53.3600,46.2400,1.799847
FILLER_0_12_83,VPWR,li1,43.9300,46.2400,1.799863
FILLER_0_12_79,VPWR,li1,42.7800,46.2400,1.799876
FILLER_0_12_66,VPWR,li1,36.1100,46.2400,1.799901
FILLER_0_12_62,VPWR,li1,34.9600,46.2400,1.799901
FILLER_0_12_50,VPWR,li1,31.2800,46.2400,1.799898
FILLER_0_12_33,VPWR,li1,20.9300,46.2400,1.799921
FILLER_0_12_29,VPWR,li1,19.7800,46.2400,1.799933
FILLER_0_12_27,VPWR,li1,18.1700,46.2400,1.799943
FILLER_0_12_15,VPWR,li1,14.2600,46.2400,1.799942
FILLER_0_12_3,VPWR,li1,9.6600,46.2400,1.799940
FILLER_0_11_189,VPWR,li1,92.6900,40.8000,1.799912
FILLER_0_11_169,VPWR,li1,86.0200,40.8000,1.799926
FILLER_0_11_167,VPWR,li1,82.5700,40.8000,1.799935
FILLER_0_11_159,VPWR,li1,80.5000,40.8000,1.799931
FILLER_0_11_137,VPWR,li1,69.0000,40.8000,1.799934
FILLER_0_11_118,VPWR,li1,61.6400,40.8000,1.799951
FILLER_0_11_113,VPWR,li1,57.9600,40.8000,1.799945
FILLER_0_11_103,VPWR,li1,53.8200,40.8000,1.799939
FILLER_0_11_91,VPWR,li1,50.1400,40.8000,1.799938
FILLER_0_11_74,VPWR,li1,39.7900,40.8000,1.799937
FILLER_0_11_62,VPWR,li1,36.8000,40.8000,1.799925
FILLER_0_11_54,VPWR,li1,30.8200,40.8000,1.799911
FILLER_0_11_50,VPWR,li1,28.7500,40.8000,1.799914
FILLER_0_11_38,VPWR,li1,25.7600,40.8000,1.799919
FILLER_0_11_31,VPWR,li1,20.0100,40.8000,1.799942
FILLER_0_11_19,VPWR,li1,17.0200,40.8000,1.799950
FILLER_0_11_11,VPWR,li1,11.0400,40.8000,1.799946
FILLER_0_11_3,VPWR,li1,8.7400,40.8000,1.799946
FILLER_0_10_178,VPWR,li1,88.0900,40.8000,1.799920
FILLER_0_10_168,VPWR,li1,83.2600,40.8000,1.799935
FILLER_0_10_160,VPWR,li1,80.9600,40.8000,1.799931
FILLER_0_10_128,VPWR,li1,65.0900,40.8000,1.799943
FILLER_0_10_117,VPWR,li1,61.1800,40.8000,1.799951
FILLER_0_10_105,VPWR,li1,56.5800,40.8000,1.799942
FILLER_0_10_97,VPWR,li1,50.3700,40.8000,1.799938
FILLER_0_10_85,VPWR,li1,47.3800,40.8000,1.799937
FILLER_0_10_83,VPWR,li1,43.9300,40.8000,1.799936
FILLER_0_10_79,VPWR,li1,42.7800,40.8000,1.799936
FILLER_0_10_67,VPWR,li1,39.1000,40.8000,1.799937
FILLER_0_10_59,VPWR,li1,33.1200,40.8000,1.799908
FILLER_0_10_51,VPWR,li1,30.8200,40.8000,1.799911
FILLER_0_10_41,VPWR,li1,25.0700,40.8000,1.799924
FILLER_0_10_25,VPWR,li1,17.7100,40.8000,1.799950
FILLER_0_10_13,VPWR,li1,14.2600,40.8000,1.799947
FILLER_0_10_7,VPWR,li1,8.9700,40.8000,1.799946
FILLER_0_10_3,VPWR,li1,7.8200,40.8000,1.799946
FILLER_0_9_189,VPWR,li1,92.6900,35.3600,1.799914
FILLER_0_9_181,VPWR,li1,89.0100,35.3600,1.799921
FILLER_0_9_169,VPWR,li1,86.0200,35.3600,1.799934
FILLER_0_9_167,VPWR,li1,82.5700,35.3600,1.799940
FILLER_0_9_159,VPWR,li1,80.5000,35.3600,1.799938
FILLER_0_9_126,VPWR,li1,66.2400,35.3600,1.799952
FILLER_0_9_121,VPWR,li1,61.6400,35.3600,1.799963
FILLER_0_9_113,VPWR,li1,59.3400,35.3600,1.799969
FILLER_0_9_111,VPWR,li1,56.8100,35.3600,1.799968
FILLER_0_9_103,VPWR,li1,54.7400,35.3600,1.799968
FILLER_0_9_99,VPWR,li1,51.2900,35.3600,1.799966
FILLER_0_9_93,VPWR,li1,49.6800,35.3600,1.799966
FILLER_0_9_81,VPWR,li1,45.5400,35.3600,1.799964
FILLER_0_9_69,VPWR,li1,40.0200,35.3600,1.799965
FILLER_0_9_57,VPWR,li1,34.5000,35.3600,1.799964
FILLER_0_9_55,VPWR,li1,31.0500,35.3600,1.799956
FILLER_0_9_49,VPWR,li1,29.4400,35.3600,1.799956
FILLER_0_9_39,VPWR,li1,23.6900,35.3600,1.799946
FILLER_0_9_35,VPWR,li1,22.5400,35.3600,1.799946
FILLER_0_9_31,VPWR,li1,20.0100,35.3600,1.799949
FILLER_0_9_19,VPWR,li1,17.0200,35.3600,1.799958
FILLER_0_8_180,VPWR,li1,89.0100,35.3600,1.799921
FILLER_0_8_168,VPWR,li1,85.5600,35.3600,1.799934
FILLER_0_8_158,VPWR,li1,79.1200,35.3600,1.799938
FILLER_0_8_147,VPWR,li1,73.6000,35.3600,1.799938
FILLER_0_8_141,VPWR,li1,71.3000,35.3600,1.799942
FILLER_0_8_136,VPWR,li1,69.0000,35.3600,1.799946
FILLER_0_8_131,VPWR,li1,66.0100,35.3600,1.799952
FILLER_0_8_119,VPWR,li1,63.0200,35.3600,1.799963
FILLER_0_8_107,VPWR,li1,57.5000,35.3600,1.799968
FILLER_0_8_101,VPWR,li1,52.2100,35.3600,1.799967
FILLER_0_8_97,VPWR,li1,51.0600,35.3600,1.799966
FILLER_0_8_85,VPWR,li1,47.3800,35.3600,1.799965
FILLER_0_8_81,VPWR,li1,43.4700,35.3600,1.799963
FILLER_0_8_73,VPWR,li1,39.3300,35.3600,1.799965
FILLER_0_8_65,VPWR,li1,37.2600,35.3600,1.799968
FILLER_0_8_53,VPWR,li1,32.6600,35.3600,1.799959
FILLER_0_8_41,VPWR,li1,27.1400,35.3600,1.799952
FILLER_0_8_36,VPWR,li1,22.3100,35.3600,1.799946
FILLER_0_8_27,VPWR,li1,18.1700,35.3600,1.799958
FILLER_0_8_15,VPWR,li1,15.1800,35.3600,1.799963
FILLER_0_8_3,VPWR,li1,9.6600,35.3600,1.799960
FILLER_0_7_175,VPWR,li1,88.7800,29.9200,1.799969
FILLER_0_7_167,VPWR,li1,82.5700,29.9200,1.799972
FILLER_0_7_161,VPWR,li1,80.9600,29.9200,1.799972
FILLER_0_7_149,VPWR,li1,76.8200,29.9200,1.799968
FILLER_0_7_137,VPWR,li1,71.3000,29.9200,1.799970
FILLER_0_7_125,VPWR,li1,65.7800,29.9200,1.799975
FILLER_0_7_113,VPWR,li1,60.2600,29.9200,1.799980
FILLER_0_7_104,VPWR,li1,55.2000,29.9200,1.799976
FILLER_0_7_92,VPWR,li1,48.5300,29.9200,1.799970
FILLER_0_7_80,VPWR,li1,45.0800,29.9200,1.799969
FILLER_0_7_68,VPWR,li1,39.5600,29.9200,1.799967
FILLER_0_7_57,VPWR,li1,32.6600,29.9200,1.799944
FILLER_0_7_50,VPWR,li1,29.9000,29.9200,1.799938
FILLER_0_7_38,VPWR,li1,25.7600,29.9200,1.799929
FILLER_0_7_19,VPWR,li1,14.9500,29.9200,1.799914
FILLER_0_7_9,VPWR,li1,9.8900,29.9200,1.799905
FILLER_0_7_3,VPWR,li1,8.2800,29.9200,1.799905
FILLER_0_6_184,VPWR,li1,91.5400,29.9200,1.799966
FILLER_0_6_172,VPWR,li1,87.4000,29.9200,1.799969
FILLER_0_6_166,VPWR,li1,82.5700,29.9200,1.799972
FILLER_0_6_154,VPWR,li1,79.1200,29.9200,1.799971
FILLER_0_6_149,VPWR,li1,74.5200,29.9200,1.799969
FILLER_0_6_145,VPWR,li1,72.4500,29.9200,1.799970
FILLER_0_6_141,VPWR,li1,70.6100,29.9200,1.799971
FILLER_0_6_138,VPWR,li1,69.4600,29.9200,1.799971
FILLER_0_6_130,VPWR,li1,67.1600,29.9200,1.799975
FILLER_0_6_121,VPWR,li1,61.4100,29.9200,1.799980
FILLER_0_6_109,VPWR,li1,58.4200,29.9200,1.799978
FILLER_0_6_97,VPWR,li1,52.9000,29.9200,1.799974
FILLER_0_6_85,VPWR,li1,47.3800,29.9200,1.799970
FILLER_0_6_82,VPWR,li1,43.7000,29.9200,1.799969
FILLER_0_6_70,VPWR,li1,40.4800,29.9200,1.799967
FILLER_0_6_58,VPWR,li1,34.9600,29.9200,1.799953
FILLER_0_6_54,VPWR,li1,30.5900,29.9200,1.799938
FILLER_0_6_48,VPWR,li1,28.9800,29.9200,1.799938
FILLER_0_6_39,VPWR,li1,24.8400,29.9200,1.799929
FILLER_0_6_19,VPWR,li1,14.7200,29.9200,1.799914
FILLER_0_5_185,VPWR,li1,91.0800,24.4800,1.799963
FILLER_0_5_177,VPWR,li1,88.7800,24.4800,1.799965
FILLER_0_5_167,VPWR,li1,82.5700,24.4800,1.799972
FILLER_0_5_159,VPWR,li1,80.5000,24.4800,1.799970
FILLER_0_5_141,VPWR,li1,70.6100,24.4800,1.799965
FILLER_0_5_137,VPWR,li1,69.4600,24.4800,1.799965
FILLER_0_5_125,VPWR,li1,65.7800,24.4800,1.799967
FILLER_0_5_113,VPWR,li1,60.2600,24.4800,1.799972
FILLER_0_5_109,VPWR,li1,56.3500,24.4800,1.799966
FILLER_0_5_97,VPWR,li1,52.9000,24.4800,1.799960
FILLER_0_5_85,VPWR,li1,47.3800,24.4800,1.799954
FILLER_0_5_73,VPWR,li1,41.8600,24.4800,1.799947
FILLER_0_5_50,VPWR,li1,28.9800,24.4800,1.799907
FILLER_0_5_46,VPWR,li1,27.1400,24.4800,1.799904
FILLER_0_5_42,VPWR,li1,25.0700,24.4800,1.799902
FILLER_0_5_36,VPWR,li1,23.4600,24.4800,1.799902
FILLER_0_5_11,VPWR,li1,11.0400,24.4800,1.799905
FILLER_0_5_3,VPWR,li1,8.7400,24.4800,1.799903
FILLER_0_4_189,VPWR,li1,92.6900,24.4800,1.799963
FILLER_0_4_177,VPWR,li1,89.7000,24.4800,1.799965
FILLER_0_4_165,VPWR,li1,84.1800,24.4800,1.799972
FILLER_0_4_153,VPWR,li1,78.6600,24.4800,1.799968
FILLER_0_4_141,VPWR,li1,73.1400,24.4800,1.799962
FILLER_0_4_138,VPWR,li1,69.4600,24.4800,1.799965
FILLER_0_4_126,VPWR,li1,66.2400,24.4800,1.799967
FILLER_0_4_105,VPWR,li1,54.2800,24.4800,1.799963
FILLER_0_4_97,VPWR,li1,51.9800,24.4800,1.799960
FILLER_0_4_85,VPWR,li1,47.3800,24.4800,1.799954
FILLER_0_4_81,VPWR,li1,43.4700,24.4800,1.799947
FILLER_0_4_69,VPWR,li1,40.0200,24.4800,1.799943
FILLER_0_4_53,VPWR,li1,30.3600,24.4800,1.799910
FILLER_0_4_41,VPWR,li1,27.1400,24.4800,1.799904
FILLER_0_4_29,VPWR,li1,21.6200,24.4800,1.799901
FILLER_0_4_27,VPWR,li1,18.1700,24.4800,1.799913
FILLER_0_4_21,VPWR,li1,16.5600,24.4800,1.799913
FILLER_0_4_15,VPWR,li1,13.1100,24.4800,1.799906
FILLER_0_3_188,VPWR,li1,92.4600,19.0400,1.799865
FILLER_0_3_165,VPWR,li1,82.1100,19.0400,1.799911
FILLER_0_3_157,VPWR,li1,79.5800,19.0400,1.799907
FILLER_0_3_145,VPWR,li1,74.9800,19.0400,1.799902
FILLER_0_3_133,VPWR,li1,69.4600,19.0400,1.799896
FILLER_0_3_111,VPWR,li1,56.8100,19.0400,1.799889
FILLER_0_3_102,VPWR,li1,52.6700,19.0400,1.799895
FILLER_0_3_98,VPWR,li1,51.5200,19.0400,1.799903
FILLER_0_3_86,VPWR,li1,47.8400,19.0400,1.799910
FILLER_0_3_74,VPWR,li1,42.3200,19.0400,1.799935
FILLER_0_3_62,VPWR,li1,36.8000,19.0400,1.799951
FILLER_0_3_57,VPWR,li1,32.2000,19.0400,1.799951
FILLER_0_3_55,VPWR,li1,31.0500,19.0400,1.799951
FILLER_0_3_49,VPWR,li1,28.2900,19.0400,1.799951
FILLER_0_3_41,VPWR,li1,26.2200,19.0400,1.799952
FILLER_0_3_30,VPWR,li1,20.2400,19.0400,1.799956
FILLER_0_3_18,VPWR,li1,16.5600,19.0400,1.799957
FILLER_0_3_10,VPWR,li1,10.5800,19.0400,1.799937
FILLER_0_3_7,VPWR,li1,8.9700,19.0400,1.799937
FILLER_0_3_3,VPWR,li1,7.8200,19.0400,1.799937
FILLER_0_2_180,VPWR,li1,88.5500,19.0400,1.799870
FILLER_0_2_176,VPWR,li1,87.4000,19.0400,1.799881
FILLER_0_2_164,VPWR,li1,83.7200,19.0400,1.799911
FILLER_0_2_159,VPWR,li1,78.8900,19.0400,1.799904
FILLER_0_2_153,VPWR,li1,77.2800,19.0400,1.799904
FILLER_0_2_141,VPWR,li1,73.1400,19.0400,1.799900
FILLER_0_2_137,VPWR,li1,69.2300,19.0400,1.799896
FILLER_0_2_129,VPWR,li1,66.7000,19.0400,1.799892
FILLER_0_2_102,VPWR,li1,52.6700,19.0400,1.799895
FILLER_0_2_96,VPWR,li1,51.0600,19.0400,1.799903
FILLER_0_2_85,VPWR,li1,46.0000,19.0400,1.799926
FILLER_0_2_83,VPWR,li1,43.9300,19.0400,1.799935
FILLER_0_2_77,VPWR,li1,42.3200,19.0400,1.799935
FILLER_0_2_65,VPWR,li1,38.1800,19.0400,1.799951
FILLER_0_2_53,VPWR,li1,32.6600,19.0400,1.799951
FILLER_0_2_41,VPWR,li1,27.1400,19.0400,1.799952
FILLER_0_2_29,VPWR,li1,21.6200,19.0400,1.799954
FILLER_0_2_20,VPWR,li1,16.5600,19.0400,1.799957
FILLER_0_2_3,VPWR,li1,7.1300,19.0400,1.799937
FILLER_0_1_187,VPWR,li1,92.2300,13.6000,1.799867
FILLER_0_1_179,VPWR,li1,88.3200,13.6000,1.799880
FILLER_0_1_175,VPWR,li1,86.4800,13.6000,1.799887
FILLER_0_1_169,VPWR,li1,83.9500,13.6000,1.799903
FILLER_0_1_162,VPWR,li1,81.4200,13.6000,1.799905
FILLER_0_1_150,VPWR,li1,77.2800,13.6000,1.799909
FILLER_0_1_145,VPWR,li1,72.6800,13.6000,1.799919
FILLER_0_1_125,VPWR,li1,63.9400,13.6000,1.799942
FILLER_0_1_111,VPWR,li1,56.8100,13.6000,1.799955
FILLER_0_1_89,VPWR,li1,47.1500,13.6000,1.799963
FILLER_0_1_81,VPWR,li1,44.6200,13.6000,1.799971
FILLER_0_1_69,VPWR,li1,40.0200,13.6000,1.799981
FILLER_0_1_57,VPWR,li1,34.5000,13.6000,1.799981
FILLER_0_1_48,VPWR,li1,29.4400,13.6000,1.799982
FILLER_0_1_42,VPWR,li1,25.0700,13.6000,1.799983
FILLER_0_1_35,VPWR,li1,22.0800,13.6000,1.799985
FILLER_0_1_27,VPWR,li1,19.7800,13.6000,1.799989
FILLER_0_1_15,VPWR,li1,15.1800,13.6000,1.799991
FILLER_0_1_3,VPWR,li1,9.6600,13.6000,1.799991
FILLER_0_0_184,VPWR,li1,90.8500,13.6000,1.799870
FILLER_0_0_176,VPWR,li1,88.3200,13.6000,1.799880
FILLER_0_0_164,VPWR,li1,81.8800,13.6000,1.799905
FILLER_0_0_152,VPWR,li1,78.2000,13.6000,1.799909
FILLER_0_0_141,VPWR,li1,71.7600,13.6000,1.799919
FILLER_0_0_139,VPWR,li1,69.6900,13.6000,1.799928
FILLER_0_0_135,VPWR,li1,68.5400,13.6000,1.799928
FILLER_0_0_123,VPWR,li1,64.8600,13.6000,1.799942
FILLER_0_0_119,VPWR,li1,60.4900,13.6000,1.799956
FILLER_0_0_113,VPWR,li1,58.8800,13.6000,1.799955
FILLER_0_0_109,VPWR,li1,56.3500,13.6000,1.799955
FILLER_0_0_97,VPWR,li1,52.9000,13.6000,1.799956
FILLER_0_0_85,VPWR,li1,47.3800,13.6000,1.799963
FILLER_0_0_81,VPWR,li1,43.4700,13.6000,1.799971
FILLER_0_0_69,VPWR,li1,40.0200,13.6000,1.799981
FILLER_0_0_57,VPWR,li1,34.5000,13.6000,1.799981
FILLER_0_0_54,VPWR,li1,30.8200,13.6000,1.799982
FILLER_0_0_46,VPWR,li1,28.5200,13.6000,1.799982
FILLER_0_0_29,VPWR,li1,19.7800,13.6000,1.799989
FILLER_0_0_27,VPWR,li1,18.1700,13.6000,1.799989
FILLER_0_0_15,VPWR,li1,15.1800,13.6000,1.799991
FILLER_0_0_3,VPWR,li1,9.6600,13.6000,1.799991
ANTENNA_6,VPWR,li1,81.4200,68.0000,1.799951
ANTENNA_5,VPWR,li1,12.8800,73.4400,1.799967
ANTENNA_4,VPWR,li1,9.6600,19.0400,1.799937
ANTENNA_3,VPWR,li1,87.4000,13.6000,1.799880
ANTENNA_2,VPWR,li1,72.6800,35.3600,1.799942
ANTENNA_1,VPWR,li1,28.0600,24.4800,1.799907
clkload0,VPWR,li1,63.0200,46.2400,1.799868
clkbuf_1_1__f_CLK100MHZ,VPWR,li1,61.6400,46.2400,1.799874
clkbuf_1_0__f_CLK100MHZ,VPWR,li1,37.7200,51.6800,1.799887
clkbuf_0_CLK100MHZ,VPWR,li1,50.6000,51.6800,1.799879
top_module_10,VPWR,li1,92.2300,84.3200,1.799977
output9,VPWR,li1,92.2300,13.6000,1.799867
output8,VPWR,li1,92.2300,19.0400,1.799865
output7,VPWR,li1,92.2300,24.4800,1.799963
output6,VPWR,li1,90.3900,35.3600,1.799921
output5,VPWR,li1,89.4700,40.8000,1.799912
output4,VPWR,li1,92.2300,51.6800,1.799914
output3,VPWR,li1,92.2300,57.1200,1.799897
input2,VPWR,li1,7.8200,51.6800,1.799916
input1,VPWR,li1,7.8200,84.3200,1.799988
top_module_11,VPWR,li1,90.8500,84.3200,1.799977
top_module_13,VPWR,li1,92.2300,68.0000,1.799945
top_module_12,VPWR,li1,92.2300,73.4400,1.799963
TAP_TAPCELL_ROW_27_145,VPWR,li1,83.0300,84.6260,1.799977
TAP_TAPCELL_ROW_27_144,VPWR,li1,70.1500,84.6260,1.799971
TAP_TAPCELL_ROW_27_143,VPWR,li1,57.2700,84.6260,1.799973
TAP_TAPCELL_ROW_27_142,VPWR,li1,44.3900,84.6260,1.799975
TAP_TAPCELL_ROW_27_141,VPWR,li1,31.5100,84.6260,1.799974
TAP_TAPCELL_ROW_27_140,VPWR,li1,18.6300,84.6260,1.799984
TAP_TAPCELL_ROW_26_139,VPWR,li1,70.1500,84.0130,1.799971
TAP_TAPCELL_ROW_26_138,VPWR,li1,44.3900,84.0130,1.799975
TAP_TAPCELL_ROW_26_137,VPWR,li1,18.6300,84.0130,1.799984
TAP_TAPCELL_ROW_25_136,VPWR,li1,83.0300,79.1860,1.799974
TAP_TAPCELL_ROW_25_135,VPWR,li1,57.2700,79.1860,1.799958
TAP_TAPCELL_ROW_25_134,VPWR,li1,31.5100,79.1860,1.799972
TAP_TAPCELL_ROW_24_133,VPWR,li1,70.1500,78.5730,1.799959
TAP_TAPCELL_ROW_24_132,VPWR,li1,44.3900,78.5730,1.799966
TAP_TAPCELL_ROW_24_131,VPWR,li1,18.6300,78.5730,1.799970
TAP_TAPCELL_ROW_23_130,VPWR,li1,83.0300,73.7460,1.799964
TAP_TAPCELL_ROW_23_129,VPWR,li1,57.2700,73.7460,1.799941
TAP_TAPCELL_ROW_23_128,VPWR,li1,31.5100,73.7460,1.799965
TAP_TAPCELL_ROW_22_127,VPWR,li1,70.1500,73.1330,1.799924
TAP_TAPCELL_ROW_22_126,VPWR,li1,44.3900,73.1330,1.799952
TAP_TAPCELL_ROW_22_125,VPWR,li1,18.6300,73.1330,1.799973
TAP_TAPCELL_ROW_21_124,VPWR,li1,83.0300,68.3060,1.799951
TAP_TAPCELL_ROW_21_123,VPWR,li1,57.2700,68.3060,1.799934
TAP_TAPCELL_ROW_21_122,VPWR,li1,31.5100,68.3060,1.799945
TAP_TAPCELL_ROW_20_121,VPWR,li1,70.1500,67.6930,1.799943
TAP_TAPCELL_ROW_20_120,VPWR,li1,44.3900,67.6930,1.799938
TAP_TAPCELL_ROW_20_119,VPWR,li1,18.6300,67.6930,1.799963
TAP_TAPCELL_ROW_19_118,VPWR,li1,83.0300,62.8660,1.799904
TAP_TAPCELL_ROW_19_117,VPWR,li1,57.2700,62.8660,1.799923
TAP_TAPCELL_ROW_19_116,VPWR,li1,31.5100,62.8660,1.799959
TAP_TAPCELL_ROW_18_115,VPWR,li1,70.1500,62.2530,1.799915
TAP_TAPCELL_ROW_18_114,VPWR,li1,44.3900,62.2530,1.799931
TAP_TAPCELL_ROW_18_113,VPWR,li1,18.6300,62.2530,1.799975
TAP_TAPCELL_ROW_17_112,VPWR,li1,83.0300,57.4260,1.799907
TAP_TAPCELL_ROW_17_111,VPWR,li1,57.2700,57.4260,1.799853
TAP_TAPCELL_ROW_17_110,VPWR,li1,31.5100,57.4260,1.799895
TAP_TAPCELL_ROW_16_109,VPWR,li1,70.1500,56.8130,1.799864
TAP_TAPCELL_ROW_16_108,VPWR,li1,44.3900,56.8130,1.799880
TAP_TAPCELL_ROW_16_107,VPWR,li1,18.6300,56.8130,1.799925
TAP_TAPCELL_ROW_15_106,VPWR,li1,83.0300,51.9860,1.799930
TAP_TAPCELL_ROW_15_105,VPWR,li1,57.2700,51.9860,1.799894
TAP_TAPCELL_ROW_15_104,VPWR,li1,31.5100,51.9860,1.799879
TAP_TAPCELL_ROW_14_103,VPWR,li1,70.1500,51.3730,1.799895
TAP_TAPCELL_ROW_14_102,VPWR,li1,44.3900,51.3730,1.799889
TAP_TAPCELL_ROW_14_101,VPWR,li1,18.6300,51.3730,1.799904
TAP_TAPCELL_ROW_13_100,VPWR,li1,83.0300,46.5460,1.799928
TAP_TAPCELL_ROW_13_99,VPWR,li1,57.2700,46.5460,1.799858
TAP_TAPCELL_ROW_13_98,VPWR,li1,31.5100,46.5460,1.799898
TAP_TAPCELL_ROW_12_97,VPWR,li1,70.1500,45.9330,1.799875
TAP_TAPCELL_ROW_12_96,VPWR,li1,44.3900,45.9330,1.799863
TAP_TAPCELL_ROW_12_95,VPWR,li1,18.6300,45.9330,1.799933
TAP_TAPCELL_ROW_11_94,VPWR,li1,83.0300,41.1060,1.799935
TAP_TAPCELL_ROW_11_93,VPWR,li1,57.2700,41.1060,1.799942
TAP_TAPCELL_ROW_11_92,VPWR,li1,31.5100,41.1060,1.799911
TAP_TAPCELL_ROW_10_91,VPWR,li1,70.1500,40.4930,1.799930
TAP_TAPCELL_ROW_10_90,VPWR,li1,44.3900,40.4930,1.799936
TAP_TAPCELL_ROW_10_89,VPWR,li1,18.6300,40.4930,1.799942
TAP_TAPCELL_ROW_9_88,VPWR,li1,83.0300,35.6660,1.799940
TAP_TAPCELL_ROW_9_87,VPWR,li1,57.2700,35.6660,1.799968
TAP_TAPCELL_ROW_9_86,VPWR,li1,31.5100,35.6660,1.799959
TAP_TAPCELL_ROW_8_85,VPWR,li1,70.1500,35.0530,1.799946
TAP_TAPCELL_ROW_8_84,VPWR,li1,44.3900,35.0530,1.799963
TAP_TAPCELL_ROW_8_83,VPWR,li1,18.6300,35.0530,1.799958
TAP_TAPCELL_ROW_7_82,VPWR,li1,83.0300,30.2260,1.799973
TAP_TAPCELL_ROW_7_81,VPWR,li1,57.2700,30.2260,1.799978
TAP_TAPCELL_ROW_7_80,VPWR,li1,31.5100,30.2260,1.799944
TAP_TAPCELL_ROW_6_79,VPWR,li1,70.1500,29.6130,1.799971
TAP_TAPCELL_ROW_6_78,VPWR,li1,44.3900,29.6130,1.799969
TAP_TAPCELL_ROW_6_77,VPWR,li1,18.6300,29.6130,1.799919
TAP_TAPCELL_ROW_5_76,VPWR,li1,83.0300,24.7860,1.799972
TAP_TAPCELL_ROW_5_75,VPWR,li1,57.2700,24.7860,1.799966
TAP_TAPCELL_ROW_5_74,VPWR,li1,31.5100,24.7860,1.799910
TAP_TAPCELL_ROW_4_73,VPWR,li1,70.1500,24.1730,1.799965
TAP_TAPCELL_ROW_4_72,VPWR,li1,44.3900,24.1730,1.799950
TAP_TAPCELL_ROW_4_71,VPWR,li1,18.6300,24.1730,1.799898
TAP_TAPCELL_ROW_3_70,VPWR,li1,83.0300,19.3460,1.799911
TAP_TAPCELL_ROW_3_69,VPWR,li1,57.2700,19.3460,1.799889
TAP_TAPCELL_ROW_3_68,VPWR,li1,31.5100,19.3460,1.799951
TAP_TAPCELL_ROW_2_67,VPWR,li1,70.1500,18.7330,1.799896
TAP_TAPCELL_ROW_2_66,VPWR,li1,44.3900,18.7330,1.799926
TAP_TAPCELL_ROW_2_65,VPWR,li1,18.6300,18.7330,1.799956
TAP_TAPCELL_ROW_1_64,VPWR,li1,83.0300,13.9060,1.799905
TAP_TAPCELL_ROW_1_63,VPWR,li1,57.2700,13.9060,1.799955
TAP_TAPCELL_ROW_1_62,VPWR,li1,31.5100,13.9060,1.799982
TAP_TAPCELL_ROW_0_61,VPWR,li1,83.0300,13.2930,1.799905
TAP_TAPCELL_ROW_0_60,VPWR,li1,70.1500,13.2930,1.799928
TAP_TAPCELL_ROW_0_59,VPWR,li1,57.2700,13.2930,1.799955
TAP_TAPCELL_ROW_0_58,VPWR,li1,44.3900,13.2930,1.799971
TAP_TAPCELL_ROW_0_57,VPWR,li1,31.5100,13.2930,1.799982
TAP_TAPCELL_ROW_0_56,VPWR,li1,18.6300,13.2930,1.799989
PHY_EDGE_ROW_27_Left_55,VPWR,li1,6.2100,84.3200,1.799988
PHY_EDGE_ROW_26_Left_54,VPWR,li1,6.2100,84.3200,1.799988
PHY_EDGE_ROW_25_Left_53,VPWR,li1,6.2100,78.8800,1.799956
PHY_EDGE_ROW_24_Left_52,VPWR,li1,6.2100,78.8800,1.799956
PHY_EDGE_ROW_23_Left_51,VPWR,li1,6.2100,73.4400,1.799960
PHY_EDGE_ROW_22_Left_50,VPWR,li1,6.2100,73.4400,1.799960
PHY_EDGE_ROW_21_Left_49,VPWR,li1,6.2100,68.0000,1.799963
PHY_EDGE_ROW_20_Left_48,VPWR,li1,6.2100,68.0000,1.799963
PHY_EDGE_ROW_19_Left_47,VPWR,li1,6.2100,62.5600,1.799978
PHY_EDGE_ROW_18_Left_46,VPWR,li1,6.2100,62.5600,1.799978
PHY_EDGE_ROW_17_Left_45,VPWR,li1,6.2100,57.1200,1.799927
PHY_EDGE_ROW_16_Left_44,VPWR,li1,6.2100,57.1200,1.799927
PHY_EDGE_ROW_15_Left_43,VPWR,li1,6.2100,51.6800,1.799916
PHY_EDGE_ROW_14_Left_42,VPWR,li1,6.2100,51.6800,1.799916
PHY_EDGE_ROW_13_Left_41,VPWR,li1,6.2100,46.2400,1.799940
PHY_EDGE_ROW_12_Left_40,VPWR,li1,6.2100,46.2400,1.799940
PHY_EDGE_ROW_11_Left_39,VPWR,li1,6.2100,40.8000,1.799946
PHY_EDGE_ROW_10_Left_38,VPWR,li1,6.2100,40.8000,1.799946
PHY_EDGE_ROW_9_Left_37,VPWR,li1,6.2100,35.3600,1.799960
PHY_EDGE_ROW_8_Left_36,VPWR,li1,6.2100,35.3600,1.799960
PHY_EDGE_ROW_7_Left_35,VPWR,li1,6.2100,29.9200,1.799905
PHY_EDGE_ROW_6_Left_34,VPWR,li1,6.2100,29.9200,1.799905
PHY_EDGE_ROW_5_Left_33,VPWR,li1,6.2100,24.4800,1.799903
PHY_EDGE_ROW_4_Left_32,VPWR,li1,6.2100,24.4800,1.799903
PHY_EDGE_ROW_3_Left_31,VPWR,li1,6.2100,19.0400,1.799937
PHY_EDGE_ROW_2_Left_30,VPWR,li1,6.2100,19.0400,1.799937
PHY_EDGE_ROW_1_Left_29,VPWR,li1,6.2100,13.6000,1.799991
PHY_EDGE_ROW_0_Left_28,VPWR,li1,6.2100,13.6000,1.799991
PHY_EDGE_ROW_27_Right_27,VPWR,li1,93.6100,84.3200,1.799977
PHY_EDGE_ROW_26_Right_26,VPWR,li1,93.6100,84.3200,1.799977
PHY_EDGE_ROW_25_Right_25,VPWR,li1,93.6100,78.8800,1.799978
PHY_EDGE_ROW_24_Right_24,VPWR,li1,93.6100,78.8800,1.799978
PHY_EDGE_ROW_23_Right_23,VPWR,li1,93.6100,73.4400,1.799963
PHY_EDGE_ROW_22_Right_22,VPWR,li1,93.6100,73.4400,1.799963
PHY_EDGE_ROW_21_Right_21,VPWR,li1,93.6100,68.0000,1.799945
PHY_EDGE_ROW_20_Right_20,VPWR,li1,93.6100,68.0000,1.799945
PHY_EDGE_ROW_19_Right_19,VPWR,li1,93.6100,62.5600,1.799874
PHY_EDGE_ROW_18_Right_18,VPWR,li1,93.6100,62.5600,1.799874
PHY_EDGE_ROW_17_Right_17,VPWR,li1,93.6100,57.1200,1.799897
PHY_EDGE_ROW_16_Right_16,VPWR,li1,93.6100,57.1200,1.799897
PHY_EDGE_ROW_15_Right_15,VPWR,li1,93.6100,51.6800,1.799914
PHY_EDGE_ROW_14_Right_14,VPWR,li1,93.6100,51.6800,1.799914
PHY_EDGE_ROW_13_Right_13,VPWR,li1,93.6100,46.2400,1.799910
PHY_EDGE_ROW_12_Right_12,VPWR,li1,93.6100,46.2400,1.799910
PHY_EDGE_ROW_11_Right_11,VPWR,li1,93.6100,40.8000,1.799912
PHY_EDGE_ROW_10_Right_10,VPWR,li1,93.6100,40.8000,1.799912
PHY_EDGE_ROW_9_Right_9,VPWR,li1,93.6100,35.3600,1.799914
PHY_EDGE_ROW_8_Right_8,VPWR,li1,93.6100,35.3600,1.799914
PHY_EDGE_ROW_7_Right_7,VPWR,li1,93.6100,29.9200,1.799966
PHY_EDGE_ROW_6_Right_6,VPWR,li1,93.6100,29.9200,1.799966
PHY_EDGE_ROW_5_Right_5,VPWR,li1,93.6100,24.4800,1.799963
PHY_EDGE_ROW_4_Right_4,VPWR,li1,93.6100,24.4800,1.799963
PHY_EDGE_ROW_3_Right_3,VPWR,li1,93.6100,19.0400,1.799865
PHY_EDGE_ROW_2_Right_2,VPWR,li1,93.6100,19.0400,1.799865
PHY_EDGE_ROW_1_Right_1,VPWR,li1,93.6100,13.6000,1.799867
PHY_EDGE_ROW_0_Right_0,VPWR,li1,93.6100,13.6000,1.799867
_464_,VPWR,li1,31.2800,68.0000,1.799945
_463_,VPWR,li1,18.1700,57.1200,1.799925
_462_,VPWR,li1,73.8300,35.3600,1.799938
_461_,VPWR,li1,10.5800,29.9200,1.799905
_460_,VPWR,li1,30.8200,84.3200,1.799973
_459_,VPWR,li1,11.0400,19.0400,1.799937
_458_,VPWR,li1,62.5600,51.6800,1.799912
_457_,VPWR,li1,74.0600,40.8000,1.799923
_456_,VPWR,li1,79.1200,57.1200,1.799883
_455_,VPWR,li1,10.5800,35.3600,1.799960
_454_,VPWR,li1,19.3200,29.9200,1.799919
_453_,VPWR,li1,43.7000,40.8000,1.799936
_452_,VPWR,li1,58.4200,24.4800,1.799968
_451_,VPWR,li1,40.0200,62.5600,1.799946
_450_,VPWR,li1,35.4200,24.4800,1.799919
_449_,VPWR,li1,39.5600,68.0000,1.799947
_448_,VPWR,li1,40.4800,57.1200,1.799911
_447_,VPWR,li1,68.5400,13.6000,1.799928
_446_,VPWR,li1,52.9000,46.2400,1.799847
_445_,VPWR,li1,87.8600,51.6800,1.799919
_444_,VPWR,li1,56.5800,19.0400,1.799889
_443_,VPWR,li1,24.8400,46.2400,1.799904
_442_,VPWR,li1,50.1400,62.5600,1.799921
_441_,VPWR,li1,17.0200,68.0000,1.799966
_440_,VPWR,li1,23.0000,51.6800,1.799882
_439_,VPWR,li1,50.1400,62.5600,1.799921
_438_,VPWR,li1,52.9000,73.4400,1.799941
_437_,VPWR,li1,31.7400,57.1200,1.799895
_436_,VPWR,li1,11.7300,24.4800,1.799905
_435_,VPWR,li1,20.9300,40.8000,1.799932
_434_,VPWR,li1,89.0100,46.2400,1.799917
_433_,VPWR,li1,83.9500,29.9200,1.799973
_432_,VPWR,li1,50.3700,68.0000,1.799927
_431_,VPWR,li1,52.2100,35.3600,1.799967
_430_,VPWR,li1,50.8300,46.2400,1.799848
_429_,VPWR,li1,13.5700,78.8800,1.799964
_428_,VPWR,li1,59.5700,78.8800,1.799963
_427_,VPWR,li1,71.5300,29.9200,1.799970
_426_,VPWR,li1,77.9700,57.1200,1.799883
_425_,VPWR,li1,13.5700,40.8000,1.799947
_424_,VPWR,li1,36.1100,68.0000,1.799946
_423_,VPWR,li1,74.9800,35.3600,1.799938
_422_,VPWR,li1,20.4700,84.3200,1.799982
_421_,VPWR,li1,20.4700,62.5600,1.799971
_420_,VPWR,li1,37.9500,51.6800,1.799900
_419_,VPWR,li1,27.3700,35.3600,1.799952
_418_,VPWR,li1,22.3100,29.9200,1.799925
_417_,VPWR,li1,45.3100,68.0000,1.799934
_416_,VPWR,li1,23.6900,13.6000,1.799985
_415_,VPWR,li1,31.5100,29.9200,1.799944
_414_,VPWR,li1,53.5900,35.3600,1.799967
_413_,VPWR,li1,62.7900,35.3600,1.799963
_412_,VPWR,li1,40.2500,84.3200,1.799978
_411_,VPWR,li1,86.9400,51.6800,1.799919
_410_,VPWR,li1,17.0200,46.2400,1.799943
_409_,VPWR,li1,55.8900,51.6800,1.799894
_408_,VPWR,li1,83.9500,51.6800,1.799930
_407_,VPWR,li1,73.3700,29.9200,1.799969
_406_,VPWR,li1,67.8500,40.8000,1.799934
_405_,VPWR,li1,75.6700,29.9200,1.799968
_404_,VPWR,li1,13.5700,24.4800,1.799906
_403_,VPWR,li1,66.0100,19.0400,1.799892
_402_,VPWR,li1,32.8900,24.4800,1.799914
_401_,VPWR,li1,75.6700,84.3200,1.799969
_400_,VPWR,li1,9.4300,73.4400,1.799964
_399_,VPWR,li1,81.4200,62.5600,1.799905
_398_,VPWR,li1,62.3300,13.6000,1.799949
_397_,VPWR,li1,65.3200,40.8000,1.799943
_396_,VPWR,li1,20.9300,35.3600,1.799949
_395_,VPWR,li1,49.9100,57.1200,1.799854
_394_,VPWR,li1,22.3100,40.8000,1.799932
_393_,VPWR,li1,59.5700,13.6000,1.799956
_392_,VPWR,li1,24.6100,35.3600,1.799948
_391_,VPWR,li1,20.9300,40.8000,1.799932
_390_,VPWR,li1,92.2300,29.9200,1.799966
_389_,VPWR,li1,51.2900,29.9200,1.799971
_388_,VPWR,li1,61.8700,51.6800,1.799912
_387_,VPWR,li1,63.7100,78.8800,1.799959
_386_,VPWR,li1,30.3600,24.4800,1.799910
_385_,VPWR,li1,91.3100,40.8000,1.799912
_384_,VPWR,li1,63.7100,40.8000,1.799943
_383_,VPWR,li1,12.1900,29.9200,1.799905
_382_,VPWR,li1,26.9100,46.2400,1.799895
_381_,VPWR,li1,12.4200,19.0400,1.799937
_380_,VPWR,li1,62.5600,62.5600,1.799926
_379_,VPWR,li1,41.1700,35.3600,1.799962
_378_,VPWR,li1,79.8100,78.8800,1.799968
_377_,VPWR,li1,63.0200,73.4400,1.799933
_376_,VPWR,li1,87.6300,46.2400,1.799917
_375_,VPWR,li1,63.4800,68.0000,1.799947
_374_,VPWR,li1,15.6400,62.5600,1.799978
_373_,VPWR,li1,83.9500,62.5600,1.799904
_372_,VPWR,li1,73.8300,13.6000,1.799912
_371_,VPWR,li1,8.9700,24.4800,1.799903
_370_,VPWR,li1,11.2700,46.2400,1.799940
_369_,VPWR,li1,83.0300,84.3200,1.799977
_368_,VPWR,li1,59.1100,40.8000,1.799945
_367_,VPWR,li1,78.4300,84.3200,1.799971
_366_,VPWR,li1,21.3900,35.3600,1.799949
_365_,VPWR,li1,46.6900,46.2400,1.799850
_364_,VPWR,li1,80.0400,19.0400,1.799907
_363_,VPWR,li1,10.3500,40.8000,1.799946
_362_,VPWR,li1,12.1900,40.8000,1.799946
_361_,VPWR,li1,25.9900,35.3600,1.799948
_360_,VPWR,li1,91.7700,35.3600,1.799914
_359_,VPWR,li1,25.9900,51.6800,1.799873
_358_,VPWR,li1,59.8000,57.1200,1.799857
_357_,VPWR,li1,47.1500,46.2400,1.799850
_356_,VPWR,li1,16.7900,29.9200,1.799919
_355_,VPWR,li1,54.7400,78.8800,1.799950
_354_,VPWR,li1,49.2200,57.1200,1.799854
_353_,VPWR,li1,21.3900,51.6800,1.799892
_352_,VPWR,li1,63.7100,51.6800,1.799906
_351_,VPWR,li1,34.9600,40.8000,1.799913
_350_,VPWR,li1,66.0100,73.4400,1.799921
_349_,VPWR,li1,81.6500,57.1200,1.799890
_348_,VPWR,li1,85.3300,13.6000,1.799887
_347_,VPWR,li1,26.9100,57.1200,1.799891
_346_,VPWR,li1,72.9100,51.6800,1.799894
_345_,VPWR,li1,84.8700,13.6000,1.799903
_344_,VPWR,li1,26.9100,57.1200,1.799891
_343_,VPWR,li1,51.2900,57.1200,1.799850
_342_,VPWR,li1,71.9900,46.2400,1.799876
_341_,VPWR,li1,7.8200,73.4400,1.799960
_340_,VPWR,li1,25.0700,78.8800,1.799970
_339_,VPWR,li1,62.5600,19.0400,1.799889
_338_,VPWR,li1,59.1100,68.0000,1.799940
_337_,VPWR,li1,90.6200,62.5600,1.799874
_336_,VPWR,li1,74.9800,46.2400,1.799890
_335_,VPWR,li1,74.2900,84.3200,1.799969
_334_,VPWR,li1,78.8900,78.8800,1.799968
_333_,VPWR,li1,50.3700,51.6800,1.799879
_332_,VPWR,li1,61.4100,19.0400,1.799889
_331_,VPWR,li1,10.8100,78.8800,1.799958
_330_,VPWR,li1,90.8500,40.8000,1.799912
_329_,VPWR,li1,60.4900,62.5600,1.799932
_328_,VPWR,li1,11.7300,57.1200,1.799929
_327_,VPWR,li1,86.7100,62.5600,1.799891
_326_,VPWR,li1,36.1100,24.4800,1.799919
_325_,VPWR,li1,90.3900,62.5600,1.799874
_324_,VPWR,li1,26.4500,13.6000,1.799983
_323_,VPWR,li1,86.2500,19.0400,1.799881
_322_,VPWR,li1,64.6300,62.5600,1.799919
_321_,VPWR,li1,75.2100,40.8000,1.799923
_320_,VPWR,li1,8.9700,57.1200,1.799927
_319_,VPWR,li1,55.4300,46.2400,1.799850
_318_,VPWR,li1,58.1900,62.5600,1.799923
_317_,VPWR,li1,90.1600,35.3600,1.799921
_316_,VPWR,li1,32.8900,40.8000,1.799908
_315_,VPWR,li1,63.4800,57.1200,1.799854
_314_,VPWR,li1,23.4600,35.3600,1.799946
_313_,VPWR,li1,39.7900,46.2400,1.799889
_312_,VPWR,li1,55.4300,62.5600,1.799920
_311_,VPWR,li1,58.6500,62.5600,1.799923
_310_,VPWR,li1,23.6900,13.6000,1.799985
_309_,VPWR,li1,87.1700,68.0000,1.799945
_308_,VPWR,li1,27.3700,40.8000,1.799919
_307_,VPWR,li1,48.5300,19.0400,1.799910
_306_,VPWR,li1,41.1700,51.6800,1.799892
_305_,VPWR,li1,52.2100,40.8000,1.799939
_304_,VPWR,li1,53.5900,19.0400,1.799895
_303_,VPWR,li1,15.4100,51.6800,1.799921
_302_,VPWR,li1,54.9700,68.0000,1.799928
_301_,VPWR,li1,7.8200,68.0000,1.799963
_300_,VPWR,li1,74.7500,78.8800,1.799964
_299_,VPWR,li1,14.4900,24.4800,1.799906
_298_,VPWR,li1,67.8500,40.8000,1.799934
_297_,VPWR,li1,55.8900,40.8000,1.799942
_296_,VPWR,li1,18.8600,24.4800,1.799898
_295_,VPWR,li1,47.3800,84.3200,1.799972
_294_,VPWR,li1,7.5900,78.8800,1.799956
_293_,VPWR,li1,26.9100,29.9200,1.799933
_292_,VPWR,li1,33.3500,19.0400,1.799950
_291_,VPWR,li1,50.8300,13.6000,1.799957
_290_,VPWR,li1,84.6400,29.9200,1.799973
_289_,VPWR,li1,55.6600,51.6800,1.799894
_288_,VPWR,li1,20.4700,84.3200,1.799982
_287_,VPWR,li1,59.3400,51.6800,1.799902
_286_,VPWR,li1,74.7500,24.4800,1.799962
_285_,VPWR,li1,87.4000,57.1200,1.799901
_284_,VPWR,li1,85.3300,46.2400,1.799922
_283_,VPWR,li1,71.3000,40.8000,1.799930
_282_,VPWR,li1,40.2500,68.0000,1.799947
_281_,VPWR,li1,10.3500,51.6800,1.799916
_280_,VPWR,li1,19.7800,35.3600,1.799949
_279_,VPWR,li1,67.1600,35.3600,1.799952
_278_,VPWR,li1,29.6700,40.8000,1.799914
_277_,VPWR,li1,92.2300,84.3200,1.799977
_276_,VPWR,li1,78.4300,40.8000,1.799926
_275_,VPWR,li1,23.6900,40.8000,1.799924
_274_,VPWR,li1,30.1300,62.5600,1.799959
_273_,VPWR,li1,57.7300,68.0000,1.799934
_272_,VPWR,li1,91.3100,46.2400,1.799910
_271_,VPWR,li1,35.1900,29.9200,1.799953
_270_,VPWR,li1,44.8500,62.5600,1.799931
_269_,VPWR,li1,90.1600,13.6000,1.799870
_268_,VPWR,li1,90.6200,19.0400,1.799865
_267_,VPWR,li1,44.1600,46.2400,1.799863
_266_,VPWR,li1,81.4200,35.3600,1.799940
_265_,VPWR,li1,38.4100,46.2400,1.799903
_264_,VPWR,li1,53.5900,57.1200,1.799851
_263_,VPWR,li1,52.9000,73.4400,1.799941
_262_,VPWR,li1,70.6100,73.4400,1.799924
_261_,VPWR,li1,15.4100,51.6800,1.799921
_260_,VPWR,li1,88.5500,62.5600,1.799883
_259_,VPWR,li1,55.4300,19.0400,1.799889
_258_,VPWR,li1,74.2900,13.6000,1.799912
_257_,VPWR,li1,67.3900,78.8800,1.799957
_256_,VPWR,li1,85.1000,24.4800,1.799968
_255_,VPWR,li1,63.4800,29.9200,1.799977
_254_,VPWR,li1,77.0500,35.3600,1.799937
_253_,VPWR,li1,84.6400,57.1200,1.799907
_252_,VPWR,li1,80.7300,51.6800,1.799922
_251_,VPWR,li1,30.1300,73.4400,1.799965
_250_,VPWR,li1,20.0100,29.9200,1.799919
_249_,VPWR,li1,53.3600,84.3200,1.799971
_248_,VPWR,li1,26.4500,78.8800,1.799970
_247_,VPWR,li1,86.4800,40.8000,1.799920
_246_,VPWR,li1,68.3100,73.4400,1.799922
_245_,VPWR,li1,58.4200,73.4400,1.799941
_244_,VPWR,li1,41.1700,46.2400,1.799889
_243_,VPWR,li1,27.3700,73.4400,1.799966
_242_,VPWR,li1,77.9700,40.8000,1.799926
_241_,VPWR,li1,45.5400,73.4400,1.799952
_240_,VPWR,li1,31.5100,51.6800,1.799879
_239_,VPWR,li1,54.0500,68.0000,1.799926
_238_,VPWR,li1,82.1100,68.0000,1.799951
_237_,VPWR,li1,62.7900,24.4800,1.799969
_236_,VPWR,li1,19.7800,51.6800,1.799892
_235_,VPWR,li1,55.2000,13.6000,1.799955
_234_,VPWR,li1,36.1100,84.3200,1.799976
_233_,VPWR,li1,60.4900,68.0000,1.799940
_232_,VPWR,li1,58.4200,78.8800,1.799958
_231_,VPWR,li1,92.0000,35.3600,1.799914
_230_,VPWR,li1,28.9800,51.6800,1.799876
_229_,VPWR,li1,48.3000,68.0000,1.799929
_228_,VPWR,li1,33.3500,68.0000,1.799945
_227_,VPWR,li1,22.7700,19.0400,1.799954
_226_,VPWR,li1,85.7900,73.4400,1.799963
_225_,VPWR,li1,78.2000,62.5600,1.799908
_224_,VPWR,li1,34.7300,62.5600,1.799956
_223_,VPWR,li1,29.6700,19.0400,1.799951
_222_,VPWR,li1,46.0000,84.3200,1.799973
_221_,VPWR,li1,59.8000,84.3200,1.799975
_220_,VPWR,li1,90.1600,19.0400,1.799870
_219_,VPWR,li1,71.3000,68.0000,1.799942
_218_,VPWR,li1,25.9900,24.4800,1.799904
_217_,VPWR,li1,61.4100,13.6000,1.799949
_216_,VPWR,li1,84.6400,40.8000,1.799926
_215_,VPWR,li1,68.0800,51.6800,1.799895
