Instance,Terminal,Layer,X location,Y location,Voltage
FILLER_0_27_181,VGND,li1,90.1600,87.0400,0.000004
FILLER_0_27_169,VGND,li1,86.0200,87.0400,0.000004
FILLER_0_27_165,VGND,li1,82.1100,87.0400,0.000005
FILLER_0_27_153,VGND,li1,78.6600,87.0400,0.000006
FILLER_0_27_145,VGND,li1,72.4500,87.0400,0.000007
FILLER_0_27_141,VGND,li1,71.3000,87.0400,0.000007
FILLER_0_27_137,VGND,li1,69.2300,87.0400,0.000006
FILLER_0_27_125,VGND,li1,65.7800,87.0400,0.000004
FILLER_0_27_113,VGND,li1,60.2600,87.0400,0.000005
FILLER_0_27_106,VGND,li1,55.6600,87.0400,0.000005
FILLER_0_27_94,VGND,li1,51.5200,87.0400,0.000006
FILLER_0_27_85,VGND,li1,45.3100,87.0400,0.000005
FILLER_0_27_81,VGND,li1,43.4700,87.0400,0.000004
FILLER_0_27_69,VGND,li1,40.0200,87.0400,0.000004
FILLER_0_27_57,VGND,li1,34.5000,87.0400,0.000005
FILLER_0_27_48,VGND,li1,29.4400,87.0400,0.000006
FILLER_0_27_36,VGND,li1,24.8400,87.0400,0.000006
FILLER_0_27_27,VGND,li1,18.1700,87.0400,0.000007
FILLER_0_27_15,VGND,li1,15.1800,87.0400,0.000007
FILLER_0_27_3,VGND,li1,9.6600,87.0400,0.000007
FILLER_0_26_181,VGND,li1,89.4700,81.6000,0.000030
FILLER_0_26_173,VGND,li1,86.9400,81.6000,0.000027
FILLER_0_26_163,VGND,li1,80.7300,81.6000,0.000037
FILLER_0_26_149,VGND,li1,74.5200,81.6000,0.000042
FILLER_0_26_141,VGND,li1,72.2200,81.6000,0.000041
FILLER_0_26_139,VGND,li1,69.6900,81.6000,0.000040
FILLER_0_26_133,VGND,li1,68.0800,81.6000,0.000040
FILLER_0_26_121,VGND,li1,63.9400,81.6000,0.000034
FILLER_0_26_114,VGND,li1,58.1900,81.6000,0.000039
FILLER_0_26_106,VGND,li1,56.1200,81.6000,0.000039
FILLER_0_26_99,VGND,li1,51.7500,81.6000,0.000038
FILLER_0_26_91,VGND,li1,49.2200,81.6000,0.000036
FILLER_0_26_78,VGND,li1,42.7800,81.6000,0.000029
FILLER_0_26_70,VGND,li1,38.4100,81.6000,0.000034
FILLER_0_26_35,VGND,li1,24.3800,81.6000,0.000040
FILLER_0_26_29,VGND,li1,19.0900,81.6000,0.000042
FILLER_0_26_27,VGND,li1,18.1700,81.6000,0.000042
FILLER_0_26_19,VGND,li1,16.1000,81.6000,0.000047
FILLER_0_26_7,VGND,li1,11.5000,81.6000,0.000060
FILLER_0_25_189,VGND,li1,92.6900,81.6000,0.000031
FILLER_0_25_181,VGND,li1,90.6200,81.6000,0.000030
FILLER_0_25_169,VGND,li1,86.0200,81.6000,0.000027
FILLER_0_25_162,VGND,li1,81.4200,81.6000,0.000037
FILLER_0_25_156,VGND,li1,77.5100,81.6000,0.000040
FILLER_0_25_150,VGND,li1,75.9000,81.6000,0.000042
FILLER_0_25_138,VGND,li1,71.7600,81.6000,0.000041
FILLER_0_25_111,VGND,li1,56.8100,81.6000,0.000039
FILLER_0_25_105,VGND,li1,55.2000,81.6000,0.000039
FILLER_0_25_93,VGND,li1,51.0600,81.6000,0.000038
FILLER_0_25_81,VGND,li1,45.5400,81.6000,0.000032
FILLER_0_25_69,VGND,li1,40.0200,81.6000,0.000034
FILLER_0_25_57,VGND,li1,34.5000,81.6000,0.000040
FILLER_0_25_44,VGND,li1,28.5200,81.6000,0.000042
FILLER_0_25_39,VGND,li1,23.9200,81.6000,0.000040
FILLER_0_25_31,VGND,li1,21.6200,81.6000,0.000038
FILLER_0_25_19,VGND,li1,17.0200,81.6000,0.000047
FILLER_0_25_3,VGND,li1,7.8200,81.6000,0.000060
FILLER_0_24_189,VGND,li1,92.6900,76.1600,0.000040
FILLER_0_24_177,VGND,li1,89.7000,76.1600,0.000040
FILLER_0_24_165,VGND,li1,84.1800,76.1600,0.000050
FILLER_0_24_152,VGND,li1,76.8200,76.1600,0.000069
FILLER_0_24_141,VGND,li1,72.2200,76.1600,0.000080
FILLER_0_24_132,VGND,li1,68.0800,76.1600,0.000084
FILLER_0_24_120,VGND,li1,63.4800,76.1600,0.000072
FILLER_0_24_103,VGND,li1,53.1300,76.1600,0.000086
FILLER_0_24_97,VGND,li1,51.5200,76.1600,0.000076
FILLER_0_24_85,VGND,li1,47.3800,76.1600,0.000067
FILLER_0_24_72,VGND,li1,41.4000,76.1600,0.000046
FILLER_0_24_60,VGND,li1,35.8800,76.1600,0.000045
FILLER_0_24_48,VGND,li1,30.3600,76.1600,0.000044
FILLER_0_24_41,VGND,li1,24.8400,76.1600,0.000038
FILLER_0_24_29,VGND,li1,21.6200,76.1600,0.000033
FILLER_0_24_26,VGND,li1,17.9400,76.1600,0.000033
FILLER_0_24_18,VGND,li1,15.6400,76.1600,0.000036
FILLER_0_24_6,VGND,li1,11.0400,76.1600,0.000043
FILLER_0_23_184,VGND,li1,90.8500,76.1600,0.000040
FILLER_0_23_176,VGND,li1,88.3200,76.1600,0.000040
FILLER_0_23_169,VGND,li1,84.1800,76.1600,0.000050
FILLER_0_23_160,VGND,li1,80.9600,76.1600,0.000061
FILLER_0_23_148,VGND,li1,76.3600,76.1600,0.000074
FILLER_0_23_125,VGND,li1,63.7100,76.1600,0.000072
FILLER_0_23_117,VGND,li1,61.1800,76.1600,0.000077
FILLER_0_23_111,VGND,li1,56.8100,76.1600,0.000086
FILLER_0_23_92,VGND,li1,48.5300,76.1600,0.000067
FILLER_0_23_81,VGND,li1,43.0100,76.1600,0.000046
FILLER_0_23_69,VGND,li1,40.0200,76.1600,0.000046
FILLER_0_23_57,VGND,li1,34.5000,76.1600,0.000045
FILLER_0_23_43,VGND,li1,25.5300,76.1600,0.000038
FILLER_0_23_31,VGND,li1,22.5400,76.1600,0.000033
FILLER_0_23_19,VGND,li1,17.0200,76.1600,0.000036
FILLER_0_23_7,VGND,li1,11.5000,76.1600,0.000043
FILLER_0_22_189,VGND,li1,92.6900,70.7200,0.000033
FILLER_0_22_177,VGND,li1,89.7000,70.7200,0.000033
FILLER_0_22_165,VGND,li1,84.1800,70.7200,0.000033
FILLER_0_22_153,VGND,li1,78.6600,70.7200,0.000033
FILLER_0_22_141,VGND,li1,73.1400,70.7200,0.000032
FILLER_0_22_129,VGND,li1,65.7800,70.7200,0.000031
FILLER_0_22_120,VGND,li1,60.9500,70.7200,0.000035
FILLER_0_22_108,VGND,li1,57.9600,70.7200,0.000041
FILLER_0_22_97,VGND,li1,50.3700,70.7200,0.000042
FILLER_0_22_85,VGND,li1,47.3800,70.7200,0.000037
FILLER_0_22_83,VGND,li1,43.9300,70.7200,0.000032
FILLER_0_22_77,VGND,li1,42.3200,70.7200,0.000029
FILLER_0_22_65,VGND,li1,38.1800,70.7200,0.000032
FILLER_0_22_53,VGND,li1,32.6600,70.7200,0.000031
FILLER_0_22_41,VGND,li1,27.1400,70.7200,0.000029
FILLER_0_22_29,VGND,li1,21.6200,70.7200,0.000027
FILLER_0_22_25,VGND,li1,17.7100,70.7200,0.000034
FILLER_0_22_17,VGND,li1,15.1800,70.7200,0.000035
FILLER_0_22_13,VGND,li1,11.9600,70.7200,0.000037
FILLER_0_22_3,VGND,li1,7.1300,70.7200,0.000039
FILLER_0_21_189,VGND,li1,92.6900,70.7200,0.000033
FILLER_0_21_185,VGND,li1,91.5400,70.7200,0.000033
FILLER_0_21_169,VGND,li1,83.4900,70.7200,0.000033
FILLER_0_21_166,VGND,li1,82.3400,70.7200,0.000033
FILLER_0_21_156,VGND,li1,79.1200,70.7200,0.000033
FILLER_0_21_144,VGND,li1,74.5200,70.7200,0.000032
FILLER_0_21_132,VGND,li1,69.0000,70.7200,0.000032
FILLER_0_21_120,VGND,li1,63.4800,70.7200,0.000030
FILLER_0_21_109,VGND,li1,56.3500,70.7200,0.000041
FILLER_0_21_92,VGND,li1,48.0700,70.7200,0.000037
FILLER_0_21_88,VGND,li1,46.9200,70.7200,0.000037
FILLER_0_21_84,VGND,li1,44.3900,70.7200,0.000032
FILLER_0_21_80,VGND,li1,43.2400,70.7200,0.000029
FILLER_0_21_57,VGND,li1,32.2000,70.7200,0.000030
FILLER_0_21_53,VGND,li1,30.5900,70.7200,0.000030
FILLER_0_21_45,VGND,li1,28.0600,70.7200,0.000029
FILLER_0_21_33,VGND,li1,23.4600,70.7200,0.000028
FILLER_0_21_15,VGND,li1,12.8800,70.7200,0.000037
FILLER_0_21_3,VGND,li1,9.6600,70.7200,0.000039
FILLER_0_20_186,VGND,li1,91.3100,65.2800,0.000058
FILLER_0_20_180,VGND,li1,89.7000,65.2800,0.000058
FILLER_0_20_168,VGND,li1,85.5600,65.2800,0.000047
FILLER_0_20_157,VGND,li1,79.5800,65.2800,0.000054
FILLER_0_20_145,VGND,li1,74.9800,65.2800,0.000060
FILLER_0_20_137,VGND,li1,69.2300,65.2800,0.000064
FILLER_0_20_129,VGND,li1,66.7000,65.2800,0.000063
FILLER_0_20_115,VGND,li1,58.6500,65.2800,0.000073
FILLER_0_20_101,VGND,li1,52.4400,65.2800,0.000081
FILLER_0_20_82,VGND,li1,43.7000,65.2800,0.000062
FILLER_0_20_45,VGND,li1,26.4500,65.2800,0.000052
FILLER_0_20_41,VGND,li1,25.3000,65.2800,0.000044
FILLER_0_20_29,VGND,li1,21.6200,65.2800,0.000038
FILLER_0_20_27,VGND,li1,18.1700,65.2800,0.000033
FILLER_0_20_19,VGND,li1,16.1000,65.2800,0.000034
FILLER_0_20_7,VGND,li1,11.5000,65.2800,0.000035
FILLER_0_19_186,VGND,li1,92.0000,65.2800,0.000058
FILLER_0_19_177,VGND,li1,87.1700,65.2800,0.000053
FILLER_0_19_169,VGND,li1,85.1000,65.2800,0.000047
FILLER_0_19_156,VGND,li1,80.0400,65.2800,0.000054
FILLER_0_19_144,VGND,li1,74.5200,65.2800,0.000060
FILLER_0_19_132,VGND,li1,69.0000,65.2800,0.000064
FILLER_0_19_121,VGND,li1,62.1000,65.2800,0.000069
FILLER_0_19_111,VGND,li1,56.8100,65.2800,0.000077
FILLER_0_19_105,VGND,li1,55.2000,65.2800,0.000080
FILLER_0_19_88,VGND,li1,46.2300,65.2800,0.000074
FILLER_0_19_57,VGND,li1,32.4300,65.2800,0.000064
FILLER_0_19_55,VGND,li1,31.0500,65.2800,0.000063
FILLER_0_19_46,VGND,li1,28.0600,65.2800,0.000052
FILLER_0_19_34,VGND,li1,23.9200,65.2800,0.000044
FILLER_0_19_27,VGND,li1,18.8600,65.2800,0.000033
FILLER_0_19_15,VGND,li1,15.1800,65.2800,0.000034
FILLER_0_19_3,VGND,li1,9.6600,65.2800,0.000036
FILLER_0_18_179,VGND,li1,88.0900,59.8400,0.000093
FILLER_0_18_160,VGND,li1,79.8100,59.8400,0.000101
FILLER_0_18_153,VGND,li1,76.5900,59.8400,0.000096
FILLER_0_18_141,VGND,li1,73.1400,59.8400,0.000093
FILLER_0_18_139,VGND,li1,69.6900,59.8400,0.000088
FILLER_0_18_127,VGND,li1,66.7000,59.8400,0.000083
FILLER_0_18_117,VGND,li1,60.2600,59.8400,0.000105
FILLER_0_18_85,VGND,li1,45.5400,59.8400,0.000067
FILLER_0_18_83,VGND,li1,43.9300,59.8400,0.000067
FILLER_0_18_77,VGND,li1,42.3200,59.8400,0.000059
FILLER_0_18_65,VGND,li1,38.1800,59.8400,0.000063
FILLER_0_18_53,VGND,li1,32.6600,59.8400,0.000070
FILLER_0_18_41,VGND,li1,27.1400,59.8400,0.000075
FILLER_0_18_29,VGND,li1,21.6200,59.8400,0.000062
FILLER_0_18_24,VGND,li1,17.4800,59.8400,0.000065
FILLER_0_18_19,VGND,li1,14.4900,59.8400,0.000068
FILLER_0_18_15,VGND,li1,13.3400,59.8400,0.000068
FILLER_0_18_3,VGND,li1,9.6600,59.8400,0.000068
FILLER_0_17_181,VGND,li1,90.1600,59.8400,0.000099
FILLER_0_17_151,VGND,li1,75.2100,59.8400,0.000096
FILLER_0_17_147,VGND,li1,74.0600,59.8400,0.000093
FILLER_0_17_135,VGND,li1,70.3800,59.8400,0.000088
FILLER_0_17_123,VGND,li1,64.8600,59.8400,0.000079
FILLER_0_17_111,VGND,li1,56.8100,59.8400,0.000108
FILLER_0_17_107,VGND,li1,55.6600,59.8400,0.000108
FILLER_0_17_101,VGND,li1,52.2100,59.8400,0.000102
FILLER_0_17_89,VGND,li1,47.1500,59.8400,0.000083
FILLER_0_17_81,VGND,li1,44.6200,59.8400,0.000067
FILLER_0_17_69,VGND,li1,40.0200,59.8400,0.000061
FILLER_0_17_57,VGND,li1,34.5000,59.8400,0.000067
FILLER_0_17_48,VGND,li1,29.4400,59.8400,0.000072
FILLER_0_17_39,VGND,li1,24.8400,59.8400,0.000070
FILLER_0_17_15,VGND,li1,12.6500,59.8400,0.000068
FILLER_0_17_3,VGND,li1,9.6600,59.8400,0.000068
FILLER_0_16_187,VGND,li1,92.2300,54.4000,0.000084
FILLER_0_16_179,VGND,li1,89.7000,54.4000,0.000084
FILLER_0_16_167,VGND,li1,85.1000,54.4000,0.000080
FILLER_0_16_162,VGND,li1,80.5000,54.4000,0.000111
FILLER_0_16_141,VGND,li1,73.1400,54.4000,0.000131
FILLER_0_16_134,VGND,li1,68.5400,54.4000,0.000127
FILLER_0_16_117,VGND,li1,59.5700,54.4000,0.000143
FILLER_0_16_113,VGND,li1,58.4200,54.4000,0.000145
FILLER_0_16_101,VGND,li1,54.7400,54.4000,0.000147
FILLER_0_16_91,VGND,li1,47.6100,54.4000,0.000142
FILLER_0_16_85,VGND,li1,46.0000,54.4000,0.000125
FILLER_0_16_65,VGND,li1,36.1100,54.4000,0.000117
FILLER_0_16_41,VGND,li1,25.0700,54.4000,0.000128
FILLER_0_16_29,VGND,li1,21.6200,54.4000,0.000115
FILLER_0_16_27,VGND,li1,18.1700,54.4000,0.000115
FILLER_0_16_15,VGND,li1,15.1800,54.4000,0.000130
FILLER_0_15_187,VGND,li1,92.2300,54.4000,0.000084
FILLER_0_15_169,VGND,li1,83.7200,54.4000,0.000094
FILLER_0_15_156,VGND,li1,77.9700,54.4000,0.000118
FILLER_0_15_148,VGND,li1,75.4400,54.4000,0.000123
FILLER_0_15_144,VGND,li1,71.9900,54.4000,0.000131
FILLER_0_15_132,VGND,li1,69.0000,54.4000,0.000127
FILLER_0_15_113,VGND,li1,58.1900,54.4000,0.000145
FILLER_0_15_100,VGND,li1,52.9000,54.4000,0.000148
FILLER_0_15_94,VGND,li1,48.9900,54.4000,0.000142
FILLER_0_15_82,VGND,li1,46.0000,54.4000,0.000125
FILLER_0_15_65,VGND,li1,36.1100,54.4000,0.000117
FILLER_0_15_57,VGND,li1,33.5800,54.4000,0.000124
FILLER_0_15_7,VGND,li1,8.9700,54.4000,0.000140
FILLER_0_15_3,VGND,li1,7.8200,54.4000,0.000140
FILLER_0_14_179,VGND,li1,89.7000,48.9600,0.000056
FILLER_0_14_165,VGND,li1,81.6500,48.9600,0.000062
FILLER_0_14_153,VGND,li1,78.6600,48.9600,0.000067
FILLER_0_14_141,VGND,li1,73.1400,48.9600,0.000080
FILLER_0_14_139,VGND,li1,69.6900,48.9600,0.000088
FILLER_0_14_132,VGND,li1,66.4700,48.9600,0.000095
FILLER_0_14_128,VGND,li1,65.3200,48.9600,0.000097
FILLER_0_14_124,VGND,li1,62.7900,48.9600,0.000113
FILLER_0_14_111,VGND,li1,57.0400,48.9600,0.000138
FILLER_0_14_85,VGND,li1,45.3100,48.9600,0.000141
FILLER_0_14_80,VGND,li1,43.2400,48.9600,0.000127
FILLER_0_14_58,VGND,li1,32.6600,48.9600,0.000146
FILLER_0_14_54,VGND,li1,30.5900,48.9600,0.000143
FILLER_0_14_48,VGND,li1,28.9800,48.9600,0.000143
FILLER_0_14_40,VGND,li1,24.1500,48.9600,0.000122
FILLER_0_14_36,VGND,li1,23.0000,48.9600,0.000122
FILLER_0_14_26,VGND,li1,17.9400,48.9600,0.000106
FILLER_0_14_15,VGND,li1,12.8800,48.9600,0.000111
FILLER_0_14_7,VGND,li1,10.5800,48.9600,0.000112
FILLER_0_13_189,VGND,li1,92.6900,48.9600,0.000058
FILLER_0_13_183,VGND,li1,91.0800,48.9600,0.000056
FILLER_0_13_169,VGND,li1,83.4900,48.9600,0.000057
FILLER_0_13_167,VGND,li1,82.5700,48.9600,0.000062
FILLER_0_13_161,VGND,li1,80.9600,48.9600,0.000062
FILLER_0_13_149,VGND,li1,76.8200,48.9600,0.000072
FILLER_0_13_137,VGND,li1,71.3000,48.9600,0.000088
FILLER_0_13_111,VGND,li1,56.8100,48.9600,0.000138
FILLER_0_13_94,VGND,li1,48.9900,48.9600,0.000157
FILLER_0_13_77,VGND,li1,41.8600,48.9600,0.000127
FILLER_0_13_69,VGND,li1,37.9500,48.9600,0.000150
FILLER_0_13_57,VGND,li1,34.5000,48.9600,0.000148
FILLER_0_13_48,VGND,li1,29.4400,48.9600,0.000143
FILLER_0_13_44,VGND,li1,25.9900,48.9600,0.000139
FILLER_0_13_38,VGND,li1,24.3800,48.9600,0.000122
FILLER_0_13_26,VGND,li1,20.2400,48.9600,0.000104
FILLER_0_13_14,VGND,li1,14.7200,48.9600,0.000110
FILLER_0_13_3,VGND,li1,8.7400,48.9600,0.000112
FILLER_0_12_182,VGND,li1,89.4700,43.5200,0.000057
FILLER_0_12_178,VGND,li1,88.3200,43.5200,0.000057
FILLER_0_12_166,VGND,li1,84.6400,43.5200,0.000063
FILLER_0_12_154,VGND,li1,79.1200,43.5200,0.000092
FILLER_0_12_132,VGND,li1,68.0800,43.5200,0.000103
FILLER_0_12_103,VGND,li1,53.3600,43.5200,0.000112
FILLER_0_12_83,VGND,li1,43.9300,43.5200,0.000082
FILLER_0_12_79,VGND,li1,42.7800,43.5200,0.000075
FILLER_0_12_66,VGND,li1,36.1100,43.5200,0.000095
FILLER_0_12_62,VGND,li1,34.9600,43.5200,0.000095
FILLER_0_12_50,VGND,li1,31.2800,43.5200,0.000095
FILLER_0_12_33,VGND,li1,20.9300,43.5200,0.000059
FILLER_0_12_29,VGND,li1,19.7800,43.5200,0.000059
FILLER_0_12_27,VGND,li1,18.1700,43.5200,0.000061
FILLER_0_12_15,VGND,li1,14.2600,43.5200,0.000064
FILLER_0_12_3,VGND,li1,9.6600,43.5200,0.000064
FILLER_0_11_189,VGND,li1,92.6900,43.5200,0.000058
FILLER_0_11_169,VGND,li1,86.0200,43.5200,0.000063
FILLER_0_11_167,VGND,li1,82.5700,43.5200,0.000072
FILLER_0_11_159,VGND,li1,80.5000,43.5200,0.000081
FILLER_0_11_137,VGND,li1,69.0000,43.5200,0.000103
FILLER_0_11_118,VGND,li1,61.6400,43.5200,0.000112
FILLER_0_11_113,VGND,li1,57.9600,43.5200,0.000117
FILLER_0_11_103,VGND,li1,53.8200,43.5200,0.000112
FILLER_0_11_91,VGND,li1,50.1400,43.5200,0.000102
FILLER_0_11_74,VGND,li1,39.7900,43.5200,0.000083
FILLER_0_11_62,VGND,li1,36.8000,43.5200,0.000092
FILLER_0_11_54,VGND,li1,30.8200,43.5200,0.000095
FILLER_0_11_50,VGND,li1,28.7500,43.5200,0.000091
FILLER_0_11_38,VGND,li1,25.7600,43.5200,0.000081
FILLER_0_11_31,VGND,li1,20.0100,43.5200,0.000059
FILLER_0_11_19,VGND,li1,17.0200,43.5200,0.000061
FILLER_0_11_11,VGND,li1,11.0400,43.5200,0.000064
FILLER_0_11_3,VGND,li1,8.7400,43.5200,0.000064
FILLER_0_10_178,VGND,li1,88.0900,38.0800,0.000056
FILLER_0_10_168,VGND,li1,83.2600,38.0800,0.000059
FILLER_0_10_160,VGND,li1,80.9600,38.0800,0.000060
FILLER_0_10_128,VGND,li1,65.0900,38.0800,0.000035
FILLER_0_10_117,VGND,li1,61.1800,38.0800,0.000035
FILLER_0_10_105,VGND,li1,56.5800,38.0800,0.000036
FILLER_0_10_97,VGND,li1,50.3700,38.0800,0.000034
FILLER_0_10_85,VGND,li1,47.3800,38.0800,0.000033
FILLER_0_10_83,VGND,li1,43.9300,38.0800,0.000031
FILLER_0_10_79,VGND,li1,42.7800,38.0800,0.000030
FILLER_0_10_67,VGND,li1,39.1000,38.0800,0.000037
FILLER_0_10_59,VGND,li1,33.1200,38.0800,0.000045
FILLER_0_10_51,VGND,li1,30.8200,38.0800,0.000043
FILLER_0_10_41,VGND,li1,25.0700,38.0800,0.000038
FILLER_0_10_25,VGND,li1,17.7100,38.0800,0.000032
FILLER_0_10_13,VGND,li1,14.2600,38.0800,0.000034
FILLER_0_10_7,VGND,li1,8.9700,38.0800,0.000038
FILLER_0_10_3,VGND,li1,7.8200,38.0800,0.000038
FILLER_0_9_189,VGND,li1,92.6900,38.0800,0.000070
FILLER_0_9_181,VGND,li1,89.0100,38.0800,0.000065
FILLER_0_9_169,VGND,li1,86.0200,38.0800,0.000059
FILLER_0_9_167,VGND,li1,82.5700,38.0800,0.000059
FILLER_0_9_159,VGND,li1,80.5000,38.0800,0.000060
FILLER_0_9_126,VGND,li1,66.2400,38.0800,0.000042
FILLER_0_9_121,VGND,li1,61.6400,38.0800,0.000035
FILLER_0_9_113,VGND,li1,59.3400,38.0800,0.000035
FILLER_0_9_111,VGND,li1,56.8100,38.0800,0.000036
FILLER_0_9_103,VGND,li1,54.7400,38.0800,0.000036
FILLER_0_9_99,VGND,li1,51.2900,38.0800,0.000034
FILLER_0_9_93,VGND,li1,49.6800,38.0800,0.000034
FILLER_0_9_81,VGND,li1,45.5400,38.0800,0.000031
FILLER_0_9_69,VGND,li1,40.0200,38.0800,0.000037
FILLER_0_9_57,VGND,li1,34.5000,38.0800,0.000048
FILLER_0_9_55,VGND,li1,31.0500,38.0800,0.000043
FILLER_0_9_49,VGND,li1,29.4400,38.0800,0.000043
FILLER_0_9_39,VGND,li1,23.6900,38.0800,0.000034
FILLER_0_9_35,VGND,li1,22.5400,38.0800,0.000034
FILLER_0_9_31,VGND,li1,20.0100,38.0800,0.000030
FILLER_0_9_19,VGND,li1,17.0200,38.0800,0.000032
FILLER_0_8_180,VGND,li1,89.0100,32.6400,0.000052
FILLER_0_8_168,VGND,li1,85.5600,32.6400,0.000043
FILLER_0_8_158,VGND,li1,79.1200,32.6400,0.000050
FILLER_0_8_147,VGND,li1,73.6000,32.6400,0.000046
FILLER_0_8_141,VGND,li1,71.3000,32.6400,0.000043
FILLER_0_8_136,VGND,li1,69.0000,32.6400,0.000040
FILLER_0_8_131,VGND,li1,66.0100,32.6400,0.000035
FILLER_0_8_119,VGND,li1,63.0200,32.6400,0.000029
FILLER_0_8_107,VGND,li1,57.5000,32.6400,0.000032
FILLER_0_8_101,VGND,li1,52.2100,32.6400,0.000034
FILLER_0_8_97,VGND,li1,51.0600,32.6400,0.000035
FILLER_0_8_85,VGND,li1,47.3800,32.6400,0.000036
FILLER_0_8_81,VGND,li1,43.4700,32.6400,0.000036
FILLER_0_8_73,VGND,li1,39.3300,32.6400,0.000039
FILLER_0_8_65,VGND,li1,37.2600,32.6400,0.000042
FILLER_0_8_53,VGND,li1,32.6600,32.6400,0.000046
FILLER_0_8_41,VGND,li1,27.1400,32.6400,0.000049
FILLER_0_8_36,VGND,li1,22.3100,32.6400,0.000050
FILLER_0_8_27,VGND,li1,18.1700,32.6400,0.000049
FILLER_0_8_15,VGND,li1,15.1800,32.6400,0.000051
FILLER_0_8_3,VGND,li1,9.6600,32.6400,0.000053
FILLER_0_7_175,VGND,li1,88.7800,32.6400,0.000052
FILLER_0_7_167,VGND,li1,82.5700,32.6400,0.000050
FILLER_0_7_161,VGND,li1,80.9600,32.6400,0.000050
FILLER_0_7_149,VGND,li1,76.8200,32.6400,0.000050
FILLER_0_7_137,VGND,li1,71.3000,32.6400,0.000043
FILLER_0_7_125,VGND,li1,65.7800,32.6400,0.000035
FILLER_0_7_113,VGND,li1,60.2600,32.6400,0.000030
FILLER_0_7_104,VGND,li1,55.2000,32.6400,0.000033
FILLER_0_7_92,VGND,li1,48.5300,32.6400,0.000036
FILLER_0_7_80,VGND,li1,45.0800,32.6400,0.000036
FILLER_0_7_68,VGND,li1,39.5600,32.6400,0.000039
FILLER_0_7_57,VGND,li1,32.6600,32.6400,0.000046
FILLER_0_7_50,VGND,li1,29.9000,32.6400,0.000047
FILLER_0_7_38,VGND,li1,25.7600,32.6400,0.000049
FILLER_0_7_19,VGND,li1,14.9500,32.6400,0.000051
FILLER_0_7_9,VGND,li1,9.8900,32.6400,0.000053
FILLER_0_7_3,VGND,li1,8.2800,32.6400,0.000053
FILLER_0_6_184,VGND,li1,91.5400,27.2000,0.000041
FILLER_0_6_172,VGND,li1,87.4000,27.2000,0.000038
FILLER_0_6_166,VGND,li1,82.5700,27.2000,0.000041
FILLER_0_6_154,VGND,li1,79.1200,27.2000,0.000046
FILLER_0_6_149,VGND,li1,74.5200,27.2000,0.000051
FILLER_0_6_145,VGND,li1,72.4500,27.2000,0.000048
FILLER_0_6_141,VGND,li1,70.6100,27.2000,0.000044
FILLER_0_6_138,VGND,li1,69.4600,27.2000,0.000044
FILLER_0_6_130,VGND,li1,67.1600,27.2000,0.000036
FILLER_0_6_121,VGND,li1,61.4100,27.2000,0.000034
FILLER_0_6_109,VGND,li1,58.4200,27.2000,0.000036
FILLER_0_6_97,VGND,li1,52.9000,27.2000,0.000041
FILLER_0_6_85,VGND,li1,47.3800,27.2000,0.000045
FILLER_0_6_82,VGND,li1,43.7000,27.2000,0.000049
FILLER_0_6_70,VGND,li1,40.4800,27.2000,0.000051
FILLER_0_6_58,VGND,li1,34.9600,27.2000,0.000085
FILLER_0_6_54,VGND,li1,30.5900,27.2000,0.000111
FILLER_0_6_48,VGND,li1,28.9800,27.2000,0.000111
FILLER_0_6_39,VGND,li1,24.8400,27.2000,0.000127
FILLER_0_6_19,VGND,li1,14.7200,27.2000,0.000166
FILLER_0_5_185,VGND,li1,91.0800,27.2000,0.000041
FILLER_0_5_177,VGND,li1,88.7800,27.2000,0.000038
FILLER_0_5_167,VGND,li1,82.5700,27.2000,0.000041
FILLER_0_5_159,VGND,li1,80.5000,27.2000,0.000046
FILLER_0_5_141,VGND,li1,70.6100,27.2000,0.000044
FILLER_0_5_137,VGND,li1,69.4600,27.2000,0.000044
FILLER_0_5_125,VGND,li1,65.7800,27.2000,0.000036
FILLER_0_5_113,VGND,li1,60.2600,27.2000,0.000034
FILLER_0_5_109,VGND,li1,56.3500,27.2000,0.000037
FILLER_0_5_97,VGND,li1,52.9000,27.2000,0.000041
FILLER_0_5_85,VGND,li1,47.3800,27.2000,0.000045
FILLER_0_5_73,VGND,li1,41.8600,27.2000,0.000051
FILLER_0_5_50,VGND,li1,28.9800,27.2000,0.000111
FILLER_0_5_46,VGND,li1,27.1400,27.2000,0.000120
FILLER_0_5_42,VGND,li1,25.0700,27.2000,0.000127
FILLER_0_5_36,VGND,li1,23.4600,27.2000,0.000134
FILLER_0_5_11,VGND,li1,11.0400,27.2000,0.000171
FILLER_0_5_3,VGND,li1,8.7400,27.2000,0.000171
FILLER_0_4_189,VGND,li1,92.6900,21.7600,0.000062
FILLER_0_4_177,VGND,li1,89.7000,21.7600,0.000062
FILLER_0_4_165,VGND,li1,84.1800,21.7600,0.000059
FILLER_0_4_153,VGND,li1,78.6600,21.7600,0.000065
FILLER_0_4_141,VGND,li1,73.1400,21.7600,0.000071
FILLER_0_4_138,VGND,li1,69.4600,21.7600,0.000075
FILLER_0_4_126,VGND,li1,66.2400,21.7600,0.000079
FILLER_0_4_105,VGND,li1,54.2800,21.7600,0.000098
FILLER_0_4_97,VGND,li1,51.9800,21.7600,0.000092
FILLER_0_4_85,VGND,li1,47.3800,21.7600,0.000078
FILLER_0_4_81,VGND,li1,43.4700,21.7600,0.000061
FILLER_0_4_69,VGND,li1,40.0200,21.7600,0.000066
FILLER_0_4_53,VGND,li1,30.3600,21.7600,0.000072
FILLER_0_4_41,VGND,li1,27.1400,21.7600,0.000065
FILLER_0_4_29,VGND,li1,21.6200,21.7600,0.000057
FILLER_0_4_27,VGND,li1,18.1700,21.7600,0.000058
FILLER_0_4_21,VGND,li1,16.5600,21.7600,0.000058
FILLER_0_4_15,VGND,li1,13.1100,21.7600,0.000073
FILLER_0_3_188,VGND,li1,92.4600,21.7600,0.000062
FILLER_0_3_165,VGND,li1,82.1100,21.7600,0.000061
FILLER_0_3_157,VGND,li1,79.5800,21.7600,0.000065
FILLER_0_3_145,VGND,li1,74.9800,21.7600,0.000069
FILLER_0_3_133,VGND,li1,69.4600,21.7600,0.000075
FILLER_0_3_111,VGND,li1,56.8100,21.7600,0.000101
FILLER_0_3_102,VGND,li1,52.6700,21.7600,0.000092
FILLER_0_3_98,VGND,li1,51.5200,21.7600,0.000086
FILLER_0_3_86,VGND,li1,47.8400,21.7600,0.000078
FILLER_0_3_74,VGND,li1,42.3200,21.7600,0.000061
FILLER_0_3_62,VGND,li1,36.8000,21.7600,0.000077
FILLER_0_3_57,VGND,li1,32.2000,21.7600,0.000075
FILLER_0_3_55,VGND,li1,31.0500,21.7600,0.000072
FILLER_0_3_49,VGND,li1,28.2900,21.7600,0.000069
FILLER_0_3_41,VGND,li1,26.2200,21.7600,0.000065
FILLER_0_3_30,VGND,li1,20.2400,21.7600,0.000051
FILLER_0_3_18,VGND,li1,16.5600,21.7600,0.000058
FILLER_0_3_10,VGND,li1,10.5800,21.7600,0.000075
FILLER_0_3_7,VGND,li1,8.9700,21.7600,0.000075
FILLER_0_3_3,VGND,li1,7.8200,21.7600,0.000075
FILLER_0_2_180,VGND,li1,88.5500,16.3200,0.000079
FILLER_0_2_176,VGND,li1,87.4000,16.3200,0.000079
FILLER_0_2_164,VGND,li1,83.7200,16.3200,0.000075
FILLER_0_2_159,VGND,li1,78.8900,16.3200,0.000077
FILLER_0_2_153,VGND,li1,77.2800,16.3200,0.000077
FILLER_0_2_141,VGND,li1,73.1400,16.3200,0.000078
FILLER_0_2_137,VGND,li1,69.2300,16.3200,0.000075
FILLER_0_2_129,VGND,li1,66.7000,16.3200,0.000070
FILLER_0_2_102,VGND,li1,52.6700,16.3200,0.000077
FILLER_0_2_96,VGND,li1,51.0600,16.3200,0.000075
FILLER_0_2_85,VGND,li1,46.0000,16.3200,0.000057
FILLER_0_2_83,VGND,li1,43.9300,16.3200,0.000048
FILLER_0_2_77,VGND,li1,42.3200,16.3200,0.000040
FILLER_0_2_65,VGND,li1,38.1800,16.3200,0.000039
FILLER_0_2_53,VGND,li1,32.6600,16.3200,0.000036
FILLER_0_2_41,VGND,li1,27.1400,16.3200,0.000034
FILLER_0_2_29,VGND,li1,21.6200,16.3200,0.000029
FILLER_0_2_20,VGND,li1,16.5600,16.3200,0.000031
FILLER_0_2_3,VGND,li1,7.1300,16.3200,0.000039
FILLER_0_1_187,VGND,li1,92.2300,16.3200,0.000089
FILLER_0_1_179,VGND,li1,88.3200,16.3200,0.000079
FILLER_0_1_175,VGND,li1,86.4800,16.3200,0.000073
FILLER_0_1_169,VGND,li1,83.9500,16.3200,0.000075
FILLER_0_1_162,VGND,li1,81.4200,16.3200,0.000077
FILLER_0_1_150,VGND,li1,77.2800,16.3200,0.000077
FILLER_0_1_145,VGND,li1,72.6800,16.3200,0.000078
FILLER_0_1_125,VGND,li1,63.9400,16.3200,0.000072
FILLER_0_1_111,VGND,li1,56.8100,16.3200,0.000080
FILLER_0_1_89,VGND,li1,47.1500,16.3200,0.000057
FILLER_0_1_81,VGND,li1,44.6200,16.3200,0.000048
FILLER_0_1_69,VGND,li1,40.0200,16.3200,0.000039
FILLER_0_1_57,VGND,li1,34.5000,16.3200,0.000037
FILLER_0_1_48,VGND,li1,29.4400,16.3200,0.000035
FILLER_0_1_42,VGND,li1,25.0700,16.3200,0.000031
FILLER_0_1_35,VGND,li1,22.0800,16.3200,0.000029
FILLER_0_1_27,VGND,li1,19.7800,16.3200,0.000026
FILLER_0_1_15,VGND,li1,15.1800,16.3200,0.000031
FILLER_0_1_3,VGND,li1,9.6600,16.3200,0.000039
FILLER_0_0_184,VGND,li1,90.8500,10.8800,0.000044
FILLER_0_0_176,VGND,li1,88.3200,10.8800,0.000041
FILLER_0_0_164,VGND,li1,81.8800,10.8800,0.000036
FILLER_0_0_152,VGND,li1,78.2000,10.8800,0.000034
FILLER_0_0_141,VGND,li1,71.7600,10.8800,0.000028
FILLER_0_0_139,VGND,li1,69.6900,10.8800,0.000023
FILLER_0_0_135,VGND,li1,68.5400,10.8800,0.000023
FILLER_0_0_123,VGND,li1,64.8600,10.8800,0.000017
FILLER_0_0_119,VGND,li1,60.4900,10.8800,0.000016
FILLER_0_0_113,VGND,li1,58.8800,10.8800,0.000016
FILLER_0_0_109,VGND,li1,56.3500,10.8800,0.000015
FILLER_0_0_97,VGND,li1,52.9000,10.8800,0.000014
FILLER_0_0_85,VGND,li1,47.3800,10.8800,0.000013
FILLER_0_0_81,VGND,li1,43.4700,10.8800,0.000011
FILLER_0_0_69,VGND,li1,40.0200,10.8800,0.000013
FILLER_0_0_57,VGND,li1,34.5000,10.8800,0.000017
FILLER_0_0_54,VGND,li1,30.8200,10.8800,0.000020
FILLER_0_0_46,VGND,li1,28.5200,10.8800,0.000022
FILLER_0_0_29,VGND,li1,19.7800,10.8800,0.000019
FILLER_0_0_27,VGND,li1,18.1700,10.8800,0.000019
FILLER_0_0_15,VGND,li1,15.1800,10.8800,0.000019
FILLER_0_0_3,VGND,li1,9.6600,10.8800,0.000019
ANTENNA_6,VGND,li1,81.4200,70.7200,0.000033
ANTENNA_5,VGND,li1,12.8800,70.7200,0.000037
ANTENNA_4,VGND,li1,9.6600,21.7600,0.000075
ANTENNA_3,VGND,li1,87.4000,16.3200,0.000079
ANTENNA_2,VGND,li1,72.6800,32.6400,0.000043
ANTENNA_1,VGND,li1,28.0600,27.2000,0.000120
clkload0,VGND,li1,63.0200,48.9600,0.000113
clkbuf_1_1__f_CLK100MHZ,VGND,li1,61.6400,43.5200,0.000112
clkbuf_1_0__f_CLK100MHZ,VGND,li1,37.7200,48.9600,0.000150
clkbuf_0_CLK100MHZ,VGND,li1,50.6000,48.9600,0.000157
top_module_10,VGND,li1,92.2300,87.0400,0.000004
output9,VGND,li1,92.2300,10.8800,0.000044
output8,VGND,li1,92.2300,16.3200,0.000089
output7,VGND,li1,92.2300,27.2000,0.000041
output6,VGND,li1,90.3900,32.6400,0.000052
output5,VGND,li1,89.4700,43.5200,0.000057
output4,VGND,li1,92.2300,48.9600,0.000058
output3,VGND,li1,92.2300,59.8400,0.000101
input2,VGND,li1,7.8200,48.9600,0.000112
input1,VGND,li1,7.8200,81.6000,0.000060
top_module_11,VGND,li1,90.8500,81.6000,0.000030
top_module_13,VGND,li1,92.2300,65.2800,0.000058
top_module_12,VGND,li1,92.2300,76.1600,0.000040
TAP_TAPCELL_ROW_27_145,VGND,li1,83.0300,86.7480,0.000005
TAP_TAPCELL_ROW_27_144,VGND,li1,70.1500,86.7480,0.000006
TAP_TAPCELL_ROW_27_143,VGND,li1,57.2700,86.7480,0.000005
TAP_TAPCELL_ROW_27_142,VGND,li1,44.3900,86.7480,0.000005
TAP_TAPCELL_ROW_27_141,VGND,li1,31.5100,86.7480,0.000006
TAP_TAPCELL_ROW_27_140,VGND,li1,18.6300,86.7480,0.000007
TAP_TAPCELL_ROW_26_139,VGND,li1,70.1500,81.8910,0.000040
TAP_TAPCELL_ROW_26_138,VGND,li1,44.3900,81.8910,0.000032
TAP_TAPCELL_ROW_26_137,VGND,li1,18.6300,81.8910,0.000042
TAP_TAPCELL_ROW_25_136,VGND,li1,83.0300,81.3080,0.000034
TAP_TAPCELL_ROW_25_135,VGND,li1,57.2700,81.3080,0.000039
TAP_TAPCELL_ROW_25_134,VGND,li1,31.5100,81.3080,0.000043
TAP_TAPCELL_ROW_24_133,VGND,li1,70.1500,76.4510,0.000084
TAP_TAPCELL_ROW_24_132,VGND,li1,44.3900,76.4510,0.000057
TAP_TAPCELL_ROW_24_131,VGND,li1,18.6300,76.4510,0.000033
TAP_TAPCELL_ROW_23_130,VGND,li1,83.0300,75.8680,0.000050
TAP_TAPCELL_ROW_23_129,VGND,li1,57.2700,75.8680,0.000086
TAP_TAPCELL_ROW_23_128,VGND,li1,31.5100,75.8680,0.000044
TAP_TAPCELL_ROW_22_127,VGND,li1,70.1500,71.0110,0.000032
TAP_TAPCELL_ROW_22_126,VGND,li1,44.3900,71.0110,0.000032
TAP_TAPCELL_ROW_22_125,VGND,li1,18.6300,71.0110,0.000034
TAP_TAPCELL_ROW_21_124,VGND,li1,83.0300,70.4280,0.000033
TAP_TAPCELL_ROW_21_123,VGND,li1,57.2700,70.4280,0.000041
TAP_TAPCELL_ROW_21_122,VGND,li1,31.5100,70.4280,0.000030
TAP_TAPCELL_ROW_20_121,VGND,li1,70.1500,65.5710,0.000064
TAP_TAPCELL_ROW_20_120,VGND,li1,44.3900,65.5710,0.000070
TAP_TAPCELL_ROW_20_119,VGND,li1,18.6300,65.5710,0.000033
TAP_TAPCELL_ROW_19_118,VGND,li1,83.0300,64.9880,0.000051
TAP_TAPCELL_ROW_19_117,VGND,li1,57.2700,64.9880,0.000077
TAP_TAPCELL_ROW_19_116,VGND,li1,31.5100,64.9880,0.000063
TAP_TAPCELL_ROW_18_115,VGND,li1,70.1500,60.1310,0.000088
TAP_TAPCELL_ROW_18_114,VGND,li1,44.3900,60.1310,0.000067
TAP_TAPCELL_ROW_18_113,VGND,li1,18.6300,60.1310,0.000065
TAP_TAPCELL_ROW_17_112,VGND,li1,83.0300,59.5480,0.000104
TAP_TAPCELL_ROW_17_111,VGND,li1,57.2700,59.5480,0.000107
TAP_TAPCELL_ROW_17_110,VGND,li1,31.5100,59.5480,0.000070
TAP_TAPCELL_ROW_16_109,VGND,li1,70.1500,54.6910,0.000127
TAP_TAPCELL_ROW_16_108,VGND,li1,44.3900,54.6910,0.000125
TAP_TAPCELL_ROW_16_107,VGND,li1,18.6300,54.6910,0.000115
TAP_TAPCELL_ROW_15_106,VGND,li1,83.0300,54.1080,0.000094
TAP_TAPCELL_ROW_15_105,VGND,li1,57.2700,54.1080,0.000145
TAP_TAPCELL_ROW_15_104,VGND,li1,31.5100,54.1080,0.000130
TAP_TAPCELL_ROW_14_103,VGND,li1,70.1500,49.2510,0.000088
TAP_TAPCELL_ROW_14_102,VGND,li1,44.3900,49.2510,0.000141
TAP_TAPCELL_ROW_14_101,VGND,li1,18.6300,49.2510,0.000106
TAP_TAPCELL_ROW_13_100,VGND,li1,83.0300,48.6680,0.000057
TAP_TAPCELL_ROW_13_99,VGND,li1,57.2700,48.6680,0.000138
TAP_TAPCELL_ROW_13_98,VGND,li1,31.5100,48.6680,0.000146
TAP_TAPCELL_ROW_12_97,VGND,li1,70.1500,43.8110,0.000106
TAP_TAPCELL_ROW_12_96,VGND,li1,44.3900,43.8110,0.000082
TAP_TAPCELL_ROW_12_95,VGND,li1,18.6300,43.8110,0.000061
TAP_TAPCELL_ROW_11_94,VGND,li1,83.0300,43.2280,0.000072
TAP_TAPCELL_ROW_11_93,VGND,li1,57.2700,43.2280,0.000117
TAP_TAPCELL_ROW_11_92,VGND,li1,31.5100,43.2280,0.000095
TAP_TAPCELL_ROW_10_91,VGND,li1,70.1500,38.3710,0.000052
TAP_TAPCELL_ROW_10_90,VGND,li1,44.3900,38.3710,0.000031
TAP_TAPCELL_ROW_10_89,VGND,li1,18.6300,38.3710,0.000032
TAP_TAPCELL_ROW_9_88,VGND,li1,83.0300,37.7880,0.000059
TAP_TAPCELL_ROW_9_87,VGND,li1,57.2700,37.7880,0.000036
TAP_TAPCELL_ROW_9_86,VGND,li1,31.5100,37.7880,0.000045
TAP_TAPCELL_ROW_8_85,VGND,li1,70.1500,32.9310,0.000040
TAP_TAPCELL_ROW_8_84,VGND,li1,44.3900,32.9310,0.000036
TAP_TAPCELL_ROW_8_83,VGND,li1,18.6300,32.9310,0.000049
TAP_TAPCELL_ROW_7_82,VGND,li1,83.0300,32.3480,0.000047
TAP_TAPCELL_ROW_7_81,VGND,li1,57.2700,32.3480,0.000032
TAP_TAPCELL_ROW_7_80,VGND,li1,31.5100,32.3480,0.000047
TAP_TAPCELL_ROW_6_79,VGND,li1,70.1500,27.4910,0.000044
TAP_TAPCELL_ROW_6_78,VGND,li1,44.3900,27.4910,0.000049
TAP_TAPCELL_ROW_6_77,VGND,li1,18.6300,27.4910,0.000143
TAP_TAPCELL_ROW_5_76,VGND,li1,83.0300,26.9080,0.000041
TAP_TAPCELL_ROW_5_75,VGND,li1,57.2700,26.9080,0.000037
TAP_TAPCELL_ROW_5_74,VGND,li1,31.5100,26.9080,0.000100
TAP_TAPCELL_ROW_4_73,VGND,li1,70.1500,22.0510,0.000075
TAP_TAPCELL_ROW_4_72,VGND,li1,44.3900,22.0510,0.000068
TAP_TAPCELL_ROW_4_71,VGND,li1,18.6300,22.0510,0.000051
TAP_TAPCELL_ROW_3_70,VGND,li1,83.0300,21.4680,0.000061
TAP_TAPCELL_ROW_3_69,VGND,li1,57.2700,21.4680,0.000101
TAP_TAPCELL_ROW_3_68,VGND,li1,31.5100,21.4680,0.000072
TAP_TAPCELL_ROW_2_67,VGND,li1,70.1500,16.6110,0.000075
TAP_TAPCELL_ROW_2_66,VGND,li1,44.3900,16.6110,0.000048
TAP_TAPCELL_ROW_2_65,VGND,li1,18.6300,16.6110,0.000026
TAP_TAPCELL_ROW_1_64,VGND,li1,83.0300,16.0280,0.000075
TAP_TAPCELL_ROW_1_63,VGND,li1,57.2700,16.0280,0.000078
TAP_TAPCELL_ROW_1_62,VGND,li1,31.5100,16.0280,0.000036
TAP_TAPCELL_ROW_0_61,VGND,li1,83.0300,11.1710,0.000036
TAP_TAPCELL_ROW_0_60,VGND,li1,70.1500,11.1710,0.000023
TAP_TAPCELL_ROW_0_59,VGND,li1,57.2700,11.1710,0.000015
TAP_TAPCELL_ROW_0_58,VGND,li1,44.3900,11.1710,0.000012
TAP_TAPCELL_ROW_0_57,VGND,li1,31.5100,11.1710,0.000020
TAP_TAPCELL_ROW_0_56,VGND,li1,18.6300,11.1710,0.000019
PHY_EDGE_ROW_27_Left_55,VGND,li1,6.2100,87.0400,0.000007
PHY_EDGE_ROW_26_Left_54,VGND,li1,6.2100,81.6000,0.000060
PHY_EDGE_ROW_25_Left_53,VGND,li1,6.2100,81.6000,0.000060
PHY_EDGE_ROW_24_Left_52,VGND,li1,6.2100,76.1600,0.000049
PHY_EDGE_ROW_23_Left_51,VGND,li1,6.2100,76.1600,0.000049
PHY_EDGE_ROW_22_Left_50,VGND,li1,6.2100,70.7200,0.000039
PHY_EDGE_ROW_21_Left_49,VGND,li1,6.2100,70.7200,0.000039
PHY_EDGE_ROW_20_Left_48,VGND,li1,6.2100,65.2800,0.000037
PHY_EDGE_ROW_19_Left_47,VGND,li1,6.2100,65.2800,0.000037
PHY_EDGE_ROW_18_Left_46,VGND,li1,6.2100,59.8400,0.000068
PHY_EDGE_ROW_17_Left_45,VGND,li1,6.2100,59.8400,0.000068
PHY_EDGE_ROW_16_Left_44,VGND,li1,6.2100,54.4000,0.000140
PHY_EDGE_ROW_15_Left_43,VGND,li1,6.2100,54.4000,0.000140
PHY_EDGE_ROW_14_Left_42,VGND,li1,6.2100,48.9600,0.000112
PHY_EDGE_ROW_13_Left_41,VGND,li1,6.2100,48.9600,0.000112
PHY_EDGE_ROW_12_Left_40,VGND,li1,6.2100,43.5200,0.000064
PHY_EDGE_ROW_11_Left_39,VGND,li1,6.2100,43.5200,0.000064
PHY_EDGE_ROW_10_Left_38,VGND,li1,6.2100,38.0800,0.000038
PHY_EDGE_ROW_9_Left_37,VGND,li1,6.2100,38.0800,0.000038
PHY_EDGE_ROW_8_Left_36,VGND,li1,6.2100,32.6400,0.000053
PHY_EDGE_ROW_7_Left_35,VGND,li1,6.2100,32.6400,0.000053
PHY_EDGE_ROW_6_Left_34,VGND,li1,6.2100,27.2000,0.000171
PHY_EDGE_ROW_5_Left_33,VGND,li1,6.2100,27.2000,0.000171
PHY_EDGE_ROW_4_Left_32,VGND,li1,6.2100,21.7600,0.000075
PHY_EDGE_ROW_3_Left_31,VGND,li1,6.2100,21.7600,0.000075
PHY_EDGE_ROW_2_Left_30,VGND,li1,6.2100,16.3200,0.000039
PHY_EDGE_ROW_1_Left_29,VGND,li1,6.2100,16.3200,0.000039
PHY_EDGE_ROW_0_Left_28,VGND,li1,6.2100,10.8800,0.000019
PHY_EDGE_ROW_27_Right_27,VGND,li1,93.6100,87.0400,0.000004
PHY_EDGE_ROW_26_Right_26,VGND,li1,93.6100,81.6000,0.000031
PHY_EDGE_ROW_25_Right_25,VGND,li1,93.6100,81.6000,0.000031
PHY_EDGE_ROW_24_Right_24,VGND,li1,93.6100,76.1600,0.000040
PHY_EDGE_ROW_23_Right_23,VGND,li1,93.6100,76.1600,0.000040
PHY_EDGE_ROW_22_Right_22,VGND,li1,93.6100,70.7200,0.000033
PHY_EDGE_ROW_21_Right_21,VGND,li1,93.6100,70.7200,0.000033
PHY_EDGE_ROW_20_Right_20,VGND,li1,93.6100,65.2800,0.000058
PHY_EDGE_ROW_19_Right_19,VGND,li1,93.6100,65.2800,0.000058
PHY_EDGE_ROW_18_Right_18,VGND,li1,93.6100,59.8400,0.000101
PHY_EDGE_ROW_17_Right_17,VGND,li1,93.6100,59.8400,0.000101
PHY_EDGE_ROW_16_Right_16,VGND,li1,93.6100,54.4000,0.000084
PHY_EDGE_ROW_15_Right_15,VGND,li1,93.6100,54.4000,0.000084
PHY_EDGE_ROW_14_Right_14,VGND,li1,93.6100,48.9600,0.000058
PHY_EDGE_ROW_13_Right_13,VGND,li1,93.6100,48.9600,0.000058
PHY_EDGE_ROW_12_Right_12,VGND,li1,93.6100,43.5200,0.000058
PHY_EDGE_ROW_11_Right_11,VGND,li1,93.6100,43.5200,0.000058
PHY_EDGE_ROW_10_Right_10,VGND,li1,93.6100,38.0800,0.000070
PHY_EDGE_ROW_9_Right_9,VGND,li1,93.6100,38.0800,0.000070
PHY_EDGE_ROW_8_Right_8,VGND,li1,93.6100,32.6400,0.000057
PHY_EDGE_ROW_7_Right_7,VGND,li1,93.6100,32.6400,0.000057
PHY_EDGE_ROW_6_Right_6,VGND,li1,93.6100,27.2000,0.000041
PHY_EDGE_ROW_5_Right_5,VGND,li1,93.6100,27.2000,0.000041
PHY_EDGE_ROW_4_Right_4,VGND,li1,93.6100,21.7600,0.000062
PHY_EDGE_ROW_3_Right_3,VGND,li1,93.6100,21.7600,0.000062
PHY_EDGE_ROW_2_Right_2,VGND,li1,93.6100,16.3200,0.000089
PHY_EDGE_ROW_1_Right_1,VGND,li1,93.6100,16.3200,0.000089
PHY_EDGE_ROW_0_Right_0,VGND,li1,93.6100,10.8800,0.000044
_464_,VGND,li1,31.2800,65.2800,0.000063
_463_,VGND,li1,18.1700,59.8400,0.000065
_462_,VGND,li1,73.8300,38.0800,0.000060
_461_,VGND,li1,10.5800,27.2000,0.000171
_460_,VGND,li1,30.8200,81.6000,0.000043
_459_,VGND,li1,11.0400,16.3200,0.000039
_458_,VGND,li1,62.5600,54.4000,0.000141
_457_,VGND,li1,74.0600,38.0800,0.000060
_456_,VGND,li1,79.1200,59.8400,0.000101
_455_,VGND,li1,10.5800,38.0800,0.000038
_454_,VGND,li1,19.3200,32.6400,0.000049
_453_,VGND,li1,43.7000,43.5200,0.000075
_452_,VGND,li1,58.4200,21.7600,0.000101
_451_,VGND,li1,40.0200,65.2800,0.000068
_450_,VGND,li1,35.4200,27.2000,0.000085
_449_,VGND,li1,39.5600,65.2800,0.000068
_448_,VGND,li1,40.4800,54.4000,0.000104
_447_,VGND,li1,68.5400,16.3200,0.000075
_446_,VGND,li1,52.9000,48.9600,0.000148
_445_,VGND,li1,87.8600,54.4000,0.000084
_444_,VGND,li1,56.5800,16.3200,0.000080
_443_,VGND,li1,24.8400,43.5200,0.000081
_442_,VGND,li1,50.1400,59.8400,0.000096
_441_,VGND,li1,17.0200,70.7200,0.000034
_440_,VGND,li1,23.0000,54.4000,0.000115
_439_,VGND,li1,50.1400,65.2800,0.000081
_438_,VGND,li1,52.9000,76.1600,0.000086
_437_,VGND,li1,31.7400,54.4000,0.000130
_436_,VGND,li1,11.7300,21.7600,0.000073
_435_,VGND,li1,20.9300,43.5200,0.000059
_434_,VGND,li1,89.0100,48.9600,0.000054
_433_,VGND,li1,83.9500,27.2000,0.000041
_432_,VGND,li1,50.3700,70.7200,0.000042
_431_,VGND,li1,52.2100,38.0800,0.000036
_430_,VGND,li1,50.8300,43.5200,0.000102
_429_,VGND,li1,13.5700,81.6000,0.000054
_428_,VGND,li1,59.5700,81.6000,0.000039
_427_,VGND,li1,71.5300,27.2000,0.000048
_426_,VGND,li1,77.9700,54.4000,0.000118
_425_,VGND,li1,13.5700,43.5200,0.000064
_424_,VGND,li1,36.1100,70.7200,0.000032
_423_,VGND,li1,74.9800,32.6400,0.000046
_422_,VGND,li1,20.4700,81.6000,0.000037
_421_,VGND,li1,20.4700,65.2800,0.000033
_420_,VGND,li1,37.9500,54.4000,0.000111
_419_,VGND,li1,27.3700,38.0800,0.000040
_418_,VGND,li1,22.3100,27.2000,0.000134
_417_,VGND,li1,45.3100,70.7200,0.000032
_416_,VGND,li1,23.6900,16.3200,0.000031
_415_,VGND,li1,31.5100,27.2000,0.000100
_414_,VGND,li1,53.5900,32.6400,0.000034
_413_,VGND,li1,62.7900,38.0800,0.000035
_412_,VGND,li1,40.2500,81.6000,0.000031
_411_,VGND,li1,86.9400,48.9600,0.000051
_410_,VGND,li1,17.0200,43.5200,0.000061
_409_,VGND,li1,55.8900,48.9600,0.000138
_408_,VGND,li1,83.9500,48.9600,0.000057
_407_,VGND,li1,73.3700,27.2000,0.000051
_406_,VGND,li1,67.8500,38.0800,0.000042
_405_,VGND,li1,75.6700,27.2000,0.000050
_404_,VGND,li1,13.5700,27.2000,0.000166
_403_,VGND,li1,66.0100,21.7600,0.000079
_402_,VGND,li1,32.8900,21.7600,0.000075
_401_,VGND,li1,75.6700,81.6000,0.000042
_400_,VGND,li1,9.4300,70.7200,0.000039
_399_,VGND,li1,81.4200,59.8400,0.000104
_398_,VGND,li1,62.3300,16.3200,0.000072
_397_,VGND,li1,65.3200,43.5200,0.000094
_396_,VGND,li1,20.9300,38.0800,0.000030
_395_,VGND,li1,49.9100,59.8400,0.000096
_394_,VGND,li1,22.3100,43.5200,0.000071
_393_,VGND,li1,59.5700,16.3200,0.000076
_392_,VGND,li1,24.6100,38.0800,0.000038
_391_,VGND,li1,20.9300,38.0800,0.000030
_390_,VGND,li1,92.2300,32.6400,0.000057
_389_,VGND,li1,51.2900,32.6400,0.000035
_388_,VGND,li1,61.8700,48.9600,0.000113
_387_,VGND,li1,63.7100,81.6000,0.000034
_386_,VGND,li1,30.3600,27.2000,0.000111
_385_,VGND,li1,91.3100,43.5200,0.000058
_384_,VGND,li1,63.7100,38.0800,0.000035
_383_,VGND,li1,12.1900,32.6400,0.000053
_382_,VGND,li1,26.9100,48.9600,0.000139
_381_,VGND,li1,12.4200,21.7600,0.000073
_380_,VGND,li1,62.5600,59.8400,0.000090
_379_,VGND,li1,41.1700,32.6400,0.000036
_378_,VGND,li1,79.8100,76.1600,0.000061
_377_,VGND,li1,63.0200,70.7200,0.000030
_376_,VGND,li1,87.6300,48.9600,0.000054
_375_,VGND,li1,63.4800,65.2800,0.000062
_374_,VGND,li1,15.6400,59.8400,0.000068
_373_,VGND,li1,83.9500,59.8400,0.000104
_372_,VGND,li1,73.8300,16.3200,0.000078
_371_,VGND,li1,8.9700,21.7600,0.000075
_370_,VGND,li1,11.2700,48.9600,0.000112
_369_,VGND,li1,83.0300,81.6000,0.000034
_368_,VGND,li1,59.1100,43.5200,0.000115
_367_,VGND,li1,78.4300,81.6000,0.000040
_366_,VGND,li1,21.3900,32.6400,0.000045
_365_,VGND,li1,46.6900,43.5200,0.000092
_364_,VGND,li1,80.0400,16.3200,0.000077
_363_,VGND,li1,10.3500,38.0800,0.000038
_362_,VGND,li1,12.1900,43.5200,0.000064
_361_,VGND,li1,25.9900,38.0800,0.000038
_360_,VGND,li1,91.7700,38.0800,0.000070
_359_,VGND,li1,25.9900,48.9600,0.000139
_358_,VGND,li1,59.8000,59.8400,0.000105
_357_,VGND,li1,47.1500,48.9600,0.000155
_356_,VGND,li1,16.7900,27.2000,0.000158
_355_,VGND,li1,54.7400,76.1600,0.000090
_354_,VGND,li1,49.2200,54.4000,0.000142
_353_,VGND,li1,21.3900,48.9600,0.000104
_352_,VGND,li1,63.7100,48.9600,0.000097
_351_,VGND,li1,34.9600,38.0800,0.000048
_350_,VGND,li1,66.0100,76.1600,0.000084
_349_,VGND,li1,81.6500,54.4000,0.000111
_348_,VGND,li1,85.3300,16.3200,0.000073
_347_,VGND,li1,26.9100,54.4000,0.000135
_346_,VGND,li1,72.9100,54.4000,0.000131
_345_,VGND,li1,84.8700,10.8800,0.000038
_344_,VGND,li1,26.9100,59.8400,0.000075
_343_,VGND,li1,51.2900,54.4000,0.000148
_342_,VGND,li1,71.9900,43.5200,0.000108
_341_,VGND,li1,7.8200,76.1600,0.000049
_340_,VGND,li1,25.0700,81.6000,0.000040
_339_,VGND,li1,62.5600,16.3200,0.000072
_338_,VGND,li1,59.1100,70.7200,0.000039
_337_,VGND,li1,90.6200,59.8400,0.000099
_336_,VGND,li1,74.9800,43.5200,0.000102
_335_,VGND,li1,74.2900,87.0400,0.000008
_334_,VGND,li1,78.8900,81.6000,0.000040
_333_,VGND,li1,50.3700,54.4000,0.000148
_332_,VGND,li1,61.4100,21.7600,0.000105
_331_,VGND,li1,10.8100,81.6000,0.000060
_330_,VGND,li1,90.8500,38.0800,0.000070
_329_,VGND,li1,60.4900,65.2800,0.000069
_328_,VGND,li1,11.7300,54.4000,0.000139
_327_,VGND,li1,86.7100,59.8400,0.000093
_326_,VGND,li1,36.1100,21.7600,0.000077
_325_,VGND,li1,90.3900,65.2800,0.000058
_324_,VGND,li1,26.4500,16.3200,0.000034
_323_,VGND,li1,86.2500,21.7600,0.000056
_322_,VGND,li1,64.6300,65.2800,0.000062
_321_,VGND,li1,75.2100,43.5200,0.000102
_320_,VGND,li1,8.9700,54.4000,0.000140
_319_,VGND,li1,55.4300,43.5200,0.000118
_318_,VGND,li1,58.1900,59.8400,0.000107
_317_,VGND,li1,90.1600,38.0800,0.000065
_316_,VGND,li1,32.8900,43.5200,0.000099
_315_,VGND,li1,63.4800,54.4000,0.000141
_314_,VGND,li1,23.4600,32.6400,0.000050
_313_,VGND,li1,39.7900,48.9600,0.000140
_312_,VGND,li1,55.4300,59.8400,0.000108
_311_,VGND,li1,58.6500,65.2800,0.000073
_310_,VGND,li1,23.6900,10.8800,0.000026
_309_,VGND,li1,87.1700,70.7200,0.000033
_308_,VGND,li1,27.3700,38.0800,0.000040
_307_,VGND,li1,48.5300,16.3200,0.000068
_306_,VGND,li1,41.1700,54.4000,0.000104
_305_,VGND,li1,52.2100,38.0800,0.000036
_304_,VGND,li1,53.5900,21.7600,0.000092
_303_,VGND,li1,15.4100,48.9600,0.000110
_302_,VGND,li1,54.9700,65.2800,0.000080
_301_,VGND,li1,7.8200,65.2800,0.000037
_300_,VGND,li1,74.7500,76.1600,0.000074
_299_,VGND,li1,14.4900,21.7600,0.000065
_298_,VGND,li1,67.8500,43.5200,0.000103
_297_,VGND,li1,55.8900,43.5200,0.000118
_296_,VGND,li1,18.8600,27.2000,0.000143
_295_,VGND,li1,47.3800,87.0400,0.000006
_294_,VGND,li1,7.5900,76.1600,0.000049
_293_,VGND,li1,26.9100,27.2000,0.000120
_292_,VGND,li1,33.3500,21.7600,0.000075
_291_,VGND,li1,50.8300,16.3200,0.000075
_290_,VGND,li1,84.6400,32.6400,0.000047
_289_,VGND,li1,55.6600,54.4000,0.000147
_288_,VGND,li1,20.4700,87.0400,0.000007
_287_,VGND,li1,59.3400,48.9600,0.000123
_286_,VGND,li1,74.7500,27.2000,0.000051
_285_,VGND,li1,87.4000,59.8400,0.000093
_284_,VGND,li1,85.3300,48.9600,0.000051
_283_,VGND,li1,71.3000,43.5200,0.000106
_282_,VGND,li1,40.2500,70.7200,0.000031
_281_,VGND,li1,10.3500,54.4000,0.000140
_280_,VGND,li1,19.7800,32.6400,0.000049
_279_,VGND,li1,67.1600,32.6400,0.000035
_278_,VGND,li1,29.6700,43.5200,0.000091
_277_,VGND,li1,92.2300,81.6000,0.000031
_276_,VGND,li1,78.4300,38.0800,0.000061
_275_,VGND,li1,23.6900,38.0800,0.000034
_274_,VGND,li1,30.1300,65.2800,0.000063
_273_,VGND,li1,57.7300,65.2800,0.000077
_272_,VGND,li1,91.3100,43.5200,0.000058
_271_,VGND,li1,35.1900,32.6400,0.000045
_270_,VGND,li1,44.8500,65.2800,0.000070
_269_,VGND,li1,90.1600,16.3200,0.000087
_268_,VGND,li1,90.6200,21.7600,0.000062
_267_,VGND,li1,44.1600,48.9600,0.000141
_266_,VGND,li1,81.4200,32.6400,0.000050
_265_,VGND,li1,38.4100,43.5200,0.000092
_264_,VGND,li1,53.5900,59.8400,0.000102
_263_,VGND,li1,52.9000,70.7200,0.000044
_262_,VGND,li1,70.6100,76.1600,0.000084
_261_,VGND,li1,15.4100,54.4000,0.000130
_260_,VGND,li1,88.5500,65.2800,0.000053
_259_,VGND,li1,55.4300,21.7600,0.000098
_258_,VGND,li1,74.2900,10.8800,0.000032
_257_,VGND,li1,67.3900,81.6000,0.000040
_256_,VGND,li1,85.1000,27.2000,0.000036
_255_,VGND,li1,63.4800,27.2000,0.000031
_254_,VGND,li1,77.0500,32.6400,0.000050
_253_,VGND,li1,84.6400,59.8400,0.000104
_252_,VGND,li1,80.7300,54.4000,0.000111
_251_,VGND,li1,30.1300,76.1600,0.000044
_250_,VGND,li1,20.0100,27.2000,0.000143
_249_,VGND,li1,53.3600,81.6000,0.000040
_248_,VGND,li1,26.4500,76.1600,0.000038
_247_,VGND,li1,86.4800,38.0800,0.000056
_246_,VGND,li1,68.3100,70.7200,0.000032
_245_,VGND,li1,58.4200,76.1600,0.000086
_244_,VGND,li1,41.1700,43.5200,0.000083
_243_,VGND,li1,27.3700,76.1600,0.000041
_242_,VGND,li1,77.9700,43.5200,0.000092
_241_,VGND,li1,45.5400,76.1600,0.000057
_240_,VGND,li1,31.5100,48.9600,0.000146
_239_,VGND,li1,54.0500,70.7200,0.000044
_238_,VGND,li1,82.1100,65.2800,0.000051
_237_,VGND,li1,62.7900,21.7600,0.000105
_236_,VGND,li1,19.7800,48.9600,0.000104
_235_,VGND,li1,55.2000,16.3200,0.000080
_234_,VGND,li1,36.1100,81.6000,0.000040
_233_,VGND,li1,60.4900,65.2800,0.000069
_232_,VGND,li1,58.4200,76.1600,0.000086
_231_,VGND,li1,92.0000,32.6400,0.000057
_230_,VGND,li1,28.9800,54.4000,0.000134
_229_,VGND,li1,48.3000,65.2800,0.000078
_228_,VGND,li1,33.3500,70.7200,0.000031
_227_,VGND,li1,22.7700,21.7600,0.000057
_226_,VGND,li1,85.7900,76.1600,0.000040
_225_,VGND,li1,78.2000,59.8400,0.000101
_224_,VGND,li1,34.7300,65.2800,0.000066
_223_,VGND,li1,29.6700,21.7600,0.000069
_222_,VGND,li1,46.0000,81.6000,0.000032
_221_,VGND,li1,59.8000,81.6000,0.000039
_220_,VGND,li1,90.1600,16.3200,0.000087
_219_,VGND,li1,71.3000,65.2800,0.000064
_218_,VGND,li1,25.9900,27.2000,0.000127
_217_,VGND,li1,61.4100,10.8800,0.000017
_216_,VGND,li1,84.6400,38.0800,0.000059
_215_,VGND,li1,68.0800,48.9600,0.000095
