OpenROAD b16bda7e82721d10566ff7e2b68f1ff0be9f9e38 
Features included (+) or not (-): +Charts +GPU +GUI +Python
This program is licensed under the BSD-3 license. See the LICENSE file for details.
Components of this program may be licensed under more restrictive licenses which must be honored.
define_corners Typical
read_liberty -corner Typical /home/pikachu/.volare/sky130A/libs.ref/sky130_fd_sc_hd/lib/sky130_fd_sc_hd__tt_025C_1v80.lib
Using 1e-12 for capacitance...
Using 1e+03 for resistance...
Using 1e-09 for time...
Using 1e+00 for voltage...
Using 1e-03 for current...
Using 1e-09 for power...
Using 1e-06 for distance...
[INFO]: Reading ODB at '/openlane/designs/TopZeroToFive/runs/RUN_2025.05.25_10.40.04/results/placement/TopZeroToFive.odb'…
Reading design constraints file at '/openlane/designs/TopZeroToFive/constraints/topz5_pnr.sdc'…
[INFO]: Setting RC values...
min_report

===========================================================================
report_checks -path_delay min (Hold)
============================================================================
======================= Typical Corner ===================================

Startpoint: _132_ (rising edge-triggered flip-flop clocked by clk)
Endpoint: _132_ (rising edge-triggered flip-flop clocked by clk)
Path Group: clk
Path Type: min

Fanout     Cap    Slew   Delay    Time   Description
-----------------------------------------------------------------------------
                  0.00    0.00    0.00   clock clk (rise edge)
                          0.00    0.00   clock network delay (ideal)
                  0.00    0.00    0.00 ^ _132_/CLK (sky130_fd_sc_hd__dfxtp_2)
     5    0.02    0.06    0.33    0.33 v _132_/Q (sky130_fd_sc_hd__dfxtp_2)
                                         div_cntr[0] (net)
                  0.06    0.00    0.33 v _081_/A (sky130_fd_sc_hd__inv_2)
     1    0.00    0.03    0.05    0.37 ^ _081_/Y (sky130_fd_sc_hd__inv_2)
                                         _004_ (net)
                  0.03    0.00    0.37 ^ _132_/D (sky130_fd_sc_hd__dfxtp_2)
                                  0.37   data arrival time

                  0.00    0.00    0.00   clock clk (rise edge)
                          0.00    0.00   clock network delay (ideal)
                          0.20    0.20   clock uncertainty
                          0.00    0.20   clock reconvergence pessimism
                                  0.20 ^ _132_/CLK (sky130_fd_sc_hd__dfxtp_2)
                         -0.03    0.17   library hold time
                                  0.17   data required time
-----------------------------------------------------------------------------
                                  0.17   data required time
                                 -0.37   data arrival time
-----------------------------------------------------------------------------
                                  0.21   slack (MET)


Startpoint: _147_ (rising edge-triggered flip-flop clocked by clk)
Endpoint: _147_ (rising edge-triggered flip-flop clocked by clk)
Path Group: clk
Path Type: min

Fanout     Cap    Slew   Delay    Time   Description
-----------------------------------------------------------------------------
                  0.00    0.00    0.00   clock clk (rise edge)
                          0.00    0.00   clock network delay (ideal)
                  0.00    0.00    0.00 ^ _147_/CLK (sky130_fd_sc_hd__dfxtp_1)
     2    0.01    0.09    0.32    0.32 ^ _147_/Q (sky130_fd_sc_hd__dfxtp_1)
                                         div_cntr[15] (net)
                  0.09    0.00    0.32 ^ _119_/A1 (sky130_fd_sc_hd__o21ba_1)
     1    0.00    0.05    0.14    0.45 ^ _119_/X (sky130_fd_sc_hd__o21ba_1)
                                         _010_ (net)
                  0.05    0.00    0.45 ^ _147_/D (sky130_fd_sc_hd__dfxtp_1)
                                  0.45   data arrival time

                  0.00    0.00    0.00   clock clk (rise edge)
                          0.00    0.00   clock network delay (ideal)
                          0.20    0.20   clock uncertainty
                          0.00    0.20   clock reconvergence pessimism
                                  0.20 ^ _147_/CLK (sky130_fd_sc_hd__dfxtp_1)
                         -0.04    0.16   library hold time
                                  0.16   data required time
-----------------------------------------------------------------------------
                                  0.16   data required time
                                 -0.45   data arrival time
-----------------------------------------------------------------------------
                                  0.29   slack (MET)


Startpoint: _146_ (rising edge-triggered flip-flop clocked by clk)
Endpoint: _146_ (rising edge-triggered flip-flop clocked by clk)
Path Group: clk
Path Type: min

Fanout     Cap    Slew   Delay    Time   Description
-----------------------------------------------------------------------------
                  0.00    0.00    0.00   clock clk (rise edge)
                          0.00    0.00   clock network delay (ideal)
                  0.00    0.00    0.00 ^ _146_/CLK (sky130_fd_sc_hd__dfxtp_1)
     3    0.01    0.15    0.36    0.36 ^ _146_/Q (sky130_fd_sc_hd__dfxtp_1)
                                         div_cntr[14] (net)
                  0.15    0.00    0.36 ^ _115_/A (sky130_fd_sc_hd__xor2_1)
     1    0.00    0.04    0.09    0.45 v _115_/X (sky130_fd_sc_hd__xor2_1)
                                         _009_ (net)
                  0.04    0.00    0.45 v _146_/D (sky130_fd_sc_hd__dfxtp_1)
                                  0.45   data arrival time

                  0.00    0.00    0.00   clock clk (rise edge)
                          0.00    0.00   clock network delay (ideal)
                          0.20    0.20   clock uncertainty
                          0.00    0.20   clock reconvergence pessimism
                                  0.20 ^ _146_/CLK (sky130_fd_sc_hd__dfxtp_1)
                         -0.06    0.14   library hold time
                                  0.14   data required time
-----------------------------------------------------------------------------
                                  0.14   data required time
                                 -0.45   data arrival time
-----------------------------------------------------------------------------
                                  0.31   slack (MET)


Startpoint: _151_ (rising edge-triggered flip-flop clocked by clk)
Endpoint: _151_ (rising edge-triggered flip-flop clocked by clk)
Path Group: clk
Path Type: min

Fanout     Cap    Slew   Delay    Time   Description
-----------------------------------------------------------------------------
                  0.00    0.00    0.00   clock clk (rise edge)
                          0.00    0.00   clock network delay (ideal)
                  0.00    0.00    0.00 ^ _151_/CLK (sky130_fd_sc_hd__dfxtp_2)
     5    0.02    0.12    0.36    0.36 ^ _151_/Q (sky130_fd_sc_hd__dfxtp_2)
                                         u_cnt.clk (net)
                  0.12    0.00    0.36 ^ _127_/A (sky130_fd_sc_hd__xor2_1)
     1    0.01    0.05    0.10    0.46 v _127_/X (sky130_fd_sc_hd__xor2_1)
                                         _014_ (net)
                  0.05    0.00    0.46 v _151_/D (sky130_fd_sc_hd__dfxtp_2)
                                  0.46   data arrival time

                  0.00    0.00    0.00   clock clk (rise edge)
                          0.00    0.00   clock network delay (ideal)
                          0.20    0.20   clock uncertainty
                          0.00    0.20   clock reconvergence pessimism
                                  0.20 ^ _151_/CLK (sky130_fd_sc_hd__dfxtp_2)
                         -0.06    0.14   library hold time
                                  0.14   data required time
-----------------------------------------------------------------------------
                                  0.14   data required time
                                 -0.46   data arrival time
-----------------------------------------------------------------------------
                                  0.32   slack (MET)


Startpoint: _150_ (rising edge-triggered flip-flop clocked by clk)
Endpoint: _150_ (rising edge-triggered flip-flop clocked by clk)
Path Group: clk
Path Type: min

Fanout     Cap    Slew   Delay    Time   Description
-----------------------------------------------------------------------------
                  0.00    0.00    0.00   clock clk (rise edge)
                          0.00    0.00   clock network delay (ideal)
                  0.00    0.00    0.00 ^ _150_/CLK (sky130_fd_sc_hd__dfxtp_1)
     2    0.01    0.12    0.34    0.34 ^ _150_/Q (sky130_fd_sc_hd__dfxtp_1)
                                         div_cntr[18] (net)
                  0.12    0.00    0.35 ^ _125_/A (sky130_fd_sc_hd__xnor2_1)
     1    0.01    0.06    0.11    0.45 v _125_/Y (sky130_fd_sc_hd__xnor2_1)
                                         _013_ (net)
                  0.06    0.00    0.45 v _150_/D (sky130_fd_sc_hd__dfxtp_1)
                                  0.45   data arrival time

                  0.00    0.00    0.00   clock clk (rise edge)
                          0.00    0.00   clock network delay (ideal)
                          0.20    0.20   clock uncertainty
                          0.00    0.20   clock reconvergence pessimism
                                  0.20 ^ _150_/CLK (sky130_fd_sc_hd__dfxtp_1)
                         -0.07    0.13   library hold time
                                  0.13   data required time
-----------------------------------------------------------------------------
                                  0.13   data required time
                                 -0.45   data arrival time
-----------------------------------------------------------------------------
                                  0.32   slack (MET)


Startpoint: _142_ (rising edge-triggered flip-flop clocked by clk)
Endpoint: _142_ (rising edge-triggered flip-flop clocked by clk)
Path Group: clk
Path Type: min

Fanout     Cap    Slew   Delay    Time   Description
-----------------------------------------------------------------------------
                  0.00    0.00    0.00   clock clk (rise edge)
                          0.00    0.00   clock network delay (ideal)
                  0.00    0.00    0.00 ^ _142_/CLK (sky130_fd_sc_hd__dfxtp_1)
     3    0.01    0.15    0.36    0.36 ^ _142_/Q (sky130_fd_sc_hd__dfxtp_1)
                                         div_cntr[10] (net)
                  0.15    0.00    0.36 ^ _105_/A (sky130_fd_sc_hd__xor2_1)
     1    0.00    0.04    0.10    0.46 v _105_/X (sky130_fd_sc_hd__xor2_1)
                                         _005_ (net)
                  0.04    0.00    0.46 v _142_/D (sky130_fd_sc_hd__dfxtp_1)
                                  0.46   data arrival time

                  0.00    0.00    0.00   clock clk (rise edge)
                          0.00    0.00   clock network delay (ideal)
                          0.20    0.20   clock uncertainty
                          0.00    0.20   clock reconvergence pessimism
                                  0.20 ^ _142_/CLK (sky130_fd_sc_hd__dfxtp_1)
                         -0.06    0.14   library hold time
                                  0.14   data required time
-----------------------------------------------------------------------------
                                  0.14   data required time
                                 -0.46   data arrival time
-----------------------------------------------------------------------------
                                  0.32   slack (MET)


Startpoint: _143_ (rising edge-triggered flip-flop clocked by clk)
Endpoint: _143_ (rising edge-triggered flip-flop clocked by clk)
Path Group: clk
Path Type: min

Fanout     Cap    Slew   Delay    Time   Description
-----------------------------------------------------------------------------
                  0.00    0.00    0.00   clock clk (rise edge)
                          0.00    0.00   clock network delay (ideal)
                  0.00    0.00    0.00 ^ _143_/CLK (sky130_fd_sc_hd__dfxtp_1)
     2    0.01    0.10    0.33    0.33 ^ _143_/Q (sky130_fd_sc_hd__dfxtp_1)
                                         div_cntr[11] (net)
                  0.10    0.00    0.33 ^ _109_/A1 (sky130_fd_sc_hd__o21ba_1)
     1    0.01    0.07    0.16    0.48 ^ _109_/X (sky130_fd_sc_hd__o21ba_1)
                                         _006_ (net)
                  0.07    0.00    0.48 ^ _143_/D (sky130_fd_sc_hd__dfxtp_1)
                                  0.48   data arrival time

                  0.00    0.00    0.00   clock clk (rise edge)
                          0.00    0.00   clock network delay (ideal)
                          0.20    0.20   clock uncertainty
                          0.00    0.20   clock reconvergence pessimism
                                  0.20 ^ _143_/CLK (sky130_fd_sc_hd__dfxtp_1)
                         -0.04    0.16   library hold time
                                  0.16   data required time
-----------------------------------------------------------------------------
                                  0.16   data required time
                                 -0.48   data arrival time
-----------------------------------------------------------------------------
                                  0.32   slack (MET)


Startpoint: _134_ (rising edge-triggered flip-flop clocked by clk)
Endpoint: _134_ (rising edge-triggered flip-flop clocked by clk)
Path Group: clk
Path Type: min

Fanout     Cap    Slew   Delay    Time   Description
-----------------------------------------------------------------------------
                  0.00    0.00    0.00   clock clk (rise edge)
                          0.00    0.00   clock network delay (ideal)
                  0.00    0.00    0.00 ^ _134_/CLK (sky130_fd_sc_hd__dfxtp_1)
     3    0.01    0.14    0.36    0.36 ^ _134_/Q (sky130_fd_sc_hd__dfxtp_1)
                                         div_cntr[2] (net)
                  0.14    0.00    0.36 ^ _086_/A (sky130_fd_sc_hd__xnor2_1)
     1    0.00    0.05    0.10    0.46 v _086_/Y (sky130_fd_sc_hd__xnor2_1)
                                         _016_ (net)
                  0.05    0.00    0.46 v _134_/D (sky130_fd_sc_hd__dfxtp_1)
                                  0.46   data arrival time

                  0.00    0.00    0.00   clock clk (rise edge)
                          0.00    0.00   clock network delay (ideal)
                          0.20    0.20   clock uncertainty
                          0.00    0.20   clock reconvergence pessimism
                                  0.20 ^ _134_/CLK (sky130_fd_sc_hd__dfxtp_1)
                         -0.07    0.13   library hold time
                                  0.13   data required time
-----------------------------------------------------------------------------
                                  0.13   data required time
                                 -0.46   data arrival time
-----------------------------------------------------------------------------
                                  0.33   slack (MET)


Startpoint: _136_ (rising edge-triggered flip-flop clocked by clk)
Endpoint: _136_ (rising edge-triggered flip-flop clocked by clk)
Path Group: clk
Path Type: min

Fanout     Cap    Slew   Delay    Time   Description
-----------------------------------------------------------------------------
                  0.00    0.00    0.00   clock clk (rise edge)
                          0.00    0.00   clock network delay (ideal)
                  0.00    0.00    0.00 ^ _136_/CLK (sky130_fd_sc_hd__dfxtp_1)
     4    0.02    0.09    0.33    0.33 v _136_/Q (sky130_fd_sc_hd__dfxtp_1)
                                         div_cntr[4] (net)
                  0.09    0.00    0.33 v _092_/A (sky130_fd_sc_hd__xor2_1)
     1    0.00    0.09    0.16    0.49 ^ _092_/X (sky130_fd_sc_hd__xor2_1)
                                         _018_ (net)
                  0.09    0.00    0.49 ^ _136_/D (sky130_fd_sc_hd__dfxtp_1)
                                  0.49   data arrival time

                  0.00    0.00    0.00   clock clk (rise edge)
                          0.00    0.00   clock network delay (ideal)
                          0.20    0.20   clock uncertainty
                          0.00    0.20   clock reconvergence pessimism
                                  0.20 ^ _136_/CLK (sky130_fd_sc_hd__dfxtp_1)
                         -0.05    0.15   library hold time
                                  0.15   data required time
-----------------------------------------------------------------------------
                                  0.15   data required time
                                 -0.49   data arrival time
-----------------------------------------------------------------------------
                                  0.34   slack (MET)


Startpoint: _139_ (rising edge-triggered flip-flop clocked by clk)
Endpoint: _139_ (rising edge-triggered flip-flop clocked by clk)
Path Group: clk
Path Type: min

Fanout     Cap    Slew   Delay    Time   Description
-----------------------------------------------------------------------------
                  0.00    0.00    0.00   clock clk (rise edge)
                          0.00    0.00   clock network delay (ideal)
                  0.00    0.00    0.00 ^ _139_/CLK (sky130_fd_sc_hd__dfxtp_1)
     2    0.01    0.13    0.35    0.35 ^ _139_/Q (sky130_fd_sc_hd__dfxtp_1)
                                         div_cntr[7] (net)
                  0.13    0.00    0.35 ^ _100_/A1 (sky130_fd_sc_hd__o21ba_1)
     1    0.00    0.06    0.15    0.50 ^ _100_/X (sky130_fd_sc_hd__o21ba_1)
                                         _021_ (net)
                  0.06    0.00    0.50 ^ _139_/D (sky130_fd_sc_hd__dfxtp_1)
                                  0.50   data arrival time

                  0.00    0.00    0.00   clock clk (rise edge)
                          0.00    0.00   clock network delay (ideal)
                          0.20    0.20   clock uncertainty
                          0.00    0.20   clock reconvergence pessimism
                                  0.20 ^ _139_/CLK (sky130_fd_sc_hd__dfxtp_1)
                         -0.04    0.16   library hold time
                                  0.16   data required time
-----------------------------------------------------------------------------
                                  0.16   data required time
                                 -0.50   data arrival time
-----------------------------------------------------------------------------
                                  0.34   slack (MET)


Startpoint: _138_ (rising edge-triggered flip-flop clocked by clk)
Endpoint: _138_ (rising edge-triggered flip-flop clocked by clk)
Path Group: clk
Path Type: min

Fanout     Cap    Slew   Delay    Time   Description
-----------------------------------------------------------------------------
                  0.00    0.00    0.00   clock clk (rise edge)
                          0.00    0.00   clock network delay (ideal)
                  0.00    0.00    0.00 ^ _138_/CLK (sky130_fd_sc_hd__dfxtp_1)
     3    0.02    0.16    0.37    0.37 ^ _138_/Q (sky130_fd_sc_hd__dfxtp_1)
                                         div_cntr[6] (net)
                  0.16    0.00    0.37 ^ _096_/A (sky130_fd_sc_hd__xor2_1)
     1    0.01    0.05    0.11    0.48 v _096_/X (sky130_fd_sc_hd__xor2_1)
                                         _020_ (net)
                  0.05    0.00    0.48 v _138_/D (sky130_fd_sc_hd__dfxtp_1)
                                  0.48   data arrival time

                  0.00    0.00    0.00   clock clk (rise edge)
                          0.00    0.00   clock network delay (ideal)
                          0.20    0.20   clock uncertainty
                          0.00    0.20   clock reconvergence pessimism
                                  0.20 ^ _138_/CLK (sky130_fd_sc_hd__dfxtp_1)
                         -0.07    0.13   library hold time
                                  0.13   data required time
-----------------------------------------------------------------------------
                                  0.13   data required time
                                 -0.48   data arrival time
-----------------------------------------------------------------------------
                                  0.35   slack (MET)


Startpoint: _141_ (rising edge-triggered flip-flop clocked by clk)
Endpoint: _141_ (rising edge-triggered flip-flop clocked by clk)
Path Group: clk
Path Type: min

Fanout     Cap    Slew   Delay    Time   Description
-----------------------------------------------------------------------------
                  0.00    0.00    0.00   clock clk (rise edge)
                          0.00    0.00   clock network delay (ideal)
                  0.00    0.00    0.00 ^ _141_/CLK (sky130_fd_sc_hd__dfxtp_1)
     4    0.01    0.12    0.34    0.34 ^ _141_/Q (sky130_fd_sc_hd__dfxtp_1)
                                         div_cntr[9] (net)
                  0.12    0.00    0.34 ^ _102_/B1 (sky130_fd_sc_hd__a21oi_1)
     1    0.00    0.05    0.06    0.41 v _102_/Y (sky130_fd_sc_hd__a21oi_1)
                                         _062_ (net)
                  0.05    0.00    0.41 v _104_/A (sky130_fd_sc_hd__nor2_1)
     1    0.00    0.08    0.10    0.51 ^ _104_/Y (sky130_fd_sc_hd__nor2_1)
                                         _023_ (net)
                  0.08    0.00    0.51 ^ _141_/D (sky130_fd_sc_hd__dfxtp_1)
                                  0.51   data arrival time

                  0.00    0.00    0.00   clock clk (rise edge)
                          0.00    0.00   clock network delay (ideal)
                          0.20    0.20   clock uncertainty
                          0.00    0.20   clock reconvergence pessimism
                                  0.20 ^ _141_/CLK (sky130_fd_sc_hd__dfxtp_1)
                         -0.04    0.16   library hold time
                                  0.16   data required time
-----------------------------------------------------------------------------
                                  0.16   data required time
                                 -0.51   data arrival time
-----------------------------------------------------------------------------
                                  0.35   slack (MET)


Startpoint: _140_ (rising edge-triggered flip-flop clocked by clk)
Endpoint: _140_ (rising edge-triggered flip-flop clocked by clk)
Path Group: clk
Path Type: min

Fanout     Cap    Slew   Delay    Time   Description
-----------------------------------------------------------------------------
                  0.00    0.00    0.00   clock clk (rise edge)
                          0.00    0.00   clock network delay (ideal)
                  0.00    0.00    0.00 ^ _140_/CLK (sky130_fd_sc_hd__dfxtp_1)
     5    0.02    0.19    0.39    0.39 ^ _140_/Q (sky130_fd_sc_hd__dfxtp_1)
                                         div_cntr[8] (net)
                  0.19    0.00    0.39 ^ _101_/A (sky130_fd_sc_hd__xor2_1)
     1    0.00    0.04    0.10    0.49 v _101_/X (sky130_fd_sc_hd__xor2_1)
                                         _022_ (net)
                  0.04    0.00    0.49 v _140_/D (sky130_fd_sc_hd__dfxtp_1)
                                  0.49   data arrival time

                  0.00    0.00    0.00   clock clk (rise edge)
                          0.00    0.00   clock network delay (ideal)
                          0.20    0.20   clock uncertainty
                          0.00    0.20   clock reconvergence pessimism
                                  0.20 ^ _140_/CLK (sky130_fd_sc_hd__dfxtp_1)
                         -0.06    0.14   library hold time
                                  0.14   data required time
-----------------------------------------------------------------------------
                                  0.14   data required time
                                 -0.49   data arrival time
-----------------------------------------------------------------------------
                                  0.35   slack (MET)


Startpoint: _148_ (rising edge-triggered flip-flop clocked by clk)
Endpoint: _148_ (rising edge-triggered flip-flop clocked by clk)
Path Group: clk
Path Type: min

Fanout     Cap    Slew   Delay    Time   Description
-----------------------------------------------------------------------------
                  0.00    0.00    0.00   clock clk (rise edge)
                          0.00    0.00   clock network delay (ideal)
                  0.00    0.00    0.00 ^ _148_/CLK (sky130_fd_sc_hd__dfxtp_1)
     4    0.02    0.21    0.40    0.40 ^ _148_/Q (sky130_fd_sc_hd__dfxtp_1)
                                         div_cntr[16] (net)
                  0.21    0.00    0.40 ^ _120_/A (sky130_fd_sc_hd__xor2_1)
     1    0.00    0.04    0.11    0.51 v _120_/X (sky130_fd_sc_hd__xor2_1)
                                         _011_ (net)
                  0.04    0.00    0.51 v _148_/D (sky130_fd_sc_hd__dfxtp_1)
                                  0.51   data arrival time

                  0.00    0.00    0.00   clock clk (rise edge)
                          0.00    0.00   clock network delay (ideal)
                          0.20    0.20   clock uncertainty
                          0.00    0.20   clock reconvergence pessimism
                                  0.20 ^ _148_/CLK (sky130_fd_sc_hd__dfxtp_1)
                         -0.06    0.14   library hold time
                                  0.14   data required time
-----------------------------------------------------------------------------
                                  0.14   data required time
                                 -0.51   data arrival time
-----------------------------------------------------------------------------
                                  0.37   slack (MET)


Startpoint: _144_ (rising edge-triggered flip-flop clocked by clk)
Endpoint: _144_ (rising edge-triggered flip-flop clocked by clk)
Path Group: clk
Path Type: min

Fanout     Cap    Slew   Delay    Time   Description
-----------------------------------------------------------------------------
                  0.00    0.00    0.00   clock clk (rise edge)
                          0.00    0.00   clock network delay (ideal)
                  0.00    0.00    0.00 ^ _144_/CLK (sky130_fd_sc_hd__dfxtp_1)
     5    0.02    0.17    0.38    0.38 ^ _144_/Q (sky130_fd_sc_hd__dfxtp_1)
                                         div_cntr[12] (net)
                  0.17    0.00    0.38 ^ _111_/A (sky130_fd_sc_hd__nor2_1)
     1    0.01    0.06    0.09    0.47 v _111_/Y (sky130_fd_sc_hd__nor2_1)
                                         _033_ (net)
                  0.06    0.00    0.47 v _112_/B (sky130_fd_sc_hd__nor2_1)
     1    0.00    0.08    0.09    0.56 ^ _112_/Y (sky130_fd_sc_hd__nor2_1)
                                         _007_ (net)
                  0.08    0.00    0.56 ^ _144_/D (sky130_fd_sc_hd__dfxtp_1)
                                  0.56   data arrival time

                  0.00    0.00    0.00   clock clk (rise edge)
                          0.00    0.00   clock network delay (ideal)
                          0.20    0.20   clock uncertainty
                          0.00    0.20   clock reconvergence pessimism
                                  0.20 ^ _144_/CLK (sky130_fd_sc_hd__dfxtp_1)
                         -0.04    0.16   library hold time
                                  0.16   data required time
-----------------------------------------------------------------------------
                                  0.16   data required time
                                 -0.56   data arrival time
-----------------------------------------------------------------------------
                                  0.40   slack (MET)


Startpoint: _145_ (rising edge-triggered flip-flop clocked by clk)
Endpoint: _145_ (rising edge-triggered flip-flop clocked by clk)
Path Group: clk
Path Type: min

Fanout     Cap    Slew   Delay    Time   Description
-----------------------------------------------------------------------------
                  0.00    0.00    0.00   clock clk (rise edge)
                          0.00    0.00   clock network delay (ideal)
                  0.00    0.00    0.00 ^ _145_/CLK (sky130_fd_sc_hd__dfxtp_1)
     4    0.02    0.17    0.38    0.38 ^ _145_/Q (sky130_fd_sc_hd__dfxtp_1)
                                         div_cntr[13] (net)
                  0.17    0.00    0.38 ^ _114_/A1 (sky130_fd_sc_hd__o21ba_1)
     1    0.01    0.07    0.18    0.56 ^ _114_/X (sky130_fd_sc_hd__o21ba_1)
                                         _008_ (net)
                  0.07    0.00    0.56 ^ _145_/D (sky130_fd_sc_hd__dfxtp_1)
                                  0.56   data arrival time

                  0.00    0.00    0.00   clock clk (rise edge)
                          0.00    0.00   clock network delay (ideal)
                          0.20    0.20   clock uncertainty
                          0.00    0.20   clock reconvergence pessimism
                                  0.20 ^ _145_/CLK (sky130_fd_sc_hd__dfxtp_1)
                         -0.04    0.16   library hold time
                                  0.16   data required time
-----------------------------------------------------------------------------
                                  0.16   data required time
                                 -0.56   data arrival time
-----------------------------------------------------------------------------
                                  0.40   slack (MET)


Startpoint: _137_ (rising edge-triggered flip-flop clocked by clk)
Endpoint: _137_ (rising edge-triggered flip-flop clocked by clk)
Path Group: clk
Path Type: min

Fanout     Cap    Slew   Delay    Time   Description
-----------------------------------------------------------------------------
                  0.00    0.00    0.00   clock clk (rise edge)
                          0.00    0.00   clock network delay (ideal)
                  0.00    0.00    0.00 ^ _137_/CLK (sky130_fd_sc_hd__dfxtp_1)
     3    0.01    0.14    0.36    0.36 ^ _137_/Q (sky130_fd_sc_hd__dfxtp_1)
                                         div_cntr[5] (net)
                  0.14    0.00    0.36 ^ _094_/B1 (sky130_fd_sc_hd__a21oi_1)
     1    0.00    0.05    0.07    0.43 v _094_/Y (sky130_fd_sc_hd__a21oi_1)
                                         _058_ (net)
                  0.05    0.00    0.43 v _095_/B (sky130_fd_sc_hd__nor2_1)
     1    0.01    0.12    0.12    0.55 ^ _095_/Y (sky130_fd_sc_hd__nor2_1)
                                         _019_ (net)
                  0.12    0.00    0.55 ^ _137_/D (sky130_fd_sc_hd__dfxtp_1)
                                  0.55   data arrival time

                  0.00    0.00    0.00   clock clk (rise edge)
                          0.00    0.00   clock network delay (ideal)
                          0.20    0.20   clock uncertainty
                          0.00    0.20   clock reconvergence pessimism
                                  0.20 ^ _137_/CLK (sky130_fd_sc_hd__dfxtp_1)
                         -0.05    0.15   library hold time
                                  0.15   data required time
-----------------------------------------------------------------------------
                                  0.15   data required time
                                 -0.55   data arrival time
-----------------------------------------------------------------------------
                                  0.40   slack (MET)


Startpoint: _132_ (rising edge-triggered flip-flop clocked by clk)
Endpoint: _133_ (rising edge-triggered flip-flop clocked by clk)
Path Group: clk
Path Type: min

Fanout     Cap    Slew   Delay    Time   Description
-----------------------------------------------------------------------------
                  0.00    0.00    0.00   clock clk (rise edge)
                          0.00    0.00   clock network delay (ideal)
                  0.00    0.00    0.00 ^ _132_/CLK (sky130_fd_sc_hd__dfxtp_2)
     5    0.02    0.06    0.33    0.33 v _132_/Q (sky130_fd_sc_hd__dfxtp_2)
                                         div_cntr[0] (net)
                  0.06    0.00    0.33 v _082_/A (sky130_fd_sc_hd__nand2_1)
     2    0.01    0.12    0.12    0.45 ^ _082_/Y (sky130_fd_sc_hd__nand2_1)
                                         _050_ (net)
                  0.12    0.00    0.45 ^ _084_/A (sky130_fd_sc_hd__and2_1)
     1    0.00    0.06    0.14    0.59 ^ _084_/X (sky130_fd_sc_hd__and2_1)
                                         _052_ (net)
                  0.06    0.00    0.59 ^ _085_/A (sky130_fd_sc_hd__clkbuf_1)
     1    0.00    0.05    0.09    0.68 ^ _085_/X (sky130_fd_sc_hd__clkbuf_1)
                                         _015_ (net)
                  0.05    0.00    0.68 ^ _133_/D (sky130_fd_sc_hd__dfxtp_1)
                                  0.68   data arrival time

                  0.00    0.00    0.00   clock clk (rise edge)
                          0.00    0.00   clock network delay (ideal)
                          0.20    0.20   clock uncertainty
                          0.00    0.20   clock reconvergence pessimism
                                  0.20 ^ _133_/CLK (sky130_fd_sc_hd__dfxtp_1)
                         -0.04    0.16   library hold time
                                  0.16   data required time
-----------------------------------------------------------------------------
                                  0.16   data required time
                                 -0.68   data arrival time
-----------------------------------------------------------------------------
                                  0.52   slack (MET)


Startpoint: _149_ (rising edge-triggered flip-flop clocked by clk)
Endpoint: _149_ (rising edge-triggered flip-flop clocked by clk)
Path Group: clk
Path Type: min

Fanout     Cap    Slew   Delay    Time   Description
-----------------------------------------------------------------------------
                  0.00    0.00    0.00   clock clk (rise edge)
                          0.00    0.00   clock network delay (ideal)
                  0.00    0.00    0.00 ^ _149_/CLK (sky130_fd_sc_hd__dfxtp_1)
     3    0.02    0.08    0.32    0.32 v _149_/Q (sky130_fd_sc_hd__dfxtp_1)
                                         div_cntr[17] (net)
                  0.08    0.00    0.32 v _121_/B (sky130_fd_sc_hd__nand3_2)
     2    0.01    0.09    0.12    0.44 ^ _121_/Y (sky130_fd_sc_hd__nand3_2)
                                         _038_ (net)
                  0.09    0.00    0.44 ^ _123_/A (sky130_fd_sc_hd__and2_1)
     1    0.01    0.07    0.14    0.58 ^ _123_/X (sky130_fd_sc_hd__and2_1)
                                         _040_ (net)
                  0.07    0.00    0.58 ^ _124_/A (sky130_fd_sc_hd__buf_1)
     1    0.01    0.11    0.13    0.71 ^ _124_/X (sky130_fd_sc_hd__buf_1)
                                         _012_ (net)
                  0.11    0.00    0.72 ^ _149_/D (sky130_fd_sc_hd__dfxtp_1)
                                  0.72   data arrival time

                  0.00    0.00    0.00   clock clk (rise edge)
                          0.00    0.00   clock network delay (ideal)
                          0.20    0.20   clock uncertainty
                          0.00    0.20   clock reconvergence pessimism
                                  0.20 ^ _149_/CLK (sky130_fd_sc_hd__dfxtp_1)
                         -0.05    0.15   library hold time
                                  0.15   data required time
-----------------------------------------------------------------------------
                                  0.15   data required time
                                 -0.72   data arrival time
-----------------------------------------------------------------------------
                                  0.57   slack (MET)


Startpoint: _135_ (rising edge-triggered flip-flop clocked by clk)
Endpoint: _135_ (rising edge-triggered flip-flop clocked by clk)
Path Group: clk
Path Type: min

Fanout     Cap    Slew   Delay    Time   Description
-----------------------------------------------------------------------------
                  0.00    0.00    0.00   clock clk (rise edge)
                          0.00    0.00   clock network delay (ideal)
                  0.00    0.00    0.00 ^ _135_/CLK (sky130_fd_sc_hd__dfxtp_1)
     2    0.01    0.13    0.35    0.35 ^ _135_/Q (sky130_fd_sc_hd__dfxtp_1)
                                         div_cntr[3] (net)
                  0.13    0.00    0.35 ^ _089_/B1 (sky130_fd_sc_hd__a31o_1)
     1    0.00    0.04    0.11    0.46 ^ _089_/X (sky130_fd_sc_hd__a31o_1)
                                         _055_ (net)
                  0.04    0.00    0.46 ^ _090_/B (sky130_fd_sc_hd__and2b_1)
     1    0.01    0.09    0.15    0.61 ^ _090_/X (sky130_fd_sc_hd__and2b_1)
                                         _056_ (net)
                  0.09    0.00    0.61 ^ _091_/A (sky130_fd_sc_hd__buf_1)
     1    0.01    0.12    0.15    0.76 ^ _091_/X (sky130_fd_sc_hd__buf_1)
                                         _017_ (net)
                  0.12    0.00    0.76 ^ _135_/D (sky130_fd_sc_hd__dfxtp_1)
                                  0.76   data arrival time

                  0.00    0.00    0.00   clock clk (rise edge)
                          0.00    0.00   clock network delay (ideal)
                          0.20    0.20   clock uncertainty
                          0.00    0.20   clock reconvergence pessimism
                                  0.20 ^ _135_/CLK (sky130_fd_sc_hd__dfxtp_1)
                         -0.05    0.15   library hold time
                                  0.15   data required time
-----------------------------------------------------------------------------
                                  0.15   data required time
                                 -0.76   data arrival time
-----------------------------------------------------------------------------
                                  0.62   slack (MET)



worst slack corner Typical: 0.2079
min_report_end
max_report

===========================================================================
report_checks -path_delay max (Setup)
============================================================================
======================= Typical Corner ===================================

Startpoint: _133_ (rising edge-triggered flip-flop clocked by clk)
Endpoint: _149_ (rising edge-triggered flip-flop clocked by clk)
Path Group: clk
Path Type: max

Fanout     Cap    Slew   Delay    Time   Description
-----------------------------------------------------------------------------
                  0.00    0.00    0.00   clock clk (rise edge)
                          0.00    0.00   clock network delay (ideal)
                  0.00    0.00    0.00 ^ _133_/CLK (sky130_fd_sc_hd__dfxtp_1)
     4    0.02    0.17    0.38    0.38 ^ _133_/Q (sky130_fd_sc_hd__dfxtp_1)
                                         div_cntr[1] (net)
                  0.17    0.00    0.38 ^ _087_/B (sky130_fd_sc_hd__and4_1)
     1    0.01    0.07    0.22    0.61 ^ _087_/X (sky130_fd_sc_hd__and4_1)
                                         _053_ (net)
                  0.07    0.00    0.61 ^ _088_/A (sky130_fd_sc_hd__buf_2)
     7    0.03    0.14    0.19    0.79 ^ _088_/X (sky130_fd_sc_hd__buf_2)
                                         _054_ (net)
                  0.14    0.00    0.79 ^ _118_/A (sky130_fd_sc_hd__and4_2)
     5    0.02    0.14    0.31    1.10 ^ _118_/X (sky130_fd_sc_hd__and4_2)
                                         _037_ (net)
                  0.14    0.00    1.10 ^ _121_/C (sky130_fd_sc_hd__nand3_2)
     2    0.01    0.12    0.13    1.23 v _121_/Y (sky130_fd_sc_hd__nand3_2)
                                         _038_ (net)
                  0.12    0.00    1.23 v _123_/A (sky130_fd_sc_hd__and2_1)
     1    0.01    0.05    0.18    1.41 v _123_/X (sky130_fd_sc_hd__and2_1)
                                         _040_ (net)
                  0.05    0.00    1.41 v _124_/A (sky130_fd_sc_hd__buf_1)
     1    0.01    0.06    0.11    1.52 v _124_/X (sky130_fd_sc_hd__buf_1)
                                         _012_ (net)
                  0.06    0.00    1.52 v _149_/D (sky130_fd_sc_hd__dfxtp_1)
                                  1.52   data arrival time

                  0.00   10.00   10.00   clock clk (rise edge)
                          0.00   10.00   clock network delay (ideal)
                         -0.20    9.80   clock uncertainty
                          0.00    9.80   clock reconvergence pessimism
                                  9.80 ^ _149_/CLK (sky130_fd_sc_hd__dfxtp_1)
                         -0.13    9.67   library setup time
                                  9.67   data required time
-----------------------------------------------------------------------------
                                  9.67   data required time
                                 -1.52   data arrival time
-----------------------------------------------------------------------------
                                  8.15   slack (MET)


Startpoint: _133_ (rising edge-triggered flip-flop clocked by clk)
Endpoint: _151_ (rising edge-triggered flip-flop clocked by clk)
Path Group: clk
Path Type: max

Fanout     Cap    Slew   Delay    Time   Description
-----------------------------------------------------------------------------
                  0.00    0.00    0.00   clock clk (rise edge)
                          0.00    0.00   clock network delay (ideal)
                  0.00    0.00    0.00 ^ _133_/CLK (sky130_fd_sc_hd__dfxtp_1)
     4    0.02    0.17    0.38    0.38 ^ _133_/Q (sky130_fd_sc_hd__dfxtp_1)
                                         div_cntr[1] (net)
                  0.17    0.00    0.38 ^ _087_/B (sky130_fd_sc_hd__and4_1)
     1    0.01    0.07    0.22    0.61 ^ _087_/X (sky130_fd_sc_hd__and4_1)
                                         _053_ (net)
                  0.07    0.00    0.61 ^ _088_/A (sky130_fd_sc_hd__buf_2)
     7    0.03    0.14    0.19    0.79 ^ _088_/X (sky130_fd_sc_hd__buf_2)
                                         _054_ (net)
                  0.14    0.00    0.79 ^ _118_/A (sky130_fd_sc_hd__and4_2)
     5    0.02    0.14    0.31    1.10 ^ _118_/X (sky130_fd_sc_hd__and4_2)
                                         _037_ (net)
                  0.14    0.00    1.10 ^ _126_/D (sky130_fd_sc_hd__and4_1)
     1    0.01    0.08    0.23    1.33 ^ _126_/X (sky130_fd_sc_hd__and4_1)
                                         _041_ (net)
                  0.08    0.00    1.33 ^ _127_/B (sky130_fd_sc_hd__xor2_1)
     1    0.01    0.18    0.19    1.52 ^ _127_/X (sky130_fd_sc_hd__xor2_1)
                                         _014_ (net)
                  0.18    0.00    1.52 ^ _151_/D (sky130_fd_sc_hd__dfxtp_2)
                                  1.52   data arrival time

                  0.00   10.00   10.00   clock clk (rise edge)
                          0.00   10.00   clock network delay (ideal)
                         -0.20    9.80   clock uncertainty
                          0.00    9.80   clock reconvergence pessimism
                                  9.80 ^ _151_/CLK (sky130_fd_sc_hd__dfxtp_2)
                         -0.10    9.70   library setup time
                                  9.70   data required time
-----------------------------------------------------------------------------
                                  9.70   data required time
                                 -1.52   data arrival time
-----------------------------------------------------------------------------
                                  8.18   slack (MET)


Startpoint: _133_ (rising edge-triggered flip-flop clocked by clk)
Endpoint: _145_ (rising edge-triggered flip-flop clocked by clk)
Path Group: clk
Path Type: max

Fanout     Cap    Slew   Delay    Time   Description
-----------------------------------------------------------------------------
                  0.00    0.00    0.00   clock clk (rise edge)
                          0.00    0.00   clock network delay (ideal)
                  0.00    0.00    0.00 ^ _133_/CLK (sky130_fd_sc_hd__dfxtp_1)
     4    0.02    0.17    0.38    0.38 ^ _133_/Q (sky130_fd_sc_hd__dfxtp_1)
                                         div_cntr[1] (net)
                  0.17    0.00    0.38 ^ _087_/B (sky130_fd_sc_hd__and4_1)
     1    0.01    0.07    0.22    0.61 ^ _087_/X (sky130_fd_sc_hd__and4_1)
                                         _053_ (net)
                  0.07    0.00    0.61 ^ _088_/A (sky130_fd_sc_hd__buf_2)
     7    0.03    0.14    0.19    0.79 ^ _088_/X (sky130_fd_sc_hd__buf_2)
                                         _054_ (net)
                  0.14    0.00    0.79 ^ _108_/A (sky130_fd_sc_hd__and3_1)
     5    0.02    0.16    0.26    1.05 ^ _108_/X (sky130_fd_sc_hd__and3_1)
                                         _031_ (net)
                  0.16    0.00    1.05 ^ _113_/C (sky130_fd_sc_hd__and3_1)
     2    0.01    0.14    0.25    1.30 ^ _113_/X (sky130_fd_sc_hd__and3_1)
                                         _034_ (net)
                  0.14    0.00    1.30 ^ _114_/B1_N (sky130_fd_sc_hd__o21ba_1)
     1    0.01    0.05    0.18    1.48 v _114_/X (sky130_fd_sc_hd__o21ba_1)
                                         _008_ (net)
                  0.05    0.00    1.48 v _145_/D (sky130_fd_sc_hd__dfxtp_1)
                                  1.48   data arrival time

                  0.00   10.00   10.00   clock clk (rise edge)
                          0.00   10.00   clock network delay (ideal)
                         -0.20    9.80   clock uncertainty
                          0.00    9.80   clock reconvergence pessimism
                                  9.80 ^ _145_/CLK (sky130_fd_sc_hd__dfxtp_1)
                         -0.12    9.68   library setup time
                                  9.68   data required time
-----------------------------------------------------------------------------
                                  9.68   data required time
                                 -1.48   data arrival time
-----------------------------------------------------------------------------
                                  8.20   slack (MET)


Startpoint: _133_ (rising edge-triggered flip-flop clocked by clk)
Endpoint: _146_ (rising edge-triggered flip-flop clocked by clk)
Path Group: clk
Path Type: max

Fanout     Cap    Slew   Delay    Time   Description
-----------------------------------------------------------------------------
                  0.00    0.00    0.00   clock clk (rise edge)
                          0.00    0.00   clock network delay (ideal)
                  0.00    0.00    0.00 ^ _133_/CLK (sky130_fd_sc_hd__dfxtp_1)
     4    0.02    0.17    0.38    0.38 ^ _133_/Q (sky130_fd_sc_hd__dfxtp_1)
                                         div_cntr[1] (net)
                  0.17    0.00    0.38 ^ _087_/B (sky130_fd_sc_hd__and4_1)
     1    0.01    0.07    0.22    0.61 ^ _087_/X (sky130_fd_sc_hd__and4_1)
                                         _053_ (net)
                  0.07    0.00    0.61 ^ _088_/A (sky130_fd_sc_hd__buf_2)
     7    0.03    0.14    0.19    0.79 ^ _088_/X (sky130_fd_sc_hd__buf_2)
                                         _054_ (net)
                  0.14    0.00    0.79 ^ _108_/A (sky130_fd_sc_hd__and3_1)
     5    0.02    0.16    0.26    1.05 ^ _108_/X (sky130_fd_sc_hd__and3_1)
                                         _031_ (net)
                  0.16    0.00    1.05 ^ _113_/C (sky130_fd_sc_hd__and3_1)
     2    0.01    0.14    0.25    1.30 ^ _113_/X (sky130_fd_sc_hd__and3_1)
                                         _034_ (net)
                  0.14    0.00    1.30 ^ _115_/B (sky130_fd_sc_hd__xor2_1)
     1    0.00    0.12    0.16    1.46 ^ _115_/X (sky130_fd_sc_hd__xor2_1)
                                         _009_ (net)
                  0.12    0.00    1.46 ^ _146_/D (sky130_fd_sc_hd__dfxtp_1)
                                  1.46   data arrival time

                  0.00   10.00   10.00   clock clk (rise edge)
                          0.00   10.00   clock network delay (ideal)
                         -0.20    9.80   clock uncertainty
                          0.00    9.80   clock reconvergence pessimism
                                  9.80 ^ _146_/CLK (sky130_fd_sc_hd__dfxtp_1)
                         -0.08    9.72   library setup time
                                  9.72   data required time
-----------------------------------------------------------------------------
                                  9.72   data required time
                                 -1.46   data arrival time
-----------------------------------------------------------------------------
                                  8.26   slack (MET)


Startpoint: _133_ (rising edge-triggered flip-flop clocked by clk)
Endpoint: _142_ (rising edge-triggered flip-flop clocked by clk)
Path Group: clk
Path Type: max

Fanout     Cap    Slew   Delay    Time   Description
-----------------------------------------------------------------------------
                  0.00    0.00    0.00   clock clk (rise edge)
                          0.00    0.00   clock network delay (ideal)
                  0.00    0.00    0.00 ^ _133_/CLK (sky130_fd_sc_hd__dfxtp_1)
     4    0.02    0.17    0.38    0.38 ^ _133_/Q (sky130_fd_sc_hd__dfxtp_1)
                                         div_cntr[1] (net)
                  0.17    0.00    0.38 ^ _087_/B (sky130_fd_sc_hd__and4_1)
     1    0.01    0.07    0.22    0.61 ^ _087_/X (sky130_fd_sc_hd__and4_1)
                                         _053_ (net)
                  0.07    0.00    0.61 ^ _088_/A (sky130_fd_sc_hd__buf_2)
     7    0.03    0.14    0.19    0.79 ^ _088_/X (sky130_fd_sc_hd__buf_2)
                                         _054_ (net)
                  0.14    0.00    0.79 ^ _099_/A (sky130_fd_sc_hd__and2_2)
     5    0.02    0.12    0.23    1.02 ^ _099_/X (sky130_fd_sc_hd__and2_2)
                                         _061_ (net)
                  0.12    0.00    1.02 ^ _103_/C (sky130_fd_sc_hd__and3_1)
     2    0.01    0.15    0.24    1.26 ^ _103_/X (sky130_fd_sc_hd__and3_1)
                                         _028_ (net)
                  0.15    0.00    1.26 ^ _105_/B (sky130_fd_sc_hd__xor2_1)
     1    0.00    0.15    0.18    1.45 ^ _105_/X (sky130_fd_sc_hd__xor2_1)
                                         _005_ (net)
                  0.15    0.00    1.45 ^ _142_/D (sky130_fd_sc_hd__dfxtp_1)
                                  1.45   data arrival time

                  0.00   10.00   10.00   clock clk (rise edge)
                          0.00   10.00   clock network delay (ideal)
                         -0.20    9.80   clock uncertainty
                          0.00    9.80   clock reconvergence pessimism
                                  9.80 ^ _142_/CLK (sky130_fd_sc_hd__dfxtp_1)
                         -0.08    9.72   library setup time
                                  9.72   data required time
-----------------------------------------------------------------------------
                                  9.72   data required time
                                 -1.45   data arrival time
-----------------------------------------------------------------------------
                                  8.27   slack (MET)


Startpoint: _133_ (rising edge-triggered flip-flop clocked by clk)
Endpoint: _150_ (rising edge-triggered flip-flop clocked by clk)
Path Group: clk
Path Type: max

Fanout     Cap    Slew   Delay    Time   Description
-----------------------------------------------------------------------------
                  0.00    0.00    0.00   clock clk (rise edge)
                          0.00    0.00   clock network delay (ideal)
                  0.00    0.00    0.00 ^ _133_/CLK (sky130_fd_sc_hd__dfxtp_1)
     4    0.02    0.17    0.38    0.38 ^ _133_/Q (sky130_fd_sc_hd__dfxtp_1)
                                         div_cntr[1] (net)
                  0.17    0.00    0.38 ^ _087_/B (sky130_fd_sc_hd__and4_1)
     1    0.01    0.07    0.22    0.61 ^ _087_/X (sky130_fd_sc_hd__and4_1)
                                         _053_ (net)
                  0.07    0.00    0.61 ^ _088_/A (sky130_fd_sc_hd__buf_2)
     7    0.03    0.14    0.19    0.79 ^ _088_/X (sky130_fd_sc_hd__buf_2)
                                         _054_ (net)
                  0.14    0.00    0.79 ^ _118_/A (sky130_fd_sc_hd__and4_2)
     5    0.02    0.14    0.31    1.10 ^ _118_/X (sky130_fd_sc_hd__and4_2)
                                         _037_ (net)
                  0.14    0.00    1.10 ^ _121_/C (sky130_fd_sc_hd__nand3_2)
     2    0.01    0.12    0.13    1.23 v _121_/Y (sky130_fd_sc_hd__nand3_2)
                                         _038_ (net)
                  0.12    0.00    1.23 v _125_/B (sky130_fd_sc_hd__xnor2_1)
     1    0.01    0.07    0.17    1.40 v _125_/Y (sky130_fd_sc_hd__xnor2_1)
                                         _013_ (net)
                  0.07    0.00    1.40 v _150_/D (sky130_fd_sc_hd__dfxtp_1)
                                  1.40   data arrival time

                  0.00   10.00   10.00   clock clk (rise edge)
                          0.00   10.00   clock network delay (ideal)
                         -0.20    9.80   clock uncertainty
                          0.00    9.80   clock reconvergence pessimism
                                  9.80 ^ _150_/CLK (sky130_fd_sc_hd__dfxtp_1)
                         -0.13    9.67   library setup time
                                  9.67   data required time
-----------------------------------------------------------------------------
                                  9.67   data required time
                                 -1.40   data arrival time
-----------------------------------------------------------------------------
                                  8.27   slack (MET)


Startpoint: _133_ (rising edge-triggered flip-flop clocked by clk)
Endpoint: _147_ (rising edge-triggered flip-flop clocked by clk)
Path Group: clk
Path Type: max

Fanout     Cap    Slew   Delay    Time   Description
-----------------------------------------------------------------------------
                  0.00    0.00    0.00   clock clk (rise edge)
                          0.00    0.00   clock network delay (ideal)
                  0.00    0.00    0.00 ^ _133_/CLK (sky130_fd_sc_hd__dfxtp_1)
     4    0.02    0.17    0.38    0.38 ^ _133_/Q (sky130_fd_sc_hd__dfxtp_1)
                                         div_cntr[1] (net)
                  0.17    0.00    0.38 ^ _087_/B (sky130_fd_sc_hd__and4_1)
     1    0.01    0.07    0.22    0.61 ^ _087_/X (sky130_fd_sc_hd__and4_1)
                                         _053_ (net)
                  0.07    0.00    0.61 ^ _088_/A (sky130_fd_sc_hd__buf_2)
     7    0.03    0.14    0.19    0.79 ^ _088_/X (sky130_fd_sc_hd__buf_2)
                                         _054_ (net)
                  0.14    0.00    0.79 ^ _108_/A (sky130_fd_sc_hd__and3_1)
     5    0.02    0.16    0.26    1.05 ^ _108_/X (sky130_fd_sc_hd__and3_1)
                                         _031_ (net)
                  0.16    0.00    1.05 ^ _116_/D (sky130_fd_sc_hd__and4_1)
     1    0.00    0.07    0.22    1.27 ^ _116_/X (sky130_fd_sc_hd__and4_1)
                                         _035_ (net)
                  0.07    0.00    1.27 ^ _119_/A2 (sky130_fd_sc_hd__o21ba_1)
     1    0.00    0.05    0.12    1.39 ^ _119_/X (sky130_fd_sc_hd__o21ba_1)
                                         _010_ (net)
                  0.05    0.00    1.39 ^ _147_/D (sky130_fd_sc_hd__dfxtp_1)
                                  1.39   data arrival time

                  0.00   10.00   10.00   clock clk (rise edge)
                          0.00   10.00   clock network delay (ideal)
                         -0.20    9.80   clock uncertainty
                          0.00    9.80   clock reconvergence pessimism
                                  9.80 ^ _147_/CLK (sky130_fd_sc_hd__dfxtp_1)
                         -0.06    9.74   library setup time
                                  9.74   data required time
-----------------------------------------------------------------------------
                                  9.74   data required time
                                 -1.39   data arrival time
-----------------------------------------------------------------------------
                                  8.35   slack (MET)


Startpoint: _133_ (rising edge-triggered flip-flop clocked by clk)
Endpoint: _144_ (rising edge-triggered flip-flop clocked by clk)
Path Group: clk
Path Type: max

Fanout     Cap    Slew   Delay    Time   Description
-----------------------------------------------------------------------------
                  0.00    0.00    0.00   clock clk (rise edge)
                          0.00    0.00   clock network delay (ideal)
                  0.00    0.00    0.00 ^ _133_/CLK (sky130_fd_sc_hd__dfxtp_1)
     4    0.02    0.17    0.38    0.38 ^ _133_/Q (sky130_fd_sc_hd__dfxtp_1)
                                         div_cntr[1] (net)
                  0.17    0.00    0.38 ^ _087_/B (sky130_fd_sc_hd__and4_1)
     1    0.01    0.07    0.22    0.61 ^ _087_/X (sky130_fd_sc_hd__and4_1)
                                         _053_ (net)
                  0.07    0.00    0.61 ^ _088_/A (sky130_fd_sc_hd__buf_2)
     7    0.03    0.14    0.19    0.79 ^ _088_/X (sky130_fd_sc_hd__buf_2)
                                         _054_ (net)
                  0.14    0.00    0.79 ^ _108_/A (sky130_fd_sc_hd__and3_1)
     5    0.02    0.16    0.26    1.05 ^ _108_/X (sky130_fd_sc_hd__and3_1)
                                         _031_ (net)
                  0.16    0.00    1.05 ^ _110_/B (sky130_fd_sc_hd__and2_1)
     2    0.01    0.13    0.21    1.26 ^ _110_/X (sky130_fd_sc_hd__and2_1)
                                         _032_ (net)
                  0.13    0.00    1.26 ^ _112_/A (sky130_fd_sc_hd__nor2_1)
     1    0.00    0.04    0.07    1.33 v _112_/Y (sky130_fd_sc_hd__nor2_1)
                                         _007_ (net)
                  0.04    0.00    1.33 v _144_/D (sky130_fd_sc_hd__dfxtp_1)
                                  1.33   data arrival time

                  0.00   10.00   10.00   clock clk (rise edge)
                          0.00   10.00   clock network delay (ideal)
                         -0.20    9.80   clock uncertainty
                          0.00    9.80   clock reconvergence pessimism
                                  9.80 ^ _144_/CLK (sky130_fd_sc_hd__dfxtp_1)
                         -0.12    9.68   library setup time
                                  9.68   data required time
-----------------------------------------------------------------------------
                                  9.68   data required time
                                 -1.33   data arrival time
-----------------------------------------------------------------------------
                                  8.35   slack (MET)


Startpoint: _133_ (rising edge-triggered flip-flop clocked by clk)
Endpoint: _141_ (rising edge-triggered flip-flop clocked by clk)
Path Group: clk
Path Type: max

Fanout     Cap    Slew   Delay    Time   Description
-----------------------------------------------------------------------------
                  0.00    0.00    0.00   clock clk (rise edge)
                          0.00    0.00   clock network delay (ideal)
                  0.00    0.00    0.00 ^ _133_/CLK (sky130_fd_sc_hd__dfxtp_1)
     4    0.02    0.17    0.38    0.38 ^ _133_/Q (sky130_fd_sc_hd__dfxtp_1)
                                         div_cntr[1] (net)
                  0.17    0.00    0.38 ^ _087_/B (sky130_fd_sc_hd__and4_1)
     1    0.01    0.07    0.22    0.61 ^ _087_/X (sky130_fd_sc_hd__and4_1)
                                         _053_ (net)
                  0.07    0.00    0.61 ^ _088_/A (sky130_fd_sc_hd__buf_2)
     7    0.03    0.14    0.19    0.79 ^ _088_/X (sky130_fd_sc_hd__buf_2)
                                         _054_ (net)
                  0.14    0.00    0.79 ^ _099_/A (sky130_fd_sc_hd__and2_2)
     5    0.02    0.12    0.23    1.02 ^ _099_/X (sky130_fd_sc_hd__and2_2)
                                         _061_ (net)
                  0.12    0.00    1.02 ^ _103_/C (sky130_fd_sc_hd__and3_1)
     2    0.01    0.15    0.24    1.26 ^ _103_/X (sky130_fd_sc_hd__and3_1)
                                         _028_ (net)
                  0.15    0.00    1.26 ^ _104_/B (sky130_fd_sc_hd__nor2_1)
     1    0.00    0.04    0.06    1.32 v _104_/Y (sky130_fd_sc_hd__nor2_1)
                                         _023_ (net)
                  0.04    0.00    1.32 v _141_/D (sky130_fd_sc_hd__dfxtp_1)
                                  1.32   data arrival time

                  0.00   10.00   10.00   clock clk (rise edge)
                          0.00   10.00   clock network delay (ideal)
                         -0.20    9.80   clock uncertainty
                          0.00    9.80   clock reconvergence pessimism
                                  9.80 ^ _141_/CLK (sky130_fd_sc_hd__dfxtp_1)
                         -0.12    9.68   library setup time
                                  9.68   data required time
-----------------------------------------------------------------------------
                                  9.68   data required time
                                 -1.32   data arrival time
-----------------------------------------------------------------------------
                                  8.36   slack (MET)


Startpoint: _133_ (rising edge-triggered flip-flop clocked by clk)
Endpoint: _143_ (rising edge-triggered flip-flop clocked by clk)
Path Group: clk
Path Type: max

Fanout     Cap    Slew   Delay    Time   Description
-----------------------------------------------------------------------------
                  0.00    0.00    0.00   clock clk (rise edge)
                          0.00    0.00   clock network delay (ideal)
                  0.00    0.00    0.00 ^ _133_/CLK (sky130_fd_sc_hd__dfxtp_1)
     4    0.02    0.17    0.38    0.38 ^ _133_/Q (sky130_fd_sc_hd__dfxtp_1)
                                         div_cntr[1] (net)
                  0.17    0.00    0.38 ^ _087_/B (sky130_fd_sc_hd__and4_1)
     1    0.01    0.07    0.22    0.61 ^ _087_/X (sky130_fd_sc_hd__and4_1)
                                         _053_ (net)
                  0.07    0.00    0.61 ^ _088_/A (sky130_fd_sc_hd__buf_2)
     7    0.03    0.14    0.19    0.79 ^ _088_/X (sky130_fd_sc_hd__buf_2)
                                         _054_ (net)
                  0.14    0.00    0.79 ^ _099_/A (sky130_fd_sc_hd__and2_2)
     5    0.02    0.12    0.23    1.02 ^ _099_/X (sky130_fd_sc_hd__and2_2)
                                         _061_ (net)
                  0.12    0.00    1.02 ^ _106_/D (sky130_fd_sc_hd__and4_1)
     1    0.00    0.07    0.22    1.24 ^ _106_/X (sky130_fd_sc_hd__and4_1)
                                         _029_ (net)
                  0.07    0.00    1.24 ^ _109_/A2 (sky130_fd_sc_hd__o21ba_1)
     1    0.01    0.07    0.14    1.37 ^ _109_/X (sky130_fd_sc_hd__o21ba_1)
                                         _006_ (net)
                  0.07    0.00    1.37 ^ _143_/D (sky130_fd_sc_hd__dfxtp_1)
                                  1.37   data arrival time

                  0.00   10.00   10.00   clock clk (rise edge)
                          0.00   10.00   clock network delay (ideal)
                         -0.20    9.80   clock uncertainty
                          0.00    9.80   clock reconvergence pessimism
                                  9.80 ^ _143_/CLK (sky130_fd_sc_hd__dfxtp_1)
                         -0.07    9.73   library setup time
                                  9.73   data required time
-----------------------------------------------------------------------------
                                  9.73   data required time
                                 -1.37   data arrival time
-----------------------------------------------------------------------------
                                  8.36   slack (MET)


Startpoint: _133_ (rising edge-triggered flip-flop clocked by clk)
Endpoint: _139_ (rising edge-triggered flip-flop clocked by clk)
Path Group: clk
Path Type: max

Fanout     Cap    Slew   Delay    Time   Description
-----------------------------------------------------------------------------
                  0.00    0.00    0.00   clock clk (rise edge)
                          0.00    0.00   clock network delay (ideal)
                  0.00    0.00    0.00 ^ _133_/CLK (sky130_fd_sc_hd__dfxtp_1)
     4    0.02    0.09    0.33    0.33 v _133_/Q (sky130_fd_sc_hd__dfxtp_1)
                                         div_cntr[1] (net)
                  0.09    0.00    0.33 v _087_/B (sky130_fd_sc_hd__and4_1)
     1    0.00    0.05    0.20    0.53 v _087_/X (sky130_fd_sc_hd__and4_1)
                                         _053_ (net)
                  0.05    0.00    0.53 v _088_/A (sky130_fd_sc_hd__buf_2)
     7    0.03    0.07    0.17    0.69 v _088_/X (sky130_fd_sc_hd__buf_2)
                                         _054_ (net)
                  0.07    0.00    0.69 v _093_/C (sky130_fd_sc_hd__and3_1)
     3    0.01    0.07    0.23    0.92 v _093_/X (sky130_fd_sc_hd__and3_1)
                                         _057_ (net)
                  0.07    0.00    0.92 v _097_/B (sky130_fd_sc_hd__and2_1)
     1    0.00    0.04    0.17    1.09 v _097_/X (sky130_fd_sc_hd__and2_1)
                                         _059_ (net)
                  0.04    0.00    1.09 v _100_/A2 (sky130_fd_sc_hd__o21ba_1)
     1    0.00    0.04    0.17    1.26 v _100_/X (sky130_fd_sc_hd__o21ba_1)
                                         _021_ (net)
                  0.04    0.00    1.26 v _139_/D (sky130_fd_sc_hd__dfxtp_1)
                                  1.26   data arrival time

                  0.00   10.00   10.00   clock clk (rise edge)
                          0.00   10.00   clock network delay (ideal)
                         -0.20    9.80   clock uncertainty
                          0.00    9.80   clock reconvergence pessimism
                                  9.80 ^ _139_/CLK (sky130_fd_sc_hd__dfxtp_1)
                         -0.12    9.68   library setup time
                                  9.68   data required time
-----------------------------------------------------------------------------
                                  9.68   data required time
                                 -1.26   data arrival time
-----------------------------------------------------------------------------
                                  8.42   slack (MET)


Startpoint: _133_ (rising edge-triggered flip-flop clocked by clk)
Endpoint: _148_ (rising edge-triggered flip-flop clocked by clk)
Path Group: clk
Path Type: max

Fanout     Cap    Slew   Delay    Time   Description
-----------------------------------------------------------------------------
                  0.00    0.00    0.00   clock clk (rise edge)
                          0.00    0.00   clock network delay (ideal)
                  0.00    0.00    0.00 ^ _133_/CLK (sky130_fd_sc_hd__dfxtp_1)
     4    0.02    0.17    0.38    0.38 ^ _133_/Q (sky130_fd_sc_hd__dfxtp_1)
                                         div_cntr[1] (net)
                  0.17    0.00    0.38 ^ _087_/B (sky130_fd_sc_hd__and4_1)
     1    0.01    0.07    0.22    0.61 ^ _087_/X (sky130_fd_sc_hd__and4_1)
                                         _053_ (net)
                  0.07    0.00    0.61 ^ _088_/A (sky130_fd_sc_hd__buf_2)
     7    0.03    0.14    0.19    0.79 ^ _088_/X (sky130_fd_sc_hd__buf_2)
                                         _054_ (net)
                  0.14    0.00    0.79 ^ _118_/A (sky130_fd_sc_hd__and4_2)
     5    0.02    0.14    0.31    1.10 ^ _118_/X (sky130_fd_sc_hd__and4_2)
                                         _037_ (net)
                  0.14    0.00    1.10 ^ _120_/B (sky130_fd_sc_hd__xor2_1)
     1    0.00    0.14    0.18    1.28 ^ _120_/X (sky130_fd_sc_hd__xor2_1)
                                         _011_ (net)
                  0.14    0.00    1.28 ^ _148_/D (sky130_fd_sc_hd__dfxtp_1)
                                  1.28   data arrival time

                  0.00   10.00   10.00   clock clk (rise edge)
                          0.00   10.00   clock network delay (ideal)
                         -0.20    9.80   clock uncertainty
                          0.00    9.80   clock reconvergence pessimism
                                  9.80 ^ _148_/CLK (sky130_fd_sc_hd__dfxtp_1)
                         -0.08    9.72   library setup time
                                  9.72   data required time
-----------------------------------------------------------------------------
                                  9.72   data required time
                                 -1.28   data arrival time
-----------------------------------------------------------------------------
                                  8.44   slack (MET)


Startpoint: _133_ (rising edge-triggered flip-flop clocked by clk)
Endpoint: _138_ (rising edge-triggered flip-flop clocked by clk)
Path Group: clk
Path Type: max

Fanout     Cap    Slew   Delay    Time   Description
-----------------------------------------------------------------------------
                  0.00    0.00    0.00   clock clk (rise edge)
                          0.00    0.00   clock network delay (ideal)
                  0.00    0.00    0.00 ^ _133_/CLK (sky130_fd_sc_hd__dfxtp_1)
     4    0.02    0.17    0.38    0.38 ^ _133_/Q (sky130_fd_sc_hd__dfxtp_1)
                                         div_cntr[1] (net)
                  0.17    0.00    0.38 ^ _087_/B (sky130_fd_sc_hd__and4_1)
     1    0.01    0.07    0.22    0.61 ^ _087_/X (sky130_fd_sc_hd__and4_1)
                                         _053_ (net)
                  0.07    0.00    0.61 ^ _088_/A (sky130_fd_sc_hd__buf_2)
     7    0.03    0.14    0.19    0.79 ^ _088_/X (sky130_fd_sc_hd__buf_2)
                                         _054_ (net)
                  0.14    0.00    0.79 ^ _093_/C (sky130_fd_sc_hd__and3_1)
     3    0.01    0.13    0.24    1.03 ^ _093_/X (sky130_fd_sc_hd__and3_1)
                                         _057_ (net)
                  0.13    0.00    1.03 ^ _096_/B (sky130_fd_sc_hd__xor2_1)
     1    0.01    0.19    0.21    1.24 ^ _096_/X (sky130_fd_sc_hd__xor2_1)
                                         _020_ (net)
                  0.19    0.00    1.24 ^ _138_/D (sky130_fd_sc_hd__dfxtp_1)
                                  1.24   data arrival time

                  0.00   10.00   10.00   clock clk (rise edge)
                          0.00   10.00   clock network delay (ideal)
                         -0.20    9.80   clock uncertainty
                          0.00    9.80   clock reconvergence pessimism
                                  9.80 ^ _138_/CLK (sky130_fd_sc_hd__dfxtp_1)
                         -0.09    9.71   library setup time
                                  9.71   data required time
-----------------------------------------------------------------------------
                                  9.71   data required time
                                 -1.24   data arrival time
-----------------------------------------------------------------------------
                                  8.46   slack (MET)


Startpoint: _133_ (rising edge-triggered flip-flop clocked by clk)
Endpoint: _140_ (rising edge-triggered flip-flop clocked by clk)
Path Group: clk
Path Type: max

Fanout     Cap    Slew   Delay    Time   Description
-----------------------------------------------------------------------------
                  0.00    0.00    0.00   clock clk (rise edge)
                          0.00    0.00   clock network delay (ideal)
                  0.00    0.00    0.00 ^ _133_/CLK (sky130_fd_sc_hd__dfxtp_1)
     4    0.02    0.17    0.38    0.38 ^ _133_/Q (sky130_fd_sc_hd__dfxtp_1)
                                         div_cntr[1] (net)
                  0.17    0.00    0.38 ^ _087_/B (sky130_fd_sc_hd__and4_1)
     1    0.01    0.07    0.22    0.61 ^ _087_/X (sky130_fd_sc_hd__and4_1)
                                         _053_ (net)
                  0.07    0.00    0.61 ^ _088_/A (sky130_fd_sc_hd__buf_2)
     7    0.03    0.14    0.19    0.79 ^ _088_/X (sky130_fd_sc_hd__buf_2)
                                         _054_ (net)
                  0.14    0.00    0.79 ^ _099_/A (sky130_fd_sc_hd__and2_2)
     5    0.02    0.12    0.23    1.02 ^ _099_/X (sky130_fd_sc_hd__and2_2)
                                         _061_ (net)
                  0.12    0.00    1.02 ^ _101_/B (sky130_fd_sc_hd__xor2_1)
     1    0.00    0.14    0.17    1.19 ^ _101_/X (sky130_fd_sc_hd__xor2_1)
                                         _022_ (net)
                  0.14    0.00    1.19 ^ _140_/D (sky130_fd_sc_hd__dfxtp_1)
                                  1.19   data arrival time

                  0.00   10.00   10.00   clock clk (rise edge)
                          0.00   10.00   clock network delay (ideal)
                         -0.20    9.80   clock uncertainty
                          0.00    9.80   clock reconvergence pessimism
                                  9.80 ^ _140_/CLK (sky130_fd_sc_hd__dfxtp_1)
                         -0.08    9.72   library setup time
                                  9.72   data required time
-----------------------------------------------------------------------------
                                  9.72   data required time
                                 -1.19   data arrival time
-----------------------------------------------------------------------------
                                  8.53   slack (MET)


Startpoint: _133_ (rising edge-triggered flip-flop clocked by clk)
Endpoint: _135_ (rising edge-triggered flip-flop clocked by clk)
Path Group: clk
Path Type: max

Fanout     Cap    Slew   Delay    Time   Description
-----------------------------------------------------------------------------
                  0.00    0.00    0.00   clock clk (rise edge)
                          0.00    0.00   clock network delay (ideal)
                  0.00    0.00    0.00 ^ _133_/CLK (sky130_fd_sc_hd__dfxtp_1)
     4    0.02    0.17    0.38    0.38 ^ _133_/Q (sky130_fd_sc_hd__dfxtp_1)
                                         div_cntr[1] (net)
                  0.17    0.00    0.38 ^ _087_/B (sky130_fd_sc_hd__and4_1)
     1    0.01    0.07    0.22    0.61 ^ _087_/X (sky130_fd_sc_hd__and4_1)
                                         _053_ (net)
                  0.07    0.00    0.61 ^ _088_/A (sky130_fd_sc_hd__buf_2)
     7    0.03    0.14    0.19    0.79 ^ _088_/X (sky130_fd_sc_hd__buf_2)
                                         _054_ (net)
                  0.14    0.00    0.79 ^ _090_/A_N (sky130_fd_sc_hd__and2b_1)
     1    0.01    0.06    0.22    1.02 v _090_/X (sky130_fd_sc_hd__and2b_1)
                                         _056_ (net)
                  0.06    0.00    1.02 v _091_/A (sky130_fd_sc_hd__buf_1)
     1    0.01    0.06    0.12    1.14 v _091_/X (sky130_fd_sc_hd__buf_1)
                                         _017_ (net)
                  0.06    0.00    1.14 v _135_/D (sky130_fd_sc_hd__dfxtp_1)
                                  1.14   data arrival time

                  0.00   10.00   10.00   clock clk (rise edge)
                          0.00   10.00   clock network delay (ideal)
                         -0.20    9.80   clock uncertainty
                          0.00    9.80   clock reconvergence pessimism
                                  9.80 ^ _135_/CLK (sky130_fd_sc_hd__dfxtp_1)
                         -0.13    9.67   library setup time
                                  9.67   data required time
-----------------------------------------------------------------------------
                                  9.67   data required time
                                 -1.14   data arrival time
-----------------------------------------------------------------------------
                                  8.53   slack (MET)


Startpoint: _133_ (rising edge-triggered flip-flop clocked by clk)
Endpoint: _137_ (rising edge-triggered flip-flop clocked by clk)
Path Group: clk
Path Type: max

Fanout     Cap    Slew   Delay    Time   Description
-----------------------------------------------------------------------------
                  0.00    0.00    0.00   clock clk (rise edge)
                          0.00    0.00   clock network delay (ideal)
                  0.00    0.00    0.00 ^ _133_/CLK (sky130_fd_sc_hd__dfxtp_1)
     4    0.02    0.17    0.38    0.38 ^ _133_/Q (sky130_fd_sc_hd__dfxtp_1)
                                         div_cntr[1] (net)
                  0.17    0.00    0.38 ^ _087_/B (sky130_fd_sc_hd__and4_1)
     1    0.01    0.07    0.22    0.61 ^ _087_/X (sky130_fd_sc_hd__and4_1)
                                         _053_ (net)
                  0.07    0.00    0.61 ^ _088_/A (sky130_fd_sc_hd__buf_2)
     7    0.03    0.14    0.19    0.79 ^ _088_/X (sky130_fd_sc_hd__buf_2)
                                         _054_ (net)
                  0.14    0.00    0.79 ^ _093_/C (sky130_fd_sc_hd__and3_1)
     3    0.01    0.13    0.24    1.03 ^ _093_/X (sky130_fd_sc_hd__and3_1)
                                         _057_ (net)
                  0.13    0.00    1.03 ^ _095_/A (sky130_fd_sc_hd__nor2_1)
     1    0.01    0.05    0.08    1.11 v _095_/Y (sky130_fd_sc_hd__nor2_1)
                                         _019_ (net)
                  0.05    0.00    1.11 v _137_/D (sky130_fd_sc_hd__dfxtp_1)
                                  1.11   data arrival time

                  0.00   10.00   10.00   clock clk (rise edge)
                          0.00   10.00   clock network delay (ideal)
                         -0.20    9.80   clock uncertainty
                          0.00    9.80   clock reconvergence pessimism
                                  9.80 ^ _137_/CLK (sky130_fd_sc_hd__dfxtp_1)
                         -0.12    9.68   library setup time
                                  9.68   data required time
-----------------------------------------------------------------------------
                                  9.68   data required time
                                 -1.11   data arrival time
-----------------------------------------------------------------------------
                                  8.57   slack (MET)


Startpoint: _133_ (rising edge-triggered flip-flop clocked by clk)
Endpoint: _136_ (rising edge-triggered flip-flop clocked by clk)
Path Group: clk
Path Type: max

Fanout     Cap    Slew   Delay    Time   Description
-----------------------------------------------------------------------------
                  0.00    0.00    0.00   clock clk (rise edge)
                          0.00    0.00   clock network delay (ideal)
                  0.00    0.00    0.00 ^ _133_/CLK (sky130_fd_sc_hd__dfxtp_1)
     4    0.02    0.17    0.38    0.38 ^ _133_/Q (sky130_fd_sc_hd__dfxtp_1)
                                         div_cntr[1] (net)
                  0.17    0.00    0.38 ^ _087_/B (sky130_fd_sc_hd__and4_1)
     1    0.01    0.07    0.22    0.61 ^ _087_/X (sky130_fd_sc_hd__and4_1)
                                         _053_ (net)
                  0.07    0.00    0.61 ^ _088_/A (sky130_fd_sc_hd__buf_2)
     7    0.03    0.14    0.19    0.79 ^ _088_/X (sky130_fd_sc_hd__buf_2)
                                         _054_ (net)
                  0.14    0.00    0.79 ^ _092_/B (sky130_fd_sc_hd__xor2_1)
     1    0.00    0.11    0.15    0.94 ^ _092_/X (sky130_fd_sc_hd__xor2_1)
                                         _018_ (net)
                  0.11    0.00    0.94 ^ _136_/D (sky130_fd_sc_hd__dfxtp_1)
                                  0.94   data arrival time

                  0.00   10.00   10.00   clock clk (rise edge)
                          0.00   10.00   clock network delay (ideal)
                         -0.20    9.80   clock uncertainty
                          0.00    9.80   clock reconvergence pessimism
                                  9.80 ^ _136_/CLK (sky130_fd_sc_hd__dfxtp_1)
                         -0.07    9.73   library setup time
                                  9.73   data required time
-----------------------------------------------------------------------------
                                  9.73   data required time
                                 -0.94   data arrival time
-----------------------------------------------------------------------------
                                  8.78   slack (MET)


Startpoint: _132_ (rising edge-triggered flip-flop clocked by clk)
Endpoint: _133_ (rising edge-triggered flip-flop clocked by clk)
Path Group: clk
Path Type: max

Fanout     Cap    Slew   Delay    Time   Description
-----------------------------------------------------------------------------
                  0.00    0.00    0.00   clock clk (rise edge)
                          0.00    0.00   clock network delay (ideal)
                  0.00    0.00    0.00 ^ _132_/CLK (sky130_fd_sc_hd__dfxtp_2)
     5    0.02    0.06    0.33    0.33 v _132_/Q (sky130_fd_sc_hd__dfxtp_2)
                                         div_cntr[0] (net)
                  0.06    0.00    0.33 v _083_/A (sky130_fd_sc_hd__or2_1)
     1    0.01    0.07    0.25    0.58 v _083_/X (sky130_fd_sc_hd__or2_1)
                                         _051_ (net)
                  0.07    0.00    0.58 v _084_/B (sky130_fd_sc_hd__and2_1)
     1    0.00    0.04    0.17    0.75 v _084_/X (sky130_fd_sc_hd__and2_1)
                                         _052_ (net)
                  0.04    0.00    0.75 v _085_/A (sky130_fd_sc_hd__clkbuf_1)
     1    0.00    0.03    0.09    0.83 v _085_/X (sky130_fd_sc_hd__clkbuf_1)
                                         _015_ (net)
                  0.03    0.00    0.83 v _133_/D (sky130_fd_sc_hd__dfxtp_1)
                                  0.83   data arrival time

                  0.00   10.00   10.00   clock clk (rise edge)
                          0.00   10.00   clock network delay (ideal)
                         -0.20    9.80   clock uncertainty
                          0.00    9.80   clock reconvergence pessimism
                                  9.80 ^ _133_/CLK (sky130_fd_sc_hd__dfxtp_1)
                         -0.11    9.69   library setup time
                                  9.69   data required time
-----------------------------------------------------------------------------
                                  9.69   data required time
                                 -0.83   data arrival time
-----------------------------------------------------------------------------
                                  8.85   slack (MET)


Startpoint: _133_ (rising edge-triggered flip-flop clocked by clk)
Endpoint: _134_ (rising edge-triggered flip-flop clocked by clk)
Path Group: clk
Path Type: max

Fanout     Cap    Slew   Delay    Time   Description
-----------------------------------------------------------------------------
                  0.00    0.00    0.00   clock clk (rise edge)
                          0.00    0.00   clock network delay (ideal)
                  0.00    0.00    0.00 ^ _133_/CLK (sky130_fd_sc_hd__dfxtp_1)
     4    0.02    0.17    0.38    0.38 ^ _133_/Q (sky130_fd_sc_hd__dfxtp_1)
                                         div_cntr[1] (net)
                  0.17    0.00    0.38 ^ _082_/B (sky130_fd_sc_hd__nand2_1)
     2    0.01    0.10    0.13    0.51 v _082_/Y (sky130_fd_sc_hd__nand2_1)
                                         _050_ (net)
                  0.10    0.00    0.51 v _086_/B (sky130_fd_sc_hd__xnor2_1)
     1    0.00    0.06    0.15    0.67 v _086_/Y (sky130_fd_sc_hd__xnor2_1)
                                         _016_ (net)
                  0.06    0.00    0.67 v _134_/D (sky130_fd_sc_hd__dfxtp_1)
                                  0.67   data arrival time

                  0.00   10.00   10.00   clock clk (rise edge)
                          0.00   10.00   clock network delay (ideal)
                         -0.20    9.80   clock uncertainty
                          0.00    9.80   clock reconvergence pessimism
                                  9.80 ^ _134_/CLK (sky130_fd_sc_hd__dfxtp_1)
                         -0.13    9.67   library setup time
                                  9.67   data required time
-----------------------------------------------------------------------------
                                  9.67   data required time
                                 -0.67   data arrival time
-----------------------------------------------------------------------------
                                  9.00   slack (MET)


Startpoint: _132_ (rising edge-triggered flip-flop clocked by clk)
Endpoint: _132_ (rising edge-triggered flip-flop clocked by clk)
Path Group: clk
Path Type: max

Fanout     Cap    Slew   Delay    Time   Description
-----------------------------------------------------------------------------
                  0.00    0.00    0.00   clock clk (rise edge)
                          0.00    0.00   clock network delay (ideal)
                  0.00    0.00    0.00 ^ _132_/CLK (sky130_fd_sc_hd__dfxtp_2)
     5    0.02    0.12    0.36    0.36 ^ _132_/Q (sky130_fd_sc_hd__dfxtp_2)
                                         div_cntr[0] (net)
                  0.12    0.00    0.36 ^ _081_/A (sky130_fd_sc_hd__inv_2)
     1    0.00    0.03    0.04    0.39 v _081_/Y (sky130_fd_sc_hd__inv_2)
                                         _004_ (net)
                  0.03    0.00    0.39 v _132_/D (sky130_fd_sc_hd__dfxtp_2)
                                  0.39   data arrival time

                  0.00   10.00   10.00   clock clk (rise edge)
                          0.00   10.00   clock network delay (ideal)
                         -0.20    9.80   clock uncertainty
                          0.00    9.80   clock reconvergence pessimism
                                  9.80 ^ _132_/CLK (sky130_fd_sc_hd__dfxtp_2)
                         -0.12    9.68   library setup time
                                  9.68   data required time
-----------------------------------------------------------------------------
                                  9.68   data required time
                                 -0.39   data arrival time
-----------------------------------------------------------------------------
                                  9.29   slack (MET)



worst slack corner Typical: 8.1528
max_report_end
checks_report

===========================================================================
report_checks -unconstrained
===========================================================================
======================= Typical Corner ===================================

Startpoint: _133_ (rising edge-triggered flip-flop clocked by clk)
Endpoint: _149_ (rising edge-triggered flip-flop clocked by clk)
Path Group: clk
Path Type: max

Fanout     Cap    Slew   Delay    Time   Description
-----------------------------------------------------------------------------
                  0.00    0.00    0.00   clock clk (rise edge)
                          0.00    0.00   clock network delay (ideal)
                  0.00    0.00    0.00 ^ _133_/CLK (sky130_fd_sc_hd__dfxtp_1)
     4    0.02    0.17    0.38    0.38 ^ _133_/Q (sky130_fd_sc_hd__dfxtp_1)
                                         div_cntr[1] (net)
                  0.17    0.00    0.38 ^ _087_/B (sky130_fd_sc_hd__and4_1)
     1    0.01    0.07    0.22    0.61 ^ _087_/X (sky130_fd_sc_hd__and4_1)
                                         _053_ (net)
                  0.07    0.00    0.61 ^ _088_/A (sky130_fd_sc_hd__buf_2)
     7    0.03    0.14    0.19    0.79 ^ _088_/X (sky130_fd_sc_hd__buf_2)
                                         _054_ (net)
                  0.14    0.00    0.79 ^ _118_/A (sky130_fd_sc_hd__and4_2)
     5    0.02    0.14    0.31    1.10 ^ _118_/X (sky130_fd_sc_hd__and4_2)
                                         _037_ (net)
                  0.14    0.00    1.10 ^ _121_/C (sky130_fd_sc_hd__nand3_2)
     2    0.01    0.12    0.13    1.23 v _121_/Y (sky130_fd_sc_hd__nand3_2)
                                         _038_ (net)
                  0.12    0.00    1.23 v _123_/A (sky130_fd_sc_hd__and2_1)
     1    0.01    0.05    0.18    1.41 v _123_/X (sky130_fd_sc_hd__and2_1)
                                         _040_ (net)
                  0.05    0.00    1.41 v _124_/A (sky130_fd_sc_hd__buf_1)
     1    0.01    0.06    0.11    1.52 v _124_/X (sky130_fd_sc_hd__buf_1)
                                         _012_ (net)
                  0.06    0.00    1.52 v _149_/D (sky130_fd_sc_hd__dfxtp_1)
                                  1.52   data arrival time

                  0.00   10.00   10.00   clock clk (rise edge)
                          0.00   10.00   clock network delay (ideal)
                         -0.20    9.80   clock uncertainty
                          0.00    9.80   clock reconvergence pessimism
                                  9.80 ^ _149_/CLK (sky130_fd_sc_hd__dfxtp_1)
                         -0.13    9.67   library setup time
                                  9.67   data required time
-----------------------------------------------------------------------------
                                  9.67   data required time
                                 -1.52   data arrival time
-----------------------------------------------------------------------------
                                  8.15   slack (MET)




===========================================================================
report_checks --slack_max -0.01
============================================================================
======================= Typical Corner ===================================

No paths found.


===========================================================================
 report_check_types -max_slew -max_cap -max_fanout -violators
============================================================================
======================= Typical Corner ===================================


max slew violations count Typical: 0
max fanout violations count Typical: 0
max cap violations count Typical: 0

===========================================================================
report_parasitic_annotation -report_unannotated
============================================================================
Found 9 unannotated drivers.
 clk
 TopZeroToFive_10/LO
 TopZeroToFive_11/LO
 TopZeroToFive_12/LO
 TopZeroToFive_13/LO
 TopZeroToFive_14/LO
 TopZeroToFive_15/LO
 TopZeroToFive_16/LO
 TopZeroToFive_9/HI
Found 0 partially unannotated drivers.

===========================================================================
max slew violation count 0
max fanout violation count 0
max cap violation count 0
============================================================================

===========================================================================
check_setup -verbose -unconstrained_endpoints -multiple_clock -no_clock -no_input_delay -loops -generated_clocks
===========================================================================
Warning: There is 1 input port missing set_input_delay.
  btnC
Warning: There are 4 unclocked register/latch pins.
  _152_/CLK
  _153_/CLK
  _154_/CLK
  _155_/CLK
Warning: There are 19 unconstrained endpoints.
  an[0]
  an[1]
  an[2]
  an[3]
  an[4]
  an[5]
  an[6]
  an[7]
  seg[0]
  seg[1]
  seg[2]
  seg[3]
  seg[4]
  seg[5]
  seg[6]
  _152_/D
  _153_/D
  _154_/D
  _155_/D
checks_report_end
power_report

===========================================================================
 report_power
============================================================================
======================= Typical Corner ===================================

Group                  Internal  Switching    Leakage      Total
                          Power      Power      Power      Power (Watts)
----------------------------------------------------------------
Sequential             8.14e-05   0.00e+00   2.05e-10   8.14e-05 100.0%
Combinational          2.97e-15   8.39e-15   3.12e-10   3.12e-10   0.0%
Clock                  0.00e+00   0.00e+00   1.81e-10   1.81e-10   0.0%
Macro                  0.00e+00   0.00e+00   0.00e+00   0.00e+00   0.0%
Pad                    0.00e+00   0.00e+00   0.00e+00   0.00e+00   0.0%
----------------------------------------------------------------
Total                  8.14e-05   8.39e-15   6.99e-10   8.14e-05 100.0%
                         100.0%       0.0%       0.0%

power_report_end
skew_report

===========================================================================
report_clock_skew
============================================================================
Clock clk
   0.00 source latency _132_/CLK ^
   0.00 target latency _132_/CLK ^
   0.20 clock uncertainty
   0.00 CRPR
--------------
   0.20 setup skew

skew_report_end
summary_report

===========================================================================
report_tns
============================================================================
tns 0.00

===========================================================================
report_wns
============================================================================
wns 0.00

===========================================================================
report_worst_slack -max (Setup)
============================================================================
worst slack 8.15

===========================================================================
report_worst_slack -min (Hold)
============================================================================
worst slack 0.21
summary_report_end
area_report

===========================================================================
report_design_area
============================================================================
Design area 1160 u^2 17% utilization.
area_report_end
check_nonpropagated_clocks
clk
check_nonpropagated_clocks_end
[WARNING] Did not save OpenROAD database!
Writing SDF to '/openlane/designs/TopZeroToFive/runs/RUN_2025.05.25_10.40.04/results/signoff/TopZeroToFive.sdf'…
