
===========================================================================
 report_power
============================================================================
======================= Fastest Corner ===================================

Group                  Internal  Switching    Leakage      Total
                          Power      Power      Power      Power (Watts)
----------------------------------------------------------------
Sequential             9.26e-04   1.29e-03   3.73e-09   2.22e-03  34.2%
Combinational          6.19e-04   2.62e-03   1.32e-08   3.24e-03  49.9%
Clock                  4.58e-04   5.76e-04   1.64e-08   1.03e-03  15.9%
Macro                  0.00e+00   0.00e+00   0.00e+00   0.00e+00   0.0%
Pad                    0.00e+00   0.00e+00   0.00e+00   0.00e+00   0.0%
----------------------------------------------------------------
Total                  2.00e-03   4.49e-03   3.33e-08   6.49e-03 100.0%
                          30.9%      69.1%       0.0%

======================= Slowest Corner ===================================

Group                  Internal  Switching    Leakage      Total
                          Power      Power      Power      Power (Watts)
----------------------------------------------------------------
Sequential             6.36e-04   8.74e-04   2.39e-06   1.51e-03  34.0%
Combinational          4.45e-04   1.77e-03   5.44e-06   2.22e-03  49.9%
Clock                  3.29e-04   3.88e-04   4.66e-07   7.18e-04  16.1%
Macro                  0.00e+00   0.00e+00   0.00e+00   0.00e+00   0.0%
Pad                    0.00e+00   0.00e+00   0.00e+00   0.00e+00   0.0%
----------------------------------------------------------------
Total                  1.41e-03   3.03e-03   8.30e-06   4.45e-03 100.0%
                          31.7%      68.1%       0.2%

======================= Typical Corner ===================================

Group                  Internal  Switching    Leakage      Total
                          Power      Power      Power      Power (Watts)
----------------------------------------------------------------
Sequential             8.04e-04   1.10e-03   1.27e-09   1.91e-03  34.2%
Combinational          5.47e-04   2.24e-03   4.13e-09   2.78e-03  49.8%
Clock                  4.03e-04   4.91e-04   1.53e-08   8.94e-04  16.0%
Macro                  0.00e+00   0.00e+00   0.00e+00   0.00e+00   0.0%
Pad                    0.00e+00   0.00e+00   0.00e+00   0.00e+00   0.0%
----------------------------------------------------------------
Total                  1.75e-03   3.83e-03   2.07e-08   5.58e-03 100.0%
                          31.4%      68.6%       0.0%

