
===========================================================================
report_checks -path_delay min (Hold)
============================================================================
======================= Typical Corner ===================================

Startpoint: _458_ (rising edge-triggered flip-flop clocked by CLK100MHZ)
Endpoint: _458_ (rising edge-triggered flip-flop clocked by CLK100MHZ)
Path Group: CLK100MHZ
Path Type: min

Fanout     Cap    Slew   Delay    Time   Description
-----------------------------------------------------------------------------
                  0.00    0.00    0.00   clock CLK100MHZ (rise edge)
                          0.00    0.00   clock network delay (ideal)
                  0.00    0.00    0.00 ^ _458_/CLK (sky130_fd_sc_hd__dfxtp_1)
     2    0.01    0.07    0.31    0.31 ^ _458_/Q (sky130_fd_sc_hd__dfxtp_1)
                                         rf.regs[5][1] (net)
                  0.07    0.00    0.31 ^ _426_/A0 (sky130_fd_sc_hd__mux2_1)
     1    0.00    0.06    0.14    0.44 ^ _426_/X (sky130_fd_sc_hd__mux2_1)
                                         _056_ (net)
                  0.06    0.00    0.44 ^ _427_/A (sky130_fd_sc_hd__clkbuf_1)
     1    0.00    0.06    0.10    0.54 ^ _427_/X (sky130_fd_sc_hd__clkbuf_1)
                                         _024_ (net)
                  0.06    0.00    0.54 ^ _458_/D (sky130_fd_sc_hd__dfxtp_1)
                                  0.54   data arrival time

                  0.00    0.00    0.00   clock CLK100MHZ (rise edge)
                          0.00    0.00   clock network delay (ideal)
                          0.20    0.20   clock uncertainty
                          0.00    0.20   clock reconvergence pessimism
                                  0.20 ^ _458_/CLK (sky130_fd_sc_hd__dfxtp_1)
                         -0.04    0.16   library hold time
                                  0.16   data required time
-----------------------------------------------------------------------------
                                  0.16   data required time
                                 -0.54   data arrival time
-----------------------------------------------------------------------------
                                  0.38   slack (MET)


Startpoint: _453_ (rising edge-triggered flip-flop clocked by CLK100MHZ)
Endpoint: _453_ (rising edge-triggered flip-flop clocked by CLK100MHZ)
Path Group: CLK100MHZ
Path Type: min

Fanout     Cap    Slew   Delay    Time   Description
-----------------------------------------------------------------------------
                  0.00    0.00    0.00   clock CLK100MHZ (rise edge)
                          0.00    0.00   clock network delay (ideal)
                  0.00    0.00    0.00 ^ _453_/CLK (sky130_fd_sc_hd__dfxtp_1)
     3    0.01    0.06    0.31    0.31 v _453_/Q (sky130_fd_sc_hd__dfxtp_1)
                                         rf.regs[0][1] (net)
                  0.06    0.00    0.31 v _414_/A (sky130_fd_sc_hd__and2_1)
     1    0.00    0.04    0.15    0.45 v _414_/X (sky130_fd_sc_hd__and2_1)
                                         _049_ (net)
                  0.04    0.00    0.45 v _415_/A (sky130_fd_sc_hd__clkbuf_1)
     1    0.00    0.03    0.09    0.54 v _415_/X (sky130_fd_sc_hd__clkbuf_1)
                                         _019_ (net)
                  0.03    0.00    0.54 v _453_/D (sky130_fd_sc_hd__dfxtp_1)
                                  0.54   data arrival time

                  0.00    0.00    0.00   clock CLK100MHZ (rise edge)
                          0.00    0.00   clock network delay (ideal)
                          0.20    0.20   clock uncertainty
                          0.00    0.20   clock reconvergence pessimism
                                  0.20 ^ _453_/CLK (sky130_fd_sc_hd__dfxtp_1)
                         -0.06    0.14   library hold time
                                  0.14   data required time
-----------------------------------------------------------------------------
                                  0.14   data required time
                                 -0.54   data arrival time
-----------------------------------------------------------------------------
                                  0.40   slack (MET)


Startpoint: _442_ (rising edge-triggered flip-flop clocked by CLK100MHZ)
Endpoint: _442_ (rising edge-triggered flip-flop clocked by CLK100MHZ)
Path Group: CLK100MHZ
Path Type: min

Fanout     Cap    Slew   Delay    Time   Description
-----------------------------------------------------------------------------
                  0.00    0.00    0.00   clock CLK100MHZ (rise edge)
                          0.00    0.00   clock network delay (ideal)
                  0.00    0.00    0.00 ^ _442_/CLK (sky130_fd_sc_hd__dfxtp_1)
     2    0.01    0.10    0.33    0.33 ^ _442_/Q (sky130_fd_sc_hd__dfxtp_1)
                                         rf.regs[15][0] (net)
                  0.10    0.00    0.33 ^ _387_/A0 (sky130_fd_sc_hd__mux2_1)
     1    0.00    0.06    0.15    0.47 ^ _387_/X (sky130_fd_sc_hd__mux2_1)
                                         _033_ (net)
                  0.06    0.00    0.47 ^ _388_/A (sky130_fd_sc_hd__clkbuf_1)
     1    0.00    0.05    0.09    0.56 ^ _388_/X (sky130_fd_sc_hd__clkbuf_1)
                                         _008_ (net)
                  0.05    0.00    0.56 ^ _442_/D (sky130_fd_sc_hd__dfxtp_1)
                                  0.56   data arrival time

                  0.00    0.00    0.00   clock CLK100MHZ (rise edge)
                          0.00    0.00   clock network delay (ideal)
                          0.20    0.20   clock uncertainty
                          0.00    0.20   clock reconvergence pessimism
                                  0.20 ^ _442_/CLK (sky130_fd_sc_hd__dfxtp_1)
                         -0.04    0.16   library hold time
                                  0.16   data required time
-----------------------------------------------------------------------------
                                  0.16   data required time
                                 -0.56   data arrival time
-----------------------------------------------------------------------------
                                  0.40   slack (MET)


Startpoint: _455_ (rising edge-triggered flip-flop clocked by CLK100MHZ)
Endpoint: _455_ (rising edge-triggered flip-flop clocked by CLK100MHZ)
Path Group: CLK100MHZ
Path Type: min

Fanout     Cap    Slew   Delay    Time   Description
-----------------------------------------------------------------------------
                  0.00    0.00    0.00   clock CLK100MHZ (rise edge)
                          0.00    0.00   clock network delay (ideal)
                  0.00    0.00    0.00 ^ _455_/CLK (sky130_fd_sc_hd__dfxtp_1)
     3    0.01    0.07    0.32    0.32 v _455_/Q (sky130_fd_sc_hd__dfxtp_1)
                                         rf.regs[0][3] (net)
                  0.07    0.00    0.32 v _418_/A (sky130_fd_sc_hd__and2_1)
     1    0.00    0.03    0.15    0.46 v _418_/X (sky130_fd_sc_hd__and2_1)
                                         _051_ (net)
                  0.03    0.00    0.46 v _419_/A (sky130_fd_sc_hd__clkbuf_1)
     1    0.00    0.03    0.08    0.55 v _419_/X (sky130_fd_sc_hd__clkbuf_1)
                                         _021_ (net)
                  0.03    0.00    0.55 v _455_/D (sky130_fd_sc_hd__dfxtp_1)
                                  0.55   data arrival time

                  0.00    0.00    0.00   clock CLK100MHZ (rise edge)
                          0.00    0.00   clock network delay (ideal)
                          0.20    0.20   clock uncertainty
                          0.00    0.20   clock reconvergence pessimism
                                  0.20 ^ _455_/CLK (sky130_fd_sc_hd__dfxtp_1)
                         -0.06    0.14   library hold time
                                  0.14   data required time
-----------------------------------------------------------------------------
                                  0.14   data required time
                                 -0.55   data arrival time
-----------------------------------------------------------------------------
                                  0.40   slack (MET)


Startpoint: _451_ (rising edge-triggered flip-flop clocked by CLK100MHZ)
Endpoint: _451_ (rising edge-triggered flip-flop clocked by CLK100MHZ)
Path Group: CLK100MHZ
Path Type: min

Fanout     Cap    Slew   Delay    Time   Description
-----------------------------------------------------------------------------
                  0.00    0.00    0.00   clock CLK100MHZ (rise edge)
                          0.00    0.00   clock network delay (ideal)
                  0.00    0.00    0.00 ^ _451_/CLK (sky130_fd_sc_hd__dfxtp_1)
     2    0.01    0.10    0.33    0.33 ^ _451_/Q (sky130_fd_sc_hd__dfxtp_1)
                                         rf.regs[10][4] (net)
                  0.10    0.00    0.33 ^ _408_/A1 (sky130_fd_sc_hd__mux2_1)
     1    0.00    0.05    0.15    0.47 ^ _408_/X (sky130_fd_sc_hd__mux2_1)
                                         _045_ (net)
                  0.05    0.00    0.47 ^ _409_/A (sky130_fd_sc_hd__clkbuf_1)
     1    0.00    0.06    0.09    0.56 ^ _409_/X (sky130_fd_sc_hd__clkbuf_1)
                                         _017_ (net)
                  0.06    0.00    0.56 ^ _451_/D (sky130_fd_sc_hd__dfxtp_1)
                                  0.56   data arrival time

                  0.00    0.00    0.00   clock CLK100MHZ (rise edge)
                          0.00    0.00   clock network delay (ideal)
                          0.20    0.20   clock uncertainty
                          0.00    0.20   clock reconvergence pessimism
                                  0.20 ^ _451_/CLK (sky130_fd_sc_hd__dfxtp_1)
                         -0.04    0.16   library hold time
                                  0.16   data required time
-----------------------------------------------------------------------------
                                  0.16   data required time
                                 -0.56   data arrival time
-----------------------------------------------------------------------------
                                  0.40   slack (MET)


Startpoint: _444_ (rising edge-triggered flip-flop clocked by CLK100MHZ)
Endpoint: _444_ (rising edge-triggered flip-flop clocked by CLK100MHZ)
Path Group: CLK100MHZ
Path Type: min

Fanout     Cap    Slew   Delay    Time   Description
-----------------------------------------------------------------------------
                  0.00    0.00    0.00   clock CLK100MHZ (rise edge)
                          0.00    0.00   clock network delay (ideal)
                  0.00    0.00    0.00 ^ _444_/CLK (sky130_fd_sc_hd__dfxtp_1)
     2    0.01    0.10    0.33    0.33 ^ _444_/Q (sky130_fd_sc_hd__dfxtp_1)
                                         rf.regs[15][2] (net)
                  0.10    0.00    0.33 ^ _391_/A0 (sky130_fd_sc_hd__mux2_1)
     1    0.00    0.04    0.13    0.46 ^ _391_/X (sky130_fd_sc_hd__mux2_1)
                                         _035_ (net)
                  0.04    0.00    0.46 ^ _392_/A (sky130_fd_sc_hd__clkbuf_1)
     1    0.01    0.07    0.10    0.56 ^ _392_/X (sky130_fd_sc_hd__clkbuf_1)
                                         _010_ (net)
                  0.07    0.00    0.56 ^ _444_/D (sky130_fd_sc_hd__dfxtp_1)
                                  0.56   data arrival time

                  0.00    0.00    0.00   clock CLK100MHZ (rise edge)
                          0.00    0.00   clock network delay (ideal)
                          0.20    0.20   clock uncertainty
                          0.00    0.20   clock reconvergence pessimism
                                  0.20 ^ _444_/CLK (sky130_fd_sc_hd__dfxtp_1)
                         -0.04    0.16   library hold time
                                  0.16   data required time
-----------------------------------------------------------------------------
                                  0.16   data required time
                                 -0.56   data arrival time
-----------------------------------------------------------------------------
                                  0.40   slack (MET)


Startpoint: _437_ (rising edge-triggered flip-flop clocked by CLK100MHZ)
Endpoint: _437_ (rising edge-triggered flip-flop clocked by CLK100MHZ)
Path Group: CLK100MHZ
Path Type: min

Fanout     Cap    Slew   Delay    Time   Description
-----------------------------------------------------------------------------
                  0.00    0.00    0.00   clock CLK100MHZ (rise edge)
                          0.00    0.00   clock network delay (ideal)
                  0.00    0.00    0.00 ^ _437_/CLK (sky130_fd_sc_hd__dfxtp_1)
     2    0.01    0.09    0.32    0.32 ^ _437_/Q (sky130_fd_sc_hd__dfxtp_1)
                                         rf.regs[25][0] (net)
                  0.09    0.00    0.32 ^ _365_/A0 (sky130_fd_sc_hd__mux2_1)
     1    0.00    0.06    0.15    0.47 ^ _365_/X (sky130_fd_sc_hd__mux2_1)
                                         _200_ (net)
                  0.06    0.00    0.47 ^ _366_/A (sky130_fd_sc_hd__clkbuf_1)
     1    0.00    0.06    0.09    0.56 ^ _366_/X (sky130_fd_sc_hd__clkbuf_1)
                                         _003_ (net)
                  0.06    0.00    0.56 ^ _437_/D (sky130_fd_sc_hd__dfxtp_1)
                                  0.56   data arrival time

                  0.00    0.00    0.00   clock CLK100MHZ (rise edge)
                          0.00    0.00   clock network delay (ideal)
                          0.20    0.20   clock uncertainty
                          0.00    0.20   clock reconvergence pessimism
                                  0.20 ^ _437_/CLK (sky130_fd_sc_hd__dfxtp_1)
                         -0.04    0.16   library hold time
                                  0.16   data required time
-----------------------------------------------------------------------------
                                  0.16   data required time
                                 -0.56   data arrival time
-----------------------------------------------------------------------------
                                  0.40   slack (MET)


Startpoint: _448_ (rising edge-triggered flip-flop clocked by CLK100MHZ)
Endpoint: _448_ (rising edge-triggered flip-flop clocked by CLK100MHZ)
Path Group: CLK100MHZ
Path Type: min

Fanout     Cap    Slew   Delay    Time   Description
-----------------------------------------------------------------------------
                  0.00    0.00    0.00   clock CLK100MHZ (rise edge)
                          0.00    0.00   clock network delay (ideal)
                  0.00    0.00    0.00 ^ _448_/CLK (sky130_fd_sc_hd__dfxtp_1)
     2    0.01    0.08    0.31    0.31 ^ _448_/Q (sky130_fd_sc_hd__dfxtp_1)
                                         rf.regs[10][1] (net)
                  0.08    0.00    0.31 ^ _402_/A1 (sky130_fd_sc_hd__mux2_1)
     1    0.00    0.06    0.14    0.46 ^ _402_/X (sky130_fd_sc_hd__mux2_1)
                                         _042_ (net)
                  0.06    0.00    0.46 ^ _403_/A (sky130_fd_sc_hd__clkbuf_1)
     1    0.01    0.08    0.11    0.57 ^ _403_/X (sky130_fd_sc_hd__clkbuf_1)
                                         _014_ (net)
                  0.08    0.00    0.57 ^ _448_/D (sky130_fd_sc_hd__dfxtp_1)
                                  0.57   data arrival time

                  0.00    0.00    0.00   clock CLK100MHZ (rise edge)
                          0.00    0.00   clock network delay (ideal)
                          0.20    0.20   clock uncertainty
                          0.00    0.20   clock reconvergence pessimism
                                  0.20 ^ _448_/CLK (sky130_fd_sc_hd__dfxtp_1)
                         -0.04    0.16   library hold time
                                  0.16   data required time
-----------------------------------------------------------------------------
                                  0.16   data required time
                                 -0.57   data arrival time
-----------------------------------------------------------------------------
                                  0.42   slack (MET)


Startpoint: _450_ (rising edge-triggered flip-flop clocked by CLK100MHZ)
Endpoint: _450_ (rising edge-triggered flip-flop clocked by CLK100MHZ)
Path Group: CLK100MHZ
Path Type: min

Fanout     Cap    Slew   Delay    Time   Description
-----------------------------------------------------------------------------
                  0.00    0.00    0.00   clock CLK100MHZ (rise edge)
                          0.00    0.00   clock network delay (ideal)
                  0.00    0.00    0.00 ^ _450_/CLK (sky130_fd_sc_hd__dfxtp_1)
     2    0.01    0.11    0.34    0.34 ^ _450_/Q (sky130_fd_sc_hd__dfxtp_1)
                                         rf.regs[10][3] (net)
                  0.11    0.00    0.34 ^ _406_/A1 (sky130_fd_sc_hd__mux2_1)
     1    0.00    0.05    0.14    0.48 ^ _406_/X (sky130_fd_sc_hd__mux2_1)
                                         _044_ (net)
                  0.05    0.00    0.48 ^ _407_/A (sky130_fd_sc_hd__clkbuf_1)
     1    0.00    0.06    0.10    0.58 ^ _407_/X (sky130_fd_sc_hd__clkbuf_1)
                                         _016_ (net)
                  0.06    0.00    0.58 ^ _450_/D (sky130_fd_sc_hd__dfxtp_1)
                                  0.58   data arrival time

                  0.00    0.00    0.00   clock CLK100MHZ (rise edge)
                          0.00    0.00   clock network delay (ideal)
                          0.20    0.20   clock uncertainty
                          0.00    0.20   clock reconvergence pessimism
                                  0.20 ^ _450_/CLK (sky130_fd_sc_hd__dfxtp_1)
                         -0.04    0.16   library hold time
                                  0.16   data required time
-----------------------------------------------------------------------------
                                  0.16   data required time
                                 -0.58   data arrival time
-----------------------------------------------------------------------------
                                  0.42   slack (MET)


Startpoint: _460_ (rising edge-triggered flip-flop clocked by CLK100MHZ)
Endpoint: _460_ (rising edge-triggered flip-flop clocked by CLK100MHZ)
Path Group: CLK100MHZ
Path Type: min

Fanout     Cap    Slew   Delay    Time   Description
-----------------------------------------------------------------------------
                  0.00    0.00    0.00   clock CLK100MHZ (rise edge)
                          0.00    0.00   clock network delay (ideal)
                  0.00    0.00    0.00 ^ _460_/CLK (sky130_fd_sc_hd__dfxtp_1)
     2    0.01    0.10    0.33    0.33 ^ _460_/Q (sky130_fd_sc_hd__dfxtp_1)
                                         rf.regs[5][3] (net)
                  0.10    0.00    0.33 ^ _430_/A0 (sky130_fd_sc_hd__mux2_1)
     1    0.00    0.04    0.13    0.46 ^ _430_/X (sky130_fd_sc_hd__mux2_1)
                                         _058_ (net)
                  0.04    0.00    0.46 ^ _431_/A (sky130_fd_sc_hd__buf_1)
     1    0.01    0.09    0.11    0.57 ^ _431_/X (sky130_fd_sc_hd__buf_1)
                                         _026_ (net)
                  0.09    0.00    0.57 ^ _460_/D (sky130_fd_sc_hd__dfxtp_1)
                                  0.57   data arrival time

                  0.00    0.00    0.00   clock CLK100MHZ (rise edge)
                          0.00    0.00   clock network delay (ideal)
                          0.20    0.20   clock uncertainty
                          0.00    0.20   clock reconvergence pessimism
                                  0.20 ^ _460_/CLK (sky130_fd_sc_hd__dfxtp_1)
                         -0.05    0.15   library hold time
                                  0.15   data required time
-----------------------------------------------------------------------------
                                  0.15   data required time
                                 -0.57   data arrival time
-----------------------------------------------------------------------------
                                  0.42   slack (MET)


Startpoint: _446_ (rising edge-triggered flip-flop clocked by CLK100MHZ)
Endpoint: _446_ (rising edge-triggered flip-flop clocked by CLK100MHZ)
Path Group: CLK100MHZ
Path Type: min

Fanout     Cap    Slew   Delay    Time   Description
-----------------------------------------------------------------------------
                  0.00    0.00    0.00   clock CLK100MHZ (rise edge)
                          0.00    0.00   clock network delay (ideal)
                  0.00    0.00    0.00 ^ _446_/CLK (sky130_fd_sc_hd__dfxtp_1)
     2    0.01    0.09    0.32    0.32 ^ _446_/Q (sky130_fd_sc_hd__dfxtp_1)
                                         rf.regs[15][4] (net)
                  0.09    0.00    0.32 ^ _395_/A0 (sky130_fd_sc_hd__mux2_1)
     1    0.01    0.07    0.15    0.48 ^ _395_/X (sky130_fd_sc_hd__mux2_1)
                                         _037_ (net)
                  0.07    0.00    0.48 ^ _396_/A (sky130_fd_sc_hd__clkbuf_1)
     1    0.00    0.07    0.10    0.58 ^ _396_/X (sky130_fd_sc_hd__clkbuf_1)
                                         _012_ (net)
                  0.07    0.00    0.58 ^ _446_/D (sky130_fd_sc_hd__dfxtp_1)
                                  0.58   data arrival time

                  0.00    0.00    0.00   clock CLK100MHZ (rise edge)
                          0.00    0.00   clock network delay (ideal)
                          0.20    0.20   clock uncertainty
                          0.00    0.20   clock reconvergence pessimism
                                  0.20 ^ _446_/CLK (sky130_fd_sc_hd__dfxtp_1)
                         -0.04    0.16   library hold time
                                  0.16   data required time
-----------------------------------------------------------------------------
                                  0.16   data required time
                                 -0.58   data arrival time
-----------------------------------------------------------------------------
                                  0.42   slack (MET)


Startpoint: _456_ (rising edge-triggered flip-flop clocked by CLK100MHZ)
Endpoint: _456_ (rising edge-triggered flip-flop clocked by CLK100MHZ)
Path Group: CLK100MHZ
Path Type: min

Fanout     Cap    Slew   Delay    Time   Description
-----------------------------------------------------------------------------
                  0.00    0.00    0.00   clock CLK100MHZ (rise edge)
                          0.00    0.00   clock network delay (ideal)
                  0.00    0.00    0.00 ^ _456_/CLK (sky130_fd_sc_hd__dfxtp_1)
     3    0.01    0.06    0.31    0.31 v _456_/Q (sky130_fd_sc_hd__dfxtp_1)
                                         rf.regs[0][4] (net)
                  0.06    0.00    0.31 v _420_/A (sky130_fd_sc_hd__and2_1)
     1    0.00    0.04    0.15    0.45 v _420_/X (sky130_fd_sc_hd__and2_1)
                                         _052_ (net)
                  0.04    0.00    0.45 v _421_/A (sky130_fd_sc_hd__clkbuf_1)
     1    0.01    0.05    0.10    0.56 v _421_/X (sky130_fd_sc_hd__clkbuf_1)
                                         _022_ (net)
                  0.05    0.00    0.56 v _456_/D (sky130_fd_sc_hd__dfxtp_1)
                                  0.56   data arrival time

                  0.00    0.00    0.00   clock CLK100MHZ (rise edge)
                          0.00    0.00   clock network delay (ideal)
                          0.20    0.20   clock uncertainty
                          0.00    0.20   clock reconvergence pessimism
                                  0.20 ^ _456_/CLK (sky130_fd_sc_hd__dfxtp_1)
                         -0.06    0.14   library hold time
                                  0.14   data required time
-----------------------------------------------------------------------------
                                  0.14   data required time
                                 -0.56   data arrival time
-----------------------------------------------------------------------------
                                  0.42   slack (MET)


Startpoint: _457_ (rising edge-triggered flip-flop clocked by CLK100MHZ)
Endpoint: _457_ (rising edge-triggered flip-flop clocked by CLK100MHZ)
Path Group: CLK100MHZ
Path Type: min

Fanout     Cap    Slew   Delay    Time   Description
-----------------------------------------------------------------------------
                  0.00    0.00    0.00   clock CLK100MHZ (rise edge)
                          0.00    0.00   clock network delay (ideal)
                  0.00    0.00    0.00 ^ _457_/CLK (sky130_fd_sc_hd__dfxtp_1)
     2    0.01    0.09    0.32    0.32 ^ _457_/Q (sky130_fd_sc_hd__dfxtp_1)
                                         rf.regs[5][0] (net)
                  0.09    0.00    0.32 ^ _424_/A0 (sky130_fd_sc_hd__mux2_1)
     1    0.01    0.07    0.15    0.48 ^ _424_/X (sky130_fd_sc_hd__mux2_1)
                                         _055_ (net)
                  0.07    0.00    0.48 ^ _425_/A (sky130_fd_sc_hd__clkbuf_1)
     1    0.01    0.09    0.12    0.59 ^ _425_/X (sky130_fd_sc_hd__clkbuf_1)
                                         _023_ (net)
                  0.09    0.00    0.59 ^ _457_/D (sky130_fd_sc_hd__dfxtp_1)
                                  0.59   data arrival time

                  0.00    0.00    0.00   clock CLK100MHZ (rise edge)
                          0.00    0.00   clock network delay (ideal)
                          0.20    0.20   clock uncertainty
                          0.00    0.20   clock reconvergence pessimism
                                  0.20 ^ _457_/CLK (sky130_fd_sc_hd__dfxtp_1)
                         -0.05    0.15   library hold time
                                  0.15   data required time
-----------------------------------------------------------------------------
                                  0.15   data required time
                                 -0.59   data arrival time
-----------------------------------------------------------------------------
                                  0.44   slack (MET)


Startpoint: _452_ (rising edge-triggered flip-flop clocked by CLK100MHZ)
Endpoint: _452_ (rising edge-triggered flip-flop clocked by CLK100MHZ)
Path Group: CLK100MHZ
Path Type: min

Fanout     Cap    Slew   Delay    Time   Description
-----------------------------------------------------------------------------
                  0.00    0.00    0.00   clock CLK100MHZ (rise edge)
                          0.00    0.00   clock network delay (ideal)
                  0.00    0.00    0.00 ^ _452_/CLK (sky130_fd_sc_hd__dfxtp_1)
     3    0.02    0.08    0.33    0.33 v _452_/Q (sky130_fd_sc_hd__dfxtp_1)
                                         rf.regs[0][0] (net)
                  0.08    0.00    0.33 v _412_/A (sky130_fd_sc_hd__and2_1)
     1    0.01    0.05    0.17    0.50 v _412_/X (sky130_fd_sc_hd__and2_1)
                                         _048_ (net)
                  0.05    0.00    0.50 v _413_/A (sky130_fd_sc_hd__clkbuf_1)
     1    0.00    0.03    0.09    0.59 v _413_/X (sky130_fd_sc_hd__clkbuf_1)
                                         _018_ (net)
                  0.03    0.00    0.59 v _452_/D (sky130_fd_sc_hd__dfxtp_1)
                                  0.59   data arrival time

                  0.00    0.00    0.00   clock CLK100MHZ (rise edge)
                          0.00    0.00   clock network delay (ideal)
                          0.20    0.20   clock uncertainty
                          0.00    0.20   clock reconvergence pessimism
                                  0.20 ^ _452_/CLK (sky130_fd_sc_hd__dfxtp_1)
                         -0.06    0.14   library hold time
                                  0.14   data required time
-----------------------------------------------------------------------------
                                  0.14   data required time
                                 -0.59   data arrival time
-----------------------------------------------------------------------------
                                  0.44   slack (MET)


Startpoint: _439_ (rising edge-triggered flip-flop clocked by CLK100MHZ)
Endpoint: _439_ (rising edge-triggered flip-flop clocked by CLK100MHZ)
Path Group: CLK100MHZ
Path Type: min

Fanout     Cap    Slew   Delay    Time   Description
-----------------------------------------------------------------------------
                  0.00    0.00    0.00   clock CLK100MHZ (rise edge)
                          0.00    0.00   clock network delay (ideal)
                  0.00    0.00    0.00 ^ _439_/CLK (sky130_fd_sc_hd__dfxtp_1)
     2    0.01    0.08    0.31    0.31 ^ _439_/Q (sky130_fd_sc_hd__dfxtp_1)
                                         rf.regs[25][2] (net)
                  0.08    0.00    0.31 ^ _369_/A0 (sky130_fd_sc_hd__mux2_1)
     1    0.01    0.10    0.18    0.49 ^ _369_/X (sky130_fd_sc_hd__mux2_1)
                                         _202_ (net)
                  0.10    0.00    0.49 ^ _370_/A (sky130_fd_sc_hd__clkbuf_1)
     1    0.01    0.08    0.12    0.61 ^ _370_/X (sky130_fd_sc_hd__clkbuf_1)
                                         _005_ (net)
                  0.08    0.00    0.61 ^ _439_/D (sky130_fd_sc_hd__dfxtp_1)
                                  0.61   data arrival time

                  0.00    0.00    0.00   clock CLK100MHZ (rise edge)
                          0.00    0.00   clock network delay (ideal)
                          0.20    0.20   clock uncertainty
                          0.00    0.20   clock reconvergence pessimism
                                  0.20 ^ _439_/CLK (sky130_fd_sc_hd__dfxtp_1)
                         -0.04    0.16   library hold time
                                  0.16   data required time
-----------------------------------------------------------------------------
                                  0.16   data required time
                                 -0.61   data arrival time
-----------------------------------------------------------------------------
                                  0.45   slack (MET)


Startpoint: _443_ (rising edge-triggered flip-flop clocked by CLK100MHZ)
Endpoint: _443_ (rising edge-triggered flip-flop clocked by CLK100MHZ)
Path Group: CLK100MHZ
Path Type: min

Fanout     Cap    Slew   Delay    Time   Description
-----------------------------------------------------------------------------
                  0.00    0.00    0.00   clock CLK100MHZ (rise edge)
                          0.00    0.00   clock network delay (ideal)
                  0.00    0.00    0.00 ^ _443_/CLK (sky130_fd_sc_hd__dfxtp_1)
     2    0.01    0.10    0.33    0.33 ^ _443_/Q (sky130_fd_sc_hd__dfxtp_1)
                                         rf.regs[15][1] (net)
                  0.10    0.00    0.33 ^ _389_/A0 (sky130_fd_sc_hd__mux2_1)
     1    0.01    0.06    0.15    0.48 ^ _389_/X (sky130_fd_sc_hd__mux2_1)
                                         _034_ (net)
                  0.06    0.00    0.48 ^ _390_/A (sky130_fd_sc_hd__buf_1)
     1    0.01    0.10    0.13    0.60 ^ _390_/X (sky130_fd_sc_hd__buf_1)
                                         _009_ (net)
                  0.10    0.00    0.60 ^ _443_/D (sky130_fd_sc_hd__dfxtp_1)
                                  0.60   data arrival time

                  0.00    0.00    0.00   clock CLK100MHZ (rise edge)
                          0.00    0.00   clock network delay (ideal)
                          0.20    0.20   clock uncertainty
                          0.00    0.20   clock reconvergence pessimism
                                  0.20 ^ _443_/CLK (sky130_fd_sc_hd__dfxtp_1)
                         -0.05    0.15   library hold time
                                  0.15   data required time
-----------------------------------------------------------------------------
                                  0.15   data required time
                                 -0.60   data arrival time
-----------------------------------------------------------------------------
                                  0.45   slack (MET)


Startpoint: _454_ (rising edge-triggered flip-flop clocked by CLK100MHZ)
Endpoint: _454_ (rising edge-triggered flip-flop clocked by CLK100MHZ)
Path Group: CLK100MHZ
Path Type: min

Fanout     Cap    Slew   Delay    Time   Description
-----------------------------------------------------------------------------
                  0.00    0.00    0.00   clock CLK100MHZ (rise edge)
                          0.00    0.00   clock network delay (ideal)
                  0.00    0.00    0.00 ^ _454_/CLK (sky130_fd_sc_hd__dfxtp_1)
     3    0.01    0.07    0.31    0.31 v _454_/Q (sky130_fd_sc_hd__dfxtp_1)
                                         rf.regs[0][2] (net)
                  0.07    0.00    0.31 v _416_/A (sky130_fd_sc_hd__and2_1)
     1    0.01    0.06    0.17    0.48 v _416_/X (sky130_fd_sc_hd__and2_1)
                                         _050_ (net)
                  0.06    0.00    0.48 v _417_/A (sky130_fd_sc_hd__buf_1)
     1    0.01    0.05    0.11    0.59 v _417_/X (sky130_fd_sc_hd__buf_1)
                                         _020_ (net)
                  0.05    0.00    0.59 v _454_/D (sky130_fd_sc_hd__dfxtp_1)
                                  0.59   data arrival time

                  0.00    0.00    0.00   clock CLK100MHZ (rise edge)
                          0.00    0.00   clock network delay (ideal)
                          0.20    0.20   clock uncertainty
                          0.00    0.20   clock reconvergence pessimism
                                  0.20 ^ _454_/CLK (sky130_fd_sc_hd__dfxtp_1)
                         -0.06    0.14   library hold time
                                  0.14   data required time
-----------------------------------------------------------------------------
                                  0.14   data required time
                                 -0.59   data arrival time
-----------------------------------------------------------------------------
                                  0.45   slack (MET)


Startpoint: _445_ (rising edge-triggered flip-flop clocked by CLK100MHZ)
Endpoint: _445_ (rising edge-triggered flip-flop clocked by CLK100MHZ)
Path Group: CLK100MHZ
Path Type: min

Fanout     Cap    Slew   Delay    Time   Description
-----------------------------------------------------------------------------
                  0.00    0.00    0.00   clock CLK100MHZ (rise edge)
                          0.00    0.00   clock network delay (ideal)
                  0.00    0.00    0.00 ^ _445_/CLK (sky130_fd_sc_hd__dfxtp_1)
     2    0.01    0.09    0.32    0.32 ^ _445_/Q (sky130_fd_sc_hd__dfxtp_1)
                                         rf.regs[15][3] (net)
                  0.09    0.00    0.32 ^ _393_/A0 (sky130_fd_sc_hd__mux2_1)
     1    0.01    0.08    0.16    0.49 ^ _393_/X (sky130_fd_sc_hd__mux2_1)
                                         _036_ (net)
                  0.08    0.00    0.49 ^ _394_/A (sky130_fd_sc_hd__buf_1)
     1    0.01    0.10    0.13    0.61 ^ _394_/X (sky130_fd_sc_hd__buf_1)
                                         _011_ (net)
                  0.10    0.00    0.61 ^ _445_/D (sky130_fd_sc_hd__dfxtp_1)
                                  0.61   data arrival time

                  0.00    0.00    0.00   clock CLK100MHZ (rise edge)
                          0.00    0.00   clock network delay (ideal)
                          0.20    0.20   clock uncertainty
                          0.00    0.20   clock reconvergence pessimism
                                  0.20 ^ _445_/CLK (sky130_fd_sc_hd__dfxtp_1)
                         -0.05    0.15   library hold time
                                  0.15   data required time
-----------------------------------------------------------------------------
                                  0.15   data required time
                                 -0.61   data arrival time
-----------------------------------------------------------------------------
                                  0.46   slack (MET)


Startpoint: _438_ (rising edge-triggered flip-flop clocked by CLK100MHZ)
Endpoint: _438_ (rising edge-triggered flip-flop clocked by CLK100MHZ)
Path Group: CLK100MHZ
Path Type: min

Fanout     Cap    Slew   Delay    Time   Description
-----------------------------------------------------------------------------
                  0.00    0.00    0.00   clock CLK100MHZ (rise edge)
                          0.00    0.00   clock network delay (ideal)
                  0.00    0.00    0.00 ^ _438_/CLK (sky130_fd_sc_hd__dfxtp_1)
     3    0.01    0.13    0.35    0.35 ^ _438_/Q (sky130_fd_sc_hd__dfxtp_1)
                                         rf.regs[25][1] (net)
                  0.13    0.00    0.35 ^ _367_/A0 (sky130_fd_sc_hd__mux2_1)
     1    0.01    0.07    0.17    0.52 ^ _367_/X (sky130_fd_sc_hd__mux2_1)
                                         _201_ (net)
                  0.07    0.00    0.52 ^ _368_/A (sky130_fd_sc_hd__clkbuf_1)
     1    0.00    0.06    0.10    0.62 ^ _368_/X (sky130_fd_sc_hd__clkbuf_1)
                                         _004_ (net)
                  0.06    0.00    0.62 ^ _438_/D (sky130_fd_sc_hd__dfxtp_1)
                                  0.62   data arrival time

                  0.00    0.00    0.00   clock CLK100MHZ (rise edge)
                          0.00    0.00   clock network delay (ideal)
                          0.20    0.20   clock uncertainty
                          0.00    0.20   clock reconvergence pessimism
                                  0.20 ^ _438_/CLK (sky130_fd_sc_hd__dfxtp_1)
                         -0.04    0.16   library hold time
                                  0.16   data required time
-----------------------------------------------------------------------------
                                  0.16   data required time
                                 -0.62   data arrival time
-----------------------------------------------------------------------------
                                  0.46   slack (MET)


Startpoint: _459_ (rising edge-triggered flip-flop clocked by CLK100MHZ)
Endpoint: _459_ (rising edge-triggered flip-flop clocked by CLK100MHZ)
Path Group: CLK100MHZ
Path Type: min

Fanout     Cap    Slew   Delay    Time   Description
-----------------------------------------------------------------------------
                  0.00    0.00    0.00   clock CLK100MHZ (rise edge)
                          0.00    0.00   clock network delay (ideal)
                  0.00    0.00    0.00 ^ _459_/CLK (sky130_fd_sc_hd__dfxtp_1)
     2    0.01    0.12    0.34    0.34 ^ _459_/Q (sky130_fd_sc_hd__dfxtp_1)
                                         rf.regs[5][2] (net)
                  0.12    0.00    0.34 ^ _428_/A0 (sky130_fd_sc_hd__mux2_1)
     1    0.01    0.06    0.16    0.50 ^ _428_/X (sky130_fd_sc_hd__mux2_1)
                                         _057_ (net)
                  0.06    0.00    0.50 ^ _429_/A (sky130_fd_sc_hd__buf_1)
     1    0.01    0.09    0.12    0.62 ^ _429_/X (sky130_fd_sc_hd__buf_1)
                                         _025_ (net)
                  0.09    0.00    0.62 ^ _459_/D (sky130_fd_sc_hd__dfxtp_1)
                                  0.62   data arrival time

                  0.00    0.00    0.00   clock CLK100MHZ (rise edge)
                          0.00    0.00   clock network delay (ideal)
                          0.20    0.20   clock uncertainty
                          0.00    0.20   clock reconvergence pessimism
                                  0.20 ^ _459_/CLK (sky130_fd_sc_hd__dfxtp_1)
                         -0.05    0.15   library hold time
                                  0.15   data required time
-----------------------------------------------------------------------------
                                  0.15   data required time
                                 -0.62   data arrival time
-----------------------------------------------------------------------------
                                  0.47   slack (MET)


Startpoint: _440_ (rising edge-triggered flip-flop clocked by CLK100MHZ)
Endpoint: _440_ (rising edge-triggered flip-flop clocked by CLK100MHZ)
Path Group: CLK100MHZ
Path Type: min

Fanout     Cap    Slew   Delay    Time   Description
-----------------------------------------------------------------------------
                  0.00    0.00    0.00   clock CLK100MHZ (rise edge)
                          0.00    0.00   clock network delay (ideal)
                  0.00    0.00    0.00 ^ _440_/CLK (sky130_fd_sc_hd__dfxtp_1)
     2    0.01    0.11    0.34    0.34 ^ _440_/Q (sky130_fd_sc_hd__dfxtp_1)
                                         rf.regs[25][3] (net)
                  0.11    0.00    0.34 ^ _371_/A0 (sky130_fd_sc_hd__mux2_1)
     1    0.01    0.08    0.17    0.51 ^ _371_/X (sky130_fd_sc_hd__mux2_1)
                                         _203_ (net)
                  0.08    0.00    0.51 ^ _372_/A (sky130_fd_sc_hd__buf_1)
     1    0.01    0.11    0.13    0.64 ^ _372_/X (sky130_fd_sc_hd__buf_1)
                                         _006_ (net)
                  0.11    0.00    0.64 ^ _440_/D (sky130_fd_sc_hd__dfxtp_1)
                                  0.64   data arrival time

                  0.00    0.00    0.00   clock CLK100MHZ (rise edge)
                          0.00    0.00   clock network delay (ideal)
                          0.20    0.20   clock uncertainty
                          0.00    0.20   clock reconvergence pessimism
                                  0.20 ^ _440_/CLK (sky130_fd_sc_hd__dfxtp_1)
                         -0.05    0.15   library hold time
                                  0.15   data required time
-----------------------------------------------------------------------------
                                  0.15   data required time
                                 -0.64   data arrival time
-----------------------------------------------------------------------------
                                  0.49   slack (MET)


Startpoint: _449_ (rising edge-triggered flip-flop clocked by CLK100MHZ)
Endpoint: _449_ (rising edge-triggered flip-flop clocked by CLK100MHZ)
Path Group: CLK100MHZ
Path Type: min

Fanout     Cap    Slew   Delay    Time   Description
-----------------------------------------------------------------------------
                  0.00    0.00    0.00   clock CLK100MHZ (rise edge)
                          0.00    0.00   clock network delay (ideal)
                  0.00    0.00    0.00 ^ _449_/CLK (sky130_fd_sc_hd__dfxtp_1)
     2    0.01    0.13    0.35    0.35 ^ _449_/Q (sky130_fd_sc_hd__dfxtp_1)
                                         rf.regs[10][2] (net)
                  0.13    0.00    0.35 ^ _404_/A1 (sky130_fd_sc_hd__mux2_1)
     1    0.01    0.08    0.17    0.53 ^ _404_/X (sky130_fd_sc_hd__mux2_1)
                                         _043_ (net)
                  0.08    0.00    0.53 ^ _405_/A (sky130_fd_sc_hd__buf_1)
     1    0.01    0.09    0.12    0.65 ^ _405_/X (sky130_fd_sc_hd__buf_1)
                                         _015_ (net)
                  0.09    0.00    0.65 ^ _449_/D (sky130_fd_sc_hd__dfxtp_1)
                                  0.65   data arrival time

                  0.00    0.00    0.00   clock CLK100MHZ (rise edge)
                          0.00    0.00   clock network delay (ideal)
                          0.20    0.20   clock uncertainty
                          0.00    0.20   clock reconvergence pessimism
                                  0.20 ^ _449_/CLK (sky130_fd_sc_hd__dfxtp_1)
                         -0.05    0.15   library hold time
                                  0.15   data required time
-----------------------------------------------------------------------------
                                  0.15   data required time
                                 -0.65   data arrival time
-----------------------------------------------------------------------------
                                  0.50   slack (MET)


Startpoint: _441_ (rising edge-triggered flip-flop clocked by CLK100MHZ)
Endpoint: _441_ (rising edge-triggered flip-flop clocked by CLK100MHZ)
Path Group: CLK100MHZ
Path Type: min

Fanout     Cap    Slew   Delay    Time   Description
-----------------------------------------------------------------------------
                  0.00    0.00    0.00   clock CLK100MHZ (rise edge)
                          0.00    0.00   clock network delay (ideal)
                  0.00    0.00    0.00 ^ _441_/CLK (sky130_fd_sc_hd__dfxtp_1)
     2    0.02    0.15    0.37    0.37 ^ _441_/Q (sky130_fd_sc_hd__dfxtp_1)
                                         rf.regs[25][4] (net)
                  0.15    0.00    0.37 ^ _383_/A0 (sky130_fd_sc_hd__mux2_1)
     1    0.01    0.07    0.18    0.54 ^ _383_/X (sky130_fd_sc_hd__mux2_1)
                                         _214_ (net)
                  0.07    0.00    0.54 ^ _384_/A (sky130_fd_sc_hd__buf_1)
     1    0.01    0.10    0.13    0.67 ^ _384_/X (sky130_fd_sc_hd__buf_1)
                                         _007_ (net)
                  0.10    0.00    0.67 ^ _441_/D (sky130_fd_sc_hd__dfxtp_1)
                                  0.67   data arrival time

                  0.00    0.00    0.00   clock CLK100MHZ (rise edge)
                          0.00    0.00   clock network delay (ideal)
                          0.20    0.20   clock uncertainty
                          0.00    0.20   clock reconvergence pessimism
                                  0.20 ^ _441_/CLK (sky130_fd_sc_hd__dfxtp_1)
                         -0.05    0.15   library hold time
                                  0.15   data required time
-----------------------------------------------------------------------------
                                  0.15   data required time
                                 -0.67   data arrival time
-----------------------------------------------------------------------------
                                  0.52   slack (MET)


Startpoint: _447_ (rising edge-triggered flip-flop clocked by CLK100MHZ)
Endpoint: _447_ (rising edge-triggered flip-flop clocked by CLK100MHZ)
Path Group: CLK100MHZ
Path Type: min

Fanout     Cap    Slew   Delay    Time   Description
-----------------------------------------------------------------------------
                  0.00    0.00    0.00   clock CLK100MHZ (rise edge)
                          0.00    0.00   clock network delay (ideal)
                  0.00    0.00    0.00 ^ _447_/CLK (sky130_fd_sc_hd__dfxtp_1)
     2    0.01    0.14    0.36    0.36 ^ _447_/Q (sky130_fd_sc_hd__dfxtp_1)
                                         rf.regs[10][0] (net)
                  0.14    0.00    0.36 ^ _400_/A1 (sky130_fd_sc_hd__mux2_1)
     1    0.01    0.08    0.18    0.54 ^ _400_/X (sky130_fd_sc_hd__mux2_1)
                                         _041_ (net)
                  0.08    0.00    0.54 ^ _401_/A (sky130_fd_sc_hd__buf_1)
     1    0.01    0.09    0.13    0.67 ^ _401_/X (sky130_fd_sc_hd__buf_1)
                                         _013_ (net)
                  0.09    0.00    0.67 ^ _447_/D (sky130_fd_sc_hd__dfxtp_1)
                                  0.67   data arrival time

                  0.00    0.00    0.00   clock CLK100MHZ (rise edge)
                          0.00    0.00   clock network delay (ideal)
                          0.20    0.20   clock uncertainty
                          0.00    0.20   clock reconvergence pessimism
                                  0.20 ^ _447_/CLK (sky130_fd_sc_hd__dfxtp_1)
                         -0.05    0.15   library hold time
                                  0.15   data required time
-----------------------------------------------------------------------------
                                  0.15   data required time
                                 -0.67   data arrival time
-----------------------------------------------------------------------------
                                  0.52   slack (MET)


Startpoint: _461_ (rising edge-triggered flip-flop clocked by CLK100MHZ)
Endpoint: _461_ (rising edge-triggered flip-flop clocked by CLK100MHZ)
Path Group: CLK100MHZ
Path Type: min

Fanout     Cap    Slew   Delay    Time   Description
-----------------------------------------------------------------------------
                  0.00    0.00    0.00   clock CLK100MHZ (rise edge)
                          0.00    0.00   clock network delay (ideal)
                  0.00    0.00    0.00 ^ _461_/CLK (sky130_fd_sc_hd__dfxtp_1)
     3    0.02    0.16    0.37    0.37 ^ _461_/Q (sky130_fd_sc_hd__dfxtp_1)
                                         rf.regs[5][4] (net)
                  0.16    0.00    0.37 ^ _432_/A0 (sky130_fd_sc_hd__mux2_1)
     1    0.01    0.08    0.18    0.55 ^ _432_/X (sky130_fd_sc_hd__mux2_1)
                                         _059_ (net)
                  0.08    0.00    0.55 ^ _433_/A (sky130_fd_sc_hd__buf_1)
     1    0.01    0.09    0.13    0.68 ^ _433_/X (sky130_fd_sc_hd__buf_1)
                                         _027_ (net)
                  0.09    0.00    0.68 ^ _461_/D (sky130_fd_sc_hd__dfxtp_1)
                                  0.68   data arrival time

                  0.00    0.00    0.00   clock CLK100MHZ (rise edge)
                          0.00    0.00   clock network delay (ideal)
                          0.20    0.20   clock uncertainty
                          0.00    0.20   clock reconvergence pessimism
                                  0.20 ^ _461_/CLK (sky130_fd_sc_hd__dfxtp_1)
                         -0.05    0.15   library hold time
                                  0.15   data required time
-----------------------------------------------------------------------------
                                  0.15   data required time
                                 -0.68   data arrival time
-----------------------------------------------------------------------------
                                  0.53   slack (MET)


Startpoint: _462_ (rising edge-triggered flip-flop clocked by CLK100MHZ)
Endpoint: _462_ (rising edge-triggered flip-flop clocked by CLK100MHZ)
Path Group: CLK100MHZ
Path Type: min

Fanout     Cap    Slew   Delay    Time   Description
-----------------------------------------------------------------------------
                  0.00    0.00    0.00   clock CLK100MHZ (rise edge)
                          0.00    0.00   clock network delay (ideal)
                  0.00    0.00    0.00 ^ _462_/CLK (sky130_fd_sc_hd__dfrtp_2)
     4    0.02    0.11    0.38    0.38 ^ _462_/Q (sky130_fd_sc_hd__dfrtp_2)
                                         imem.address[0] (net)
                  0.11    0.00    0.38 ^ _221_/A (sky130_fd_sc_hd__clkbuf_4)
    10    0.04    0.12    0.22    0.60 ^ _221_/X (sky130_fd_sc_hd__clkbuf_4)
                                         _066_ (net)
                  0.12    0.00    0.60 ^ _222_/A (sky130_fd_sc_hd__clkbuf_4)
     9    0.04    0.12    0.22    0.82 ^ _222_/X (sky130_fd_sc_hd__clkbuf_4)
                                         _067_ (net)
                  0.12    0.00    0.82 ^ _227_/B (sky130_fd_sc_hd__xor2_1)
     1    0.01    0.05    0.10    0.92 v _227_/X (sky130_fd_sc_hd__xor2_1)
                                         _028_ (net)
                  0.05    0.00    0.92 v _462_/D (sky130_fd_sc_hd__dfrtp_2)
                                  0.92   data arrival time

                  0.00    0.00    0.00   clock CLK100MHZ (rise edge)
                          0.00    0.00   clock network delay (ideal)
                          0.20    0.20   clock uncertainty
                          0.00    0.20   clock reconvergence pessimism
                                  0.20 ^ _462_/CLK (sky130_fd_sc_hd__dfrtp_2)
                         -0.06    0.14   library hold time
                                  0.14   data required time
-----------------------------------------------------------------------------
                                  0.14   data required time
                                 -0.92   data arrival time
-----------------------------------------------------------------------------
                                  0.77   slack (MET)


Startpoint: _463_ (rising edge-triggered flip-flop clocked by CLK100MHZ)
Endpoint: _463_ (rising edge-triggered flip-flop clocked by CLK100MHZ)
Path Group: CLK100MHZ
Path Type: min

Fanout     Cap    Slew   Delay    Time   Description
-----------------------------------------------------------------------------
                  0.00    0.00    0.00   clock CLK100MHZ (rise edge)
                          0.00    0.00   clock network delay (ideal)
                  0.00    0.00    0.00 ^ _463_/CLK (sky130_fd_sc_hd__dfrtp_4)
    10    0.04    0.13    0.45    0.45 ^ _463_/Q (sky130_fd_sc_hd__dfrtp_4)
                                         imem.address[1] (net)
                  0.13    0.00    0.46 ^ _220_/A (sky130_fd_sc_hd__clkbuf_4)
    10    0.04    0.14    0.23    0.69 ^ _220_/X (sky130_fd_sc_hd__clkbuf_4)
                                         _065_ (net)
                  0.14    0.00    0.69 ^ _225_/B1 (sky130_fd_sc_hd__a21oi_1)
     1    0.00    0.05    0.06    0.75 v _225_/Y (sky130_fd_sc_hd__a21oi_1)
                                         _069_ (net)
                  0.05    0.00    0.75 v _226_/B (sky130_fd_sc_hd__nor2_1)
     1    0.01    0.17    0.16    0.91 ^ _226_/Y (sky130_fd_sc_hd__nor2_1)
                                         _029_ (net)
                  0.17    0.00    0.91 ^ _463_/D (sky130_fd_sc_hd__dfrtp_4)
                                  0.91   data arrival time

                  0.00    0.00    0.00   clock CLK100MHZ (rise edge)
                          0.00    0.00   clock network delay (ideal)
                          0.20    0.20   clock uncertainty
                          0.00    0.20   clock reconvergence pessimism
                                  0.20 ^ _463_/CLK (sky130_fd_sc_hd__dfrtp_4)
                         -0.07    0.13   library hold time
                                  0.13   data required time
-----------------------------------------------------------------------------
                                  0.13   data required time
                                 -0.91   data arrival time
-----------------------------------------------------------------------------
                                  0.78   slack (MET)


Startpoint: _463_ (rising edge-triggered flip-flop clocked by CLK100MHZ)
Endpoint: _464_ (rising edge-triggered flip-flop clocked by CLK100MHZ)
Path Group: CLK100MHZ
Path Type: min

Fanout     Cap    Slew   Delay    Time   Description
-----------------------------------------------------------------------------
                  0.00    0.00    0.00   clock CLK100MHZ (rise edge)
                          0.00    0.00   clock network delay (ideal)
                  0.00    0.00    0.00 ^ _463_/CLK (sky130_fd_sc_hd__dfrtp_4)
    10    0.04    0.13    0.45    0.45 ^ _463_/Q (sky130_fd_sc_hd__dfrtp_4)
                                         imem.address[1] (net)
                  0.13    0.00    0.46 ^ _220_/A (sky130_fd_sc_hd__clkbuf_4)
    10    0.04    0.14    0.23    0.69 ^ _220_/X (sky130_fd_sc_hd__clkbuf_4)
                                         _065_ (net)
                  0.14    0.00    0.69 ^ _223_/B (sky130_fd_sc_hd__and3_1)
     2    0.02    0.16    0.26    0.95 ^ _223_/X (sky130_fd_sc_hd__and3_1)
                                         _068_ (net)
                  0.16    0.00    0.95 ^ _224_/B (sky130_fd_sc_hd__xor2_1)
     1    0.00    0.03    0.08    1.03 v _224_/X (sky130_fd_sc_hd__xor2_1)
                                         _030_ (net)
                  0.03    0.00    1.03 v _464_/D (sky130_fd_sc_hd__dfrtp_1)
                                  1.03   data arrival time

                  0.00    0.00    0.00   clock CLK100MHZ (rise edge)
                          0.00    0.00   clock network delay (ideal)
                          0.20    0.20   clock uncertainty
                          0.00    0.20   clock reconvergence pessimism
                                  0.20 ^ _464_/CLK (sky130_fd_sc_hd__dfrtp_1)
                         -0.05    0.15   library hold time
                                  0.15   data required time
-----------------------------------------------------------------------------
                                  0.15   data required time
                                 -1.03   data arrival time
-----------------------------------------------------------------------------
                                  0.88   slack (MET)



worst slack corner Typical: 0.3819
