Netgen 1.5.270 compiled on Sun Jun  2 19:00:27 UTC 2024
Warning: netgen command 'format' use fully-qualified name '::netgen::format'
Warning: netgen command 'global' use fully-qualified name '::netgen::global'
Generating JSON file result
Reading netlist file /openlane/designs/TopZeroToFive/runs/RUN_2025.05.25_10.40.04/results/signoff/TopZeroToFive.spice
Reading netlist file /openlane/designs/TopZeroToFive/runs/RUN_2025.05.25_10.40.04/tmp/signoff/34-TopZeroToFive.pnl.v
Warning:  A case-insensitive file has been read and so the	verilog file must be treated case-insensitive to match.
Creating placeholder cell definition for module sky130_fd_sc_hd__diode_2.
Creating placeholder cell definition for module sky130_fd_sc_hd__decap_3.
Creating placeholder cell definition for module sky130_fd_sc_hd__decap_8.
Creating placeholder cell definition for module sky130_ef_sc_hd__decap_12.
Creating placeholder cell definition for module sky130_fd_sc_hd__fill_1.
Creating placeholder cell definition for module sky130_fd_sc_hd__decap_6.
Creating placeholder cell definition for module sky130_fd_sc_hd__decap_4.
Creating placeholder cell definition for module sky130_fd_sc_hd__fill_2.
Creating placeholder cell definition for module sky130_fd_sc_hd__tapvpwrvgnd_1.
Creating placeholder cell definition for module sky130_fd_sc_hd__conb_1.
Note:  Implicit pin HI in instance TopZeroToFive_9 of sky130_fd_sc_hd__conb_1 in cell TopZeroToFive
Note:  Implicit pin LO in instance TopZeroToFive_10 of sky130_fd_sc_hd__conb_1 in cell TopZeroToFive
Note:  Implicit pin LO in instance TopZeroToFive_11 of sky130_fd_sc_hd__conb_1 in cell TopZeroToFive
Note:  Implicit pin LO in instance TopZeroToFive_12 of sky130_fd_sc_hd__conb_1 in cell TopZeroToFive
Note:  Implicit pin LO in instance TopZeroToFive_13 of sky130_fd_sc_hd__conb_1 in cell TopZeroToFive
Note:  Implicit pin LO in instance TopZeroToFive_14 of sky130_fd_sc_hd__conb_1 in cell TopZeroToFive
Note:  Implicit pin LO in instance TopZeroToFive_15 of sky130_fd_sc_hd__conb_1 in cell TopZeroToFive
Note:  Implicit pin LO in instance TopZeroToFive_16 of sky130_fd_sc_hd__conb_1 in cell TopZeroToFive
Creating placeholder cell definition for module sky130_fd_sc_hd__inv_2.
Creating placeholder cell definition for module sky130_fd_sc_hd__or3_1.
Creating placeholder cell definition for module sky130_fd_sc_hd__clkbuf_2.
Creating placeholder cell definition for module sky130_fd_sc_hd__o21ba_1.
Creating placeholder cell definition for module sky130_fd_sc_hd__xor2_1.
Creating placeholder cell definition for module sky130_fd_sc_hd__nand3_1.
Creating placeholder cell definition for module sky130_fd_sc_hd__a21o_1.
Creating placeholder cell definition for module sky130_fd_sc_hd__and3_1.
Creating placeholder cell definition for module sky130_fd_sc_hd__buf_1.
Creating placeholder cell definition for module sky130_fd_sc_hd__xnor2_1.
Creating placeholder cell definition for module sky130_fd_sc_hd__o21ai_2.
Creating placeholder cell definition for module sky130_fd_sc_hd__o31ai_1.
Creating placeholder cell definition for module sky130_fd_sc_hd__clkbuf_1.
Creating placeholder cell definition for module sky130_fd_sc_hd__a211o_1.
Creating placeholder cell definition for module sky130_fd_sc_hd__o21ai_1.
Creating placeholder cell definition for module sky130_fd_sc_hd__nand2_1.
Creating placeholder cell definition for module sky130_fd_sc_hd__or2_1.
Creating placeholder cell definition for module sky130_fd_sc_hd__and2_1.
Creating placeholder cell definition for module sky130_fd_sc_hd__and4_1.
Creating placeholder cell definition for module sky130_fd_sc_hd__buf_2.
Creating placeholder cell definition for module sky130_fd_sc_hd__a31o_1.
Creating placeholder cell definition for module sky130_fd_sc_hd__and2b_1.
Creating placeholder cell definition for module sky130_fd_sc_hd__a21oi_1.
Creating placeholder cell definition for module sky130_fd_sc_hd__nor2_1.
Creating placeholder cell definition for module sky130_fd_sc_hd__and2_2.
Creating placeholder cell definition for module sky130_fd_sc_hd__and4_2.
Creating placeholder cell definition for module sky130_fd_sc_hd__nand3_2.
Creating placeholder cell definition for module sky130_fd_sc_hd__dfxtp_2.
Creating placeholder cell definition for module sky130_fd_sc_hd__dfxtp_1.
Creating placeholder cell definition for module sky130_fd_sc_hd__dfrtp_4.
Creating placeholder cell definition for module sky130_fd_sc_hd__clkbuf_16.
Creating placeholder cell definition for module sky130_fd_sc_hd__clkinv_1.
Creating placeholder cell definition for module sky130_fd_sc_hd__dlygate4sd3_1.

Reading setup file /home/pikachu/.volare/sky130A/libs.tech/netgen/sky130A_setup.tcl

Comparison output logged to file /openlane/designs/TopZeroToFive/runs/RUN_2025.05.25_10.40.04/logs/signoff/37-TopZeroToFive.lef.lvs.log
Logging to file "/openlane/designs/TopZeroToFive/runs/RUN_2025.05.25_10.40.04/logs/signoff/37-TopZeroToFive.lef.lvs.log" enabled

Contents of circuit 1:  Circuit: 'sky130_fd_sc_hd__fill_1'
Circuit sky130_fd_sc_hd__fill_1 contains 0 device instances.
Circuit contains 0 nets, and 4 disconnected pins.
Contents of circuit 2:  Circuit: 'sky130_fd_sc_hd__fill_1'
Circuit sky130_fd_sc_hd__fill_1 contains 0 device instances.
Circuit contains 0 nets.

Circuit sky130_fd_sc_hd__fill_1 contains no devices.

Contents of circuit 1:  Circuit: 'sky130_fd_sc_hd__tapvpwrvgnd_1'
Circuit sky130_fd_sc_hd__tapvpwrvgnd_1 contains 0 device instances.
Circuit contains 0 nets, and 2 disconnected pins.
Contents of circuit 2:  Circuit: 'sky130_fd_sc_hd__tapvpwrvgnd_1'
Circuit sky130_fd_sc_hd__tapvpwrvgnd_1 contains 0 device instances.
Circuit contains 0 nets.

Circuit sky130_fd_sc_hd__tapvpwrvgnd_1 contains no devices.

Contents of circuit 1:  Circuit: 'sky130_ef_sc_hd__decap_12'
Circuit sky130_ef_sc_hd__decap_12 contains 0 device instances.
Circuit contains 0 nets, and 4 disconnected pins.
Contents of circuit 2:  Circuit: 'sky130_ef_sc_hd__decap_12'
Circuit sky130_ef_sc_hd__decap_12 contains 0 device instances.
Circuit contains 0 nets.

Circuit sky130_ef_sc_hd__decap_12 contains no devices.

Contents of circuit 1:  Circuit: 'sky130_fd_sc_hd__decap_8'
Circuit sky130_fd_sc_hd__decap_8 contains 0 device instances.
Circuit contains 0 nets, and 4 disconnected pins.
Contents of circuit 2:  Circuit: 'sky130_fd_sc_hd__decap_8'
Circuit sky130_fd_sc_hd__decap_8 contains 0 device instances.
Circuit contains 0 nets.

Circuit sky130_fd_sc_hd__decap_8 contains no devices.

Contents of circuit 1:  Circuit: 'sky130_fd_sc_hd__inv_2'
Circuit sky130_fd_sc_hd__inv_2 contains 0 device instances.
Circuit contains 0 nets, and 6 disconnected pins.
Contents of circuit 2:  Circuit: 'sky130_fd_sc_hd__inv_2'
Circuit sky130_fd_sc_hd__inv_2 contains 0 device instances.
Circuit contains 0 nets.

Circuit sky130_fd_sc_hd__inv_2 contains no devices.

Contents of circuit 1:  Circuit: 'sky130_fd_sc_hd__decap_3'
Circuit sky130_fd_sc_hd__decap_3 contains 0 device instances.
Circuit contains 0 nets, and 4 disconnected pins.
Contents of circuit 2:  Circuit: 'sky130_fd_sc_hd__decap_3'
Circuit sky130_fd_sc_hd__decap_3 contains 0 device instances.
Circuit contains 0 nets.

Circuit sky130_fd_sc_hd__decap_3 contains no devices.

Contents of circuit 1:  Circuit: 'sky130_fd_sc_hd__o21ba_1'
Circuit sky130_fd_sc_hd__o21ba_1 contains 0 device instances.
Circuit contains 0 nets, and 8 disconnected pins.
Contents of circuit 2:  Circuit: 'sky130_fd_sc_hd__o21ba_1'
Circuit sky130_fd_sc_hd__o21ba_1 contains 0 device instances.
Circuit contains 0 nets.

Circuit sky130_fd_sc_hd__o21ba_1 contains no devices.

Contents of circuit 1:  Circuit: 'sky130_fd_sc_hd__decap_6'
Circuit sky130_fd_sc_hd__decap_6 contains 0 device instances.
Circuit contains 0 nets, and 4 disconnected pins.
Contents of circuit 2:  Circuit: 'sky130_fd_sc_hd__decap_6'
Circuit sky130_fd_sc_hd__decap_6 contains 0 device instances.
Circuit contains 0 nets.

Circuit sky130_fd_sc_hd__decap_6 contains no devices.

Contents of circuit 1:  Circuit: 'sky130_fd_sc_hd__buf_1'
Circuit sky130_fd_sc_hd__buf_1 contains 0 device instances.
Circuit contains 0 nets, and 6 disconnected pins.
Contents of circuit 2:  Circuit: 'sky130_fd_sc_hd__buf_1'
Circuit sky130_fd_sc_hd__buf_1 contains 0 device instances.
Circuit contains 0 nets.

Circuit sky130_fd_sc_hd__buf_1 contains no devices.

Contents of circuit 1:  Circuit: 'sky130_fd_sc_hd__decap_4'
Circuit sky130_fd_sc_hd__decap_4 contains 0 device instances.
Circuit contains 0 nets, and 4 disconnected pins.
Contents of circuit 2:  Circuit: 'sky130_fd_sc_hd__decap_4'
Circuit sky130_fd_sc_hd__decap_4 contains 0 device instances.
Circuit contains 0 nets.

Circuit sky130_fd_sc_hd__decap_4 contains no devices.

Contents of circuit 1:  Circuit: 'sky130_fd_sc_hd__and3_1'
Circuit sky130_fd_sc_hd__and3_1 contains 0 device instances.
Circuit contains 0 nets, and 8 disconnected pins.
Contents of circuit 2:  Circuit: 'sky130_fd_sc_hd__and3_1'
Circuit sky130_fd_sc_hd__and3_1 contains 0 device instances.
Circuit contains 0 nets.

Circuit sky130_fd_sc_hd__and3_1 contains no devices.

Contents of circuit 1:  Circuit: 'sky130_fd_sc_hd__conb_1'
Circuit sky130_fd_sc_hd__conb_1 contains 0 device instances.
Circuit contains 0 nets, and 6 disconnected pins.
Contents of circuit 2:  Circuit: 'sky130_fd_sc_hd__conb_1'
Circuit sky130_fd_sc_hd__conb_1 contains 0 device instances.
Circuit contains 0 nets.

Circuit sky130_fd_sc_hd__conb_1 contains no devices.

Contents of circuit 1:  Circuit: 'sky130_fd_sc_hd__nor2_1'
Circuit sky130_fd_sc_hd__nor2_1 contains 0 device instances.
Circuit contains 0 nets, and 7 disconnected pins.
Contents of circuit 2:  Circuit: 'sky130_fd_sc_hd__nor2_1'
Circuit sky130_fd_sc_hd__nor2_1 contains 0 device instances.
Circuit contains 0 nets.

Circuit sky130_fd_sc_hd__nor2_1 contains no devices.

Contents of circuit 1:  Circuit: 'sky130_fd_sc_hd__fill_2'
Circuit sky130_fd_sc_hd__fill_2 contains 0 device instances.
Circuit contains 0 nets, and 4 disconnected pins.
Contents of circuit 2:  Circuit: 'sky130_fd_sc_hd__fill_2'
Circuit sky130_fd_sc_hd__fill_2 contains 0 device instances.
Circuit contains 0 nets.

Circuit sky130_fd_sc_hd__fill_2 contains no devices.

Contents of circuit 1:  Circuit: 'sky130_fd_sc_hd__and2_1'
Circuit sky130_fd_sc_hd__and2_1 contains 0 device instances.
Circuit contains 0 nets, and 7 disconnected pins.
Contents of circuit 2:  Circuit: 'sky130_fd_sc_hd__and2_1'
Circuit sky130_fd_sc_hd__and2_1 contains 0 device instances.
Circuit contains 0 nets.

Circuit sky130_fd_sc_hd__and2_1 contains no devices.

Contents of circuit 1:  Circuit: 'sky130_fd_sc_hd__clkinv_1'
Circuit sky130_fd_sc_hd__clkinv_1 contains 0 device instances.
Circuit contains 0 nets, and 6 disconnected pins.
Contents of circuit 2:  Circuit: 'sky130_fd_sc_hd__clkinv_1'
Circuit sky130_fd_sc_hd__clkinv_1 contains 0 device instances.
Circuit contains 0 nets.

Circuit sky130_fd_sc_hd__clkinv_1 contains no devices.

Contents of circuit 1:  Circuit: 'sky130_fd_sc_hd__and2_2'
Circuit sky130_fd_sc_hd__and2_2 contains 0 device instances.
Circuit contains 0 nets, and 7 disconnected pins.
Contents of circuit 2:  Circuit: 'sky130_fd_sc_hd__and2_2'
Circuit sky130_fd_sc_hd__and2_2 contains 0 device instances.
Circuit contains 0 nets.

Circuit sky130_fd_sc_hd__and2_2 contains no devices.

Contents of circuit 1:  Circuit: 'sky130_fd_sc_hd__and4_1'
Circuit sky130_fd_sc_hd__and4_1 contains 0 device instances.
Circuit contains 0 nets, and 9 disconnected pins.
Contents of circuit 2:  Circuit: 'sky130_fd_sc_hd__and4_1'
Circuit sky130_fd_sc_hd__and4_1 contains 0 device instances.
Circuit contains 0 nets.

Circuit sky130_fd_sc_hd__and4_1 contains no devices.

Contents of circuit 1:  Circuit: 'sky130_fd_sc_hd__clkbuf_16'
Circuit sky130_fd_sc_hd__clkbuf_16 contains 0 device instances.
Circuit contains 0 nets, and 6 disconnected pins.
Contents of circuit 2:  Circuit: 'sky130_fd_sc_hd__clkbuf_16'
Circuit sky130_fd_sc_hd__clkbuf_16 contains 0 device instances.
Circuit contains 0 nets.

Circuit sky130_fd_sc_hd__clkbuf_16 contains no devices.

Contents of circuit 1:  Circuit: 'sky130_fd_sc_hd__dfxtp_1'
Circuit sky130_fd_sc_hd__dfxtp_1 contains 0 device instances.
Circuit contains 0 nets, and 7 disconnected pins.
Contents of circuit 2:  Circuit: 'sky130_fd_sc_hd__dfxtp_1'
Circuit sky130_fd_sc_hd__dfxtp_1 contains 0 device instances.
Circuit contains 0 nets.

Circuit sky130_fd_sc_hd__dfxtp_1 contains no devices.

Contents of circuit 1:  Circuit: 'sky130_fd_sc_hd__xor2_1'
Circuit sky130_fd_sc_hd__xor2_1 contains 0 device instances.
Circuit contains 0 nets, and 7 disconnected pins.
Contents of circuit 2:  Circuit: 'sky130_fd_sc_hd__xor2_1'
Circuit sky130_fd_sc_hd__xor2_1 contains 0 device instances.
Circuit contains 0 nets.

Circuit sky130_fd_sc_hd__xor2_1 contains no devices.

Contents of circuit 1:  Circuit: 'sky130_fd_sc_hd__a211o_1'
Circuit sky130_fd_sc_hd__a211o_1 contains 0 device instances.
Circuit contains 0 nets, and 9 disconnected pins.
Contents of circuit 2:  Circuit: 'sky130_fd_sc_hd__a211o_1'
Circuit sky130_fd_sc_hd__a211o_1 contains 0 device instances.
Circuit contains 0 nets.

Circuit sky130_fd_sc_hd__a211o_1 contains no devices.

Contents of circuit 1:  Circuit: 'sky130_fd_sc_hd__a21oi_1'
Circuit sky130_fd_sc_hd__a21oi_1 contains 0 device instances.
Circuit contains 0 nets, and 8 disconnected pins.
Contents of circuit 2:  Circuit: 'sky130_fd_sc_hd__a21oi_1'
Circuit sky130_fd_sc_hd__a21oi_1 contains 0 device instances.
Circuit contains 0 nets.

Circuit sky130_fd_sc_hd__a21oi_1 contains no devices.

Contents of circuit 1:  Circuit: 'sky130_fd_sc_hd__clkbuf_1'
Circuit sky130_fd_sc_hd__clkbuf_1 contains 0 device instances.
Circuit contains 0 nets, and 6 disconnected pins.
Contents of circuit 2:  Circuit: 'sky130_fd_sc_hd__clkbuf_1'
Circuit sky130_fd_sc_hd__clkbuf_1 contains 0 device instances.
Circuit contains 0 nets.

Circuit sky130_fd_sc_hd__clkbuf_1 contains no devices.

Contents of circuit 1:  Circuit: 'sky130_fd_sc_hd__buf_2'
Circuit sky130_fd_sc_hd__buf_2 contains 0 device instances.
Circuit contains 0 nets, and 6 disconnected pins.
Contents of circuit 2:  Circuit: 'sky130_fd_sc_hd__buf_2'
Circuit sky130_fd_sc_hd__buf_2 contains 0 device instances.
Circuit contains 0 nets.

Circuit sky130_fd_sc_hd__buf_2 contains no devices.

Contents of circuit 1:  Circuit: 'sky130_fd_sc_hd__or3_1'
Circuit sky130_fd_sc_hd__or3_1 contains 0 device instances.
Circuit contains 0 nets, and 8 disconnected pins.
Contents of circuit 2:  Circuit: 'sky130_fd_sc_hd__or3_1'
Circuit sky130_fd_sc_hd__or3_1 contains 0 device instances.
Circuit contains 0 nets.

Circuit sky130_fd_sc_hd__or3_1 contains no devices.

Contents of circuit 1:  Circuit: 'sky130_fd_sc_hd__o31ai_1'
Circuit sky130_fd_sc_hd__o31ai_1 contains 0 device instances.
Circuit contains 0 nets, and 9 disconnected pins.
Contents of circuit 2:  Circuit: 'sky130_fd_sc_hd__o31ai_1'
Circuit sky130_fd_sc_hd__o31ai_1 contains 0 device instances.
Circuit contains 0 nets.

Circuit sky130_fd_sc_hd__o31ai_1 contains no devices.

Contents of circuit 1:  Circuit: 'sky130_fd_sc_hd__and2b_1'
Circuit sky130_fd_sc_hd__and2b_1 contains 0 device instances.
Circuit contains 0 nets, and 7 disconnected pins.
Contents of circuit 2:  Circuit: 'sky130_fd_sc_hd__and2b_1'
Circuit sky130_fd_sc_hd__and2b_1 contains 0 device instances.
Circuit contains 0 nets.

Circuit sky130_fd_sc_hd__and2b_1 contains no devices.

Contents of circuit 1:  Circuit: 'sky130_fd_sc_hd__o21ai_2'
Circuit sky130_fd_sc_hd__o21ai_2 contains 0 device instances.
Circuit contains 0 nets, and 8 disconnected pins.
Contents of circuit 2:  Circuit: 'sky130_fd_sc_hd__o21ai_2'
Circuit sky130_fd_sc_hd__o21ai_2 contains 0 device instances.
Circuit contains 0 nets.

Circuit sky130_fd_sc_hd__o21ai_2 contains no devices.

Contents of circuit 1:  Circuit: 'sky130_fd_sc_hd__xnor2_1'
Circuit sky130_fd_sc_hd__xnor2_1 contains 0 device instances.
Circuit contains 0 nets, and 7 disconnected pins.
Contents of circuit 2:  Circuit: 'sky130_fd_sc_hd__xnor2_1'
Circuit sky130_fd_sc_hd__xnor2_1 contains 0 device instances.
Circuit contains 0 nets.

Circuit sky130_fd_sc_hd__xnor2_1 contains no devices.

Contents of circuit 1:  Circuit: 'sky130_fd_sc_hd__a21o_1'
Circuit sky130_fd_sc_hd__a21o_1 contains 0 device instances.
Circuit contains 0 nets, and 8 disconnected pins.
Contents of circuit 2:  Circuit: 'sky130_fd_sc_hd__a21o_1'
Circuit sky130_fd_sc_hd__a21o_1 contains 0 device instances.
Circuit contains 0 nets.

Circuit sky130_fd_sc_hd__a21o_1 contains no devices.

Contents of circuit 1:  Circuit: 'sky130_fd_sc_hd__nand3_2'
Circuit sky130_fd_sc_hd__nand3_2 contains 0 device instances.
Circuit contains 0 nets, and 8 disconnected pins.
Contents of circuit 2:  Circuit: 'sky130_fd_sc_hd__nand3_2'
Circuit sky130_fd_sc_hd__nand3_2 contains 0 device instances.
Circuit contains 0 nets.

Circuit sky130_fd_sc_hd__nand3_2 contains no devices.

Contents of circuit 1:  Circuit: 'sky130_fd_sc_hd__dlygate4sd3_1'
Circuit sky130_fd_sc_hd__dlygate4sd3_1 contains 0 device instances.
Circuit contains 0 nets, and 6 disconnected pins.
Contents of circuit 2:  Circuit: 'sky130_fd_sc_hd__dlygate4sd3_1'
Circuit sky130_fd_sc_hd__dlygate4sd3_1 contains 0 device instances.
Circuit contains 0 nets.

Circuit sky130_fd_sc_hd__dlygate4sd3_1 contains no devices.

Contents of circuit 1:  Circuit: 'sky130_fd_sc_hd__a31o_1'
Circuit sky130_fd_sc_hd__a31o_1 contains 0 device instances.
Circuit contains 0 nets, and 9 disconnected pins.
Contents of circuit 2:  Circuit: 'sky130_fd_sc_hd__a31o_1'
Circuit sky130_fd_sc_hd__a31o_1 contains 0 device instances.
Circuit contains 0 nets.

Circuit sky130_fd_sc_hd__a31o_1 contains no devices.

Contents of circuit 1:  Circuit: 'sky130_fd_sc_hd__dfrtp_4'
Circuit sky130_fd_sc_hd__dfrtp_4 contains 0 device instances.
Circuit contains 0 nets, and 8 disconnected pins.
Contents of circuit 2:  Circuit: 'sky130_fd_sc_hd__dfrtp_4'
Circuit sky130_fd_sc_hd__dfrtp_4 contains 0 device instances.
Circuit contains 0 nets.

Circuit sky130_fd_sc_hd__dfrtp_4 contains no devices.

Contents of circuit 1:  Circuit: 'sky130_fd_sc_hd__nand3_1'
Circuit sky130_fd_sc_hd__nand3_1 contains 0 device instances.
Circuit contains 0 nets, and 8 disconnected pins.
Contents of circuit 2:  Circuit: 'sky130_fd_sc_hd__nand3_1'
Circuit sky130_fd_sc_hd__nand3_1 contains 0 device instances.
Circuit contains 0 nets.

Circuit sky130_fd_sc_hd__nand3_1 contains no devices.

Contents of circuit 1:  Circuit: 'sky130_fd_sc_hd__or2_1'
Circuit sky130_fd_sc_hd__or2_1 contains 0 device instances.
Circuit contains 0 nets, and 7 disconnected pins.
Contents of circuit 2:  Circuit: 'sky130_fd_sc_hd__or2_1'
Circuit sky130_fd_sc_hd__or2_1 contains 0 device instances.
Circuit contains 0 nets.

Circuit sky130_fd_sc_hd__or2_1 contains no devices.

Contents of circuit 1:  Circuit: 'sky130_fd_sc_hd__and4_2'
Circuit sky130_fd_sc_hd__and4_2 contains 0 device instances.
Circuit contains 0 nets, and 9 disconnected pins.
Contents of circuit 2:  Circuit: 'sky130_fd_sc_hd__and4_2'
Circuit sky130_fd_sc_hd__and4_2 contains 0 device instances.
Circuit contains 0 nets.

Circuit sky130_fd_sc_hd__and4_2 contains no devices.

Contents of circuit 1:  Circuit: 'sky130_fd_sc_hd__diode_2'
Circuit sky130_fd_sc_hd__diode_2 contains 0 device instances.
Circuit contains 0 nets, and 5 disconnected pins.
Contents of circuit 2:  Circuit: 'sky130_fd_sc_hd__diode_2'
Circuit sky130_fd_sc_hd__diode_2 contains 0 device instances.
Circuit contains 0 nets.

Circuit sky130_fd_sc_hd__diode_2 contains no devices.

Contents of circuit 1:  Circuit: 'sky130_fd_sc_hd__dfxtp_2'
Circuit sky130_fd_sc_hd__dfxtp_2 contains 0 device instances.
Circuit contains 0 nets, and 7 disconnected pins.
Contents of circuit 2:  Circuit: 'sky130_fd_sc_hd__dfxtp_2'
Circuit sky130_fd_sc_hd__dfxtp_2 contains 0 device instances.
Circuit contains 0 nets.

Circuit sky130_fd_sc_hd__dfxtp_2 contains no devices.

Contents of circuit 1:  Circuit: 'sky130_fd_sc_hd__nand2_1'
Circuit sky130_fd_sc_hd__nand2_1 contains 0 device instances.
Circuit contains 0 nets, and 7 disconnected pins.
Contents of circuit 2:  Circuit: 'sky130_fd_sc_hd__nand2_1'
Circuit sky130_fd_sc_hd__nand2_1 contains 0 device instances.
Circuit contains 0 nets.

Circuit sky130_fd_sc_hd__nand2_1 contains no devices.

Contents of circuit 1:  Circuit: 'sky130_fd_sc_hd__clkbuf_2'
Circuit sky130_fd_sc_hd__clkbuf_2 contains 0 device instances.
Circuit contains 0 nets, and 6 disconnected pins.
Contents of circuit 2:  Circuit: 'sky130_fd_sc_hd__clkbuf_2'
Circuit sky130_fd_sc_hd__clkbuf_2 contains 0 device instances.
Circuit contains 0 nets.

Circuit sky130_fd_sc_hd__clkbuf_2 contains no devices.

Contents of circuit 1:  Circuit: 'sky130_fd_sc_hd__o21ai_1'
Circuit sky130_fd_sc_hd__o21ai_1 contains 0 device instances.
Circuit contains 0 nets, and 8 disconnected pins.
Contents of circuit 2:  Circuit: 'sky130_fd_sc_hd__o21ai_1'
Circuit sky130_fd_sc_hd__o21ai_1 contains 0 device instances.
Circuit contains 0 nets.

Circuit sky130_fd_sc_hd__o21ai_1 contains no devices.

Contents of circuit 1:  Circuit: 'TopZeroToFive'
Circuit TopZeroToFive contains 810 device instances.
  Class: sky130_fd_sc_hd__a31o_1 instances:   1
  Class: sky130_fd_sc_hd__a21o_1 instances:   2
  Class: sky130_fd_sc_hd__clkbuf_16 instances:   3
  Class: sky130_fd_sc_hd__dfxtp_1 instances:  18
  Class: sky130_fd_sc_hd__dfxtp_2 instances:   2
  Class: sky130_fd_sc_hd__o31ai_1 instances:   1
  Class: sky130_fd_sc_hd__buf_1 instances:  11
  Class: sky130_fd_sc_hd__buf_2 instances:   2
  Class: sky130_fd_sc_hd__xor2_1 instances:   8
  Class: sky130_ef_sc_hd__decap_12 instances: 261
  Class: sky130_fd_sc_hd__dfrtp_4 instances:   4
  Class: sky130_fd_sc_hd__and4_1 instances:   7
  Class: sky130_fd_sc_hd__and4_2 instances:   1
  Class: sky130_fd_sc_hd__inv_2 instances:   8
  Class: sky130_fd_sc_hd__clkbuf_1 instances:   2
  Class: sky130_fd_sc_hd__clkbuf_2 instances:   1
  Class: sky130_fd_sc_hd__or3_1 instances:   2
  Class: sky130_fd_sc_hd__nand3_1 instances:   1
  Class: sky130_fd_sc_hd__nand3_2 instances:   1
  Class: sky130_fd_sc_hd__o21ba_1 instances:   5
  Class: sky130_fd_sc_hd__and2b_1 instances:   1
  Class: sky130_fd_sc_hd__conb_1 instances:   8
  Class: sky130_fd_sc_hd__clkinv_1 instances:   1
  Class: sky130_fd_sc_hd__and3_1 instances:   5
  Class: sky130_fd_sc_hd__decap_3 instances:  82
  Class: sky130_fd_sc_hd__decap_4 instances:  36
  Class: sky130_fd_sc_hd__decap_6 instances:  40
  Class: sky130_fd_sc_hd__decap_8 instances:  61
  Class: sky130_fd_sc_hd__dlygate4sd3_1 instances:   1
  Class: sky130_fd_sc_hd__or2_1 instances:   1
  Class: sky130_fd_sc_hd__nand2_1 instances:   1
  Class: sky130_fd_sc_hd__and2_1 instances:   4
  Class: sky130_fd_sc_hd__and2_2 instances:   1
  Class: sky130_fd_sc_hd__xnor2_1 instances:   3
  Class: sky130_fd_sc_hd__diode_2 instances:   2
  Class: sky130_fd_sc_hd__a211o_1 instances:   1
  Class: sky130_fd_sc_hd__o21ai_1 instances:   1
  Class: sky130_fd_sc_hd__o21ai_2 instances:   1
  Class: sky130_fd_sc_hd__tapvpwrvgnd_1 instances:  90
  Class: sky130_fd_sc_hd__a21oi_1 instances:   2
  Class: sky130_fd_sc_hd__fill_1 instances:  94
  Class: sky130_fd_sc_hd__fill_2 instances:  29
  Class: sky130_fd_sc_hd__nor2_1 instances:   4
Circuit contains 127 nets.
Contents of circuit 2:  Circuit: 'TopZeroToFive'
Circuit TopZeroToFive contains 810 device instances.
  Class: sky130_fd_sc_hd__a31o_1 instances:   1
  Class: sky130_fd_sc_hd__a21o_1 instances:   2
  Class: sky130_fd_sc_hd__clkbuf_16 instances:   3
  Class: sky130_fd_sc_hd__dfxtp_1 instances:  18
  Class: sky130_fd_sc_hd__dfxtp_2 instances:   2
  Class: sky130_fd_sc_hd__o31ai_1 instances:   1
  Class: sky130_fd_sc_hd__buf_1 instances:  11
  Class: sky130_fd_sc_hd__buf_2 instances:   2
  Class: sky130_fd_sc_hd__xor2_1 instances:   8
  Class: sky130_ef_sc_hd__decap_12 instances: 261
  Class: sky130_fd_sc_hd__dfrtp_4 instances:   4
  Class: sky130_fd_sc_hd__and4_1 instances:   7
  Class: sky130_fd_sc_hd__and4_2 instances:   1
  Class: sky130_fd_sc_hd__inv_2 instances:   8
  Class: sky130_fd_sc_hd__clkbuf_1 instances:   2
  Class: sky130_fd_sc_hd__clkbuf_2 instances:   1
  Class: sky130_fd_sc_hd__or3_1 instances:   2
  Class: sky130_fd_sc_hd__nand3_1 instances:   1
  Class: sky130_fd_sc_hd__nand3_2 instances:   1
  Class: sky130_fd_sc_hd__o21ba_1 instances:   5
  Class: sky130_fd_sc_hd__and2b_1 instances:   1
  Class: sky130_fd_sc_hd__conb_1 instances:   8
  Class: sky130_fd_sc_hd__clkinv_1 instances:   1
  Class: sky130_fd_sc_hd__and3_1 instances:   5
  Class: sky130_fd_sc_hd__decap_3 instances:  82
  Class: sky130_fd_sc_hd__decap_4 instances:  36
  Class: sky130_fd_sc_hd__decap_6 instances:  40
  Class: sky130_fd_sc_hd__decap_8 instances:  61
  Class: sky130_fd_sc_hd__dlygate4sd3_1 instances:   1
  Class: sky130_fd_sc_hd__or2_1 instances:   1
  Class: sky130_fd_sc_hd__nand2_1 instances:   1
  Class: sky130_fd_sc_hd__and2_1 instances:   4
  Class: sky130_fd_sc_hd__and2_2 instances:   1
  Class: sky130_fd_sc_hd__xnor2_1 instances:   3
  Class: sky130_fd_sc_hd__diode_2 instances:   2
  Class: sky130_fd_sc_hd__a211o_1 instances:   1
  Class: sky130_fd_sc_hd__o21ai_1 instances:   1
  Class: sky130_fd_sc_hd__o21ai_2 instances:   1
  Class: sky130_fd_sc_hd__tapvpwrvgnd_1 instances:  90
  Class: sky130_fd_sc_hd__a21oi_1 instances:   2
  Class: sky130_fd_sc_hd__fill_1 instances:  94
  Class: sky130_fd_sc_hd__fill_2 instances:  29
  Class: sky130_fd_sc_hd__nor2_1 instances:   4
Circuit contains 127 nets.

Circuit was modified by parallel/series device merging.
New circuit summary:

Contents of circuit 1:  Circuit: 'TopZeroToFive'
Circuit TopZeroToFive contains 125 device instances.
  Class: sky130_fd_sc_hd__a31o_1 instances:   1
  Class: sky130_fd_sc_hd__a21o_1 instances:   2
  Class: sky130_fd_sc_hd__clkbuf_16 instances:   3
  Class: sky130_fd_sc_hd__dfxtp_1 instances:  18
  Class: sky130_fd_sc_hd__dfxtp_2 instances:   2
  Class: sky130_fd_sc_hd__o31ai_1 instances:   1
  Class: sky130_fd_sc_hd__buf_1 instances:  11
  Class: sky130_fd_sc_hd__buf_2 instances:   2
  Class: sky130_fd_sc_hd__xor2_1 instances:   8
  Class: sky130_ef_sc_hd__decap_12 instances:   1
  Class: sky130_fd_sc_hd__dfrtp_4 instances:   4
  Class: sky130_fd_sc_hd__and4_1 instances:   7
  Class: sky130_fd_sc_hd__and4_2 instances:   1
  Class: sky130_fd_sc_hd__inv_2 instances:   8
  Class: sky130_fd_sc_hd__clkbuf_1 instances:   2
  Class: sky130_fd_sc_hd__clkbuf_2 instances:   1
  Class: sky130_fd_sc_hd__or3_1 instances:   2
  Class: sky130_fd_sc_hd__nand3_1 instances:   1
  Class: sky130_fd_sc_hd__nand3_2 instances:   1
  Class: sky130_fd_sc_hd__o21ba_1 instances:   5
  Class: sky130_fd_sc_hd__and2b_1 instances:   1
  Class: sky130_fd_sc_hd__conb_1 instances:   8
  Class: sky130_fd_sc_hd__clkinv_1 instances:   1
  Class: sky130_fd_sc_hd__and3_1 instances:   5
  Class: sky130_fd_sc_hd__decap_3 instances:   1
  Class: sky130_fd_sc_hd__decap_4 instances:   1
  Class: sky130_fd_sc_hd__decap_6 instances:   1
  Class: sky130_fd_sc_hd__decap_8 instances:   1
  Class: sky130_fd_sc_hd__dlygate4sd3_1 instances:   1
  Class: sky130_fd_sc_hd__or2_1 instances:   1
  Class: sky130_fd_sc_hd__nand2_1 instances:   1
  Class: sky130_fd_sc_hd__and2_1 instances:   4
  Class: sky130_fd_sc_hd__and2_2 instances:   1
  Class: sky130_fd_sc_hd__xnor2_1 instances:   3
  Class: sky130_fd_sc_hd__diode_2 instances:   2
  Class: sky130_fd_sc_hd__a211o_1 instances:   1
  Class: sky130_fd_sc_hd__o21ai_1 instances:   1
  Class: sky130_fd_sc_hd__o21ai_2 instances:   1
  Class: sky130_fd_sc_hd__tapvpwrvgnd_1 instances:   1
  Class: sky130_fd_sc_hd__a21oi_1 instances:   2
  Class: sky130_fd_sc_hd__fill_1 instances:   1
  Class: sky130_fd_sc_hd__fill_2 instances:   1
  Class: sky130_fd_sc_hd__nor2_1 instances:   4
Circuit contains 127 nets.
Contents of circuit 2:  Circuit: 'TopZeroToFive'
Circuit TopZeroToFive contains 125 device instances.
  Class: sky130_fd_sc_hd__a31o_1 instances:   1
  Class: sky130_fd_sc_hd__a21o_1 instances:   2
  Class: sky130_fd_sc_hd__clkbuf_16 instances:   3
  Class: sky130_fd_sc_hd__dfxtp_1 instances:  18
  Class: sky130_fd_sc_hd__dfxtp_2 instances:   2
  Class: sky130_fd_sc_hd__o31ai_1 instances:   1
  Class: sky130_fd_sc_hd__buf_1 instances:  11
  Class: sky130_fd_sc_hd__buf_2 instances:   2
  Class: sky130_fd_sc_hd__xor2_1 instances:   8
  Class: sky130_ef_sc_hd__decap_12 instances:   1
  Class: sky130_fd_sc_hd__dfrtp_4 instances:   4
  Class: sky130_fd_sc_hd__and4_1 instances:   7
  Class: sky130_fd_sc_hd__and4_2 instances:   1
  Class: sky130_fd_sc_hd__inv_2 instances:   8
  Class: sky130_fd_sc_hd__clkbuf_1 instances:   2
  Class: sky130_fd_sc_hd__clkbuf_2 instances:   1
  Class: sky130_fd_sc_hd__or3_1 instances:   2
  Class: sky130_fd_sc_hd__nand3_1 instances:   1
  Class: sky130_fd_sc_hd__nand3_2 instances:   1
  Class: sky130_fd_sc_hd__o21ba_1 instances:   5
  Class: sky130_fd_sc_hd__and2b_1 instances:   1
  Class: sky130_fd_sc_hd__conb_1 instances:   8
  Class: sky130_fd_sc_hd__clkinv_1 instances:   1
  Class: sky130_fd_sc_hd__and3_1 instances:   5
  Class: sky130_fd_sc_hd__decap_3 instances:   1
  Class: sky130_fd_sc_hd__decap_4 instances:   1
  Class: sky130_fd_sc_hd__decap_6 instances:   1
  Class: sky130_fd_sc_hd__decap_8 instances:   1
  Class: sky130_fd_sc_hd__dlygate4sd3_1 instances:   1
  Class: sky130_fd_sc_hd__or2_1 instances:   1
  Class: sky130_fd_sc_hd__nand2_1 instances:   1
  Class: sky130_fd_sc_hd__and2_1 instances:   4
  Class: sky130_fd_sc_hd__and2_2 instances:   1
  Class: sky130_fd_sc_hd__xnor2_1 instances:   3
  Class: sky130_fd_sc_hd__diode_2 instances:   2
  Class: sky130_fd_sc_hd__a211o_1 instances:   1
  Class: sky130_fd_sc_hd__o21ai_1 instances:   1
  Class: sky130_fd_sc_hd__o21ai_2 instances:   1
  Class: sky130_fd_sc_hd__tapvpwrvgnd_1 instances:   1
  Class: sky130_fd_sc_hd__a21oi_1 instances:   2
  Class: sky130_fd_sc_hd__fill_1 instances:   1
  Class: sky130_fd_sc_hd__fill_2 instances:   1
  Class: sky130_fd_sc_hd__nor2_1 instances:   4
Circuit contains 127 nets.

Circuit 1 contains 125 devices, Circuit 2 contains 125 devices.
Circuit 1 contains 127 nets,    Circuit 2 contains 127 nets.


Final result: 
Circuits match uniquely.
.
Logging to file "/openlane/designs/TopZeroToFive/runs/RUN_2025.05.25_10.40.04/logs/signoff/37-TopZeroToFive.lef.lvs.log" disabled
LVS Done.
