
===========================================================================
report_checks -path_delay min (Hold)
============================================================================
======================= Typical Corner ===================================

Startpoint: _132_ (rising edge-triggered flip-flop clocked by clk)
Endpoint: _132_ (rising edge-triggered flip-flop clocked by clk)
Path Group: clk
Path Type: min

Fanout     Cap    Slew   Delay    Time   Description
-----------------------------------------------------------------------------
                  0.00    0.00    0.00   clock clk (rise edge)
                          0.00    0.00   clock network delay (ideal)
                  0.00    0.00    0.00 ^ _132_/CLK (sky130_fd_sc_hd__dfxtp_2)
     5    0.02    0.06    0.33    0.33 v _132_/Q (sky130_fd_sc_hd__dfxtp_2)
                                         div_cntr[0] (net)
                  0.06    0.00    0.33 v _081_/A (sky130_fd_sc_hd__inv_2)
     1    0.00    0.03    0.05    0.37 ^ _081_/Y (sky130_fd_sc_hd__inv_2)
                                         _004_ (net)
                  0.03    0.00    0.37 ^ _132_/D (sky130_fd_sc_hd__dfxtp_2)
                                  0.37   data arrival time

                  0.00    0.00    0.00   clock clk (rise edge)
                          0.00    0.00   clock network delay (ideal)
                          0.20    0.20   clock uncertainty
                          0.00    0.20   clock reconvergence pessimism
                                  0.20 ^ _132_/CLK (sky130_fd_sc_hd__dfxtp_2)
                         -0.03    0.17   library hold time
                                  0.17   data required time
-----------------------------------------------------------------------------
                                  0.17   data required time
                                 -0.37   data arrival time
-----------------------------------------------------------------------------
                                  0.21   slack (MET)


Startpoint: _147_ (rising edge-triggered flip-flop clocked by clk)
Endpoint: _147_ (rising edge-triggered flip-flop clocked by clk)
Path Group: clk
Path Type: min

Fanout     Cap    Slew   Delay    Time   Description
-----------------------------------------------------------------------------
                  0.00    0.00    0.00   clock clk (rise edge)
                          0.00    0.00   clock network delay (ideal)
                  0.00    0.00    0.00 ^ _147_/CLK (sky130_fd_sc_hd__dfxtp_1)
     2    0.01    0.09    0.32    0.32 ^ _147_/Q (sky130_fd_sc_hd__dfxtp_1)
                                         div_cntr[15] (net)
                  0.09    0.00    0.32 ^ _119_/A1 (sky130_fd_sc_hd__o21ba_1)
     1    0.00    0.05    0.14    0.45 ^ _119_/X (sky130_fd_sc_hd__o21ba_1)
                                         _010_ (net)
                  0.05    0.00    0.45 ^ _147_/D (sky130_fd_sc_hd__dfxtp_1)
                                  0.45   data arrival time

                  0.00    0.00    0.00   clock clk (rise edge)
                          0.00    0.00   clock network delay (ideal)
                          0.20    0.20   clock uncertainty
                          0.00    0.20   clock reconvergence pessimism
                                  0.20 ^ _147_/CLK (sky130_fd_sc_hd__dfxtp_1)
                         -0.04    0.16   library hold time
                                  0.16   data required time
-----------------------------------------------------------------------------
                                  0.16   data required time
                                 -0.45   data arrival time
-----------------------------------------------------------------------------
                                  0.29   slack (MET)


Startpoint: _146_ (rising edge-triggered flip-flop clocked by clk)
Endpoint: _146_ (rising edge-triggered flip-flop clocked by clk)
Path Group: clk
Path Type: min

Fanout     Cap    Slew   Delay    Time   Description
-----------------------------------------------------------------------------
                  0.00    0.00    0.00   clock clk (rise edge)
                          0.00    0.00   clock network delay (ideal)
                  0.00    0.00    0.00 ^ _146_/CLK (sky130_fd_sc_hd__dfxtp_1)
     3    0.01    0.15    0.36    0.36 ^ _146_/Q (sky130_fd_sc_hd__dfxtp_1)
                                         div_cntr[14] (net)
                  0.15    0.00    0.36 ^ _115_/A (sky130_fd_sc_hd__xor2_1)
     1    0.00    0.04    0.09    0.45 v _115_/X (sky130_fd_sc_hd__xor2_1)
                                         _009_ (net)
                  0.04    0.00    0.45 v _146_/D (sky130_fd_sc_hd__dfxtp_1)
                                  0.45   data arrival time

                  0.00    0.00    0.00   clock clk (rise edge)
                          0.00    0.00   clock network delay (ideal)
                          0.20    0.20   clock uncertainty
                          0.00    0.20   clock reconvergence pessimism
                                  0.20 ^ _146_/CLK (sky130_fd_sc_hd__dfxtp_1)
                         -0.06    0.14   library hold time
                                  0.14   data required time
-----------------------------------------------------------------------------
                                  0.14   data required time
                                 -0.45   data arrival time
-----------------------------------------------------------------------------
                                  0.31   slack (MET)


Startpoint: _151_ (rising edge-triggered flip-flop clocked by clk)
Endpoint: _151_ (rising edge-triggered flip-flop clocked by clk)
Path Group: clk
Path Type: min

Fanout     Cap    Slew   Delay    Time   Description
-----------------------------------------------------------------------------
                  0.00    0.00    0.00   clock clk (rise edge)
                          0.00    0.00   clock network delay (ideal)
                  0.00    0.00    0.00 ^ _151_/CLK (sky130_fd_sc_hd__dfxtp_2)
     5    0.02    0.12    0.36    0.36 ^ _151_/Q (sky130_fd_sc_hd__dfxtp_2)
                                         u_cnt.clk (net)
                  0.12    0.00    0.36 ^ _127_/A (sky130_fd_sc_hd__xor2_1)
     1    0.01    0.05    0.10    0.46 v _127_/X (sky130_fd_sc_hd__xor2_1)
                                         _014_ (net)
                  0.05    0.00    0.46 v _151_/D (sky130_fd_sc_hd__dfxtp_2)
                                  0.46   data arrival time

                  0.00    0.00    0.00   clock clk (rise edge)
                          0.00    0.00   clock network delay (ideal)
                          0.20    0.20   clock uncertainty
                          0.00    0.20   clock reconvergence pessimism
                                  0.20 ^ _151_/CLK (sky130_fd_sc_hd__dfxtp_2)
                         -0.06    0.14   library hold time
                                  0.14   data required time
-----------------------------------------------------------------------------
                                  0.14   data required time
                                 -0.46   data arrival time
-----------------------------------------------------------------------------
                                  0.32   slack (MET)


Startpoint: _150_ (rising edge-triggered flip-flop clocked by clk)
Endpoint: _150_ (rising edge-triggered flip-flop clocked by clk)
Path Group: clk
Path Type: min

Fanout     Cap    Slew   Delay    Time   Description
-----------------------------------------------------------------------------
                  0.00    0.00    0.00   clock clk (rise edge)
                          0.00    0.00   clock network delay (ideal)
                  0.00    0.00    0.00 ^ _150_/CLK (sky130_fd_sc_hd__dfxtp_1)
     2    0.01    0.12    0.34    0.34 ^ _150_/Q (sky130_fd_sc_hd__dfxtp_1)
                                         div_cntr[18] (net)
                  0.12    0.00    0.35 ^ _125_/A (sky130_fd_sc_hd__xnor2_1)
     1    0.01    0.06    0.11    0.45 v _125_/Y (sky130_fd_sc_hd__xnor2_1)
                                         _013_ (net)
                  0.06    0.00    0.45 v _150_/D (sky130_fd_sc_hd__dfxtp_1)
                                  0.45   data arrival time

                  0.00    0.00    0.00   clock clk (rise edge)
                          0.00    0.00   clock network delay (ideal)
                          0.20    0.20   clock uncertainty
                          0.00    0.20   clock reconvergence pessimism
                                  0.20 ^ _150_/CLK (sky130_fd_sc_hd__dfxtp_1)
                         -0.07    0.13   library hold time
                                  0.13   data required time
-----------------------------------------------------------------------------
                                  0.13   data required time
                                 -0.45   data arrival time
-----------------------------------------------------------------------------
                                  0.32   slack (MET)


Startpoint: _142_ (rising edge-triggered flip-flop clocked by clk)
Endpoint: _142_ (rising edge-triggered flip-flop clocked by clk)
Path Group: clk
Path Type: min

Fanout     Cap    Slew   Delay    Time   Description
-----------------------------------------------------------------------------
                  0.00    0.00    0.00   clock clk (rise edge)
                          0.00    0.00   clock network delay (ideal)
                  0.00    0.00    0.00 ^ _142_/CLK (sky130_fd_sc_hd__dfxtp_1)
     3    0.01    0.15    0.36    0.36 ^ _142_/Q (sky130_fd_sc_hd__dfxtp_1)
                                         div_cntr[10] (net)
                  0.15    0.00    0.36 ^ _105_/A (sky130_fd_sc_hd__xor2_1)
     1    0.00    0.04    0.10    0.46 v _105_/X (sky130_fd_sc_hd__xor2_1)
                                         _005_ (net)
                  0.04    0.00    0.46 v _142_/D (sky130_fd_sc_hd__dfxtp_1)
                                  0.46   data arrival time

                  0.00    0.00    0.00   clock clk (rise edge)
                          0.00    0.00   clock network delay (ideal)
                          0.20    0.20   clock uncertainty
                          0.00    0.20   clock reconvergence pessimism
                                  0.20 ^ _142_/CLK (sky130_fd_sc_hd__dfxtp_1)
                         -0.06    0.14   library hold time
                                  0.14   data required time
-----------------------------------------------------------------------------
                                  0.14   data required time
                                 -0.46   data arrival time
-----------------------------------------------------------------------------
                                  0.32   slack (MET)


Startpoint: _143_ (rising edge-triggered flip-flop clocked by clk)
Endpoint: _143_ (rising edge-triggered flip-flop clocked by clk)
Path Group: clk
Path Type: min

Fanout     Cap    Slew   Delay    Time   Description
-----------------------------------------------------------------------------
                  0.00    0.00    0.00   clock clk (rise edge)
                          0.00    0.00   clock network delay (ideal)
                  0.00    0.00    0.00 ^ _143_/CLK (sky130_fd_sc_hd__dfxtp_1)
     2    0.01    0.10    0.33    0.33 ^ _143_/Q (sky130_fd_sc_hd__dfxtp_1)
                                         div_cntr[11] (net)
                  0.10    0.00    0.33 ^ _109_/A1 (sky130_fd_sc_hd__o21ba_1)
     1    0.01    0.07    0.16    0.48 ^ _109_/X (sky130_fd_sc_hd__o21ba_1)
                                         _006_ (net)
                  0.07    0.00    0.48 ^ _143_/D (sky130_fd_sc_hd__dfxtp_1)
                                  0.48   data arrival time

                  0.00    0.00    0.00   clock clk (rise edge)
                          0.00    0.00   clock network delay (ideal)
                          0.20    0.20   clock uncertainty
                          0.00    0.20   clock reconvergence pessimism
                                  0.20 ^ _143_/CLK (sky130_fd_sc_hd__dfxtp_1)
                         -0.04    0.16   library hold time
                                  0.16   data required time
-----------------------------------------------------------------------------
                                  0.16   data required time
                                 -0.48   data arrival time
-----------------------------------------------------------------------------
                                  0.32   slack (MET)


Startpoint: _134_ (rising edge-triggered flip-flop clocked by clk)
Endpoint: _134_ (rising edge-triggered flip-flop clocked by clk)
Path Group: clk
Path Type: min

Fanout     Cap    Slew   Delay    Time   Description
-----------------------------------------------------------------------------
                  0.00    0.00    0.00   clock clk (rise edge)
                          0.00    0.00   clock network delay (ideal)
                  0.00    0.00    0.00 ^ _134_/CLK (sky130_fd_sc_hd__dfxtp_1)
     3    0.01    0.14    0.36    0.36 ^ _134_/Q (sky130_fd_sc_hd__dfxtp_1)
                                         div_cntr[2] (net)
                  0.14    0.00    0.36 ^ _086_/A (sky130_fd_sc_hd__xnor2_1)
     1    0.00    0.05    0.10    0.46 v _086_/Y (sky130_fd_sc_hd__xnor2_1)
                                         _016_ (net)
                  0.05    0.00    0.46 v _134_/D (sky130_fd_sc_hd__dfxtp_1)
                                  0.46   data arrival time

                  0.00    0.00    0.00   clock clk (rise edge)
                          0.00    0.00   clock network delay (ideal)
                          0.20    0.20   clock uncertainty
                          0.00    0.20   clock reconvergence pessimism
                                  0.20 ^ _134_/CLK (sky130_fd_sc_hd__dfxtp_1)
                         -0.07    0.13   library hold time
                                  0.13   data required time
-----------------------------------------------------------------------------
                                  0.13   data required time
                                 -0.46   data arrival time
-----------------------------------------------------------------------------
                                  0.33   slack (MET)


Startpoint: _136_ (rising edge-triggered flip-flop clocked by clk)
Endpoint: _136_ (rising edge-triggered flip-flop clocked by clk)
Path Group: clk
Path Type: min

Fanout     Cap    Slew   Delay    Time   Description
-----------------------------------------------------------------------------
                  0.00    0.00    0.00   clock clk (rise edge)
                          0.00    0.00   clock network delay (ideal)
                  0.00    0.00    0.00 ^ _136_/CLK (sky130_fd_sc_hd__dfxtp_1)
     4    0.02    0.09    0.33    0.33 v _136_/Q (sky130_fd_sc_hd__dfxtp_1)
                                         div_cntr[4] (net)
                  0.09    0.00    0.33 v _092_/A (sky130_fd_sc_hd__xor2_1)
     1    0.00    0.09    0.16    0.49 ^ _092_/X (sky130_fd_sc_hd__xor2_1)
                                         _018_ (net)
                  0.09    0.00    0.49 ^ _136_/D (sky130_fd_sc_hd__dfxtp_1)
                                  0.49   data arrival time

                  0.00    0.00    0.00   clock clk (rise edge)
                          0.00    0.00   clock network delay (ideal)
                          0.20    0.20   clock uncertainty
                          0.00    0.20   clock reconvergence pessimism
                                  0.20 ^ _136_/CLK (sky130_fd_sc_hd__dfxtp_1)
                         -0.05    0.15   library hold time
                                  0.15   data required time
-----------------------------------------------------------------------------
                                  0.15   data required time
                                 -0.49   data arrival time
-----------------------------------------------------------------------------
                                  0.34   slack (MET)


Startpoint: _139_ (rising edge-triggered flip-flop clocked by clk)
Endpoint: _139_ (rising edge-triggered flip-flop clocked by clk)
Path Group: clk
Path Type: min

Fanout     Cap    Slew   Delay    Time   Description
-----------------------------------------------------------------------------
                  0.00    0.00    0.00   clock clk (rise edge)
                          0.00    0.00   clock network delay (ideal)
                  0.00    0.00    0.00 ^ _139_/CLK (sky130_fd_sc_hd__dfxtp_1)
     2    0.01    0.13    0.35    0.35 ^ _139_/Q (sky130_fd_sc_hd__dfxtp_1)
                                         div_cntr[7] (net)
                  0.13    0.00    0.35 ^ _100_/A1 (sky130_fd_sc_hd__o21ba_1)
     1    0.00    0.06    0.15    0.50 ^ _100_/X (sky130_fd_sc_hd__o21ba_1)
                                         _021_ (net)
                  0.06    0.00    0.50 ^ _139_/D (sky130_fd_sc_hd__dfxtp_1)
                                  0.50   data arrival time

                  0.00    0.00    0.00   clock clk (rise edge)
                          0.00    0.00   clock network delay (ideal)
                          0.20    0.20   clock uncertainty
                          0.00    0.20   clock reconvergence pessimism
                                  0.20 ^ _139_/CLK (sky130_fd_sc_hd__dfxtp_1)
                         -0.04    0.16   library hold time
                                  0.16   data required time
-----------------------------------------------------------------------------
                                  0.16   data required time
                                 -0.50   data arrival time
-----------------------------------------------------------------------------
                                  0.34   slack (MET)


Startpoint: _138_ (rising edge-triggered flip-flop clocked by clk)
Endpoint: _138_ (rising edge-triggered flip-flop clocked by clk)
Path Group: clk
Path Type: min

Fanout     Cap    Slew   Delay    Time   Description
-----------------------------------------------------------------------------
                  0.00    0.00    0.00   clock clk (rise edge)
                          0.00    0.00   clock network delay (ideal)
                  0.00    0.00    0.00 ^ _138_/CLK (sky130_fd_sc_hd__dfxtp_1)
     3    0.02    0.16    0.37    0.37 ^ _138_/Q (sky130_fd_sc_hd__dfxtp_1)
                                         div_cntr[6] (net)
                  0.16    0.00    0.37 ^ _096_/A (sky130_fd_sc_hd__xor2_1)
     1    0.01    0.05    0.11    0.48 v _096_/X (sky130_fd_sc_hd__xor2_1)
                                         _020_ (net)
                  0.05    0.00    0.48 v _138_/D (sky130_fd_sc_hd__dfxtp_1)
                                  0.48   data arrival time

                  0.00    0.00    0.00   clock clk (rise edge)
                          0.00    0.00   clock network delay (ideal)
                          0.20    0.20   clock uncertainty
                          0.00    0.20   clock reconvergence pessimism
                                  0.20 ^ _138_/CLK (sky130_fd_sc_hd__dfxtp_1)
                         -0.07    0.13   library hold time
                                  0.13   data required time
-----------------------------------------------------------------------------
                                  0.13   data required time
                                 -0.48   data arrival time
-----------------------------------------------------------------------------
                                  0.35   slack (MET)


Startpoint: _141_ (rising edge-triggered flip-flop clocked by clk)
Endpoint: _141_ (rising edge-triggered flip-flop clocked by clk)
Path Group: clk
Path Type: min

Fanout     Cap    Slew   Delay    Time   Description
-----------------------------------------------------------------------------
                  0.00    0.00    0.00   clock clk (rise edge)
                          0.00    0.00   clock network delay (ideal)
                  0.00    0.00    0.00 ^ _141_/CLK (sky130_fd_sc_hd__dfxtp_1)
     4    0.01    0.12    0.34    0.34 ^ _141_/Q (sky130_fd_sc_hd__dfxtp_1)
                                         div_cntr[9] (net)
                  0.12    0.00    0.34 ^ _102_/B1 (sky130_fd_sc_hd__a21oi_1)
     1    0.00    0.05    0.06    0.41 v _102_/Y (sky130_fd_sc_hd__a21oi_1)
                                         _062_ (net)
                  0.05    0.00    0.41 v _104_/A (sky130_fd_sc_hd__nor2_1)
     1    0.00    0.08    0.10    0.51 ^ _104_/Y (sky130_fd_sc_hd__nor2_1)
                                         _023_ (net)
                  0.08    0.00    0.51 ^ _141_/D (sky130_fd_sc_hd__dfxtp_1)
                                  0.51   data arrival time

                  0.00    0.00    0.00   clock clk (rise edge)
                          0.00    0.00   clock network delay (ideal)
                          0.20    0.20   clock uncertainty
                          0.00    0.20   clock reconvergence pessimism
                                  0.20 ^ _141_/CLK (sky130_fd_sc_hd__dfxtp_1)
                         -0.04    0.16   library hold time
                                  0.16   data required time
-----------------------------------------------------------------------------
                                  0.16   data required time
                                 -0.51   data arrival time
-----------------------------------------------------------------------------
                                  0.35   slack (MET)


Startpoint: _140_ (rising edge-triggered flip-flop clocked by clk)
Endpoint: _140_ (rising edge-triggered flip-flop clocked by clk)
Path Group: clk
Path Type: min

Fanout     Cap    Slew   Delay    Time   Description
-----------------------------------------------------------------------------
                  0.00    0.00    0.00   clock clk (rise edge)
                          0.00    0.00   clock network delay (ideal)
                  0.00    0.00    0.00 ^ _140_/CLK (sky130_fd_sc_hd__dfxtp_1)
     5    0.02    0.19    0.39    0.39 ^ _140_/Q (sky130_fd_sc_hd__dfxtp_1)
                                         div_cntr[8] (net)
                  0.19    0.00    0.39 ^ _101_/A (sky130_fd_sc_hd__xor2_1)
     1    0.00    0.04    0.10    0.49 v _101_/X (sky130_fd_sc_hd__xor2_1)
                                         _022_ (net)
                  0.04    0.00    0.49 v _140_/D (sky130_fd_sc_hd__dfxtp_1)
                                  0.49   data arrival time

                  0.00    0.00    0.00   clock clk (rise edge)
                          0.00    0.00   clock network delay (ideal)
                          0.20    0.20   clock uncertainty
                          0.00    0.20   clock reconvergence pessimism
                                  0.20 ^ _140_/CLK (sky130_fd_sc_hd__dfxtp_1)
                         -0.06    0.14   library hold time
                                  0.14   data required time
-----------------------------------------------------------------------------
                                  0.14   data required time
                                 -0.49   data arrival time
-----------------------------------------------------------------------------
                                  0.35   slack (MET)


Startpoint: _148_ (rising edge-triggered flip-flop clocked by clk)
Endpoint: _148_ (rising edge-triggered flip-flop clocked by clk)
Path Group: clk
Path Type: min

Fanout     Cap    Slew   Delay    Time   Description
-----------------------------------------------------------------------------
                  0.00    0.00    0.00   clock clk (rise edge)
                          0.00    0.00   clock network delay (ideal)
                  0.00    0.00    0.00 ^ _148_/CLK (sky130_fd_sc_hd__dfxtp_1)
     4    0.02    0.21    0.40    0.40 ^ _148_/Q (sky130_fd_sc_hd__dfxtp_1)
                                         div_cntr[16] (net)
                  0.21    0.00    0.40 ^ _120_/A (sky130_fd_sc_hd__xor2_1)
     1    0.00    0.04    0.11    0.51 v _120_/X (sky130_fd_sc_hd__xor2_1)
                                         _011_ (net)
                  0.04    0.00    0.51 v _148_/D (sky130_fd_sc_hd__dfxtp_1)
                                  0.51   data arrival time

                  0.00    0.00    0.00   clock clk (rise edge)
                          0.00    0.00   clock network delay (ideal)
                          0.20    0.20   clock uncertainty
                          0.00    0.20   clock reconvergence pessimism
                                  0.20 ^ _148_/CLK (sky130_fd_sc_hd__dfxtp_1)
                         -0.06    0.14   library hold time
                                  0.14   data required time
-----------------------------------------------------------------------------
                                  0.14   data required time
                                 -0.51   data arrival time
-----------------------------------------------------------------------------
                                  0.37   slack (MET)


Startpoint: _144_ (rising edge-triggered flip-flop clocked by clk)
Endpoint: _144_ (rising edge-triggered flip-flop clocked by clk)
Path Group: clk
Path Type: min

Fanout     Cap    Slew   Delay    Time   Description
-----------------------------------------------------------------------------
                  0.00    0.00    0.00   clock clk (rise edge)
                          0.00    0.00   clock network delay (ideal)
                  0.00    0.00    0.00 ^ _144_/CLK (sky130_fd_sc_hd__dfxtp_1)
     5    0.02    0.17    0.38    0.38 ^ _144_/Q (sky130_fd_sc_hd__dfxtp_1)
                                         div_cntr[12] (net)
                  0.17    0.00    0.38 ^ _111_/A (sky130_fd_sc_hd__nor2_1)
     1    0.01    0.06    0.09    0.47 v _111_/Y (sky130_fd_sc_hd__nor2_1)
                                         _033_ (net)
                  0.06    0.00    0.47 v _112_/B (sky130_fd_sc_hd__nor2_1)
     1    0.00    0.08    0.09    0.56 ^ _112_/Y (sky130_fd_sc_hd__nor2_1)
                                         _007_ (net)
                  0.08    0.00    0.56 ^ _144_/D (sky130_fd_sc_hd__dfxtp_1)
                                  0.56   data arrival time

                  0.00    0.00    0.00   clock clk (rise edge)
                          0.00    0.00   clock network delay (ideal)
                          0.20    0.20   clock uncertainty
                          0.00    0.20   clock reconvergence pessimism
                                  0.20 ^ _144_/CLK (sky130_fd_sc_hd__dfxtp_1)
                         -0.04    0.16   library hold time
                                  0.16   data required time
-----------------------------------------------------------------------------
                                  0.16   data required time
                                 -0.56   data arrival time
-----------------------------------------------------------------------------
                                  0.40   slack (MET)


Startpoint: _145_ (rising edge-triggered flip-flop clocked by clk)
Endpoint: _145_ (rising edge-triggered flip-flop clocked by clk)
Path Group: clk
Path Type: min

Fanout     Cap    Slew   Delay    Time   Description
-----------------------------------------------------------------------------
                  0.00    0.00    0.00   clock clk (rise edge)
                          0.00    0.00   clock network delay (ideal)
                  0.00    0.00    0.00 ^ _145_/CLK (sky130_fd_sc_hd__dfxtp_1)
     4    0.02    0.17    0.38    0.38 ^ _145_/Q (sky130_fd_sc_hd__dfxtp_1)
                                         div_cntr[13] (net)
                  0.17    0.00    0.38 ^ _114_/A1 (sky130_fd_sc_hd__o21ba_1)
     1    0.01    0.07    0.18    0.56 ^ _114_/X (sky130_fd_sc_hd__o21ba_1)
                                         _008_ (net)
                  0.07    0.00    0.56 ^ _145_/D (sky130_fd_sc_hd__dfxtp_1)
                                  0.56   data arrival time

                  0.00    0.00    0.00   clock clk (rise edge)
                          0.00    0.00   clock network delay (ideal)
                          0.20    0.20   clock uncertainty
                          0.00    0.20   clock reconvergence pessimism
                                  0.20 ^ _145_/CLK (sky130_fd_sc_hd__dfxtp_1)
                         -0.04    0.16   library hold time
                                  0.16   data required time
-----------------------------------------------------------------------------
                                  0.16   data required time
                                 -0.56   data arrival time
-----------------------------------------------------------------------------
                                  0.40   slack (MET)


Startpoint: _137_ (rising edge-triggered flip-flop clocked by clk)
Endpoint: _137_ (rising edge-triggered flip-flop clocked by clk)
Path Group: clk
Path Type: min

Fanout     Cap    Slew   Delay    Time   Description
-----------------------------------------------------------------------------
                  0.00    0.00    0.00   clock clk (rise edge)
                          0.00    0.00   clock network delay (ideal)
                  0.00    0.00    0.00 ^ _137_/CLK (sky130_fd_sc_hd__dfxtp_1)
     3    0.01    0.14    0.36    0.36 ^ _137_/Q (sky130_fd_sc_hd__dfxtp_1)
                                         div_cntr[5] (net)
                  0.14    0.00    0.36 ^ _094_/B1 (sky130_fd_sc_hd__a21oi_1)
     1    0.00    0.05    0.07    0.43 v _094_/Y (sky130_fd_sc_hd__a21oi_1)
                                         _058_ (net)
                  0.05    0.00    0.43 v _095_/B (sky130_fd_sc_hd__nor2_1)
     1    0.01    0.12    0.12    0.55 ^ _095_/Y (sky130_fd_sc_hd__nor2_1)
                                         _019_ (net)
                  0.12    0.00    0.55 ^ _137_/D (sky130_fd_sc_hd__dfxtp_1)
                                  0.55   data arrival time

                  0.00    0.00    0.00   clock clk (rise edge)
                          0.00    0.00   clock network delay (ideal)
                          0.20    0.20   clock uncertainty
                          0.00    0.20   clock reconvergence pessimism
                                  0.20 ^ _137_/CLK (sky130_fd_sc_hd__dfxtp_1)
                         -0.05    0.15   library hold time
                                  0.15   data required time
-----------------------------------------------------------------------------
                                  0.15   data required time
                                 -0.55   data arrival time
-----------------------------------------------------------------------------
                                  0.40   slack (MET)


Startpoint: _132_ (rising edge-triggered flip-flop clocked by clk)
Endpoint: _133_ (rising edge-triggered flip-flop clocked by clk)
Path Group: clk
Path Type: min

Fanout     Cap    Slew   Delay    Time   Description
-----------------------------------------------------------------------------
                  0.00    0.00    0.00   clock clk (rise edge)
                          0.00    0.00   clock network delay (ideal)
                  0.00    0.00    0.00 ^ _132_/CLK (sky130_fd_sc_hd__dfxtp_2)
     5    0.02    0.06    0.33    0.33 v _132_/Q (sky130_fd_sc_hd__dfxtp_2)
                                         div_cntr[0] (net)
                  0.06    0.00    0.33 v _082_/A (sky130_fd_sc_hd__nand2_1)
     2    0.01    0.12    0.12    0.45 ^ _082_/Y (sky130_fd_sc_hd__nand2_1)
                                         _050_ (net)
                  0.12    0.00    0.45 ^ _084_/A (sky130_fd_sc_hd__and2_1)
     1    0.00    0.06    0.14    0.59 ^ _084_/X (sky130_fd_sc_hd__and2_1)
                                         _052_ (net)
                  0.06    0.00    0.59 ^ _085_/A (sky130_fd_sc_hd__clkbuf_1)
     1    0.00    0.05    0.09    0.68 ^ _085_/X (sky130_fd_sc_hd__clkbuf_1)
                                         _015_ (net)
                  0.05    0.00    0.68 ^ _133_/D (sky130_fd_sc_hd__dfxtp_1)
                                  0.68   data arrival time

                  0.00    0.00    0.00   clock clk (rise edge)
                          0.00    0.00   clock network delay (ideal)
                          0.20    0.20   clock uncertainty
                          0.00    0.20   clock reconvergence pessimism
                                  0.20 ^ _133_/CLK (sky130_fd_sc_hd__dfxtp_1)
                         -0.04    0.16   library hold time
                                  0.16   data required time
-----------------------------------------------------------------------------
                                  0.16   data required time
                                 -0.68   data arrival time
-----------------------------------------------------------------------------
                                  0.52   slack (MET)


Startpoint: _149_ (rising edge-triggered flip-flop clocked by clk)
Endpoint: _149_ (rising edge-triggered flip-flop clocked by clk)
Path Group: clk
Path Type: min

Fanout     Cap    Slew   Delay    Time   Description
-----------------------------------------------------------------------------
                  0.00    0.00    0.00   clock clk (rise edge)
                          0.00    0.00   clock network delay (ideal)
                  0.00    0.00    0.00 ^ _149_/CLK (sky130_fd_sc_hd__dfxtp_1)
     3    0.02    0.08    0.32    0.32 v _149_/Q (sky130_fd_sc_hd__dfxtp_1)
                                         div_cntr[17] (net)
                  0.08    0.00    0.32 v _121_/B (sky130_fd_sc_hd__nand3_2)
     2    0.01    0.09    0.12    0.44 ^ _121_/Y (sky130_fd_sc_hd__nand3_2)
                                         _038_ (net)
                  0.09    0.00    0.44 ^ _123_/A (sky130_fd_sc_hd__and2_1)
     1    0.01    0.07    0.14    0.58 ^ _123_/X (sky130_fd_sc_hd__and2_1)
                                         _040_ (net)
                  0.07    0.00    0.58 ^ _124_/A (sky130_fd_sc_hd__buf_1)
     1    0.01    0.11    0.13    0.71 ^ _124_/X (sky130_fd_sc_hd__buf_1)
                                         _012_ (net)
                  0.11    0.00    0.72 ^ _149_/D (sky130_fd_sc_hd__dfxtp_1)
                                  0.72   data arrival time

                  0.00    0.00    0.00   clock clk (rise edge)
                          0.00    0.00   clock network delay (ideal)
                          0.20    0.20   clock uncertainty
                          0.00    0.20   clock reconvergence pessimism
                                  0.20 ^ _149_/CLK (sky130_fd_sc_hd__dfxtp_1)
                         -0.05    0.15   library hold time
                                  0.15   data required time
-----------------------------------------------------------------------------
                                  0.15   data required time
                                 -0.72   data arrival time
-----------------------------------------------------------------------------
                                  0.57   slack (MET)


Startpoint: _135_ (rising edge-triggered flip-flop clocked by clk)
Endpoint: _135_ (rising edge-triggered flip-flop clocked by clk)
Path Group: clk
Path Type: min

Fanout     Cap    Slew   Delay    Time   Description
-----------------------------------------------------------------------------
                  0.00    0.00    0.00   clock clk (rise edge)
                          0.00    0.00   clock network delay (ideal)
                  0.00    0.00    0.00 ^ _135_/CLK (sky130_fd_sc_hd__dfxtp_1)
     2    0.01    0.13    0.35    0.35 ^ _135_/Q (sky130_fd_sc_hd__dfxtp_1)
                                         div_cntr[3] (net)
                  0.13    0.00    0.35 ^ _089_/B1 (sky130_fd_sc_hd__a31o_1)
     1    0.00    0.04    0.11    0.46 ^ _089_/X (sky130_fd_sc_hd__a31o_1)
                                         _055_ (net)
                  0.04    0.00    0.46 ^ _090_/B (sky130_fd_sc_hd__and2b_1)
     1    0.01    0.09    0.15    0.61 ^ _090_/X (sky130_fd_sc_hd__and2b_1)
                                         _056_ (net)
                  0.09    0.00    0.61 ^ _091_/A (sky130_fd_sc_hd__buf_1)
     1    0.01    0.12    0.15    0.76 ^ _091_/X (sky130_fd_sc_hd__buf_1)
                                         _017_ (net)
                  0.12    0.00    0.76 ^ _135_/D (sky130_fd_sc_hd__dfxtp_1)
                                  0.76   data arrival time

                  0.00    0.00    0.00   clock clk (rise edge)
                          0.00    0.00   clock network delay (ideal)
                          0.20    0.20   clock uncertainty
                          0.00    0.20   clock reconvergence pessimism
                                  0.20 ^ _135_/CLK (sky130_fd_sc_hd__dfxtp_1)
                         -0.05    0.15   library hold time
                                  0.15   data required time
-----------------------------------------------------------------------------
                                  0.15   data required time
                                 -0.76   data arrival time
-----------------------------------------------------------------------------
                                  0.62   slack (MET)



worst slack corner Typical: 0.2079
