
===========================================================================
report_checks -unconstrained
===========================================================================
======================= Typical Corner ===================================

Startpoint: _462_ (rising edge-triggered flip-flop clocked by CLK100MHZ)
Endpoint: _440_ (rising edge-triggered flip-flop clocked by CLK100MHZ)
Path Group: CLK100MHZ
Path Type: max

Fanout     Cap    Slew   Delay    Time   Description
-----------------------------------------------------------------------------
                          0.00    0.00   clock CLK100MHZ (rise edge)
                          0.00    0.00   clock source latency
     1    0.01    0.00    0.00    0.00 ^ CLK100MHZ (in)
                                         CLK100MHZ (net)
                  0.00    0.00    0.00 ^ clkbuf_0_CLK100MHZ/A (sky130_fd_sc_hd__clkbuf_16)
     2    0.02    0.04    0.11    0.11 ^ clkbuf_0_CLK100MHZ/X (sky130_fd_sc_hd__clkbuf_16)
                                         clknet_0_CLK100MHZ (net)
                  0.04    0.00    0.11 ^ clkbuf_1_1__f_CLK100MHZ/A (sky130_fd_sc_hd__clkbuf_16)
    13    0.04    0.06    0.14    0.25 ^ clkbuf_1_1__f_CLK100MHZ/X (sky130_fd_sc_hd__clkbuf_16)
                                         clknet_1_1__leaf_CLK100MHZ (net)
                  0.06    0.00    0.25 ^ _462_/CLK (sky130_fd_sc_hd__dfrtp_2)
     4    0.02    0.07    0.44    0.68 v _462_/Q (sky130_fd_sc_hd__dfrtp_2)
                                         imem.address[0] (net)
                  0.07    0.00    0.69 v _221_/A (sky130_fd_sc_hd__clkbuf_4)
    10    0.04    0.08    0.20    0.88 v _221_/X (sky130_fd_sc_hd__clkbuf_4)
                                         _066_ (net)
                  0.08    0.00    0.88 v _222_/A (sky130_fd_sc_hd__clkbuf_4)
     9    0.03    0.08    0.20    1.08 v _222_/X (sky130_fd_sc_hd__clkbuf_4)
                                         _067_ (net)
                  0.08    0.00    1.08 v _246_/C (sky130_fd_sc_hd__and3b_1)
     1    0.01    0.05    0.20    1.29 v _246_/X (sky130_fd_sc_hd__and3b_1)
                                         _088_ (net)
                  0.05    0.00    1.29 v _247_/A (sky130_fd_sc_hd__buf_2)
     7    0.03    0.08    0.17    1.46 v _247_/X (sky130_fd_sc_hd__buf_2)
                                         _089_ (net)
                  0.08    0.00    1.46 v _248_/B (sky130_fd_sc_hd__or2_1)
     1    0.00    0.06    0.23    1.69 v _248_/X (sky130_fd_sc_hd__or2_1)
                                         _090_ (net)
                  0.06    0.00    1.69 v _249_/A (sky130_fd_sc_hd__clkbuf_2)
     5    0.02    0.09    0.16    1.84 v _249_/X (sky130_fd_sc_hd__clkbuf_2)
                                         _091_ (net)
                  0.09    0.00    1.85 v _266_/A2 (sky130_fd_sc_hd__a21o_1)
     2    0.01    0.06    0.22    2.06 v _266_/X (sky130_fd_sc_hd__a21o_1)
                                         _108_ (net)
                  0.06    0.00    2.07 v _268_/B (sky130_fd_sc_hd__or3_2)
     2    0.01    0.11    0.50    2.57 v _268_/X (sky130_fd_sc_hd__or3_2)
                                         _110_ (net)
                  0.11    0.00    2.57 v _312_/A2 (sky130_fd_sc_hd__a21oi_2)
     3    0.01    0.19    0.23    2.80 ^ _312_/Y (sky130_fd_sc_hd__a21oi_2)
                                         _154_ (net)
                  0.19    0.00    2.80 ^ _319_/A2 (sky130_fd_sc_hd__o21ai_2)
     3    0.01    0.09    0.11    2.91 v _319_/Y (sky130_fd_sc_hd__o21ai_2)
                                         _161_ (net)
                  0.09    0.00    2.91 v _327_/A (sky130_fd_sc_hd__or2_1)
     1    0.01    0.08    0.27    3.18 v _327_/X (sky130_fd_sc_hd__or2_1)
                                         _169_ (net)
                  0.08    0.00    3.18 v _332_/A2 (sky130_fd_sc_hd__a32o_4)
     8    0.03    0.08    0.36    3.54 v _332_/X (sky130_fd_sc_hd__a32o_4)
                                         _174_ (net)
                  0.08    0.00    3.54 v _371_/A1 (sky130_fd_sc_hd__mux2_1)
     1    0.01    0.08    0.33    3.88 v _371_/X (sky130_fd_sc_hd__mux2_1)
                                         _203_ (net)
                  0.08    0.00    3.88 v _372_/A (sky130_fd_sc_hd__buf_1)
     1    0.01    0.06    0.13    4.00 v _372_/X (sky130_fd_sc_hd__buf_1)
                                         _006_ (net)
                  0.06    0.00    4.00 v _440_/D (sky130_fd_sc_hd__dfxtp_1)
                                  4.00   data arrival time

                         10.00   10.00   clock CLK100MHZ (rise edge)
                          0.00   10.00   clock source latency
     1    0.01    0.00    0.00   10.00 ^ CLK100MHZ (in)
                                         CLK100MHZ (net)
                  0.00    0.00   10.00 ^ clkbuf_0_CLK100MHZ/A (sky130_fd_sc_hd__clkbuf_16)
     2    0.02    0.04    0.11   10.11 ^ clkbuf_0_CLK100MHZ/X (sky130_fd_sc_hd__clkbuf_16)
                                         clknet_0_CLK100MHZ (net)
                  0.04    0.00   10.11 ^ clkbuf_1_0__f_CLK100MHZ/A (sky130_fd_sc_hd__clkbuf_16)
    16    0.04    0.06    0.14   10.25 ^ clkbuf_1_0__f_CLK100MHZ/X (sky130_fd_sc_hd__clkbuf_16)
                                         clknet_1_0__leaf_CLK100MHZ (net)
                  0.06    0.00   10.25 ^ _440_/CLK (sky130_fd_sc_hd__dfxtp_1)
                         -0.20   10.05   clock uncertainty
                          0.00   10.05   clock reconvergence pessimism
                         -0.11    9.94   library setup time
                                  9.94   data required time
-----------------------------------------------------------------------------
                                  9.94   data required time
                                 -4.00   data arrival time
-----------------------------------------------------------------------------
                                  5.94   slack (MET)




===========================================================================
report_checks --slack_max -0.01
============================================================================
======================= Typical Corner ===================================

No paths found.


===========================================================================
 report_check_types -max_slew -max_cap -max_fanout -violators
============================================================================
======================= Typical Corner ===================================


max slew violations count Typical: 0
max fanout violations count Typical: 0
max cap violations count Typical: 0

===========================================================================
report_parasitic_annotation -report_unannotated
============================================================================
Found 5 unannotated drivers.
 clkload0/Y
 top_module_10/HI
 top_module_11/LO
 top_module_12/LO
 top_module_13/LO
Found 0 partially unannotated drivers.

===========================================================================
max slew violation count 0
max fanout violation count 0
max cap violation count 0
============================================================================

===========================================================================
check_setup -verbose -unconstrained_endpoints -multiple_clock -no_clock -no_input_delay -loops -generated_clocks
===========================================================================
Warning: There are 2 input ports missing set_input_delay.
  BTNR
  BTNU
Warning: There are 11 unconstrained endpoints.
  an[0]
  an[1]
  an[2]
  an[3]
  seg[0]
  seg[1]
  seg[2]
  seg[3]
  seg[4]
  seg[5]
  seg[6]
