
===========================================================================
 report_power
============================================================================
======================= Fastest Corner ===================================

Group                  Internal  Switching    Leakage      Total
                          Power      Power      Power      Power (Watts)
----------------------------------------------------------------
Sequential             9.25e-04   1.55e-03   3.73e-09   2.48e-03  33.9%
Combinational          6.21e-04   3.10e-03   1.32e-08   3.72e-03  50.9%
Clock                  4.59e-04   6.52e-04   1.64e-08   1.11e-03  15.2%
Macro                  0.00e+00   0.00e+00   0.00e+00   0.00e+00   0.0%
Pad                    0.00e+00   0.00e+00   0.00e+00   0.00e+00   0.0%
----------------------------------------------------------------
Total                  2.01e-03   5.31e-03   3.33e-08   7.31e-03 100.0%
                          27.4%      72.6%       0.0%

======================= Slowest Corner ===================================

Group                  Internal  Switching    Leakage      Total
                          Power      Power      Power      Power (Watts)
----------------------------------------------------------------
Sequential             6.36e-04   1.05e-03   2.39e-06   1.69e-03  33.7%
Combinational          4.45e-04   2.10e-03   5.44e-06   2.55e-03  50.9%
Clock                  3.30e-04   4.39e-04   4.66e-07   7.69e-04  15.4%
Macro                  0.00e+00   0.00e+00   0.00e+00   0.00e+00   0.0%
Pad                    0.00e+00   0.00e+00   0.00e+00   0.00e+00   0.0%
----------------------------------------------------------------
Total                  1.41e-03   3.59e-03   8.30e-06   5.01e-03 100.0%
                          28.2%      71.7%       0.2%

======================= Typical Corner ===================================

Group                  Internal  Switching    Leakage      Total
                          Power      Power      Power      Power (Watts)
----------------------------------------------------------------
Sequential             8.03e-04   1.33e-03   1.27e-09   2.13e-03  33.9%
Combinational          5.46e-04   2.65e-03   4.13e-09   3.20e-03  50.8%
Clock                  4.04e-04   5.56e-04   1.53e-08   9.60e-04  15.3%
Macro                  0.00e+00   0.00e+00   0.00e+00   0.00e+00   0.0%
Pad                    0.00e+00   0.00e+00   0.00e+00   0.00e+00   0.0%
----------------------------------------------------------------
Total                  1.75e-03   4.53e-03   2.07e-08   6.28e-03 100.0%
                          27.9%      72.1%       0.0%

