
===========================================================================
report_checks -unconstrained
===========================================================================
======================= Fastest Corner ===================================

Startpoint: A1[0] (input port clocked by clk)
Endpoint: _1245_ (rising edge-triggered flip-flop clocked by clk)
Path Group: clk
Path Type: max
Corner: Fastest

Fanout     Cap    Slew   Delay    Time   Description
-----------------------------------------------------------------------------
                          0.00    0.00   clock clk (rise edge)
                          0.00    0.00   clock network delay (propagated)
                          2.00    2.00 ^ input external delay
     2    0.01    0.05    0.03    2.03 ^ A1[0] (in)
                                         A1[0] (net)
                  0.05    0.00    2.03 ^ input1/A (sky130_fd_sc_hd__buf_12)
    20    0.28    0.24    0.19    2.22 ^ input1/X (sky130_fd_sc_hd__buf_12)
                                         net1 (net)
                  0.24    0.03    2.25 ^ _0676_/A (sky130_fd_sc_hd__buf_12)
    20    0.32    0.27    0.22    2.47 ^ _0676_/X (sky130_fd_sc_hd__buf_12)
                                         _0191_ (net)
                  0.32    0.10    2.57 ^ _0677_/A (sky130_fd_sc_hd__buf_12)
    20    0.30    0.25    0.20    2.77 ^ _0677_/X (sky130_fd_sc_hd__buf_12)
                                         _0192_ (net)
                  0.30    0.09    2.86 ^ _0678_/A (sky130_fd_sc_hd__buf_12)
    20    0.33    0.27    0.22    3.07 ^ _0678_/X (sky130_fd_sc_hd__buf_12)
                                         _0193_ (net)
                  0.34    0.11    3.18 ^ _0780_/S0 (sky130_fd_sc_hd__mux4_2)
     2    0.12    0.25    0.55    3.73 v _0780_/X (sky130_fd_sc_hd__mux4_2)
                                         _0292_ (net)
                  0.25    0.02    3.75 v _0785_/A2 (sky130_fd_sc_hd__a21oi_4)
     2    0.05    0.30    0.35    4.10 ^ _0785_/Y (sky130_fd_sc_hd__a21oi_4)
                                         _0297_ (net)
                  0.30    0.01    4.12 ^ _0786_/B (sky130_fd_sc_hd__nor2_4)
     2    0.08    0.14    0.10    4.22 v _0786_/Y (sky130_fd_sc_hd__nor2_4)
                                         _0298_ (net)
                  0.15    0.03    4.25 v _0787_/B1 (sky130_fd_sc_hd__a211o_4)
     2    0.12    0.15    0.28    4.53 v _0787_/X (sky130_fd_sc_hd__a211o_4)
                                         _0299_ (net)
                  0.18    0.06    4.58 v _0802_/B1 (sky130_fd_sc_hd__a22o_2)
     2    0.06    0.11    0.24    4.82 v _0802_/X (sky130_fd_sc_hd__a22o_2)
                                         _0003_ (net)
                  0.11    0.01    4.84 v _1245_/D (sky130_fd_sc_hd__dfxtp_4)
                                  4.84   data arrival time

                         10.00   10.00   clock clk (rise edge)
                          0.00   10.00   clock source latency
     2    0.09    0.29    0.19   10.19 ^ clk (in)
                                         clk (net)
                  0.29    0.00   10.19 ^ clkbuf_0_clk/A (sky130_fd_sc_hd__clkbuf_16)
    16    0.18    0.15    0.20   10.40 ^ clkbuf_0_clk/X (sky130_fd_sc_hd__clkbuf_16)
                                         clknet_0_clk (net)
                  0.15    0.01   10.41 ^ clkbuf_3_1_0_clk/A (sky130_fd_sc_hd__clkbuf_8)
     4    0.05    0.07    0.13   10.54 ^ clkbuf_3_1_0_clk/X (sky130_fd_sc_hd__clkbuf_8)
                                         clknet_3_1_0_clk (net)
                  0.07    0.00   10.54 ^ clkbuf_4_2__f_clk/A (sky130_fd_sc_hd__clkbuf_16)
    20    0.07    0.07    0.12   10.66 ^ clkbuf_4_2__f_clk/X (sky130_fd_sc_hd__clkbuf_16)
                                         clknet_4_2__leaf_clk (net)
                  0.07    0.00   10.67 ^ _1245_/CLK (sky130_fd_sc_hd__dfxtp_4)
                         -0.25   10.42   clock uncertainty
                          0.00   10.42   clock reconvergence pessimism
                         -0.09   10.32   library setup time
                                 10.32   data required time
-----------------------------------------------------------------------------
                                 10.32   data required time
                                 -4.84   data arrival time
-----------------------------------------------------------------------------
                                  5.48   slack (MET)



======================= Slowest Corner ===================================

Startpoint: A1[0] (input port clocked by clk)
Endpoint: _1244_ (rising edge-triggered flip-flop clocked by clk)
Path Group: clk
Path Type: max
Corner: Slowest

Fanout     Cap    Slew   Delay    Time   Description
-----------------------------------------------------------------------------
                          0.00    0.00   clock clk (rise edge)
                          0.00    0.00   clock network delay (propagated)
                          2.00    2.00 ^ input external delay
     2    0.01    0.10    0.07    2.07 ^ A1[0] (in)
                                         A1[0] (net)
                  0.10    0.00    2.07 ^ input1/A (sky130_fd_sc_hd__buf_12)
    20    0.28    0.50    0.49    2.55 ^ input1/X (sky130_fd_sc_hd__buf_12)
                                         net1 (net)
                  0.50    0.04    2.59 ^ _0676_/A (sky130_fd_sc_hd__buf_12)
    20    0.32    0.56    0.68    3.27 ^ _0676_/X (sky130_fd_sc_hd__buf_12)
                                         _0191_ (net)
                  0.59    0.10    3.38 ^ _0677_/A (sky130_fd_sc_hd__buf_12)
    20    0.30    0.52    0.68    4.06 ^ _0677_/X (sky130_fd_sc_hd__buf_12)
                                         _0192_ (net)
                  0.54    0.08    4.13 ^ _0759_/S0 (sky130_fd_sc_hd__mux4_2)
     2    0.07    0.46    1.76    5.89 v _0759_/X (sky130_fd_sc_hd__mux4_2)
                                         _0272_ (net)
                  0.46    0.01    5.90 v _0764_/A2 (sky130_fd_sc_hd__a21o_2)
     3    0.08    0.37    0.85    6.75 v _0764_/X (sky130_fd_sc_hd__a21o_2)
                                         _0277_ (net)
                  0.37    0.03    6.78 v _0771_/A2 (sky130_fd_sc_hd__mux4_2)
     8    0.12    0.65    1.79    8.57 v _0771_/X (sky130_fd_sc_hd__mux4_2)
                                         _0284_ (net)
                  0.66    0.06    8.63 v _0772_/A0 (sky130_fd_sc_hd__mux2_2)
     2    0.03    0.23    1.01    9.64 v _0772_/X (sky130_fd_sc_hd__mux2_2)
                                         _0285_ (net)
                  0.23    0.01    9.64 v _0773_/A (sky130_fd_sc_hd__clkbuf_4)
     2    0.09    0.31    0.56   10.20 v _0773_/X (sky130_fd_sc_hd__clkbuf_4)
                                         _0002_ (net)
                  0.31    0.01   10.21 v _1244_/D (sky130_fd_sc_hd__dfxtp_4)
                                 10.21   data arrival time

                         10.00   10.00   clock clk (rise edge)
                          0.00   10.00   clock source latency
     2    0.09    0.62    0.41   10.41 ^ clk (in)
                                         clk (net)
                  0.62    0.00   10.41 ^ clkbuf_0_clk/A (sky130_fd_sc_hd__clkbuf_16)
    16    0.18    0.29    0.60   11.01 ^ clkbuf_0_clk/X (sky130_fd_sc_hd__clkbuf_16)
                                         clknet_0_clk (net)
                  0.29    0.01   11.02 ^ clkbuf_3_7_0_clk/A (sky130_fd_sc_hd__clkbuf_8)
     4    0.04    0.14    0.36   11.38 ^ clkbuf_3_7_0_clk/X (sky130_fd_sc_hd__clkbuf_8)
                                         clknet_3_7_0_clk (net)
                  0.14    0.00   11.39 ^ clkbuf_4_14__f_clk/A (sky130_fd_sc_hd__clkbuf_16)
    24    0.08    0.15    0.31   11.70 ^ clkbuf_4_14__f_clk/X (sky130_fd_sc_hd__clkbuf_16)
                                         clknet_4_14__leaf_clk (net)
                  0.15    0.00   11.70 ^ _1244_/CLK (sky130_fd_sc_hd__dfxtp_4)
                         -0.25   11.45   clock uncertainty
                          0.00   11.45   clock reconvergence pessimism
                         -0.35   11.10   library setup time
                                 11.10   data required time
-----------------------------------------------------------------------------
                                 11.10   data required time
                                -10.21   data arrival time
-----------------------------------------------------------------------------
                                  0.89   slack (MET)



======================= Typical Corner ===================================

Startpoint: A1[0] (input port clocked by clk)
Endpoint: _1245_ (rising edge-triggered flip-flop clocked by clk)
Path Group: clk
Path Type: max
Corner: Typical

Fanout     Cap    Slew   Delay    Time   Description
-----------------------------------------------------------------------------
                          0.00    0.00   clock clk (rise edge)
                          0.00    0.00   clock network delay (propagated)
                          2.00    2.00 ^ input external delay
     2    0.01    0.06    0.04    2.04 ^ A1[0] (in)
                                         A1[0] (net)
                  0.06    0.00    2.04 ^ input1/A (sky130_fd_sc_hd__buf_12)
    20    0.28    0.32    0.28    2.32 ^ input1/X (sky130_fd_sc_hd__buf_12)
                                         net1 (net)
                  0.32    0.04    2.36 ^ _0676_/A (sky130_fd_sc_hd__buf_12)
    20    0.32    0.36    0.35    2.71 ^ _0676_/X (sky130_fd_sc_hd__buf_12)
                                         _0191_ (net)
                  0.40    0.10    2.81 ^ _0677_/A (sky130_fd_sc_hd__buf_12)
    20    0.30    0.33    0.34    3.15 ^ _0677_/X (sky130_fd_sc_hd__buf_12)
                                         _0192_ (net)
                  0.37    0.09    3.24 ^ _0678_/A (sky130_fd_sc_hd__buf_12)
    20    0.33    0.36    0.36    3.60 ^ _0678_/X (sky130_fd_sc_hd__buf_12)
                                         _0193_ (net)
                  0.42    0.11    3.71 ^ _0780_/S0 (sky130_fd_sc_hd__mux4_2)
     2    0.12    0.33    0.91    4.62 v _0780_/X (sky130_fd_sc_hd__mux4_2)
                                         _0292_ (net)
                  0.33    0.02    4.64 v _0785_/A2 (sky130_fd_sc_hd__a21oi_4)
     2    0.05    0.40    0.49    5.13 ^ _0785_/Y (sky130_fd_sc_hd__a21oi_4)
                                         _0297_ (net)
                  0.40    0.01    5.14 ^ _0786_/B (sky130_fd_sc_hd__nor2_4)
     2    0.08    0.19    0.19    5.34 v _0786_/Y (sky130_fd_sc_hd__nor2_4)
                                         _0298_ (net)
                  0.19    0.03    5.37 v _0787_/B1 (sky130_fd_sc_hd__a211o_4)
     2    0.12    0.21    0.51    5.88 v _0787_/X (sky130_fd_sc_hd__a211o_4)
                                         _0299_ (net)
                  0.24    0.06    5.94 v _0802_/B1 (sky130_fd_sc_hd__a22o_2)
     2    0.06    0.15    0.42    6.35 v _0802_/X (sky130_fd_sc_hd__a22o_2)
                                         _0003_ (net)
                  0.16    0.01    6.37 v _1245_/D (sky130_fd_sc_hd__dfxtp_4)
                                  6.37   data arrival time

                         10.00   10.00   clock clk (rise edge)
                          0.00   10.00   clock source latency
     2    0.09    0.39    0.26   10.26 ^ clk (in)
                                         clk (net)
                  0.39    0.00   10.26 ^ clkbuf_0_clk/A (sky130_fd_sc_hd__clkbuf_16)
    16    0.18    0.19    0.32   10.57 ^ clkbuf_0_clk/X (sky130_fd_sc_hd__clkbuf_16)
                                         clknet_0_clk (net)
                  0.20    0.01   10.59 ^ clkbuf_3_1_0_clk/A (sky130_fd_sc_hd__clkbuf_8)
     4    0.05    0.09    0.20   10.79 ^ clkbuf_3_1_0_clk/X (sky130_fd_sc_hd__clkbuf_8)
                                         clknet_3_1_0_clk (net)
                  0.09    0.00   10.79 ^ clkbuf_4_2__f_clk/A (sky130_fd_sc_hd__clkbuf_16)
    20    0.07    0.09    0.17   10.97 ^ clkbuf_4_2__f_clk/X (sky130_fd_sc_hd__clkbuf_16)
                                         clknet_4_2__leaf_clk (net)
                  0.09    0.00   10.97 ^ _1245_/CLK (sky130_fd_sc_hd__dfxtp_4)
                         -0.25   10.72   clock uncertainty
                          0.00   10.72   clock reconvergence pessimism
                         -0.15   10.57   library setup time
                                 10.57   data required time
-----------------------------------------------------------------------------
                                 10.57   data required time
                                 -6.37   data arrival time
-----------------------------------------------------------------------------
                                  4.20   slack (MET)




===========================================================================
report_checks --slack_max -0.01
============================================================================
======================= Fastest Corner ===================================

No paths found.

======================= Slowest Corner ===================================

No paths found.

======================= Typical Corner ===================================

No paths found.


===========================================================================
 report_check_types -max_slew -max_cap -max_fanout -violators
============================================================================
======================= Fastest Corner ===================================

max slew

Pin                                    Limit    Slew   Slack
------------------------------------------------------------
_0648_/A1                               0.75    0.79   -0.04 (VIOLATED)
ANTENNA__0648__A1/DIODE                 0.75    0.79   -0.04 (VIOLATED)
_0649_/B                                0.75    0.79   -0.04 (VIOLATED)
ANTENNA__0649__B/DIODE                  0.75    0.79   -0.04 (VIOLATED)
_0646_/Y                                0.75    0.79   -0.04 (VIOLATED)

max fanout

Pin                                   Limit Fanout  Slack
---------------------------------------------------------
_1092_/X                                 10     32    -22 (VIOLATED)
_0885_/X                                 10     29    -19 (VIOLATED)
_1026_/X                                 10     28    -18 (VIOLATED)
_0890_/X                                 10     26    -16 (VIOLATED)
_0908_/X                                 10     26    -16 (VIOLATED)
_0962_/X                                 10     26    -16 (VIOLATED)
clkbuf_4_10__f_clk/X                     10     24    -14 (VIOLATED)
clkbuf_4_11__f_clk/X                     10     24    -14 (VIOLATED)
clkbuf_4_14__f_clk/X                     10     24    -14 (VIOLATED)
_1032_/X                                 10     23    -13 (VIOLATED)
_1047_/X                                 10     23    -13 (VIOLATED)
_1063_/X                                 10     23    -13 (VIOLATED)
clkbuf_4_8__f_clk/X                      10     22    -12 (VIOLATED)
clkbuf_4_9__f_clk/X                      10     22    -12 (VIOLATED)
_0675_/X                                 10     21    -11 (VIOLATED)
_0717_/X                                 10     21    -11 (VIOLATED)
_0841_/X                                 10     21    -11 (VIOLATED)
_1072_/X                                 10     21    -11 (VIOLATED)
_0621_/X                                 10     20    -10 (VIOLATED)
_0674_/X                                 10     20    -10 (VIOLATED)
_0676_/X                                 10     20    -10 (VIOLATED)
_0677_/X                                 10     20    -10 (VIOLATED)
_0678_/X                                 10     20    -10 (VIOLATED)
_0679_/X                                 10     20    -10 (VIOLATED)
_0680_/X                                 10     20    -10 (VIOLATED)
_0681_/X                                 10     20    -10 (VIOLATED)
_0683_/X                                 10     20    -10 (VIOLATED)
_0684_/X                                 10     20    -10 (VIOLATED)
_0687_/X                                 10     20    -10 (VIOLATED)
_0690_/X                                 10     20    -10 (VIOLATED)
_0695_/X                                 10     20    -10 (VIOLATED)
_0803_/X                                 10     20    -10 (VIOLATED)
_0810_/X                                 10     20    -10 (VIOLATED)
_0813_/X                                 10     20    -10 (VIOLATED)
_0816_/X                                 10     20    -10 (VIOLATED)
_0847_/X                                 10     20    -10 (VIOLATED)
_0850_/X                                 10     20    -10 (VIOLATED)
_0853_/X                                 10     20    -10 (VIOLATED)
_0933_/X                                 10     20    -10 (VIOLATED)
_0938_/X                                 10     20    -10 (VIOLATED)
_0941_/X                                 10     20    -10 (VIOLATED)
_0944_/X                                 10     20    -10 (VIOLATED)
_0974_/X                                 10     20    -10 (VIOLATED)
_1121_/X                                 10     20    -10 (VIOLATED)
_1122_/X                                 10     20    -10 (VIOLATED)
_1123_/X                                 10     20    -10 (VIOLATED)
_1124_/X                                 10     20    -10 (VIOLATED)
_1126_/X                                 10     20    -10 (VIOLATED)
_1127_/X                                 10     20    -10 (VIOLATED)
_1128_/X                                 10     20    -10 (VIOLATED)
_1130_/X                                 10     20    -10 (VIOLATED)
_1132_/X                                 10     20    -10 (VIOLATED)
_1134_/X                                 10     20    -10 (VIOLATED)
_1137_/X                                 10     20    -10 (VIOLATED)
_1141_/X                                 10     20    -10 (VIOLATED)
_1146_/X                                 10     20    -10 (VIOLATED)
clkbuf_4_15__f_clk/X                     10     20    -10 (VIOLATED)
clkbuf_4_2__f_clk/X                      10     20    -10 (VIOLATED)
clkbuf_4_3__f_clk/X                      10     20    -10 (VIOLATED)
clkbuf_4_5__f_clk/X                      10     20    -10 (VIOLATED)
input1/X                                 10     20    -10 (VIOLATED)
input25/X                                10     20    -10 (VIOLATED)
input6/X                                 10     20    -10 (VIOLATED)
_1383_/Q                                 10     18     -8 (VIOLATED)
input29/X                                10     18     -8 (VIOLATED)
input4/X                                 10     18     -8 (VIOLATED)
_0968_/X                                 10     17     -7 (VIOLATED)
_0972_/X                                 10     17     -7 (VIOLATED)
_1024_/X                                 10     17     -7 (VIOLATED)
_1068_/X                                 10     17     -7 (VIOLATED)
_0821_/X                                 10     16     -6 (VIOLATED)
clkbuf_0_clk/X                           10     16     -6 (VIOLATED)
clkbuf_4_0__f_clk/X                      10     16     -6 (VIOLATED)
clkbuf_4_12__f_clk/X                     10     16     -6 (VIOLATED)
clkbuf_4_13__f_clk/X                     10     16     -6 (VIOLATED)
clkbuf_4_1__f_clk/X                      10     16     -6 (VIOLATED)
clkbuf_4_4__f_clk/X                      10     16     -6 (VIOLATED)
input12/X                                10     16     -6 (VIOLATED)
input13/X                                10     16     -6 (VIOLATED)
input14/X                                10     16     -6 (VIOLATED)
input3/X                                 10     16     -6 (VIOLATED)
input7/X                                 10     16     -6 (VIOLATED)
_0689_/Y                                 10     14     -4 (VIOLATED)
_1120_/Y                                 10     14     -4 (VIOLATED)
clkbuf_4_6__f_clk/X                      10     14     -4 (VIOLATED)
clkbuf_4_7__f_clk/X                      10     14     -4 (VIOLATED)
input11/X                                10     14     -4 (VIOLATED)
input19/X                                10     14     -4 (VIOLATED)
input5/X                                 10     13     -3 (VIOLATED)
_1095_/X                                 10     12     -2 (VIOLATED)
_1295_/Q                                 10     12     -2 (VIOLATED)
input10/X                                10     12     -2 (VIOLATED)
_0653_/X                                 10     11        (VIOLATED)
_0849_/X                                 10     11        (VIOLATED)
_0852_/X                                 10     11        (VIOLATED)
_0923_/X                                 10     11        (VIOLATED)
_0925_/X                                 10     11        (VIOLATED)
_0970_/X                                 10     11        (VIOLATED)
_0979_/X                                 10     11        (VIOLATED)
_1033_/X                                 10     11        (VIOLATED)
_1159_/X                                 10     11        (VIOLATED)
_1193_/X                                 10     11        (VIOLATED)


max slew violations count Fastest: 5
max fanout violations count Fastest: 102
max cap violations count Fastest: 0
======================= Slowest Corner ===================================

max slew

Pin                                    Limit    Slew   Slack
------------------------------------------------------------
_0648_/A1                               0.75    1.67   -0.92 (VIOLATED)
ANTENNA__0648__A1/DIODE                 0.75    1.67   -0.92 (VIOLATED)
_0649_/B                                0.75    1.67   -0.92 (VIOLATED)
ANTENNA__0649__B/DIODE                  0.75    1.67   -0.92 (VIOLATED)
_0646_/Y                                0.75    1.67   -0.92 (VIOLATED)
_1039_/A                                0.75    1.45   -0.70 (VIOLATED)
ANTENNA__1039__A/DIODE                  0.75    1.45   -0.70 (VIOLATED)
_0984_/B                                0.75    1.45   -0.70 (VIOLATED)
ANTENNA__0984__B/DIODE                  0.75    1.44   -0.69 (VIOLATED)
_1093_/B                                0.75    1.44   -0.69 (VIOLATED)
ANTENNA__1093__B/DIODE                  0.75    1.44   -0.69 (VIOLATED)
_0935_/A                                0.75    1.44   -0.69 (VIOLATED)
ANTENNA__0935__A/DIODE                  0.75    1.44   -0.69 (VIOLATED)
_0934_/Y                                0.75    1.44   -0.69 (VIOLATED)
_0966_/B                                0.75    1.36   -0.61 (VIOLATED)
ANTENNA__0966__B/DIODE                  0.75    1.36   -0.61 (VIOLATED)
_1111_/B                                0.75    1.35   -0.60 (VIOLATED)
ANTENNA__1111__B/DIODE                  0.75    1.35   -0.60 (VIOLATED)
_1066_/A                                0.75    1.35   -0.60 (VIOLATED)
ANTENNA__1066__A/DIODE                  0.75    1.35   -0.60 (VIOLATED)
_1075_/A                                0.75    1.35   -0.60 (VIOLATED)
ANTENNA__1075__A/DIODE                  0.75    1.35   -0.60 (VIOLATED)
_0965_/Y                                0.75    1.35   -0.60 (VIOLATED)
ANTENNA_345/DIODE                       0.75    1.35   -0.60 (VIOLATED)
_0802_/B2                               0.75    1.35   -0.60 (VIOLATED)
ANTENNA__0802__B2/DIODE                 0.75    1.35   -0.60 (VIOLATED)
ANTENNA_346/DIODE                       0.75    1.35   -0.60 (VIOLATED)
ANTENNA_344/DIODE                       0.75    1.35   -0.60 (VIOLATED)
_0801_/Y                                0.75    1.35   -0.60 (VIOLATED)
_0671_/B1                               0.75    1.33   -0.58 (VIOLATED)
ANTENNA__0671__B1/DIODE                 0.75    1.33   -0.58 (VIOLATED)
_0672_/A3                               0.75    1.33   -0.58 (VIOLATED)
ANTENNA__0672__A3/DIODE                 0.75    1.33   -0.58 (VIOLATED)
_0670_/Y                                0.75    1.33   -0.58 (VIOLATED)
_0867_/A                                0.75    1.21   -0.46 (VIOLATED)
ANTENNA__0867__A/DIODE                  0.75    1.21   -0.46 (VIOLATED)
_1011_/A                                0.75    1.21   -0.46 (VIOLATED)
ANTENNA__1011__A/DIODE                  0.75    1.21   -0.46 (VIOLATED)
_1048_/A                                0.75    1.21   -0.46 (VIOLATED)
ANTENNA__1048__A/DIODE                  0.75    1.21   -0.46 (VIOLATED)
_1002_/A                                0.75    1.21   -0.46 (VIOLATED)
ANTENNA__1002__A/DIODE                  0.75    1.21   -0.46 (VIOLATED)
_0866_/Y                                0.75    1.20   -0.45 (VIOLATED)
ANTENNA_332/DIODE                       0.75    1.18   -0.43 (VIOLATED)
_0723_/A2                               0.75    1.18   -0.43 (VIOLATED)
ANTENNA__0723__A2/DIODE                 0.75    1.18   -0.43 (VIOLATED)
ANTENNA_333/DIODE                       0.75    1.18   -0.43 (VIOLATED)
ANTENNA_331/DIODE                       0.75    1.18   -0.43 (VIOLATED)
_0718_/X                                0.75    1.18   -0.43 (VIOLATED)
_1039_/B                                0.75    1.15   -0.40 (VIOLATED)
ANTENNA__1039__B/DIODE                  0.75    1.15   -0.40 (VIOLATED)
_1057_/B                                0.75    1.15   -0.40 (VIOLATED)
ANTENNA__1057__B/DIODE                  0.75    1.15   -0.40 (VIOLATED)
ANTENNA__1075__B/DIODE                  0.75    1.14   -0.39 (VIOLATED)
_1075_/B                                0.75    1.14   -0.39 (VIOLATED)
_1030_/B                                0.75    1.14   -0.39 (VIOLATED)
ANTENNA__1030__B/DIODE                  0.75    1.14   -0.39 (VIOLATED)
_0975_/B                                0.75    1.14   -0.39 (VIOLATED)
ANTENNA__0975__B/DIODE                  0.75    1.14   -0.39 (VIOLATED)
ANTENNA__0906__B/DIODE                  0.75    1.14   -0.39 (VIOLATED)
_0906_/B                                0.75    1.14   -0.39 (VIOLATED)
_0915_/B                                0.75    1.14   -0.39 (VIOLATED)
ANTENNA__0915__B/DIODE                  0.75    1.14   -0.39 (VIOLATED)
_1011_/B                                0.75    1.14   -0.39 (VIOLATED)
ANTENNA__1011__B/DIODE                  0.75    1.14   -0.39 (VIOLATED)
_0905_/X                                0.75    1.14   -0.39 (VIOLATED)
_1029_/X                                0.75    1.13   -0.38 (VIOLATED)
_0642_/A2                               0.75    1.13   -0.38 (VIOLATED)
ANTENNA__0642__A2/DIODE                 0.75    1.13   -0.38 (VIOLATED)
_0673_/B2                               0.75    1.13   -0.38 (VIOLATED)
ANTENNA__0673__B2/DIODE                 0.75    1.13   -0.38 (VIOLATED)
_0672_/Y                                0.75    1.13   -0.38 (VIOLATED)
_0638_/Y                                0.75    1.13   -0.38 (VIOLATED)
_0661_/B                                0.75    1.13   -0.38 (VIOLATED)
ANTENNA__0661__B/DIODE                  0.75    1.13   -0.38 (VIOLATED)
_0662_/A2                               0.75    1.13   -0.38 (VIOLATED)
ANTENNA__0662__A2/DIODE                 0.75    1.13   -0.38 (VIOLATED)
_0660_/X                                0.75    1.12   -0.37 (VIOLATED)
_1111_/A                                0.75    1.12   -0.37 (VIOLATED)
ANTENNA__1111__A/DIODE                  0.75    1.12   -0.37 (VIOLATED)
_0924_/B                                0.75    1.12   -0.37 (VIOLATED)
ANTENNA__0924__B/DIODE                  0.75    1.12   -0.37 (VIOLATED)
_0667_/B                                0.75    1.12   -0.37 (VIOLATED)
ANTENNA__0667__B/DIODE                  0.75    1.12   -0.37 (VIOLATED)
_0660_/B                                0.75    1.12   -0.37 (VIOLATED)
ANTENNA__0660__B/DIODE                  0.75    1.12   -0.37 (VIOLATED)
_0659_/Y                                0.75    1.12   -0.37 (VIOLATED)
_0822_/A                                0.75    1.11   -0.36 (VIOLATED)
ANTENNA__0822__A/DIODE                  0.75    1.11   -0.36 (VIOLATED)
_0814_/S                                0.75    1.11   -0.36 (VIOLATED)
ANTENNA__0814__S/DIODE                  0.75    1.11   -0.36 (VIOLATED)
_0817_/S                                0.75    1.11   -0.36 (VIOLATED)
ANTENNA__0817__S/DIODE                  0.75    1.11   -0.36 (VIOLATED)
_0808_/S                                0.75    1.11   -0.36 (VIOLATED)
ANTENNA__0808__S/DIODE                  0.75    1.11   -0.36 (VIOLATED)
_0811_/S                                0.75    1.11   -0.36 (VIOLATED)
ANTENNA__0811__S/DIODE                  0.75    1.11   -0.36 (VIOLATED)
_1093_/A                                0.75    1.11   -0.36 (VIOLATED)
ANTENNA__1093__A/DIODE                  0.75    1.11   -0.36 (VIOLATED)
_0807_/Y                                0.75    1.11   -0.36 (VIOLATED)
_0819_/X                                0.75    1.11   -0.36 (VIOLATED)
_0947_/A                                0.75    1.10   -0.35 (VIOLATED)
ANTENNA__0947__A/DIODE                  0.75    1.10   -0.35 (VIOLATED)
_0832_/B                                0.75    1.10   -0.35 (VIOLATED)
ANTENNA__0832__B/DIODE                  0.75    1.10   -0.35 (VIOLATED)
_1002_/B                                0.75    1.10   -0.35 (VIOLATED)
ANTENNA__1002__B/DIODE                  0.75    1.10   -0.35 (VIOLATED)
_0993_/A                                0.75    1.10   -0.35 (VIOLATED)
ANTENNA__0993__A/DIODE                  0.75    1.10   -0.35 (VIOLATED)
_0831_/X                                0.75    1.10   -0.35 (VIOLATED)
_0714_/A1                               0.75    1.09   -0.34 (VIOLATED)
ANTENNA__0714__A1/DIODE                 0.75    1.09   -0.34 (VIOLATED)
_0713_/Y                                0.75    1.09   -0.34 (VIOLATED)
_0670_/A                                0.75    1.08   -0.33 (VIOLATED)
ANTENNA__0670__A/DIODE                  0.75    1.08   -0.33 (VIOLATED)
_0668_/Y                                0.75    1.08   -0.33 (VIOLATED)
_1084_/A                                0.75    1.08   -0.33 (VIOLATED)
ANTENNA__1084__A/DIODE                  0.75    1.08   -0.33 (VIOLATED)
_0975_/A                                0.75    1.08   -0.33 (VIOLATED)
ANTENNA__0975__A/DIODE                  0.75    1.08   -0.33 (VIOLATED)
_0635_/A2                               0.75    1.08   -0.33 (VIOLATED)
ANTENNA__0635__A2/DIODE                 0.75    1.08   -0.33 (VIOLATED)
ANTENNA__0673__A1/DIODE                 0.75    1.08   -0.33 (VIOLATED)
_0673_/A1                               0.75    1.08   -0.33 (VIOLATED)
_0857_/B                                0.75    1.08   -0.33 (VIOLATED)
_0653_/A1                               0.75    1.08   -0.33 (VIOLATED)
ANTENNA__0653__A1/DIODE                 0.75    1.08   -0.33 (VIOLATED)
_0663_/A1                               0.75    1.08   -0.33 (VIOLATED)
ANTENNA__0663__A1/DIODE                 0.75    1.08   -0.33 (VIOLATED)
ANTENNA__0857__B/DIODE                  0.75    1.08   -0.33 (VIOLATED)
_0628_/Y                                0.75    1.08   -0.33 (VIOLATED)
_0993_/B                                0.75    1.07   -0.32 (VIOLATED)
ANTENNA__0993__B/DIODE                  0.75    1.07   -0.32 (VIOLATED)
_0654_/A2                               0.75    1.07   -0.32 (VIOLATED)
ANTENNA__0654__A2/DIODE                 0.75    1.07   -0.32 (VIOLATED)
_0632_/A2                               0.75    1.07   -0.32 (VIOLATED)
ANTENNA__0632__A2/DIODE                 0.75    1.07   -0.32 (VIOLATED)
_0856_/X                                0.75    1.07   -0.32 (VIOLATED)
_0629_/Y                                0.75    1.07   -0.32 (VIOLATED)
_0911_/S                                0.75    1.04   -0.29 (VIOLATED)
ANTENNA__0911__S/DIODE                  0.75    1.04   -0.29 (VIOLATED)
_0907_/S                                0.75    1.04   -0.29 (VIOLATED)
ANTENNA__0907__S/DIODE                  0.75    1.04   -0.29 (VIOLATED)
_1042_/S                                0.75    1.04   -0.29 (VIOLATED)
ANTENNA__1042__S/DIODE                  0.75    1.04   -0.29 (VIOLATED)
_0913_/S                                0.75    1.04   -0.29 (VIOLATED)
ANTENNA__0913__S/DIODE                  0.75    1.04   -0.29 (VIOLATED)
_0971_/S                                0.75    1.04   -0.29 (VIOLATED)
ANTENNA__0971__S/DIODE                  0.75    1.04   -0.29 (VIOLATED)
_0909_/S                                0.75    1.04   -0.29 (VIOLATED)
ANTENNA__0909__S/DIODE                  0.75    1.04   -0.29 (VIOLATED)
_0969_/S                                0.75    1.04   -0.29 (VIOLATED)
ANTENNA__0969__S/DIODE                  0.75    1.04   -0.29 (VIOLATED)
_0973_/S                                0.75    1.04   -0.29 (VIOLATED)
ANTENNA__0973__S/DIODE                  0.75    1.04   -0.29 (VIOLATED)
_0906_/X                                0.75    1.04   -0.29 (VIOLATED)
_0967_/S                                0.75    1.04   -0.29 (VIOLATED)
ANTENNA__0967__S/DIODE                  0.75    1.04   -0.29 (VIOLATED)
_0966_/Y                                0.75    1.03   -0.28 (VIOLATED)
_0635_/B1                               0.75    1.03   -0.28 (VIOLATED)
ANTENNA__0635__B1/DIODE                 0.75    1.03   -0.28 (VIOLATED)
_1040_/S                                0.75    1.03   -0.28 (VIOLATED)
ANTENNA__1040__S/DIODE                  0.75    1.03   -0.28 (VIOLATED)
_0634_/Y                                0.75    1.03   -0.28 (VIOLATED)
_1078_/S                                0.75    1.03   -0.28 (VIOLATED)
ANTENNA__1078__S/DIODE                  0.75    1.03   -0.28 (VIOLATED)
_1076_/S                                0.75    1.03   -0.28 (VIOLATED)
_1082_/S                                0.75    1.03   -0.28 (VIOLATED)
ANTENNA__1082__S/DIODE                  0.75    1.03   -0.28 (VIOLATED)
ANTENNA__1076__S/DIODE                  0.75    1.03   -0.28 (VIOLATED)
_0653_/A2                               0.75    1.03   -0.28 (VIOLATED)
ANTENNA__0653__A2/DIODE                 0.75    1.03   -0.28 (VIOLATED)
_1080_/S                                0.75    1.03   -0.28 (VIOLATED)
ANTENNA__1080__S/DIODE                  0.75    1.03   -0.28 (VIOLATED)
_0642_/Y                                0.75    1.03   -0.28 (VIOLATED)
_1075_/Y                                0.75    1.03   -0.28 (VIOLATED)
_1046_/S                                0.75    1.03   -0.28 (VIOLATED)
ANTENNA__1046__S/DIODE                  0.75    1.03   -0.28 (VIOLATED)
_1044_/S                                0.75    1.03   -0.28 (VIOLATED)
ANTENNA__1044__S/DIODE                  0.75    1.03   -0.28 (VIOLATED)
_1039_/Y                                0.75    1.02   -0.27 (VIOLATED)
_0897_/S                                0.75    1.01   -0.26 (VIOLATED)
ANTENNA__0897__S/DIODE                  0.75    1.01   -0.26 (VIOLATED)
_1020_/A                                0.75    1.01   -0.26 (VIOLATED)
ANTENNA__1020__A/DIODE                  0.75    1.01   -0.26 (VIOLATED)
_0807_/A                                0.75    1.01   -0.26 (VIOLATED)
ANTENNA__0807__A/DIODE                  0.75    1.01   -0.26 (VIOLATED)
_0984_/A                                0.75    1.01   -0.26 (VIOLATED)
ANTENNA__0984__A/DIODE                  0.75    1.01   -0.26 (VIOLATED)
_0966_/A                                0.75    1.01   -0.26 (VIOLATED)
ANTENNA__0966__A/DIODE                  0.75    1.01   -0.26 (VIOLATED)
_0804_/X                                0.75    1.01   -0.26 (VIOLATED)
_0901_/S                                0.75    1.01   -0.26 (VIOLATED)
ANTENNA__0901__S/DIODE                  0.75    1.01   -0.26 (VIOLATED)
_0899_/S                                0.75    1.01   -0.26 (VIOLATED)
ANTENNA__0899__S/DIODE                  0.75    1.01   -0.26 (VIOLATED)
_0903_/S                                0.75    1.00   -0.25 (VIOLATED)
ANTENNA__0903__S/DIODE                  0.75    1.00   -0.25 (VIOLATED)
_0896_/Y                                0.75    1.00   -0.25 (VIOLATED)
_1023_/S                                0.75    1.00   -0.25 (VIOLATED)
ANTENNA__1023__S/DIODE                  0.75    1.00   -0.25 (VIOLATED)
_1025_/S                                0.75    1.00   -0.25 (VIOLATED)
ANTENNA__1025__S/DIODE                  0.75    1.00   -0.25 (VIOLATED)
_1027_/S                                0.75    1.00   -0.25 (VIOLATED)
ANTENNA__1027__S/DIODE                  0.75    1.00   -0.25 (VIOLATED)
_1021_/S                                0.75    1.00   -0.25 (VIOLATED)
ANTENNA__1021__S/DIODE                  0.75    1.00   -0.25 (VIOLATED)
_1020_/Y                                0.75    1.00   -0.25 (VIOLATED)
_0701_/B1                               0.75    0.98   -0.23 (VIOLATED)
ANTENNA__0701__B1/DIODE                 0.75    0.98   -0.23 (VIOLATED)
_0896_/B                                0.75    0.98   -0.23 (VIOLATED)
_0700_/Y                                0.75    0.98   -0.23 (VIOLATED)
ANTENNA__0896__B/DIODE                  0.75    0.98   -0.23 (VIOLATED)
_0772_/A0                               0.75    0.98   -0.23 (VIOLATED)
ANTENNA_340/DIODE                       0.75    0.98   -0.23 (VIOLATED)
ANTENNA__0772__A0/DIODE                 0.75    0.98   -0.23 (VIOLATED)
ANTENNA_343/DIODE                       0.75    0.98   -0.23 (VIOLATED)
ANTENNA_341/DIODE                       0.75    0.98   -0.23 (VIOLATED)
ANTENNA_342/DIODE                       0.75    0.98   -0.23 (VIOLATED)
_0956_/B                                0.75    0.98   -0.23 (VIOLATED)
ANTENNA__0956__B/DIODE                  0.75    0.98   -0.23 (VIOLATED)
_0827_/S                                0.75    0.98   -0.23 (VIOLATED)
ANTENNA__0827__S/DIODE                  0.75    0.98   -0.23 (VIOLATED)
_0935_/B                                0.75    0.97   -0.22 (VIOLATED)
_0829_/S                                0.75    0.97   -0.22 (VIOLATED)
ANTENNA__0829__S/DIODE                  0.75    0.97   -0.22 (VIOLATED)
ANTENNA__0935__B/DIODE                  0.75    0.97   -0.22 (VIOLATED)
_0823_/S                                0.75    0.97   -0.22 (VIOLATED)
ANTENNA__0823__S/DIODE                  0.75    0.97   -0.22 (VIOLATED)
ANTENNA_338/DIODE                       0.75    0.97   -0.22 (VIOLATED)
ANTENNA_339/DIODE                       0.75    0.97   -0.22 (VIOLATED)
_0771_/X                                0.75    0.97   -0.22 (VIOLATED)
_0825_/S                                0.75    0.97   -0.22 (VIOLATED)
ANTENNA__0825__S/DIODE                  0.75    0.97   -0.22 (VIOLATED)
_0822_/Y                                0.75    0.97   -0.22 (VIOLATED)
_1066_/B                                0.75    0.97   -0.22 (VIOLATED)
ANTENNA__1066__B/DIODE                  0.75    0.97   -0.22 (VIOLATED)
_0895_/X                                0.75    0.97   -0.22 (VIOLATED)
ANTENNA__1112__S/DIODE                  0.75    0.96   -0.21 (VIOLATED)
_1112_/S                                0.75    0.96   -0.21 (VIOLATED)
_1116_/S                                0.75    0.96   -0.21 (VIOLATED)
ANTENNA__1116__S/DIODE                  0.75    0.96   -0.21 (VIOLATED)
_1114_/S                                0.75    0.96   -0.21 (VIOLATED)
ANTENNA__1114__S/DIODE                  0.75    0.96   -0.21 (VIOLATED)
_0785_/A2                               0.75    0.96   -0.21 (VIOLATED)
ANTENNA__0785__A2/DIODE                 0.75    0.96   -0.21 (VIOLATED)
_0780_/X                                0.75    0.95   -0.20 (VIOLATED)
_1118_/S                                0.75    0.95   -0.20 (VIOLATED)
ANTENNA__1118__S/DIODE                  0.75    0.95   -0.20 (VIOLATED)
_1111_/Y                                0.75    0.95   -0.20 (VIOLATED)
_0939_/S                                0.75    0.93   -0.18 (VIOLATED)
ANTENNA__0939__S/DIODE                  0.75    0.93   -0.18 (VIOLATED)
_0942_/S                                0.75    0.93   -0.18 (VIOLATED)
ANTENNA__0942__S/DIODE                  0.75    0.93   -0.18 (VIOLATED)
_0945_/S                                0.75    0.93   -0.18 (VIOLATED)
ANTENNA__0945__S/DIODE                  0.75    0.93   -0.18 (VIOLATED)
ANTENNA__0936__S/DIODE                  0.75    0.93   -0.18 (VIOLATED)
_0936_/S                                0.75    0.93   -0.18 (VIOLATED)
_0935_/Y                                0.75    0.93   -0.18 (VIOLATED)
_0985_/S                                0.75    0.93   -0.18 (VIOLATED)
ANTENNA__0985__S/DIODE                  0.75    0.93   -0.18 (VIOLATED)
_0991_/S                                0.75    0.92   -0.17 (VIOLATED)
ANTENNA__0991__S/DIODE                  0.75    0.92   -0.17 (VIOLATED)
_0987_/S                                0.75    0.92   -0.17 (VIOLATED)
ANTENNA__0987__S/DIODE                  0.75    0.92   -0.17 (VIOLATED)
ANTENNA__0989__S/DIODE                  0.75    0.92   -0.17 (VIOLATED)
_0989_/S                                0.75    0.92   -0.17 (VIOLATED)
_0984_/Y                                0.75    0.92   -0.17 (VIOLATED)
_0714_/A0                               0.75    0.92   -0.17 (VIOLATED)
ANTENNA__0714__A0/DIODE                 0.75    0.92   -0.17 (VIOLATED)
_0707_/Y                                0.75    0.92   -0.17 (VIOLATED)
_0947_/B                                0.75    0.92   -0.17 (VIOLATED)
ANTENNA__0947__B/DIODE                  0.75    0.92   -0.17 (VIOLATED)
_1060_/S                                0.75    0.91   -0.16 (VIOLATED)
ANTENNA__1060__S/DIODE                  0.75    0.91   -0.16 (VIOLATED)
_1058_/S                                0.75    0.91   -0.16 (VIOLATED)
ANTENNA__1058__S/DIODE                  0.75    0.91   -0.16 (VIOLATED)
_1064_/S                                0.75    0.91   -0.16 (VIOLATED)
ANTENNA__1064__S/DIODE                  0.75    0.91   -0.16 (VIOLATED)
_0844_/B                                0.75    0.91   -0.16 (VIOLATED)
ANTENNA__0844__B/DIODE                  0.75    0.91   -0.16 (VIOLATED)
_0915_/A                                0.75    0.91   -0.16 (VIOLATED)
ANTENNA__0915__A/DIODE                  0.75    0.91   -0.16 (VIOLATED)
_1102_/A                                0.75    0.91   -0.16 (VIOLATED)
ANTENNA__1102__A/DIODE                  0.75    0.91   -0.16 (VIOLATED)
_0843_/X                                0.75    0.91   -0.16 (VIOLATED)
_1062_/S                                0.75    0.91   -0.16 (VIOLATED)
ANTENNA__1062__S/DIODE                  0.75    0.91   -0.16 (VIOLATED)
_0956_/A                                0.75    0.91   -0.16 (VIOLATED)
ANTENNA__0956__A/DIODE                  0.75    0.91   -0.16 (VIOLATED)
_0807_/B                                0.75    0.91   -0.16 (VIOLATED)
ANTENNA__0807__B/DIODE                  0.75    0.91   -0.16 (VIOLATED)
_1057_/Y                                0.75    0.91   -0.16 (VIOLATED)
_0924_/A                                0.75    0.90   -0.15 (VIOLATED)
ANTENNA__0924__A/DIODE                  0.75    0.90   -0.15 (VIOLATED)
_1057_/A                                0.75    0.90   -0.15 (VIOLATED)
ANTENNA__1057__A/DIODE                  0.75    0.90   -0.15 (VIOLATED)
_0799_/A2                               0.75    0.90   -0.15 (VIOLATED)
ANTENNA__0799__A2/DIODE                 0.75    0.90   -0.15 (VIOLATED)
_0806_/X                                0.75    0.90   -0.15 (VIOLATED)
_0794_/X                                0.75    0.90   -0.15 (VIOLATED)
_1098_/S                                0.75    0.89   -0.14 (VIOLATED)
ANTENNA__1098__S/DIODE                  0.75    0.89   -0.14 (VIOLATED)
_1100_/S                                0.75    0.89   -0.14 (VIOLATED)
ANTENNA__1100__S/DIODE                  0.75    0.89   -0.14 (VIOLATED)
_1096_/S                                0.75    0.88   -0.13 (VIOLATED)
ANTENNA__1096__S/DIODE                  0.75    0.88   -0.13 (VIOLATED)
ANTENNA__0967__A0/DIODE                 0.75    0.88   -0.13 (VIOLATED)
_0967_/A0                               0.75    0.88   -0.13 (VIOLATED)
_0925_/S                                0.75    0.88   -0.13 (VIOLATED)
ANTENNA__0925__S/DIODE                  0.75    0.88   -0.13 (VIOLATED)
_0931_/S                                0.75    0.88   -0.13 (VIOLATED)
ANTENNA__0931__S/DIODE                  0.75    0.88   -0.13 (VIOLATED)
_0929_/S                                0.75    0.88   -0.13 (VIOLATED)
ANTENNA__0929__S/DIODE                  0.75    0.88   -0.13 (VIOLATED)
_0927_/S                                0.75    0.88   -0.13 (VIOLATED)
ANTENNA__0927__S/DIODE                  0.75    0.88   -0.13 (VIOLATED)
_1094_/S                                0.75    0.88   -0.13 (VIOLATED)
_0924_/Y                                0.75    0.88   -0.13 (VIOLATED)
ANTENNA__1094__S/DIODE                  0.75    0.88   -0.13 (VIOLATED)
_0688_/A2                               0.75    0.88   -0.13 (VIOLATED)
ANTENNA__0688__A2/DIODE                 0.75    0.88   -0.13 (VIOLATED)
_1093_/Y                                0.75    0.88   -0.13 (VIOLATED)
_1102_/B                                0.75    0.87   -0.12 (VIOLATED)
ANTENNA__1102__B/DIODE                  0.75    0.87   -0.12 (VIOLATED)
_1084_/B                                0.75    0.87   -0.12 (VIOLATED)
ANTENNA__1084__B/DIODE                  0.75    0.87   -0.12 (VIOLATED)
_1166_/A2                               0.75    0.87   -0.12 (VIOLATED)
ANTENNA__1166__A2/DIODE                 0.75    0.87   -0.12 (VIOLATED)
_1161_/X                                0.75    0.87   -0.12 (VIOLATED)
_0857_/A                                0.75    0.87   -0.12 (VIOLATED)
ANTENNA__0857__A/DIODE                  0.75    0.87   -0.12 (VIOLATED)
_0886_/B                                0.75    0.87   -0.12 (VIOLATED)
ANTENNA__0886__B/DIODE                  0.75    0.87   -0.12 (VIOLATED)
_0867_/B                                0.75    0.87   -0.12 (VIOLATED)
ANTENNA__0867__B/DIODE                  0.75    0.87   -0.12 (VIOLATED)
_0844_/A                                0.75    0.87   -0.12 (VIOLATED)
ANTENNA__0844__A/DIODE                  0.75    0.87   -0.12 (VIOLATED)
_0842_/X                                0.75    0.87   -0.12 (VIOLATED)
_0877_/B_N                              0.75    0.87   -0.12 (VIOLATED)
ANTENNA__0877__B_N/DIODE                0.75    0.87   -0.12 (VIOLATED)
_1149_/A1                               0.75    0.86   -0.11 (VIOLATED)
ANTENNA__1149__A1/DIODE                 0.75    0.86   -0.11 (VIOLATED)
_1048_/B                                0.75    0.86   -0.11 (VIOLATED)
ANTENNA__1048__B/DIODE                  0.75    0.86   -0.11 (VIOLATED)
_0876_/X                                0.75    0.86   -0.11 (VIOLATED)
_1306_/Q                                0.75    0.85   -0.10 (VIOLATED)
_0787_/B1                               0.75    0.84   -0.09 (VIOLATED)
ANTENNA__0787__B1/DIODE                 0.75    0.84   -0.09 (VIOLATED)
_0786_/Y                                0.75    0.84   -0.09 (VIOLATED)
_1159_/A0                               0.75    0.83   -0.08 (VIOLATED)
ANTENNA__1159__A0/DIODE                 0.75    0.83   -0.08 (VIOLATED)
_1238_/A2                               0.75    0.83   -0.08 (VIOLATED)
ANTENNA_544/DIODE                       0.75    0.83   -0.08 (VIOLATED)
ANTENNA_545/DIODE                       0.75    0.83   -0.08 (VIOLATED)
ANTENNA__1238__A2/DIODE                 0.75    0.83   -0.08 (VIOLATED)
ANTENNA_543/DIODE                       0.75    0.83   -0.08 (VIOLATED)
_1233_/X                                0.75    0.83   -0.08 (VIOLATED)
_1158_/X                                0.75    0.83   -0.08 (VIOLATED)
_0653_/A3                               0.75    0.82   -0.07 (VIOLATED)
ANTENNA__0653__A3/DIODE                 0.75    0.82   -0.07 (VIOLATED)
_0644_/Y                                0.75    0.82   -0.07 (VIOLATED)
_1071_/S                                0.75    0.82   -0.07 (VIOLATED)
ANTENNA__1071__S/DIODE                  0.75    0.82   -0.07 (VIOLATED)
_1073_/S                                0.75    0.82   -0.07 (VIOLATED)
ANTENNA__1073__S/DIODE                  0.75    0.82   -0.07 (VIOLATED)
_1069_/S                                0.75    0.82   -0.07 (VIOLATED)
ANTENNA__1069__S/DIODE                  0.75    0.82   -0.07 (VIOLATED)
_1067_/S                                0.75    0.82   -0.07 (VIOLATED)
ANTENNA__1067__S/DIODE                  0.75    0.82   -0.07 (VIOLATED)
_1066_/Y                                0.75    0.82   -0.07 (VIOLATED)
_0800_/A1                               0.75    0.82   -0.07 (VIOLATED)
ANTENNA__0800__A1/DIODE                 0.75    0.82   -0.07 (VIOLATED)
_0799_/Y                                0.75    0.82   -0.07 (VIOLATED)
_0732_/A0                               0.75    0.81   -0.06 (VIOLATED)
ANTENNA__0732__A0/DIODE                 0.75    0.81   -0.06 (VIOLATED)
ANTENNA__0889__A0/DIODE                 0.75    0.81   -0.06 (VIOLATED)
_0889_/A0                               0.75    0.81   -0.06 (VIOLATED)
ANTENNA_560/DIODE                       0.75    0.80   -0.05 (VIOLATED)
_1169_/B                                0.75    0.80   -0.05 (VIOLATED)
ANTENNA_559/DIODE                       0.75    0.80   -0.05 (VIOLATED)
ANTENNA__1169__B/DIODE                  0.75    0.80   -0.05 (VIOLATED)
ANTENNA_561/DIODE                       0.75    0.80   -0.05 (VIOLATED)
ANTENNA_562/DIODE                       0.75    0.80   -0.05 (VIOLATED)
ANTENNA_563/DIODE                       0.75    0.80   -0.05 (VIOLATED)
ANTENNA_564/DIODE                       0.75    0.80   -0.05 (VIOLATED)
_1205_/A2                               0.75    0.80   -0.05 (VIOLATED)
ANTENNA__1205__A2/DIODE                 0.75    0.80   -0.05 (VIOLATED)
_1200_/X                                0.75    0.80   -0.05 (VIOLATED)
_1167_/A0                               0.75    0.80   -0.05 (VIOLATED)
ANTENNA__1167__A0/DIODE                 0.75    0.80   -0.05 (VIOLATED)
ANTENNA__0731__A2/DIODE                 0.75    0.79   -0.04 (VIOLATED)
_0731_/A2                               0.75    0.79   -0.04 (VIOLATED)
ANTENNA_325/DIODE                       0.75    0.79   -0.04 (VIOLATED)
ANTENNA_324/DIODE                       0.75    0.79   -0.04 (VIOLATED)
ANTENNA_323/DIODE                       0.75    0.79   -0.04 (VIOLATED)
_1339_/D                                0.75    0.79   -0.04 (VIOLATED)
ANTENNA__1339__D/DIODE                  0.75    0.79   -0.04 (VIOLATED)
ANTENNA_327/DIODE                       0.75    0.79   -0.04 (VIOLATED)
ANTENNA_326/DIODE                       0.75    0.79   -0.04 (VIOLATED)
ANTENNA_328/DIODE                       0.75    0.79   -0.04 (VIOLATED)
_1275_/Q                                0.75    0.79   -0.04 (VIOLATED)
_0939_/A0                               0.75    0.79   -0.04 (VIOLATED)
ANTENNA__0939__A0/DIODE                 0.75    0.79   -0.04 (VIOLATED)
ANTENNA_321/DIODE                       0.75    0.79   -0.04 (VIOLATED)
ANTENNA_322/DIODE                       0.75    0.79   -0.04 (VIOLATED)
ANTENNA_320/DIODE                       0.75    0.79   -0.04 (VIOLATED)
_0653_/X                                0.75    0.79   -0.04 (VIOLATED)
_1295_/Q                                0.75    0.79   -0.04 (VIOLATED)
_1035_/S                                0.75    0.79   -0.04 (VIOLATED)
ANTENNA__1035__S/DIODE                  0.75    0.79   -0.04 (VIOLATED)
_1033_/S                                0.75    0.79   -0.04 (VIOLATED)
ANTENNA__1033__S/DIODE                  0.75    0.79   -0.04 (VIOLATED)
_1037_/S                                0.75    0.79   -0.04 (VIOLATED)
ANTENNA__1037__S/DIODE                  0.75    0.79   -0.04 (VIOLATED)
_1031_/S                                0.75    0.78   -0.03 (VIOLATED)
ANTENNA__1031__S/DIODE                  0.75    0.78   -0.03 (VIOLATED)
ANTENNA__1194__A1/DIODE                 0.75    0.78   -0.03 (VIOLATED)
_1194_/A1                               0.75    0.78   -0.03 (VIOLATED)
_1030_/Y                                0.75    0.78   -0.03 (VIOLATED)
_0753_/A1                               0.75    0.78   -0.03 (VIOLATED)
ANTENNA__0753__A1/DIODE                 0.75    0.78   -0.03 (VIOLATED)
_0961_/A0                               0.75    0.78   -0.03 (VIOLATED)
ANTENNA__0961__A0/DIODE                 0.75    0.78   -0.03 (VIOLATED)
_1178_/A2                               0.75    0.78   -0.03 (VIOLATED)
ANTENNA__1178__A2/DIODE                 0.75    0.78   -0.03 (VIOLATED)
_1173_/X                                0.75    0.78   -0.03 (VIOLATED)
_1304_/Q                                0.75    0.77   -0.02 (VIOLATED)
_0961_/S                                0.75    0.77   -0.02 (VIOLATED)
ANTENNA__0961__S/DIODE                  0.75    0.77   -0.02 (VIOLATED)
_0959_/S                                0.75    0.77   -0.02 (VIOLATED)
ANTENNA__0959__S/DIODE                  0.75    0.77   -0.02 (VIOLATED)
_0957_/S                                0.75    0.77   -0.02 (VIOLATED)
ANTENNA__0957__S/DIODE                  0.75    0.77   -0.02 (VIOLATED)
_0703_/A1                               0.75    0.77   -0.02 (VIOLATED)
ANTENNA__0703__A1/DIODE                 0.75    0.77   -0.02 (VIOLATED)
ANTENNA__0963__S/DIODE                  0.75    0.77   -0.02 (VIOLATED)
_0963_/S                                0.75    0.77   -0.02 (VIOLATED)
_0956_/Y                                0.75    0.77   -0.02 (VIOLATED)
_0957_/A0                               0.75    0.77   -0.02 (VIOLATED)
ANTENNA__0957__A0/DIODE                 0.75    0.77   -0.02 (VIOLATED)
_1138_/A1                               0.75    0.77   -0.02 (VIOLATED)
ANTENNA__1138__A1/DIODE                 0.75    0.77   -0.02 (VIOLATED)
_1302_/Q                                0.75    0.77   -0.02 (VIOLATED)
_1226_/A2                               0.75    0.77   -0.02 (VIOLATED)
ANTENNA__1226__A2/DIODE                 0.75    0.77   -0.02 (VIOLATED)
_1221_/X                                0.75    0.77   -0.02 (VIOLATED)
_0724_/A1                               0.75    0.76   -0.01 (VIOLATED)
ANTENNA__0724__A1/DIODE                 0.75    0.76   -0.01 (VIOLATED)
_1173_/A1                               0.75    0.76   -0.01 (VIOLATED)
ANTENNA__1173__A1/DIODE                 0.75    0.76   -0.01 (VIOLATED)
_0700_/B                                0.75    0.76   -0.01 (VIOLATED)
ANTENNA__0700__B/DIODE                  0.75    0.76   -0.01 (VIOLATED)
_0699_/Y                                0.75    0.75   -0.00 (VIOLATED)
ANTENNA_6/DIODE                         0.75    0.75   -0.00 (VIOLATED)
ANTENNA__1014__A1/DIODE                 0.75    0.75   -0.00 (VIOLATED)
_1014_/A1                               0.75    0.75   -0.00 (VIOLATED)
_1331_/Q                                0.75    0.75   -0.00 (VIOLATED)

max fanout

Pin                                   Limit Fanout  Slack
---------------------------------------------------------
_1092_/X                                 10     32    -22 (VIOLATED)
_0885_/X                                 10     29    -19 (VIOLATED)
_1026_/X                                 10     28    -18 (VIOLATED)
_0890_/X                                 10     26    -16 (VIOLATED)
_0908_/X                                 10     26    -16 (VIOLATED)
_0962_/X                                 10     26    -16 (VIOLATED)
clkbuf_4_10__f_clk/X                     10     24    -14 (VIOLATED)
clkbuf_4_11__f_clk/X                     10     24    -14 (VIOLATED)
clkbuf_4_14__f_clk/X                     10     24    -14 (VIOLATED)
_1032_/X                                 10     23    -13 (VIOLATED)
_1047_/X                                 10     23    -13 (VIOLATED)
_1063_/X                                 10     23    -13 (VIOLATED)
clkbuf_4_8__f_clk/X                      10     22    -12 (VIOLATED)
clkbuf_4_9__f_clk/X                      10     22    -12 (VIOLATED)
_0675_/X                                 10     21    -11 (VIOLATED)
_0717_/X                                 10     21    -11 (VIOLATED)
_0841_/X                                 10     21    -11 (VIOLATED)
_1072_/X                                 10     21    -11 (VIOLATED)
_0621_/X                                 10     20    -10 (VIOLATED)
_0674_/X                                 10     20    -10 (VIOLATED)
_0676_/X                                 10     20    -10 (VIOLATED)
_0677_/X                                 10     20    -10 (VIOLATED)
_0678_/X                                 10     20    -10 (VIOLATED)
_0679_/X                                 10     20    -10 (VIOLATED)
_0680_/X                                 10     20    -10 (VIOLATED)
_0681_/X                                 10     20    -10 (VIOLATED)
_0683_/X                                 10     20    -10 (VIOLATED)
_0684_/X                                 10     20    -10 (VIOLATED)
_0687_/X                                 10     20    -10 (VIOLATED)
_0690_/X                                 10     20    -10 (VIOLATED)
_0695_/X                                 10     20    -10 (VIOLATED)
_0803_/X                                 10     20    -10 (VIOLATED)
_0810_/X                                 10     20    -10 (VIOLATED)
_0813_/X                                 10     20    -10 (VIOLATED)
_0816_/X                                 10     20    -10 (VIOLATED)
_0847_/X                                 10     20    -10 (VIOLATED)
_0850_/X                                 10     20    -10 (VIOLATED)
_0853_/X                                 10     20    -10 (VIOLATED)
_0933_/X                                 10     20    -10 (VIOLATED)
_0938_/X                                 10     20    -10 (VIOLATED)
_0941_/X                                 10     20    -10 (VIOLATED)
_0944_/X                                 10     20    -10 (VIOLATED)
_0974_/X                                 10     20    -10 (VIOLATED)
_1121_/X                                 10     20    -10 (VIOLATED)
_1122_/X                                 10     20    -10 (VIOLATED)
_1123_/X                                 10     20    -10 (VIOLATED)
_1124_/X                                 10     20    -10 (VIOLATED)
_1126_/X                                 10     20    -10 (VIOLATED)
_1127_/X                                 10     20    -10 (VIOLATED)
_1128_/X                                 10     20    -10 (VIOLATED)
_1130_/X                                 10     20    -10 (VIOLATED)
_1132_/X                                 10     20    -10 (VIOLATED)
_1134_/X                                 10     20    -10 (VIOLATED)
_1137_/X                                 10     20    -10 (VIOLATED)
_1141_/X                                 10     20    -10 (VIOLATED)
_1146_/X                                 10     20    -10 (VIOLATED)
clkbuf_4_15__f_clk/X                     10     20    -10 (VIOLATED)
clkbuf_4_2__f_clk/X                      10     20    -10 (VIOLATED)
clkbuf_4_3__f_clk/X                      10     20    -10 (VIOLATED)
clkbuf_4_5__f_clk/X                      10     20    -10 (VIOLATED)
input1/X                                 10     20    -10 (VIOLATED)
input25/X                                10     20    -10 (VIOLATED)
input6/X                                 10     20    -10 (VIOLATED)
_1383_/Q                                 10     18     -8 (VIOLATED)
input29/X                                10     18     -8 (VIOLATED)
input4/X                                 10     18     -8 (VIOLATED)
_0968_/X                                 10     17     -7 (VIOLATED)
_0972_/X                                 10     17     -7 (VIOLATED)
_1024_/X                                 10     17     -7 (VIOLATED)
_1068_/X                                 10     17     -7 (VIOLATED)
_0821_/X                                 10     16     -6 (VIOLATED)
clkbuf_0_clk/X                           10     16     -6 (VIOLATED)
clkbuf_4_0__f_clk/X                      10     16     -6 (VIOLATED)
clkbuf_4_12__f_clk/X                     10     16     -6 (VIOLATED)
clkbuf_4_13__f_clk/X                     10     16     -6 (VIOLATED)
clkbuf_4_1__f_clk/X                      10     16     -6 (VIOLATED)
clkbuf_4_4__f_clk/X                      10     16     -6 (VIOLATED)
input12/X                                10     16     -6 (VIOLATED)
input13/X                                10     16     -6 (VIOLATED)
input14/X                                10     16     -6 (VIOLATED)
input3/X                                 10     16     -6 (VIOLATED)
input7/X                                 10     16     -6 (VIOLATED)
_0689_/Y                                 10     14     -4 (VIOLATED)
_1120_/Y                                 10     14     -4 (VIOLATED)
clkbuf_4_6__f_clk/X                      10     14     -4 (VIOLATED)
clkbuf_4_7__f_clk/X                      10     14     -4 (VIOLATED)
input11/X                                10     14     -4 (VIOLATED)
input19/X                                10     14     -4 (VIOLATED)
input5/X                                 10     13     -3 (VIOLATED)
_1095_/X                                 10     12     -2 (VIOLATED)
_1295_/Q                                 10     12     -2 (VIOLATED)
input10/X                                10     12     -2 (VIOLATED)
_0653_/X                                 10     11        (VIOLATED)
_0849_/X                                 10     11        (VIOLATED)
_0852_/X                                 10     11        (VIOLATED)
_0923_/X                                 10     11        (VIOLATED)
_0925_/X                                 10     11        (VIOLATED)
_0970_/X                                 10     11        (VIOLATED)
_0979_/X                                 10     11        (VIOLATED)
_1033_/X                                 10     11        (VIOLATED)
_1159_/X                                 10     11        (VIOLATED)
_1193_/X                                 10     11        (VIOLATED)

max capacitance

Pin                                    Limit     Cap   Slack
------------------------------------------------------------
_0646_/Y                                0.14    0.16   -0.02 (VIOLATED)


max slew violations count Slowest: 458
max fanout violations count Slowest: 102
max cap violations count Slowest: 1
======================= Typical Corner ===================================

max slew

Pin                                    Limit    Slew   Slack
------------------------------------------------------------
_0648_/A1                               0.75    1.06   -0.31 (VIOLATED)
ANTENNA__0648__A1/DIODE                 0.75    1.06   -0.31 (VIOLATED)
_0649_/B                                0.75    1.06   -0.31 (VIOLATED)
ANTENNA__0649__B/DIODE                  0.75    1.06   -0.31 (VIOLATED)
_0646_/Y                                0.75    1.06   -0.31 (VIOLATED)
_0671_/B1                               0.75    0.85   -0.10 (VIOLATED)
ANTENNA__0671__B1/DIODE                 0.75    0.85   -0.10 (VIOLATED)
_0672_/A3                               0.75    0.85   -0.10 (VIOLATED)
ANTENNA__0672__A3/DIODE                 0.75    0.85   -0.10 (VIOLATED)
_0670_/Y                                0.75    0.85   -0.10 (VIOLATED)
ANTENNA_345/DIODE                       0.75    0.85   -0.10 (VIOLATED)
_0802_/B2                               0.75    0.85   -0.10 (VIOLATED)
ANTENNA__0802__B2/DIODE                 0.75    0.85   -0.10 (VIOLATED)
ANTENNA_346/DIODE                       0.75    0.85   -0.10 (VIOLATED)
ANTENNA_344/DIODE                       0.75    0.85   -0.10 (VIOLATED)
_0801_/Y                                0.75    0.85   -0.10 (VIOLATED)
_0867_/A                                0.75    0.77   -0.02 (VIOLATED)
ANTENNA__0867__A/DIODE                  0.75    0.77   -0.02 (VIOLATED)
_1011_/A                                0.75    0.77   -0.02 (VIOLATED)
ANTENNA__1011__A/DIODE                  0.75    0.77   -0.02 (VIOLATED)
_1048_/A                                0.75    0.77   -0.02 (VIOLATED)
ANTENNA__1048__A/DIODE                  0.75    0.77   -0.02 (VIOLATED)
_1002_/A                                0.75    0.77   -0.02 (VIOLATED)
ANTENNA__1002__A/DIODE                  0.75    0.77   -0.02 (VIOLATED)
_1039_/B                                0.75    0.77   -0.02 (VIOLATED)
ANTENNA__1039__B/DIODE                  0.75    0.77   -0.02 (VIOLATED)
_1057_/B                                0.75    0.76   -0.01 (VIOLATED)
ANTENNA__1057__B/DIODE                  0.75    0.76   -0.01 (VIOLATED)
_0866_/Y                                0.75    0.76   -0.01 (VIOLATED)
ANTENNA__1075__B/DIODE                  0.75    0.75   -0.00 (VIOLATED)

max fanout

Pin                                   Limit Fanout  Slack
---------------------------------------------------------
_1092_/X                                 10     32    -22 (VIOLATED)
_0885_/X                                 10     29    -19 (VIOLATED)
_1026_/X                                 10     28    -18 (VIOLATED)
_0890_/X                                 10     26    -16 (VIOLATED)
_0908_/X                                 10     26    -16 (VIOLATED)
_0962_/X                                 10     26    -16 (VIOLATED)
clkbuf_4_10__f_clk/X                     10     24    -14 (VIOLATED)
clkbuf_4_11__f_clk/X                     10     24    -14 (VIOLATED)
clkbuf_4_14__f_clk/X                     10     24    -14 (VIOLATED)
_1032_/X                                 10     23    -13 (VIOLATED)
_1047_/X                                 10     23    -13 (VIOLATED)
_1063_/X                                 10     23    -13 (VIOLATED)
clkbuf_4_8__f_clk/X                      10     22    -12 (VIOLATED)
clkbuf_4_9__f_clk/X                      10     22    -12 (VIOLATED)
_0675_/X                                 10     21    -11 (VIOLATED)
_0717_/X                                 10     21    -11 (VIOLATED)
_0841_/X                                 10     21    -11 (VIOLATED)
_1072_/X                                 10     21    -11 (VIOLATED)
_0621_/X                                 10     20    -10 (VIOLATED)
_0674_/X                                 10     20    -10 (VIOLATED)
_0676_/X                                 10     20    -10 (VIOLATED)
_0677_/X                                 10     20    -10 (VIOLATED)
_0678_/X                                 10     20    -10 (VIOLATED)
_0679_/X                                 10     20    -10 (VIOLATED)
_0680_/X                                 10     20    -10 (VIOLATED)
_0681_/X                                 10     20    -10 (VIOLATED)
_0683_/X                                 10     20    -10 (VIOLATED)
_0684_/X                                 10     20    -10 (VIOLATED)
_0687_/X                                 10     20    -10 (VIOLATED)
_0690_/X                                 10     20    -10 (VIOLATED)
_0695_/X                                 10     20    -10 (VIOLATED)
_0803_/X                                 10     20    -10 (VIOLATED)
_0810_/X                                 10     20    -10 (VIOLATED)
_0813_/X                                 10     20    -10 (VIOLATED)
_0816_/X                                 10     20    -10 (VIOLATED)
_0847_/X                                 10     20    -10 (VIOLATED)
_0850_/X                                 10     20    -10 (VIOLATED)
_0853_/X                                 10     20    -10 (VIOLATED)
_0933_/X                                 10     20    -10 (VIOLATED)
_0938_/X                                 10     20    -10 (VIOLATED)
_0941_/X                                 10     20    -10 (VIOLATED)
_0944_/X                                 10     20    -10 (VIOLATED)
_0974_/X                                 10     20    -10 (VIOLATED)
_1121_/X                                 10     20    -10 (VIOLATED)
_1122_/X                                 10     20    -10 (VIOLATED)
_1123_/X                                 10     20    -10 (VIOLATED)
_1124_/X                                 10     20    -10 (VIOLATED)
_1126_/X                                 10     20    -10 (VIOLATED)
_1127_/X                                 10     20    -10 (VIOLATED)
_1128_/X                                 10     20    -10 (VIOLATED)
_1130_/X                                 10     20    -10 (VIOLATED)
_1132_/X                                 10     20    -10 (VIOLATED)
_1134_/X                                 10     20    -10 (VIOLATED)
_1137_/X                                 10     20    -10 (VIOLATED)
_1141_/X                                 10     20    -10 (VIOLATED)
_1146_/X                                 10     20    -10 (VIOLATED)
clkbuf_4_15__f_clk/X                     10     20    -10 (VIOLATED)
clkbuf_4_2__f_clk/X                      10     20    -10 (VIOLATED)
clkbuf_4_3__f_clk/X                      10     20    -10 (VIOLATED)
clkbuf_4_5__f_clk/X                      10     20    -10 (VIOLATED)
input1/X                                 10     20    -10 (VIOLATED)
input25/X                                10     20    -10 (VIOLATED)
input6/X                                 10     20    -10 (VIOLATED)
_1383_/Q                                 10     18     -8 (VIOLATED)
input29/X                                10     18     -8 (VIOLATED)
input4/X                                 10     18     -8 (VIOLATED)
_0968_/X                                 10     17     -7 (VIOLATED)
_0972_/X                                 10     17     -7 (VIOLATED)
_1024_/X                                 10     17     -7 (VIOLATED)
_1068_/X                                 10     17     -7 (VIOLATED)
_0821_/X                                 10     16     -6 (VIOLATED)
clkbuf_0_clk/X                           10     16     -6 (VIOLATED)
clkbuf_4_0__f_clk/X                      10     16     -6 (VIOLATED)
clkbuf_4_12__f_clk/X                     10     16     -6 (VIOLATED)
clkbuf_4_13__f_clk/X                     10     16     -6 (VIOLATED)
clkbuf_4_1__f_clk/X                      10     16     -6 (VIOLATED)
clkbuf_4_4__f_clk/X                      10     16     -6 (VIOLATED)
input12/X                                10     16     -6 (VIOLATED)
input13/X                                10     16     -6 (VIOLATED)
input14/X                                10     16     -6 (VIOLATED)
input3/X                                 10     16     -6 (VIOLATED)
input7/X                                 10     16     -6 (VIOLATED)
_0689_/Y                                 10     14     -4 (VIOLATED)
_1120_/Y                                 10     14     -4 (VIOLATED)
clkbuf_4_6__f_clk/X                      10     14     -4 (VIOLATED)
clkbuf_4_7__f_clk/X                      10     14     -4 (VIOLATED)
input11/X                                10     14     -4 (VIOLATED)
input19/X                                10     14     -4 (VIOLATED)
input5/X                                 10     13     -3 (VIOLATED)
_1095_/X                                 10     12     -2 (VIOLATED)
_1295_/Q                                 10     12     -2 (VIOLATED)
input10/X                                10     12     -2 (VIOLATED)
_0653_/X                                 10     11        (VIOLATED)
_0849_/X                                 10     11        (VIOLATED)
_0852_/X                                 10     11        (VIOLATED)
_0923_/X                                 10     11        (VIOLATED)
_0925_/X                                 10     11        (VIOLATED)
_0970_/X                                 10     11        (VIOLATED)
_0979_/X                                 10     11        (VIOLATED)
_1033_/X                                 10     11        (VIOLATED)
_1159_/X                                 10     11        (VIOLATED)
_1193_/X                                 10     11        (VIOLATED)


max slew violations count Typical: 30
max fanout violations count Typical: 102
max cap violations count Typical: 0

===========================================================================
report_parasitic_annotation -report_unannotated
============================================================================
Found 8 unannotated drivers.
 clkload0/X
 clkload1/X
 clkload2/Y
 clkload3/X
 clkload4/X
 clkload5/X
 clkload6/X
 clkload7/Y
Found 0 partially unannotated drivers.

===========================================================================
max slew violation count 458
max fanout violation count 102
max cap violation count 1
============================================================================

===========================================================================
check_setup -verbose -unconstrained_endpoints -multiple_clock -no_clock -no_input_delay -loops -generated_clocks
===========================================================================
