
65. Printing statistics.

=== TopZeroToFive ===

   Number of wires:                 91
   Number of wire bits:            104
   Number of public wires:          28
   Number of public wire bits:      41
   Number of memories:               0
   Number of memory bits:            0
   Number of processes:              0
   Number of cells:                102
     sky130_fd_sc_hd__a211o_2        1
     sky130_fd_sc_hd__a21o_2         2
     sky130_fd_sc_hd__a21oi_2        2
     sky130_fd_sc_hd__a31o_2         1
     sky130_fd_sc_hd__and2_2         5
     sky130_fd_sc_hd__and2b_2        1
     sky130_fd_sc_hd__and3_2         5
     sky130_fd_sc_hd__and4_2         8
     sky130_fd_sc_hd__buf_1          7
     sky130_fd_sc_hd__buf_2          1
     sky130_fd_sc_hd__conb_1         8
     sky130_fd_sc_hd__dfrtp_2        4
     sky130_fd_sc_hd__dfxtp_2       20
     sky130_fd_sc_hd__inv_2          8
     sky130_fd_sc_hd__nand2_2        1
     sky130_fd_sc_hd__nand3_2        2
     sky130_fd_sc_hd__nor2_2         4
     sky130_fd_sc_hd__o21ai_2        2
     sky130_fd_sc_hd__o21ba_2        5
     sky130_fd_sc_hd__o31ai_2        1
     sky130_fd_sc_hd__or2_2          1
     sky130_fd_sc_hd__or3_2          2
     sky130_fd_sc_hd__xnor2_2        3
     sky130_fd_sc_hd__xor2_2         8

   Chip area for module '\TopZeroToFive': 1171.123200

