
===========================================================================
report_checks -path_delay max (Setup)
============================================================================
======================= Typical Corner ===================================

Startpoint: _134_ (rising edge-triggered flip-flop clocked by clk)
Endpoint: _149_ (rising edge-triggered flip-flop clocked by clk)
Path Group: clk
Path Type: max

Fanout     Cap    Slew   Delay    Time   Description
-----------------------------------------------------------------------------
                  0.00    0.00    0.00   clock clk (rise edge)
                          0.00    0.00   clock network delay (ideal)
                  0.00    0.00    0.00 ^ _134_/CLK (sky130_fd_sc_hd__dfxtp_2)
     3    0.01    0.08    0.33    0.33 ^ _134_/Q (sky130_fd_sc_hd__dfxtp_2)
                                         div_cntr[2] (net)
                  0.08    0.00    0.33 ^ _087_/C (sky130_fd_sc_hd__and4_2)
     1    0.00    0.05    0.21    0.53 ^ _087_/X (sky130_fd_sc_hd__and4_2)
                                         _053_ (net)
                  0.05    0.00    0.53 ^ _088_/A (sky130_fd_sc_hd__buf_1)
     7    0.02    0.26    0.23    0.76 ^ _088_/X (sky130_fd_sc_hd__buf_1)
                                         _054_ (net)
                  0.26    0.00    0.76 ^ _118_/A (sky130_fd_sc_hd__and4_2)
     5    0.02    0.13    0.33    1.09 ^ _118_/X (sky130_fd_sc_hd__and4_2)
                                         _037_ (net)
                  0.13    0.00    1.09 ^ _121_/C (sky130_fd_sc_hd__nand3_2)
     2    0.01    0.08    0.11    1.20 v _121_/Y (sky130_fd_sc_hd__nand3_2)
                                         _038_ (net)
                  0.08    0.00    1.20 v _123_/A (sky130_fd_sc_hd__and2_2)
     1    0.00    0.03    0.17    1.38 v _123_/X (sky130_fd_sc_hd__and2_2)
                                         _040_ (net)
                  0.03    0.00    1.38 v _124_/A (sky130_fd_sc_hd__buf_1)
     1    0.00    0.02    0.08    1.45 v _124_/X (sky130_fd_sc_hd__buf_1)
                                         _012_ (net)
                  0.02    0.00    1.45 v _149_/D (sky130_fd_sc_hd__dfxtp_2)
                                  1.45   data arrival time

                  0.00   10.00   10.00   clock clk (rise edge)
                          0.00   10.00   clock network delay (ideal)
                         -0.20    9.80   clock uncertainty
                          0.00    9.80   clock reconvergence pessimism
                                  9.80 ^ _149_/CLK (sky130_fd_sc_hd__dfxtp_2)
                         -0.11    9.69   library setup time
                                  9.69   data required time
-----------------------------------------------------------------------------
                                  9.69   data required time
                                 -1.45   data arrival time
-----------------------------------------------------------------------------
                                  8.23   slack (MET)


Startpoint: _134_ (rising edge-triggered flip-flop clocked by clk)
Endpoint: _151_ (rising edge-triggered flip-flop clocked by clk)
Path Group: clk
Path Type: max

Fanout     Cap    Slew   Delay    Time   Description
-----------------------------------------------------------------------------
                  0.00    0.00    0.00   clock clk (rise edge)
                          0.00    0.00   clock network delay (ideal)
                  0.00    0.00    0.00 ^ _134_/CLK (sky130_fd_sc_hd__dfxtp_2)
     3    0.01    0.08    0.33    0.33 ^ _134_/Q (sky130_fd_sc_hd__dfxtp_2)
                                         div_cntr[2] (net)
                  0.08    0.00    0.33 ^ _087_/C (sky130_fd_sc_hd__and4_2)
     1    0.00    0.05    0.21    0.53 ^ _087_/X (sky130_fd_sc_hd__and4_2)
                                         _053_ (net)
                  0.05    0.00    0.53 ^ _088_/A (sky130_fd_sc_hd__buf_1)
     7    0.02    0.26    0.23    0.76 ^ _088_/X (sky130_fd_sc_hd__buf_1)
                                         _054_ (net)
                  0.26    0.00    0.76 ^ _118_/A (sky130_fd_sc_hd__and4_2)
     5    0.02    0.13    0.33    1.09 ^ _118_/X (sky130_fd_sc_hd__and4_2)
                                         _037_ (net)
                  0.13    0.00    1.09 ^ _126_/D (sky130_fd_sc_hd__and4_2)
     1    0.01    0.08    0.26    1.35 ^ _126_/X (sky130_fd_sc_hd__and4_2)
                                         _041_ (net)
                  0.08    0.00    1.35 ^ _127_/B (sky130_fd_sc_hd__xor2_2)
     1    0.00    0.08    0.12    1.47 ^ _127_/X (sky130_fd_sc_hd__xor2_2)
                                         _014_ (net)
                  0.08    0.00    1.47 ^ _151_/D (sky130_fd_sc_hd__dfxtp_2)
                                  1.47   data arrival time

                  0.00   10.00   10.00   clock clk (rise edge)
                          0.00   10.00   clock network delay (ideal)
                         -0.20    9.80   clock uncertainty
                          0.00    9.80   clock reconvergence pessimism
                                  9.80 ^ _151_/CLK (sky130_fd_sc_hd__dfxtp_2)
                         -0.07    9.73   library setup time
                                  9.73   data required time
-----------------------------------------------------------------------------
                                  9.73   data required time
                                 -1.47   data arrival time
-----------------------------------------------------------------------------
                                  8.26   slack (MET)


Startpoint: _134_ (rising edge-triggered flip-flop clocked by clk)
Endpoint: _145_ (rising edge-triggered flip-flop clocked by clk)
Path Group: clk
Path Type: max

Fanout     Cap    Slew   Delay    Time   Description
-----------------------------------------------------------------------------
                  0.00    0.00    0.00   clock clk (rise edge)
                          0.00    0.00   clock network delay (ideal)
                  0.00    0.00    0.00 ^ _134_/CLK (sky130_fd_sc_hd__dfxtp_2)
     3    0.01    0.08    0.33    0.33 ^ _134_/Q (sky130_fd_sc_hd__dfxtp_2)
                                         div_cntr[2] (net)
                  0.08    0.00    0.33 ^ _087_/C (sky130_fd_sc_hd__and4_2)
     1    0.00    0.05    0.21    0.53 ^ _087_/X (sky130_fd_sc_hd__and4_2)
                                         _053_ (net)
                  0.05    0.00    0.53 ^ _088_/A (sky130_fd_sc_hd__buf_1)
     7    0.02    0.26    0.23    0.76 ^ _088_/X (sky130_fd_sc_hd__buf_1)
                                         _054_ (net)
                  0.26    0.00    0.76 ^ _108_/A (sky130_fd_sc_hd__and3_2)
     5    0.01    0.08    0.26    1.02 ^ _108_/X (sky130_fd_sc_hd__and3_2)
                                         _031_ (net)
                  0.08    0.00    1.02 ^ _113_/C (sky130_fd_sc_hd__and3_2)
     2    0.01    0.08    0.21    1.23 ^ _113_/X (sky130_fd_sc_hd__and3_2)
                                         _034_ (net)
                  0.08    0.00    1.23 ^ _114_/B1_N (sky130_fd_sc_hd__o21ba_2)
     1    0.00    0.03    0.15    1.38 v _114_/X (sky130_fd_sc_hd__o21ba_2)
                                         _008_ (net)
                  0.03    0.00    1.38 v _145_/D (sky130_fd_sc_hd__dfxtp_2)
                                  1.38   data arrival time

                  0.00   10.00   10.00   clock clk (rise edge)
                          0.00   10.00   clock network delay (ideal)
                         -0.20    9.80   clock uncertainty
                          0.00    9.80   clock reconvergence pessimism
                                  9.80 ^ _145_/CLK (sky130_fd_sc_hd__dfxtp_2)
                         -0.12    9.68   library setup time
                                  9.68   data required time
-----------------------------------------------------------------------------
                                  9.68   data required time
                                 -1.38   data arrival time
-----------------------------------------------------------------------------
                                  8.30   slack (MET)


Startpoint: _134_ (rising edge-triggered flip-flop clocked by clk)
Endpoint: _150_ (rising edge-triggered flip-flop clocked by clk)
Path Group: clk
Path Type: max

Fanout     Cap    Slew   Delay    Time   Description
-----------------------------------------------------------------------------
                  0.00    0.00    0.00   clock clk (rise edge)
                          0.00    0.00   clock network delay (ideal)
                  0.00    0.00    0.00 ^ _134_/CLK (sky130_fd_sc_hd__dfxtp_2)
     3    0.01    0.08    0.33    0.33 ^ _134_/Q (sky130_fd_sc_hd__dfxtp_2)
                                         div_cntr[2] (net)
                  0.08    0.00    0.33 ^ _087_/C (sky130_fd_sc_hd__and4_2)
     1    0.00    0.05    0.21    0.53 ^ _087_/X (sky130_fd_sc_hd__and4_2)
                                         _053_ (net)
                  0.05    0.00    0.53 ^ _088_/A (sky130_fd_sc_hd__buf_1)
     7    0.02    0.26    0.23    0.76 ^ _088_/X (sky130_fd_sc_hd__buf_1)
                                         _054_ (net)
                  0.26    0.00    0.76 ^ _118_/A (sky130_fd_sc_hd__and4_2)
     5    0.02    0.13    0.33    1.09 ^ _118_/X (sky130_fd_sc_hd__and4_2)
                                         _037_ (net)
                  0.13    0.00    1.09 ^ _121_/C (sky130_fd_sc_hd__nand3_2)
     2    0.01    0.08    0.11    1.20 v _121_/Y (sky130_fd_sc_hd__nand3_2)
                                         _038_ (net)
                  0.08    0.00    1.20 v _125_/B (sky130_fd_sc_hd__xnor2_2)
     1    0.00    0.04    0.13    1.33 v _125_/Y (sky130_fd_sc_hd__xnor2_2)
                                         _013_ (net)
                  0.04    0.00    1.33 v _150_/D (sky130_fd_sc_hd__dfxtp_2)
                                  1.33   data arrival time

                  0.00   10.00   10.00   clock clk (rise edge)
                          0.00   10.00   clock network delay (ideal)
                         -0.20    9.80   clock uncertainty
                          0.00    9.80   clock reconvergence pessimism
                                  9.80 ^ _150_/CLK (sky130_fd_sc_hd__dfxtp_2)
                         -0.12    9.68   library setup time
                                  9.68   data required time
-----------------------------------------------------------------------------
                                  9.68   data required time
                                 -1.33   data arrival time
-----------------------------------------------------------------------------
                                  8.35   slack (MET)


Startpoint: _134_ (rising edge-triggered flip-flop clocked by clk)
Endpoint: _143_ (rising edge-triggered flip-flop clocked by clk)
Path Group: clk
Path Type: max

Fanout     Cap    Slew   Delay    Time   Description
-----------------------------------------------------------------------------
                  0.00    0.00    0.00   clock clk (rise edge)
                          0.00    0.00   clock network delay (ideal)
                  0.00    0.00    0.00 ^ _134_/CLK (sky130_fd_sc_hd__dfxtp_2)
     3    0.01    0.04    0.31    0.31 v _134_/Q (sky130_fd_sc_hd__dfxtp_2)
                                         div_cntr[2] (net)
                  0.04    0.00    0.31 v _087_/C (sky130_fd_sc_hd__and4_2)
     1    0.00    0.04    0.21    0.52 v _087_/X (sky130_fd_sc_hd__and4_2)
                                         _053_ (net)
                  0.04    0.00    0.52 v _088_/A (sky130_fd_sc_hd__buf_1)
     7    0.02    0.12    0.16    0.68 v _088_/X (sky130_fd_sc_hd__buf_1)
                                         _054_ (net)
                  0.12    0.00    0.68 v _099_/A (sky130_fd_sc_hd__and2_2)
     5    0.02    0.07    0.24    0.91 v _099_/X (sky130_fd_sc_hd__and2_2)
                                         _061_ (net)
                  0.07    0.00    0.91 v _106_/D (sky130_fd_sc_hd__and4_2)
     1    0.00    0.04    0.23    1.14 v _106_/X (sky130_fd_sc_hd__and4_2)
                                         _029_ (net)
                  0.04    0.00    1.14 v _109_/A2 (sky130_fd_sc_hd__o21ba_2)
     1    0.00    0.03    0.18    1.32 v _109_/X (sky130_fd_sc_hd__o21ba_2)
                                         _006_ (net)
                  0.03    0.00    1.32 v _143_/D (sky130_fd_sc_hd__dfxtp_2)
                                  1.32   data arrival time

                  0.00   10.00   10.00   clock clk (rise edge)
                          0.00   10.00   clock network delay (ideal)
                         -0.20    9.80   clock uncertainty
                          0.00    9.80   clock reconvergence pessimism
                                  9.80 ^ _143_/CLK (sky130_fd_sc_hd__dfxtp_2)
                         -0.12    9.68   library setup time
                                  9.68   data required time
-----------------------------------------------------------------------------
                                  9.68   data required time
                                 -1.32   data arrival time
-----------------------------------------------------------------------------
                                  8.36   slack (MET)


Startpoint: _134_ (rising edge-triggered flip-flop clocked by clk)
Endpoint: _142_ (rising edge-triggered flip-flop clocked by clk)
Path Group: clk
Path Type: max

Fanout     Cap    Slew   Delay    Time   Description
-----------------------------------------------------------------------------
                  0.00    0.00    0.00   clock clk (rise edge)
                          0.00    0.00   clock network delay (ideal)
                  0.00    0.00    0.00 ^ _134_/CLK (sky130_fd_sc_hd__dfxtp_2)
     3    0.01    0.08    0.33    0.33 ^ _134_/Q (sky130_fd_sc_hd__dfxtp_2)
                                         div_cntr[2] (net)
                  0.08    0.00    0.33 ^ _087_/C (sky130_fd_sc_hd__and4_2)
     1    0.00    0.05    0.21    0.53 ^ _087_/X (sky130_fd_sc_hd__and4_2)
                                         _053_ (net)
                  0.05    0.00    0.53 ^ _088_/A (sky130_fd_sc_hd__buf_1)
     7    0.02    0.26    0.23    0.76 ^ _088_/X (sky130_fd_sc_hd__buf_1)
                                         _054_ (net)
                  0.26    0.00    0.76 ^ _099_/A (sky130_fd_sc_hd__and2_2)
     5    0.02    0.11    0.25    1.01 ^ _099_/X (sky130_fd_sc_hd__and2_2)
                                         _061_ (net)
                  0.11    0.00    1.01 ^ _103_/C (sky130_fd_sc_hd__and3_2)
     2    0.01    0.09    0.23    1.24 ^ _103_/X (sky130_fd_sc_hd__and3_2)
                                         _028_ (net)
                  0.09    0.00    1.24 ^ _105_/B (sky130_fd_sc_hd__xor2_2)
     1    0.00    0.08    0.12    1.36 ^ _105_/X (sky130_fd_sc_hd__xor2_2)
                                         _005_ (net)
                  0.08    0.00    1.36 ^ _142_/D (sky130_fd_sc_hd__dfxtp_2)
                                  1.36   data arrival time

                  0.00   10.00   10.00   clock clk (rise edge)
                          0.00   10.00   clock network delay (ideal)
                         -0.20    9.80   clock uncertainty
                          0.00    9.80   clock reconvergence pessimism
                                  9.80 ^ _142_/CLK (sky130_fd_sc_hd__dfxtp_2)
                         -0.07    9.73   library setup time
                                  9.73   data required time
-----------------------------------------------------------------------------
                                  9.73   data required time
                                 -1.36   data arrival time
-----------------------------------------------------------------------------
                                  8.36   slack (MET)


Startpoint: _134_ (rising edge-triggered flip-flop clocked by clk)
Endpoint: _139_ (rising edge-triggered flip-flop clocked by clk)
Path Group: clk
Path Type: max

Fanout     Cap    Slew   Delay    Time   Description
-----------------------------------------------------------------------------
                  0.00    0.00    0.00   clock clk (rise edge)
                          0.00    0.00   clock network delay (ideal)
                  0.00    0.00    0.00 ^ _134_/CLK (sky130_fd_sc_hd__dfxtp_2)
     3    0.01    0.04    0.31    0.31 v _134_/Q (sky130_fd_sc_hd__dfxtp_2)
                                         div_cntr[2] (net)
                  0.04    0.00    0.31 v _087_/C (sky130_fd_sc_hd__and4_2)
     1    0.00    0.04    0.21    0.52 v _087_/X (sky130_fd_sc_hd__and4_2)
                                         _053_ (net)
                  0.04    0.00    0.52 v _088_/A (sky130_fd_sc_hd__buf_1)
     7    0.02    0.12    0.16    0.68 v _088_/X (sky130_fd_sc_hd__buf_1)
                                         _054_ (net)
                  0.12    0.00    0.68 v _093_/C (sky130_fd_sc_hd__and3_2)
     3    0.01    0.06    0.27    0.95 v _093_/X (sky130_fd_sc_hd__and3_2)
                                         _057_ (net)
                  0.06    0.00    0.95 v _097_/B (sky130_fd_sc_hd__and2_2)
     1    0.00    0.04    0.19    1.14 v _097_/X (sky130_fd_sc_hd__and2_2)
                                         _059_ (net)
                  0.04    0.00    1.14 v _100_/A2 (sky130_fd_sc_hd__o21ba_2)
     1    0.00    0.03    0.18    1.32 v _100_/X (sky130_fd_sc_hd__o21ba_2)
                                         _021_ (net)
                  0.03    0.00    1.32 v _139_/D (sky130_fd_sc_hd__dfxtp_2)
                                  1.32   data arrival time

                  0.00   10.00   10.00   clock clk (rise edge)
                          0.00   10.00   clock network delay (ideal)
                         -0.20    9.80   clock uncertainty
                          0.00    9.80   clock reconvergence pessimism
                                  9.80 ^ _139_/CLK (sky130_fd_sc_hd__dfxtp_2)
                         -0.12    9.68   library setup time
                                  9.68   data required time
-----------------------------------------------------------------------------
                                  9.68   data required time
                                 -1.32   data arrival time
-----------------------------------------------------------------------------
                                  8.37   slack (MET)


Startpoint: _134_ (rising edge-triggered flip-flop clocked by clk)
Endpoint: _147_ (rising edge-triggered flip-flop clocked by clk)
Path Group: clk
Path Type: max

Fanout     Cap    Slew   Delay    Time   Description
-----------------------------------------------------------------------------
                  0.00    0.00    0.00   clock clk (rise edge)
                          0.00    0.00   clock network delay (ideal)
                  0.00    0.00    0.00 ^ _134_/CLK (sky130_fd_sc_hd__dfxtp_2)
     3    0.01    0.04    0.31    0.31 v _134_/Q (sky130_fd_sc_hd__dfxtp_2)
                                         div_cntr[2] (net)
                  0.04    0.00    0.31 v _087_/C (sky130_fd_sc_hd__and4_2)
     1    0.00    0.04    0.21    0.52 v _087_/X (sky130_fd_sc_hd__and4_2)
                                         _053_ (net)
                  0.04    0.00    0.52 v _088_/A (sky130_fd_sc_hd__buf_1)
     7    0.02    0.12    0.16    0.68 v _088_/X (sky130_fd_sc_hd__buf_1)
                                         _054_ (net)
                  0.12    0.00    0.68 v _108_/A (sky130_fd_sc_hd__and3_2)
     5    0.01    0.06    0.22    0.90 v _108_/X (sky130_fd_sc_hd__and3_2)
                                         _031_ (net)
                  0.06    0.00    0.90 v _116_/D (sky130_fd_sc_hd__and4_2)
     1    0.00    0.04    0.22    1.13 v _116_/X (sky130_fd_sc_hd__and4_2)
                                         _035_ (net)
                  0.04    0.00    1.13 v _119_/A2 (sky130_fd_sc_hd__o21ba_2)
     1    0.00    0.03    0.18    1.31 v _119_/X (sky130_fd_sc_hd__o21ba_2)
                                         _010_ (net)
                  0.03    0.00    1.31 v _147_/D (sky130_fd_sc_hd__dfxtp_2)
                                  1.31   data arrival time

                  0.00   10.00   10.00   clock clk (rise edge)
                          0.00   10.00   clock network delay (ideal)
                         -0.20    9.80   clock uncertainty
                          0.00    9.80   clock reconvergence pessimism
                                  9.80 ^ _147_/CLK (sky130_fd_sc_hd__dfxtp_2)
                         -0.12    9.68   library setup time
                                  9.68   data required time
-----------------------------------------------------------------------------
                                  9.68   data required time
                                 -1.31   data arrival time
-----------------------------------------------------------------------------
                                  8.38   slack (MET)


Startpoint: _134_ (rising edge-triggered flip-flop clocked by clk)
Endpoint: _146_ (rising edge-triggered flip-flop clocked by clk)
Path Group: clk
Path Type: max

Fanout     Cap    Slew   Delay    Time   Description
-----------------------------------------------------------------------------
                  0.00    0.00    0.00   clock clk (rise edge)
                          0.00    0.00   clock network delay (ideal)
                  0.00    0.00    0.00 ^ _134_/CLK (sky130_fd_sc_hd__dfxtp_2)
     3    0.01    0.08    0.33    0.33 ^ _134_/Q (sky130_fd_sc_hd__dfxtp_2)
                                         div_cntr[2] (net)
                  0.08    0.00    0.33 ^ _087_/C (sky130_fd_sc_hd__and4_2)
     1    0.00    0.05    0.21    0.53 ^ _087_/X (sky130_fd_sc_hd__and4_2)
                                         _053_ (net)
                  0.05    0.00    0.53 ^ _088_/A (sky130_fd_sc_hd__buf_1)
     7    0.02    0.26    0.23    0.76 ^ _088_/X (sky130_fd_sc_hd__buf_1)
                                         _054_ (net)
                  0.26    0.00    0.76 ^ _108_/A (sky130_fd_sc_hd__and3_2)
     5    0.01    0.08    0.26    1.02 ^ _108_/X (sky130_fd_sc_hd__and3_2)
                                         _031_ (net)
                  0.08    0.00    1.02 ^ _113_/C (sky130_fd_sc_hd__and3_2)
     2    0.01    0.08    0.21    1.23 ^ _113_/X (sky130_fd_sc_hd__and3_2)
                                         _034_ (net)
                  0.08    0.00    1.23 ^ _115_/B (sky130_fd_sc_hd__xor2_2)
     1    0.00    0.08    0.12    1.35 ^ _115_/X (sky130_fd_sc_hd__xor2_2)
                                         _009_ (net)
                  0.08    0.00    1.35 ^ _146_/D (sky130_fd_sc_hd__dfxtp_2)
                                  1.35   data arrival time

                  0.00   10.00   10.00   clock clk (rise edge)
                          0.00   10.00   clock network delay (ideal)
                         -0.20    9.80   clock uncertainty
                          0.00    9.80   clock reconvergence pessimism
                                  9.80 ^ _146_/CLK (sky130_fd_sc_hd__dfxtp_2)
                         -0.07    9.73   library setup time
                                  9.73   data required time
-----------------------------------------------------------------------------
                                  9.73   data required time
                                 -1.35   data arrival time
-----------------------------------------------------------------------------
                                  8.38   slack (MET)


Startpoint: _134_ (rising edge-triggered flip-flop clocked by clk)
Endpoint: _141_ (rising edge-triggered flip-flop clocked by clk)
Path Group: clk
Path Type: max

Fanout     Cap    Slew   Delay    Time   Description
-----------------------------------------------------------------------------
                  0.00    0.00    0.00   clock clk (rise edge)
                          0.00    0.00   clock network delay (ideal)
                  0.00    0.00    0.00 ^ _134_/CLK (sky130_fd_sc_hd__dfxtp_2)
     3    0.01    0.08    0.33    0.33 ^ _134_/Q (sky130_fd_sc_hd__dfxtp_2)
                                         div_cntr[2] (net)
                  0.08    0.00    0.33 ^ _087_/C (sky130_fd_sc_hd__and4_2)
     1    0.00    0.05    0.21    0.53 ^ _087_/X (sky130_fd_sc_hd__and4_2)
                                         _053_ (net)
                  0.05    0.00    0.53 ^ _088_/A (sky130_fd_sc_hd__buf_1)
     7    0.02    0.26    0.23    0.76 ^ _088_/X (sky130_fd_sc_hd__buf_1)
                                         _054_ (net)
                  0.26    0.00    0.76 ^ _099_/A (sky130_fd_sc_hd__and2_2)
     5    0.02    0.11    0.25    1.01 ^ _099_/X (sky130_fd_sc_hd__and2_2)
                                         _061_ (net)
                  0.11    0.00    1.01 ^ _103_/C (sky130_fd_sc_hd__and3_2)
     2    0.01    0.09    0.23    1.24 ^ _103_/X (sky130_fd_sc_hd__and3_2)
                                         _028_ (net)
                  0.09    0.00    1.24 ^ _104_/B (sky130_fd_sc_hd__nor2_2)
     1    0.00    0.03    0.03    1.28 v _104_/Y (sky130_fd_sc_hd__nor2_2)
                                         _023_ (net)
                  0.03    0.00    1.28 v _141_/D (sky130_fd_sc_hd__dfxtp_2)
                                  1.28   data arrival time

                  0.00   10.00   10.00   clock clk (rise edge)
                          0.00   10.00   clock network delay (ideal)
                         -0.20    9.80   clock uncertainty
                          0.00    9.80   clock reconvergence pessimism
                                  9.80 ^ _141_/CLK (sky130_fd_sc_hd__dfxtp_2)
                         -0.12    9.68   library setup time
                                  9.68   data required time
-----------------------------------------------------------------------------
                                  9.68   data required time
                                 -1.28   data arrival time
-----------------------------------------------------------------------------
                                  8.41   slack (MET)


Startpoint: _134_ (rising edge-triggered flip-flop clocked by clk)
Endpoint: _144_ (rising edge-triggered flip-flop clocked by clk)
Path Group: clk
Path Type: max

Fanout     Cap    Slew   Delay    Time   Description
-----------------------------------------------------------------------------
                  0.00    0.00    0.00   clock clk (rise edge)
                          0.00    0.00   clock network delay (ideal)
                  0.00    0.00    0.00 ^ _134_/CLK (sky130_fd_sc_hd__dfxtp_2)
     3    0.01    0.08    0.33    0.33 ^ _134_/Q (sky130_fd_sc_hd__dfxtp_2)
                                         div_cntr[2] (net)
                  0.08    0.00    0.33 ^ _087_/C (sky130_fd_sc_hd__and4_2)
     1    0.00    0.05    0.21    0.53 ^ _087_/X (sky130_fd_sc_hd__and4_2)
                                         _053_ (net)
                  0.05    0.00    0.53 ^ _088_/A (sky130_fd_sc_hd__buf_1)
     7    0.02    0.26    0.23    0.76 ^ _088_/X (sky130_fd_sc_hd__buf_1)
                                         _054_ (net)
                  0.26    0.00    0.76 ^ _108_/A (sky130_fd_sc_hd__and3_2)
     5    0.01    0.08    0.26    1.02 ^ _108_/X (sky130_fd_sc_hd__and3_2)
                                         _031_ (net)
                  0.08    0.00    1.02 ^ _110_/B (sky130_fd_sc_hd__and2_2)
     2    0.01    0.06    0.16    1.18 ^ _110_/X (sky130_fd_sc_hd__and2_2)
                                         _032_ (net)
                  0.06    0.00    1.18 ^ _112_/A (sky130_fd_sc_hd__nor2_2)
     1    0.00    0.02    0.04    1.22 v _112_/Y (sky130_fd_sc_hd__nor2_2)
                                         _007_ (net)
                  0.02    0.00    1.22 v _144_/D (sky130_fd_sc_hd__dfxtp_2)
                                  1.22   data arrival time

                  0.00   10.00   10.00   clock clk (rise edge)
                          0.00   10.00   clock network delay (ideal)
                         -0.20    9.80   clock uncertainty
                          0.00    9.80   clock reconvergence pessimism
                                  9.80 ^ _144_/CLK (sky130_fd_sc_hd__dfxtp_2)
                         -0.11    9.69   library setup time
                                  9.69   data required time
-----------------------------------------------------------------------------
                                  9.69   data required time
                                 -1.22   data arrival time
-----------------------------------------------------------------------------
                                  8.47   slack (MET)


Startpoint: _134_ (rising edge-triggered flip-flop clocked by clk)
Endpoint: _148_ (rising edge-triggered flip-flop clocked by clk)
Path Group: clk
Path Type: max

Fanout     Cap    Slew   Delay    Time   Description
-----------------------------------------------------------------------------
                  0.00    0.00    0.00   clock clk (rise edge)
                          0.00    0.00   clock network delay (ideal)
                  0.00    0.00    0.00 ^ _134_/CLK (sky130_fd_sc_hd__dfxtp_2)
     3    0.01    0.08    0.33    0.33 ^ _134_/Q (sky130_fd_sc_hd__dfxtp_2)
                                         div_cntr[2] (net)
                  0.08    0.00    0.33 ^ _087_/C (sky130_fd_sc_hd__and4_2)
     1    0.00    0.05    0.21    0.53 ^ _087_/X (sky130_fd_sc_hd__and4_2)
                                         _053_ (net)
                  0.05    0.00    0.53 ^ _088_/A (sky130_fd_sc_hd__buf_1)
     7    0.02    0.26    0.23    0.76 ^ _088_/X (sky130_fd_sc_hd__buf_1)
                                         _054_ (net)
                  0.26    0.00    0.76 ^ _118_/A (sky130_fd_sc_hd__and4_2)
     5    0.02    0.13    0.33    1.09 ^ _118_/X (sky130_fd_sc_hd__and4_2)
                                         _037_ (net)
                  0.13    0.00    1.09 ^ _120_/B (sky130_fd_sc_hd__xor2_2)
     1    0.00    0.08    0.12    1.22 ^ _120_/X (sky130_fd_sc_hd__xor2_2)
                                         _011_ (net)
                  0.08    0.00    1.22 ^ _148_/D (sky130_fd_sc_hd__dfxtp_2)
                                  1.22   data arrival time

                  0.00   10.00   10.00   clock clk (rise edge)
                          0.00   10.00   clock network delay (ideal)
                         -0.20    9.80   clock uncertainty
                          0.00    9.80   clock reconvergence pessimism
                                  9.80 ^ _148_/CLK (sky130_fd_sc_hd__dfxtp_2)
                         -0.07    9.73   library setup time
                                  9.73   data required time
-----------------------------------------------------------------------------
                                  9.73   data required time
                                 -1.22   data arrival time
-----------------------------------------------------------------------------
                                  8.51   slack (MET)


Startpoint: _134_ (rising edge-triggered flip-flop clocked by clk)
Endpoint: _138_ (rising edge-triggered flip-flop clocked by clk)
Path Group: clk
Path Type: max

Fanout     Cap    Slew   Delay    Time   Description
-----------------------------------------------------------------------------
                  0.00    0.00    0.00   clock clk (rise edge)
                          0.00    0.00   clock network delay (ideal)
                  0.00    0.00    0.00 ^ _134_/CLK (sky130_fd_sc_hd__dfxtp_2)
     3    0.01    0.08    0.33    0.33 ^ _134_/Q (sky130_fd_sc_hd__dfxtp_2)
                                         div_cntr[2] (net)
                  0.08    0.00    0.33 ^ _087_/C (sky130_fd_sc_hd__and4_2)
     1    0.00    0.05    0.21    0.53 ^ _087_/X (sky130_fd_sc_hd__and4_2)
                                         _053_ (net)
                  0.05    0.00    0.53 ^ _088_/A (sky130_fd_sc_hd__buf_1)
     7    0.02    0.26    0.23    0.76 ^ _088_/X (sky130_fd_sc_hd__buf_1)
                                         _054_ (net)
                  0.26    0.00    0.76 ^ _093_/C (sky130_fd_sc_hd__and3_2)
     3    0.01    0.10    0.27    1.03 ^ _093_/X (sky130_fd_sc_hd__and3_2)
                                         _057_ (net)
                  0.10    0.00    1.03 ^ _096_/B (sky130_fd_sc_hd__xor2_2)
     1    0.00    0.08    0.12    1.15 ^ _096_/X (sky130_fd_sc_hd__xor2_2)
                                         _020_ (net)
                  0.08    0.00    1.15 ^ _138_/D (sky130_fd_sc_hd__dfxtp_2)
                                  1.15   data arrival time

                  0.00   10.00   10.00   clock clk (rise edge)
                          0.00   10.00   clock network delay (ideal)
                         -0.20    9.80   clock uncertainty
                          0.00    9.80   clock reconvergence pessimism
                                  9.80 ^ _138_/CLK (sky130_fd_sc_hd__dfxtp_2)
                         -0.07    9.73   library setup time
                                  9.73   data required time
-----------------------------------------------------------------------------
                                  9.73   data required time
                                 -1.15   data arrival time
-----------------------------------------------------------------------------
                                  8.58   slack (MET)


Startpoint: _134_ (rising edge-triggered flip-flop clocked by clk)
Endpoint: _140_ (rising edge-triggered flip-flop clocked by clk)
Path Group: clk
Path Type: max

Fanout     Cap    Slew   Delay    Time   Description
-----------------------------------------------------------------------------
                  0.00    0.00    0.00   clock clk (rise edge)
                          0.00    0.00   clock network delay (ideal)
                  0.00    0.00    0.00 ^ _134_/CLK (sky130_fd_sc_hd__dfxtp_2)
     3    0.01    0.08    0.33    0.33 ^ _134_/Q (sky130_fd_sc_hd__dfxtp_2)
                                         div_cntr[2] (net)
                  0.08    0.00    0.33 ^ _087_/C (sky130_fd_sc_hd__and4_2)
     1    0.00    0.05    0.21    0.53 ^ _087_/X (sky130_fd_sc_hd__and4_2)
                                         _053_ (net)
                  0.05    0.00    0.53 ^ _088_/A (sky130_fd_sc_hd__buf_1)
     7    0.02    0.26    0.23    0.76 ^ _088_/X (sky130_fd_sc_hd__buf_1)
                                         _054_ (net)
                  0.26    0.00    0.76 ^ _099_/A (sky130_fd_sc_hd__and2_2)
     5    0.02    0.11    0.25    1.01 ^ _099_/X (sky130_fd_sc_hd__and2_2)
                                         _061_ (net)
                  0.11    0.00    1.01 ^ _101_/B (sky130_fd_sc_hd__xor2_2)
     1    0.00    0.08    0.12    1.14 ^ _101_/X (sky130_fd_sc_hd__xor2_2)
                                         _022_ (net)
                  0.08    0.00    1.14 ^ _140_/D (sky130_fd_sc_hd__dfxtp_2)
                                  1.14   data arrival time

                  0.00   10.00   10.00   clock clk (rise edge)
                          0.00   10.00   clock network delay (ideal)
                         -0.20    9.80   clock uncertainty
                          0.00    9.80   clock reconvergence pessimism
                                  9.80 ^ _140_/CLK (sky130_fd_sc_hd__dfxtp_2)
                         -0.07    9.73   library setup time
                                  9.73   data required time
-----------------------------------------------------------------------------
                                  9.73   data required time
                                 -1.14   data arrival time
-----------------------------------------------------------------------------
                                  8.59   slack (MET)


Startpoint: _134_ (rising edge-triggered flip-flop clocked by clk)
Endpoint: _135_ (rising edge-triggered flip-flop clocked by clk)
Path Group: clk
Path Type: max

Fanout     Cap    Slew   Delay    Time   Description
-----------------------------------------------------------------------------
                  0.00    0.00    0.00   clock clk (rise edge)
                          0.00    0.00   clock network delay (ideal)
                  0.00    0.00    0.00 ^ _134_/CLK (sky130_fd_sc_hd__dfxtp_2)
     3    0.01    0.08    0.33    0.33 ^ _134_/Q (sky130_fd_sc_hd__dfxtp_2)
                                         div_cntr[2] (net)
                  0.08    0.00    0.33 ^ _087_/C (sky130_fd_sc_hd__and4_2)
     1    0.00    0.05    0.21    0.53 ^ _087_/X (sky130_fd_sc_hd__and4_2)
                                         _053_ (net)
                  0.05    0.00    0.53 ^ _088_/A (sky130_fd_sc_hd__buf_1)
     7    0.02    0.26    0.23    0.76 ^ _088_/X (sky130_fd_sc_hd__buf_1)
                                         _054_ (net)
                  0.26    0.00    0.76 ^ _090_/A_N (sky130_fd_sc_hd__and2b_2)
     1    0.00    0.03    0.24    1.01 v _090_/X (sky130_fd_sc_hd__and2b_2)
                                         _056_ (net)
                  0.03    0.00    1.01 v _091_/A (sky130_fd_sc_hd__buf_1)
     1    0.00    0.02    0.08    1.08 v _091_/X (sky130_fd_sc_hd__buf_1)
                                         _017_ (net)
                  0.02    0.00    1.08 v _135_/D (sky130_fd_sc_hd__dfxtp_2)
                                  1.08   data arrival time

                  0.00   10.00   10.00   clock clk (rise edge)
                          0.00   10.00   clock network delay (ideal)
                         -0.20    9.80   clock uncertainty
                          0.00    9.80   clock reconvergence pessimism
                                  9.80 ^ _135_/CLK (sky130_fd_sc_hd__dfxtp_2)
                         -0.11    9.69   library setup time
                                  9.69   data required time
-----------------------------------------------------------------------------
                                  9.69   data required time
                                 -1.08   data arrival time
-----------------------------------------------------------------------------
                                  8.60   slack (MET)


Startpoint: _134_ (rising edge-triggered flip-flop clocked by clk)
Endpoint: _137_ (rising edge-triggered flip-flop clocked by clk)
Path Group: clk
Path Type: max

Fanout     Cap    Slew   Delay    Time   Description
-----------------------------------------------------------------------------
                  0.00    0.00    0.00   clock clk (rise edge)
                          0.00    0.00   clock network delay (ideal)
                  0.00    0.00    0.00 ^ _134_/CLK (sky130_fd_sc_hd__dfxtp_2)
     3    0.01    0.08    0.33    0.33 ^ _134_/Q (sky130_fd_sc_hd__dfxtp_2)
                                         div_cntr[2] (net)
                  0.08    0.00    0.33 ^ _087_/C (sky130_fd_sc_hd__and4_2)
     1    0.00    0.05    0.21    0.53 ^ _087_/X (sky130_fd_sc_hd__and4_2)
                                         _053_ (net)
                  0.05    0.00    0.53 ^ _088_/A (sky130_fd_sc_hd__buf_1)
     7    0.02    0.26    0.23    0.76 ^ _088_/X (sky130_fd_sc_hd__buf_1)
                                         _054_ (net)
                  0.26    0.00    0.76 ^ _093_/C (sky130_fd_sc_hd__and3_2)
     3    0.01    0.10    0.27    1.03 ^ _093_/X (sky130_fd_sc_hd__and3_2)
                                         _057_ (net)
                  0.10    0.00    1.03 ^ _095_/A (sky130_fd_sc_hd__nor2_2)
     1    0.00    0.03    0.04    1.07 v _095_/Y (sky130_fd_sc_hd__nor2_2)
                                         _019_ (net)
                  0.03    0.00    1.07 v _137_/D (sky130_fd_sc_hd__dfxtp_2)
                                  1.07   data arrival time

                  0.00   10.00   10.00   clock clk (rise edge)
                          0.00   10.00   clock network delay (ideal)
                         -0.20    9.80   clock uncertainty
                          0.00    9.80   clock reconvergence pessimism
                                  9.80 ^ _137_/CLK (sky130_fd_sc_hd__dfxtp_2)
                         -0.12    9.68   library setup time
                                  9.68   data required time
-----------------------------------------------------------------------------
                                  9.68   data required time
                                 -1.07   data arrival time
-----------------------------------------------------------------------------
                                  8.61   slack (MET)


Startpoint: _134_ (rising edge-triggered flip-flop clocked by clk)
Endpoint: _136_ (rising edge-triggered flip-flop clocked by clk)
Path Group: clk
Path Type: max

Fanout     Cap    Slew   Delay    Time   Description
-----------------------------------------------------------------------------
                  0.00    0.00    0.00   clock clk (rise edge)
                          0.00    0.00   clock network delay (ideal)
                  0.00    0.00    0.00 ^ _134_/CLK (sky130_fd_sc_hd__dfxtp_2)
     3    0.01    0.08    0.33    0.33 ^ _134_/Q (sky130_fd_sc_hd__dfxtp_2)
                                         div_cntr[2] (net)
                  0.08    0.00    0.33 ^ _087_/C (sky130_fd_sc_hd__and4_2)
     1    0.00    0.05    0.21    0.53 ^ _087_/X (sky130_fd_sc_hd__and4_2)
                                         _053_ (net)
                  0.05    0.00    0.53 ^ _088_/A (sky130_fd_sc_hd__buf_1)
     7    0.02    0.26    0.23    0.76 ^ _088_/X (sky130_fd_sc_hd__buf_1)
                                         _054_ (net)
                  0.26    0.00    0.76 ^ _092_/B (sky130_fd_sc_hd__xor2_2)
     1    0.00    0.06    0.09    0.85 v _092_/X (sky130_fd_sc_hd__xor2_2)
                                         _018_ (net)
                  0.06    0.00    0.85 v _136_/D (sky130_fd_sc_hd__dfxtp_2)
                                  0.85   data arrival time

                  0.00   10.00   10.00   clock clk (rise edge)
                          0.00   10.00   clock network delay (ideal)
                         -0.20    9.80   clock uncertainty
                          0.00    9.80   clock reconvergence pessimism
                                  9.80 ^ _136_/CLK (sky130_fd_sc_hd__dfxtp_2)
                         -0.13    9.67   library setup time
                                  9.67   data required time
-----------------------------------------------------------------------------
                                  9.67   data required time
                                 -0.85   data arrival time
-----------------------------------------------------------------------------
                                  8.82   slack (MET)


Startpoint: _132_ (rising edge-triggered flip-flop clocked by clk)
Endpoint: _133_ (rising edge-triggered flip-flop clocked by clk)
Path Group: clk
Path Type: max

Fanout     Cap    Slew   Delay    Time   Description
-----------------------------------------------------------------------------
                  0.00    0.00    0.00   clock clk (rise edge)
                          0.00    0.00   clock network delay (ideal)
                  0.00    0.00    0.00 ^ _132_/CLK (sky130_fd_sc_hd__dfxtp_2)
     5    0.01    0.05    0.31    0.31 v _132_/Q (sky130_fd_sc_hd__dfxtp_2)
                                         div_cntr[0] (net)
                  0.05    0.00    0.31 v _083_/A (sky130_fd_sc_hd__or2_2)
     1    0.00    0.05    0.28    0.59 v _083_/X (sky130_fd_sc_hd__or2_2)
                                         _051_ (net)
                  0.05    0.00    0.59 v _084_/B (sky130_fd_sc_hd__and2_2)
     1    0.00    0.03    0.18    0.77 v _084_/X (sky130_fd_sc_hd__and2_2)
                                         _052_ (net)
                  0.03    0.00    0.77 v _085_/A (sky130_fd_sc_hd__buf_1)
     1    0.00    0.02    0.08    0.85 v _085_/X (sky130_fd_sc_hd__buf_1)
                                         _015_ (net)
                  0.02    0.00    0.85 v _133_/D (sky130_fd_sc_hd__dfxtp_2)
                                  0.85   data arrival time

                  0.00   10.00   10.00   clock clk (rise edge)
                          0.00   10.00   clock network delay (ideal)
                         -0.20    9.80   clock uncertainty
                          0.00    9.80   clock reconvergence pessimism
                                  9.80 ^ _133_/CLK (sky130_fd_sc_hd__dfxtp_2)
                         -0.11    9.69   library setup time
                                  9.69   data required time
-----------------------------------------------------------------------------
                                  9.69   data required time
                                 -0.85   data arrival time
-----------------------------------------------------------------------------
                                  8.84   slack (MET)


Startpoint: _132_ (rising edge-triggered flip-flop clocked by clk)
Endpoint: _134_ (rising edge-triggered flip-flop clocked by clk)
Path Group: clk
Path Type: max

Fanout     Cap    Slew   Delay    Time   Description
-----------------------------------------------------------------------------
                  0.00    0.00    0.00   clock clk (rise edge)
                          0.00    0.00   clock network delay (ideal)
                  0.00    0.00    0.00 ^ _132_/CLK (sky130_fd_sc_hd__dfxtp_2)
     5    0.01    0.09    0.33    0.33 ^ _132_/Q (sky130_fd_sc_hd__dfxtp_2)
                                         div_cntr[0] (net)
                  0.09    0.00    0.33 ^ _082_/A (sky130_fd_sc_hd__nand2_2)
     2    0.01    0.05    0.07    0.40 v _082_/Y (sky130_fd_sc_hd__nand2_2)
                                         _050_ (net)
                  0.05    0.00    0.40 v _086_/B (sky130_fd_sc_hd__xnor2_2)
     1    0.00    0.04    0.12    0.52 v _086_/Y (sky130_fd_sc_hd__xnor2_2)
                                         _016_ (net)
                  0.04    0.00    0.52 v _134_/D (sky130_fd_sc_hd__dfxtp_2)
                                  0.52   data arrival time

                  0.00   10.00   10.00   clock clk (rise edge)
                          0.00   10.00   clock network delay (ideal)
                         -0.20    9.80   clock uncertainty
                          0.00    9.80   clock reconvergence pessimism
                                  9.80 ^ _134_/CLK (sky130_fd_sc_hd__dfxtp_2)
                         -0.12    9.68   library setup time
                                  9.68   data required time
-----------------------------------------------------------------------------
                                  9.68   data required time
                                 -0.52   data arrival time
-----------------------------------------------------------------------------
                                  9.16   slack (MET)


Startpoint: _132_ (rising edge-triggered flip-flop clocked by clk)
Endpoint: _132_ (rising edge-triggered flip-flop clocked by clk)
Path Group: clk
Path Type: max

Fanout     Cap    Slew   Delay    Time   Description
-----------------------------------------------------------------------------
                  0.00    0.00    0.00   clock clk (rise edge)
                          0.00    0.00   clock network delay (ideal)
                  0.00    0.00    0.00 ^ _132_/CLK (sky130_fd_sc_hd__dfxtp_2)
     5    0.01    0.09    0.33    0.33 ^ _132_/Q (sky130_fd_sc_hd__dfxtp_2)
                                         div_cntr[0] (net)
                  0.09    0.00    0.33 ^ _081_/A (sky130_fd_sc_hd__inv_2)
     1    0.00    0.02    0.03    0.36 v _081_/Y (sky130_fd_sc_hd__inv_2)
                                         _004_ (net)
                  0.02    0.00    0.36 v _132_/D (sky130_fd_sc_hd__dfxtp_2)
                                  0.36   data arrival time

                  0.00   10.00   10.00   clock clk (rise edge)
                          0.00   10.00   clock network delay (ideal)
                         -0.20    9.80   clock uncertainty
                          0.00    9.80   clock reconvergence pessimism
                                  9.80 ^ _132_/CLK (sky130_fd_sc_hd__dfxtp_2)
                         -0.11    9.69   library setup time
                                  9.69   data required time
-----------------------------------------------------------------------------
                                  9.69   data required time
                                 -0.36   data arrival time
-----------------------------------------------------------------------------
                                  9.33   slack (MET)



worst slack corner Typical: 8.2346
