
===========================================================================
report_checks -path_delay min (Hold)
============================================================================
======================= Typical Corner ===================================

Startpoint: _132_ (rising edge-triggered flip-flop clocked by clk)
Endpoint: _132_ (rising edge-triggered flip-flop clocked by clk)
Path Group: clk
Path Type: min

Fanout     Cap    Slew   Delay    Time   Description
-----------------------------------------------------------------------------
                  0.00    0.00    0.00   clock clk (rise edge)
                          0.00    0.00   clock network delay (ideal)
                  0.00    0.00    0.00 ^ _132_/CLK (sky130_fd_sc_hd__dfxtp_2)
     5    0.01    0.05    0.31    0.31 v _132_/Q (sky130_fd_sc_hd__dfxtp_2)
                                         div_cntr[0] (net)
                  0.05    0.00    0.31 v _081_/A (sky130_fd_sc_hd__inv_2)
     1    0.00    0.02    0.04    0.35 ^ _081_/Y (sky130_fd_sc_hd__inv_2)
                                         _004_ (net)
                  0.02    0.00    0.35 ^ _132_/D (sky130_fd_sc_hd__dfxtp_2)
                                  0.35   data arrival time

                  0.00    0.00    0.00   clock clk (rise edge)
                          0.00    0.00   clock network delay (ideal)
                          0.20    0.20   clock uncertainty
                          0.00    0.20   clock reconvergence pessimism
                                  0.20 ^ _132_/CLK (sky130_fd_sc_hd__dfxtp_2)
                         -0.03    0.17   library hold time
                                  0.17   data required time
-----------------------------------------------------------------------------
                                  0.17   data required time
                                 -0.35   data arrival time
-----------------------------------------------------------------------------
                                  0.18   slack (MET)


Startpoint: _150_ (rising edge-triggered flip-flop clocked by clk)
Endpoint: _150_ (rising edge-triggered flip-flop clocked by clk)
Path Group: clk
Path Type: min

Fanout     Cap    Slew   Delay    Time   Description
-----------------------------------------------------------------------------
                  0.00    0.00    0.00   clock clk (rise edge)
                          0.00    0.00   clock network delay (ideal)
                  0.00    0.00    0.00 ^ _150_/CLK (sky130_fd_sc_hd__dfxtp_2)
     2    0.01    0.07    0.32    0.32 ^ _150_/Q (sky130_fd_sc_hd__dfxtp_2)
                                         div_cntr[18] (net)
                  0.07    0.00    0.32 ^ _125_/A (sky130_fd_sc_hd__xnor2_2)
     1    0.00    0.02    0.06    0.38 v _125_/Y (sky130_fd_sc_hd__xnor2_2)
                                         _013_ (net)
                  0.02    0.00    0.38 v _150_/D (sky130_fd_sc_hd__dfxtp_2)
                                  0.38   data arrival time

                  0.00    0.00    0.00   clock clk (rise edge)
                          0.00    0.00   clock network delay (ideal)
                          0.20    0.20   clock uncertainty
                          0.00    0.20   clock reconvergence pessimism
                                  0.20 ^ _150_/CLK (sky130_fd_sc_hd__dfxtp_2)
                         -0.05    0.15   library hold time
                                  0.15   data required time
-----------------------------------------------------------------------------
                                  0.15   data required time
                                 -0.38   data arrival time
-----------------------------------------------------------------------------
                                  0.23   slack (MET)


Startpoint: _137_ (rising edge-triggered flip-flop clocked by clk)
Endpoint: _137_ (rising edge-triggered flip-flop clocked by clk)
Path Group: clk
Path Type: min

Fanout     Cap    Slew   Delay    Time   Description
-----------------------------------------------------------------------------
                  0.00    0.00    0.00   clock clk (rise edge)
                          0.00    0.00   clock network delay (ideal)
                  0.00    0.00    0.00 ^ _137_/CLK (sky130_fd_sc_hd__dfxtp_2)
     3    0.01    0.05    0.31    0.31 ^ _137_/Q (sky130_fd_sc_hd__dfxtp_2)
                                         div_cntr[5] (net)
                  0.05    0.00    0.31 ^ _094_/B1 (sky130_fd_sc_hd__a21oi_2)
     1    0.00    0.02    0.03    0.34 v _094_/Y (sky130_fd_sc_hd__a21oi_2)
                                         _058_ (net)
                  0.02    0.00    0.34 v _095_/B (sky130_fd_sc_hd__nor2_2)
     1    0.00    0.05    0.05    0.39 ^ _095_/Y (sky130_fd_sc_hd__nor2_2)
                                         _019_ (net)
                  0.05    0.00    0.39 ^ _137_/D (sky130_fd_sc_hd__dfxtp_2)
                                  0.39   data arrival time

                  0.00    0.00    0.00   clock clk (rise edge)
                          0.00    0.00   clock network delay (ideal)
                          0.20    0.20   clock uncertainty
                          0.00    0.20   clock reconvergence pessimism
                                  0.20 ^ _137_/CLK (sky130_fd_sc_hd__dfxtp_2)
                         -0.04    0.16   library hold time
                                  0.16   data required time
-----------------------------------------------------------------------------
                                  0.16   data required time
                                 -0.39   data arrival time
-----------------------------------------------------------------------------
                                  0.23   slack (MET)


Startpoint: _138_ (rising edge-triggered flip-flop clocked by clk)
Endpoint: _138_ (rising edge-triggered flip-flop clocked by clk)
Path Group: clk
Path Type: min

Fanout     Cap    Slew   Delay    Time   Description
-----------------------------------------------------------------------------
                  0.00    0.00    0.00   clock clk (rise edge)
                          0.00    0.00   clock network delay (ideal)
                  0.00    0.00    0.00 ^ _138_/CLK (sky130_fd_sc_hd__dfxtp_2)
     3    0.01    0.07    0.32    0.32 ^ _138_/Q (sky130_fd_sc_hd__dfxtp_2)
                                         div_cntr[6] (net)
                  0.07    0.00    0.32 ^ _096_/A (sky130_fd_sc_hd__xor2_2)
     1    0.00    0.03    0.06    0.38 v _096_/X (sky130_fd_sc_hd__xor2_2)
                                         _020_ (net)
                  0.03    0.00    0.38 v _138_/D (sky130_fd_sc_hd__dfxtp_2)
                                  0.38   data arrival time

                  0.00    0.00    0.00   clock clk (rise edge)
                          0.00    0.00   clock network delay (ideal)
                          0.20    0.20   clock uncertainty
                          0.00    0.20   clock reconvergence pessimism
                                  0.20 ^ _138_/CLK (sky130_fd_sc_hd__dfxtp_2)
                         -0.05    0.15   library hold time
                                  0.15   data required time
-----------------------------------------------------------------------------
                                  0.15   data required time
                                 -0.38   data arrival time
-----------------------------------------------------------------------------
                                  0.23   slack (MET)


Startpoint: _142_ (rising edge-triggered flip-flop clocked by clk)
Endpoint: _142_ (rising edge-triggered flip-flop clocked by clk)
Path Group: clk
Path Type: min

Fanout     Cap    Slew   Delay    Time   Description
-----------------------------------------------------------------------------
                  0.00    0.00    0.00   clock clk (rise edge)
                          0.00    0.00   clock network delay (ideal)
                  0.00    0.00    0.00 ^ _142_/CLK (sky130_fd_sc_hd__dfxtp_2)
     3    0.01    0.07    0.32    0.32 ^ _142_/Q (sky130_fd_sc_hd__dfxtp_2)
                                         div_cntr[10] (net)
                  0.07    0.00    0.32 ^ _105_/A (sky130_fd_sc_hd__xor2_2)
     1    0.00    0.03    0.06    0.39 v _105_/X (sky130_fd_sc_hd__xor2_2)
                                         _005_ (net)
                  0.03    0.00    0.39 v _142_/D (sky130_fd_sc_hd__dfxtp_2)
                                  0.39   data arrival time

                  0.00    0.00    0.00   clock clk (rise edge)
                          0.00    0.00   clock network delay (ideal)
                          0.20    0.20   clock uncertainty
                          0.00    0.20   clock reconvergence pessimism
                                  0.20 ^ _142_/CLK (sky130_fd_sc_hd__dfxtp_2)
                         -0.05    0.15   library hold time
                                  0.15   data required time
-----------------------------------------------------------------------------
                                  0.15   data required time
                                 -0.39   data arrival time
-----------------------------------------------------------------------------
                                  0.23   slack (MET)


Startpoint: _146_ (rising edge-triggered flip-flop clocked by clk)
Endpoint: _146_ (rising edge-triggered flip-flop clocked by clk)
Path Group: clk
Path Type: min

Fanout     Cap    Slew   Delay    Time   Description
-----------------------------------------------------------------------------
                  0.00    0.00    0.00   clock clk (rise edge)
                          0.00    0.00   clock network delay (ideal)
                  0.00    0.00    0.00 ^ _146_/CLK (sky130_fd_sc_hd__dfxtp_2)
     3    0.01    0.07    0.32    0.32 ^ _146_/Q (sky130_fd_sc_hd__dfxtp_2)
                                         div_cntr[14] (net)
                  0.07    0.00    0.32 ^ _115_/A (sky130_fd_sc_hd__xor2_2)
     1    0.00    0.03    0.06    0.39 v _115_/X (sky130_fd_sc_hd__xor2_2)
                                         _009_ (net)
                  0.03    0.00    0.39 v _146_/D (sky130_fd_sc_hd__dfxtp_2)
                                  0.39   data arrival time

                  0.00    0.00    0.00   clock clk (rise edge)
                          0.00    0.00   clock network delay (ideal)
                          0.20    0.20   clock uncertainty
                          0.00    0.20   clock reconvergence pessimism
                                  0.20 ^ _146_/CLK (sky130_fd_sc_hd__dfxtp_2)
                         -0.05    0.15   library hold time
                                  0.15   data required time
-----------------------------------------------------------------------------
                                  0.15   data required time
                                 -0.39   data arrival time
-----------------------------------------------------------------------------
                                  0.23   slack (MET)


Startpoint: _134_ (rising edge-triggered flip-flop clocked by clk)
Endpoint: _134_ (rising edge-triggered flip-flop clocked by clk)
Path Group: clk
Path Type: min

Fanout     Cap    Slew   Delay    Time   Description
-----------------------------------------------------------------------------
                  0.00    0.00    0.00   clock clk (rise edge)
                          0.00    0.00   clock network delay (ideal)
                  0.00    0.00    0.00 ^ _134_/CLK (sky130_fd_sc_hd__dfxtp_2)
     3    0.01    0.08    0.33    0.33 ^ _134_/Q (sky130_fd_sc_hd__dfxtp_2)
                                         div_cntr[2] (net)
                  0.08    0.00    0.33 ^ _086_/A (sky130_fd_sc_hd__xnor2_2)
     1    0.00    0.02    0.06    0.39 v _086_/Y (sky130_fd_sc_hd__xnor2_2)
                                         _016_ (net)
                  0.02    0.00    0.39 v _134_/D (sky130_fd_sc_hd__dfxtp_2)
                                  0.39   data arrival time

                  0.00    0.00    0.00   clock clk (rise edge)
                          0.00    0.00   clock network delay (ideal)
                          0.20    0.20   clock uncertainty
                          0.00    0.20   clock reconvergence pessimism
                                  0.20 ^ _134_/CLK (sky130_fd_sc_hd__dfxtp_2)
                         -0.05    0.15   library hold time
                                  0.15   data required time
-----------------------------------------------------------------------------
                                  0.15   data required time
                                 -0.39   data arrival time
-----------------------------------------------------------------------------
                                  0.24   slack (MET)


Startpoint: _143_ (rising edge-triggered flip-flop clocked by clk)
Endpoint: _143_ (rising edge-triggered flip-flop clocked by clk)
Path Group: clk
Path Type: min

Fanout     Cap    Slew   Delay    Time   Description
-----------------------------------------------------------------------------
                  0.00    0.00    0.00   clock clk (rise edge)
                          0.00    0.00   clock network delay (ideal)
                  0.00    0.00    0.00 ^ _143_/CLK (sky130_fd_sc_hd__dfxtp_2)
     2    0.00    0.04    0.29    0.29 ^ _143_/Q (sky130_fd_sc_hd__dfxtp_2)
                                         div_cntr[11] (net)
                  0.04    0.00    0.29 ^ _109_/A1 (sky130_fd_sc_hd__o21ba_2)
     1    0.00    0.03    0.12    0.41 ^ _109_/X (sky130_fd_sc_hd__o21ba_2)
                                         _006_ (net)
                  0.03    0.00    0.41 ^ _143_/D (sky130_fd_sc_hd__dfxtp_2)
                                  0.41   data arrival time

                  0.00    0.00    0.00   clock clk (rise edge)
                          0.00    0.00   clock network delay (ideal)
                          0.20    0.20   clock uncertainty
                          0.00    0.20   clock reconvergence pessimism
                                  0.20 ^ _143_/CLK (sky130_fd_sc_hd__dfxtp_2)
                         -0.03    0.17   library hold time
                                  0.17   data required time
-----------------------------------------------------------------------------
                                  0.17   data required time
                                 -0.41   data arrival time
-----------------------------------------------------------------------------
                                  0.25   slack (MET)


Startpoint: _147_ (rising edge-triggered flip-flop clocked by clk)
Endpoint: _147_ (rising edge-triggered flip-flop clocked by clk)
Path Group: clk
Path Type: min

Fanout     Cap    Slew   Delay    Time   Description
-----------------------------------------------------------------------------
                  0.00    0.00    0.00   clock clk (rise edge)
                          0.00    0.00   clock network delay (ideal)
                  0.00    0.00    0.00 ^ _147_/CLK (sky130_fd_sc_hd__dfxtp_2)
     2    0.00    0.04    0.29    0.29 ^ _147_/Q (sky130_fd_sc_hd__dfxtp_2)
                                         div_cntr[15] (net)
                  0.04    0.00    0.29 ^ _119_/A1 (sky130_fd_sc_hd__o21ba_2)
     1    0.00    0.03    0.12    0.41 ^ _119_/X (sky130_fd_sc_hd__o21ba_2)
                                         _010_ (net)
                  0.03    0.00    0.41 ^ _147_/D (sky130_fd_sc_hd__dfxtp_2)
                                  0.41   data arrival time

                  0.00    0.00    0.00   clock clk (rise edge)
                          0.00    0.00   clock network delay (ideal)
                          0.20    0.20   clock uncertainty
                          0.00    0.20   clock reconvergence pessimism
                                  0.20 ^ _147_/CLK (sky130_fd_sc_hd__dfxtp_2)
                         -0.03    0.17   library hold time
                                  0.17   data required time
-----------------------------------------------------------------------------
                                  0.17   data required time
                                 -0.41   data arrival time
-----------------------------------------------------------------------------
                                  0.25   slack (MET)


Startpoint: _139_ (rising edge-triggered flip-flop clocked by clk)
Endpoint: _139_ (rising edge-triggered flip-flop clocked by clk)
Path Group: clk
Path Type: min

Fanout     Cap    Slew   Delay    Time   Description
-----------------------------------------------------------------------------
                  0.00    0.00    0.00   clock clk (rise edge)
                          0.00    0.00   clock network delay (ideal)
                  0.00    0.00    0.00 ^ _139_/CLK (sky130_fd_sc_hd__dfxtp_2)
     2    0.00    0.04    0.29    0.29 ^ _139_/Q (sky130_fd_sc_hd__dfxtp_2)
                                         div_cntr[7] (net)
                  0.04    0.00    0.29 ^ _100_/A1 (sky130_fd_sc_hd__o21ba_2)
     1    0.00    0.03    0.12    0.41 ^ _100_/X (sky130_fd_sc_hd__o21ba_2)
                                         _021_ (net)
                  0.03    0.00    0.41 ^ _139_/D (sky130_fd_sc_hd__dfxtp_2)
                                  0.41   data arrival time

                  0.00    0.00    0.00   clock clk (rise edge)
                          0.00    0.00   clock network delay (ideal)
                          0.20    0.20   clock uncertainty
                          0.00    0.20   clock reconvergence pessimism
                                  0.20 ^ _139_/CLK (sky130_fd_sc_hd__dfxtp_2)
                         -0.03    0.17   library hold time
                                  0.17   data required time
-----------------------------------------------------------------------------
                                  0.17   data required time
                                 -0.41   data arrival time
-----------------------------------------------------------------------------
                                  0.25   slack (MET)


Startpoint: _144_ (rising edge-triggered flip-flop clocked by clk)
Endpoint: _144_ (rising edge-triggered flip-flop clocked by clk)
Path Group: clk
Path Type: min

Fanout     Cap    Slew   Delay    Time   Description
-----------------------------------------------------------------------------
                  0.00    0.00    0.00   clock clk (rise edge)
                          0.00    0.00   clock network delay (ideal)
                  0.00    0.00    0.00 ^ _144_/CLK (sky130_fd_sc_hd__dfxtp_2)
     5    0.01    0.07    0.32    0.32 ^ _144_/Q (sky130_fd_sc_hd__dfxtp_2)
                                         div_cntr[12] (net)
                  0.07    0.00    0.32 ^ _111_/A (sky130_fd_sc_hd__nor2_2)
     1    0.00    0.03    0.04    0.36 v _111_/Y (sky130_fd_sc_hd__nor2_2)
                                         _033_ (net)
                  0.03    0.00    0.36 v _112_/B (sky130_fd_sc_hd__nor2_2)
     1    0.00    0.05    0.05    0.41 ^ _112_/Y (sky130_fd_sc_hd__nor2_2)
                                         _007_ (net)
                  0.05    0.00    0.41 ^ _144_/D (sky130_fd_sc_hd__dfxtp_2)
                                  0.41   data arrival time

                  0.00    0.00    0.00   clock clk (rise edge)
                          0.00    0.00   clock network delay (ideal)
                          0.20    0.20   clock uncertainty
                          0.00    0.20   clock reconvergence pessimism
                                  0.20 ^ _144_/CLK (sky130_fd_sc_hd__dfxtp_2)
                         -0.04    0.16   library hold time
                                  0.16   data required time
-----------------------------------------------------------------------------
                                  0.16   data required time
                                 -0.41   data arrival time
-----------------------------------------------------------------------------
                                  0.25   slack (MET)


Startpoint: _151_ (rising edge-triggered flip-flop clocked by clk)
Endpoint: _151_ (rising edge-triggered flip-flop clocked by clk)
Path Group: clk
Path Type: min

Fanout     Cap    Slew   Delay    Time   Description
-----------------------------------------------------------------------------
                  0.00    0.00    0.00   clock clk (rise edge)
                          0.00    0.00   clock network delay (ideal)
                  0.00    0.00    0.00 ^ _151_/CLK (sky130_fd_sc_hd__dfxtp_2)
     5    0.02    0.10    0.34    0.34 ^ _151_/Q (sky130_fd_sc_hd__dfxtp_2)
                                         u_cnt.clk (net)
                  0.10    0.00    0.34 ^ _127_/A (sky130_fd_sc_hd__xor2_2)
     1    0.00    0.03    0.07    0.41 v _127_/X (sky130_fd_sc_hd__xor2_2)
                                         _014_ (net)
                  0.03    0.00    0.41 v _151_/D (sky130_fd_sc_hd__dfxtp_2)
                                  0.41   data arrival time

                  0.00    0.00    0.00   clock clk (rise edge)
                          0.00    0.00   clock network delay (ideal)
                          0.20    0.20   clock uncertainty
                          0.00    0.20   clock reconvergence pessimism
                                  0.20 ^ _151_/CLK (sky130_fd_sc_hd__dfxtp_2)
                         -0.05    0.15   library hold time
                                  0.15   data required time
-----------------------------------------------------------------------------
                                  0.15   data required time
                                 -0.41   data arrival time
-----------------------------------------------------------------------------
                                  0.25   slack (MET)


Startpoint: _136_ (rising edge-triggered flip-flop clocked by clk)
Endpoint: _136_ (rising edge-triggered flip-flop clocked by clk)
Path Group: clk
Path Type: min

Fanout     Cap    Slew   Delay    Time   Description
-----------------------------------------------------------------------------
                  0.00    0.00    0.00   clock clk (rise edge)
                          0.00    0.00   clock network delay (ideal)
                  0.00    0.00    0.00 ^ _136_/CLK (sky130_fd_sc_hd__dfxtp_2)
     4    0.02    0.10    0.34    0.34 ^ _136_/Q (sky130_fd_sc_hd__dfxtp_2)
                                         div_cntr[4] (net)
                  0.10    0.00    0.34 ^ _092_/A (sky130_fd_sc_hd__xor2_2)
     1    0.00    0.03    0.07    0.41 v _092_/X (sky130_fd_sc_hd__xor2_2)
                                         _018_ (net)
                  0.03    0.00    0.41 v _136_/D (sky130_fd_sc_hd__dfxtp_2)
                                  0.41   data arrival time

                  0.00    0.00    0.00   clock clk (rise edge)
                          0.00    0.00   clock network delay (ideal)
                          0.20    0.20   clock uncertainty
                          0.00    0.20   clock reconvergence pessimism
                                  0.20 ^ _136_/CLK (sky130_fd_sc_hd__dfxtp_2)
                         -0.05    0.15   library hold time
                                  0.15   data required time
-----------------------------------------------------------------------------
                                  0.15   data required time
                                 -0.41   data arrival time
-----------------------------------------------------------------------------
                                  0.25   slack (MET)


Startpoint: _148_ (rising edge-triggered flip-flop clocked by clk)
Endpoint: _148_ (rising edge-triggered flip-flop clocked by clk)
Path Group: clk
Path Type: min

Fanout     Cap    Slew   Delay    Time   Description
-----------------------------------------------------------------------------
                  0.00    0.00    0.00   clock clk (rise edge)
                          0.00    0.00   clock network delay (ideal)
                  0.00    0.00    0.00 ^ _148_/CLK (sky130_fd_sc_hd__dfxtp_2)
     4    0.02    0.10    0.34    0.34 ^ _148_/Q (sky130_fd_sc_hd__dfxtp_2)
                                         div_cntr[16] (net)
                  0.10    0.00    0.34 ^ _120_/A (sky130_fd_sc_hd__xor2_2)
     1    0.00    0.03    0.07    0.41 v _120_/X (sky130_fd_sc_hd__xor2_2)
                                         _011_ (net)
                  0.03    0.00    0.41 v _148_/D (sky130_fd_sc_hd__dfxtp_2)
                                  0.41   data arrival time

                  0.00    0.00    0.00   clock clk (rise edge)
                          0.00    0.00   clock network delay (ideal)
                          0.20    0.20   clock uncertainty
                          0.00    0.20   clock reconvergence pessimism
                                  0.20 ^ _148_/CLK (sky130_fd_sc_hd__dfxtp_2)
                         -0.05    0.15   library hold time
                                  0.15   data required time
-----------------------------------------------------------------------------
                                  0.15   data required time
                                 -0.41   data arrival time
-----------------------------------------------------------------------------
                                  0.26   slack (MET)


Startpoint: _140_ (rising edge-triggered flip-flop clocked by clk)
Endpoint: _140_ (rising edge-triggered flip-flop clocked by clk)
Path Group: clk
Path Type: min

Fanout     Cap    Slew   Delay    Time   Description
-----------------------------------------------------------------------------
                  0.00    0.00    0.00   clock clk (rise edge)
                          0.00    0.00   clock network delay (ideal)
                  0.00    0.00    0.00 ^ _140_/CLK (sky130_fd_sc_hd__dfxtp_2)
     5    0.02    0.10    0.35    0.35 ^ _140_/Q (sky130_fd_sc_hd__dfxtp_2)
                                         div_cntr[8] (net)
                  0.10    0.00    0.35 ^ _101_/A (sky130_fd_sc_hd__xor2_2)
     1    0.00    0.03    0.07    0.41 v _101_/X (sky130_fd_sc_hd__xor2_2)
                                         _022_ (net)
                  0.03    0.00    0.41 v _140_/D (sky130_fd_sc_hd__dfxtp_2)
                                  0.41   data arrival time

                  0.00    0.00    0.00   clock clk (rise edge)
                          0.00    0.00   clock network delay (ideal)
                          0.20    0.20   clock uncertainty
                          0.00    0.20   clock reconvergence pessimism
                                  0.20 ^ _140_/CLK (sky130_fd_sc_hd__dfxtp_2)
                         -0.05    0.15   library hold time
                                  0.15   data required time
-----------------------------------------------------------------------------
                                  0.15   data required time
                                 -0.41   data arrival time
-----------------------------------------------------------------------------
                                  0.26   slack (MET)


Startpoint: _141_ (rising edge-triggered flip-flop clocked by clk)
Endpoint: _141_ (rising edge-triggered flip-flop clocked by clk)
Path Group: clk
Path Type: min

Fanout     Cap    Slew   Delay    Time   Description
-----------------------------------------------------------------------------
                  0.00    0.00    0.00   clock clk (rise edge)
                          0.00    0.00   clock network delay (ideal)
                  0.00    0.00    0.00 ^ _141_/CLK (sky130_fd_sc_hd__dfxtp_2)
     4    0.01    0.06    0.31    0.31 ^ _141_/Q (sky130_fd_sc_hd__dfxtp_2)
                                         div_cntr[9] (net)
                  0.06    0.00    0.31 ^ _102_/B1 (sky130_fd_sc_hd__a21oi_2)
     1    0.00    0.03    0.04    0.35 v _102_/Y (sky130_fd_sc_hd__a21oi_2)
                                         _062_ (net)
                  0.03    0.00    0.35 v _104_/A (sky130_fd_sc_hd__nor2_2)
     1    0.00    0.05    0.08    0.42 ^ _104_/Y (sky130_fd_sc_hd__nor2_2)
                                         _023_ (net)
                  0.05    0.00    0.42 ^ _141_/D (sky130_fd_sc_hd__dfxtp_2)
                                  0.42   data arrival time

                  0.00    0.00    0.00   clock clk (rise edge)
                          0.00    0.00   clock network delay (ideal)
                          0.20    0.20   clock uncertainty
                          0.00    0.20   clock reconvergence pessimism
                                  0.20 ^ _141_/CLK (sky130_fd_sc_hd__dfxtp_2)
                         -0.04    0.16   library hold time
                                  0.16   data required time
-----------------------------------------------------------------------------
                                  0.16   data required time
                                 -0.42   data arrival time
-----------------------------------------------------------------------------
                                  0.26   slack (MET)


Startpoint: _145_ (rising edge-triggered flip-flop clocked by clk)
Endpoint: _145_ (rising edge-triggered flip-flop clocked by clk)
Path Group: clk
Path Type: min

Fanout     Cap    Slew   Delay    Time   Description
-----------------------------------------------------------------------------
                  0.00    0.00    0.00   clock clk (rise edge)
                          0.00    0.00   clock network delay (ideal)
                  0.00    0.00    0.00 ^ _145_/CLK (sky130_fd_sc_hd__dfxtp_2)
     4    0.01    0.05    0.30    0.30 ^ _145_/Q (sky130_fd_sc_hd__dfxtp_2)
                                         div_cntr[13] (net)
                  0.05    0.00    0.30 ^ _114_/A1 (sky130_fd_sc_hd__o21ba_2)
     1    0.00    0.03    0.12    0.43 ^ _114_/X (sky130_fd_sc_hd__o21ba_2)
                                         _008_ (net)
                  0.03    0.00    0.43 ^ _145_/D (sky130_fd_sc_hd__dfxtp_2)
                                  0.43   data arrival time

                  0.00    0.00    0.00   clock clk (rise edge)
                          0.00    0.00   clock network delay (ideal)
                          0.20    0.20   clock uncertainty
                          0.00    0.20   clock reconvergence pessimism
                                  0.20 ^ _145_/CLK (sky130_fd_sc_hd__dfxtp_2)
                         -0.03    0.17   library hold time
                                  0.17   data required time
-----------------------------------------------------------------------------
                                  0.17   data required time
                                 -0.43   data arrival time
-----------------------------------------------------------------------------
                                  0.26   slack (MET)


Startpoint: _135_ (rising edge-triggered flip-flop clocked by clk)
Endpoint: _135_ (rising edge-triggered flip-flop clocked by clk)
Path Group: clk
Path Type: min

Fanout     Cap    Slew   Delay    Time   Description
-----------------------------------------------------------------------------
                  0.00    0.00    0.00   clock clk (rise edge)
                          0.00    0.00   clock network delay (ideal)
                  0.00    0.00    0.00 ^ _135_/CLK (sky130_fd_sc_hd__dfxtp_2)
     2    0.00    0.04    0.29    0.29 ^ _135_/Q (sky130_fd_sc_hd__dfxtp_2)
                                         div_cntr[3] (net)
                  0.04    0.00    0.29 ^ _089_/B1 (sky130_fd_sc_hd__a31o_2)
     1    0.00    0.03    0.08    0.37 ^ _089_/X (sky130_fd_sc_hd__a31o_2)
                                         _055_ (net)
                  0.03    0.00    0.37 ^ _090_/B (sky130_fd_sc_hd__and2b_2)
     1    0.00    0.03    0.12    0.49 ^ _090_/X (sky130_fd_sc_hd__and2b_2)
                                         _056_ (net)
                  0.03    0.00    0.49 ^ _091_/A (sky130_fd_sc_hd__buf_1)
     1    0.00    0.03    0.07    0.56 ^ _091_/X (sky130_fd_sc_hd__buf_1)
                                         _017_ (net)
                  0.03    0.00    0.56 ^ _135_/D (sky130_fd_sc_hd__dfxtp_2)
                                  0.56   data arrival time

                  0.00    0.00    0.00   clock clk (rise edge)
                          0.00    0.00   clock network delay (ideal)
                          0.20    0.20   clock uncertainty
                          0.00    0.20   clock reconvergence pessimism
                                  0.20 ^ _135_/CLK (sky130_fd_sc_hd__dfxtp_2)
                         -0.03    0.17   library hold time
                                  0.17   data required time
-----------------------------------------------------------------------------
                                  0.17   data required time
                                 -0.56   data arrival time
-----------------------------------------------------------------------------
                                  0.39   slack (MET)


Startpoint: _149_ (rising edge-triggered flip-flop clocked by clk)
Endpoint: _149_ (rising edge-triggered flip-flop clocked by clk)
Path Group: clk
Path Type: min

Fanout     Cap    Slew   Delay    Time   Description
-----------------------------------------------------------------------------
                  0.00    0.00    0.00   clock clk (rise edge)
                          0.00    0.00   clock network delay (ideal)
                  0.00    0.00    0.00 ^ _149_/CLK (sky130_fd_sc_hd__dfxtp_2)
     3    0.01    0.06    0.31    0.31 ^ _149_/Q (sky130_fd_sc_hd__dfxtp_2)
                                         div_cntr[17] (net)
                  0.06    0.00    0.31 ^ _122_/B1 (sky130_fd_sc_hd__a21o_2)
     1    0.00    0.02    0.08    0.39 ^ _122_/X (sky130_fd_sc_hd__a21o_2)
                                         _039_ (net)
                  0.02    0.00    0.39 ^ _123_/B (sky130_fd_sc_hd__and2_2)
     1    0.00    0.03    0.12    0.51 ^ _123_/X (sky130_fd_sc_hd__and2_2)
                                         _040_ (net)
                  0.03    0.00    0.51 ^ _124_/A (sky130_fd_sc_hd__buf_1)
     1    0.00    0.03    0.07    0.57 ^ _124_/X (sky130_fd_sc_hd__buf_1)
                                         _012_ (net)
                  0.03    0.00    0.57 ^ _149_/D (sky130_fd_sc_hd__dfxtp_2)
                                  0.57   data arrival time

                  0.00    0.00    0.00   clock clk (rise edge)
                          0.00    0.00   clock network delay (ideal)
                          0.20    0.20   clock uncertainty
                          0.00    0.20   clock reconvergence pessimism
                                  0.20 ^ _149_/CLK (sky130_fd_sc_hd__dfxtp_2)
                         -0.03    0.17   library hold time
                                  0.17   data required time
-----------------------------------------------------------------------------
                                  0.17   data required time
                                 -0.57   data arrival time
-----------------------------------------------------------------------------
                                  0.41   slack (MET)


Startpoint: _133_ (rising edge-triggered flip-flop clocked by clk)
Endpoint: _133_ (rising edge-triggered flip-flop clocked by clk)
Path Group: clk
Path Type: min

Fanout     Cap    Slew   Delay    Time   Description
-----------------------------------------------------------------------------
                  0.00    0.00    0.00   clock clk (rise edge)
                          0.00    0.00   clock network delay (ideal)
                  0.00    0.00    0.00 ^ _133_/CLK (sky130_fd_sc_hd__dfxtp_2)
     4    0.01    0.04    0.30    0.30 v _133_/Q (sky130_fd_sc_hd__dfxtp_2)
                                         div_cntr[1] (net)
                  0.04    0.00    0.30 v _082_/B (sky130_fd_sc_hd__nand2_2)
     2    0.01    0.06    0.08    0.38 ^ _082_/Y (sky130_fd_sc_hd__nand2_2)
                                         _050_ (net)
                  0.06    0.00    0.38 ^ _084_/A (sky130_fd_sc_hd__and2_2)
     1    0.00    0.03    0.13    0.51 ^ _084_/X (sky130_fd_sc_hd__and2_2)
                                         _052_ (net)
                  0.03    0.00    0.51 ^ _085_/A (sky130_fd_sc_hd__buf_1)
     1    0.00    0.03    0.07    0.58 ^ _085_/X (sky130_fd_sc_hd__buf_1)
                                         _015_ (net)
                  0.03    0.00    0.58 ^ _133_/D (sky130_fd_sc_hd__dfxtp_2)
                                  0.58   data arrival time

                  0.00    0.00    0.00   clock clk (rise edge)
                          0.00    0.00   clock network delay (ideal)
                          0.20    0.20   clock uncertainty
                          0.00    0.20   clock reconvergence pessimism
                                  0.20 ^ _133_/CLK (sky130_fd_sc_hd__dfxtp_2)
                         -0.03    0.17   library hold time
                                  0.17   data required time
-----------------------------------------------------------------------------
                                  0.17   data required time
                                 -0.58   data arrival time
-----------------------------------------------------------------------------
                                  0.41   slack (MET)



worst slack corner Typical: 0.1832
