
===========================================================================
report_checks -unconstrained
===========================================================================
======================= Typical Corner ===================================

Startpoint: _134_ (rising edge-triggered flip-flop clocked by clk)
Endpoint: _149_ (rising edge-triggered flip-flop clocked by clk)
Path Group: clk
Path Type: max

Fanout     Cap    Slew   Delay    Time   Description
-----------------------------------------------------------------------------
                  0.00    0.00    0.00   clock clk (rise edge)
                          0.00    0.00   clock network delay (ideal)
                  0.00    0.00    0.00 ^ _134_/CLK (sky130_fd_sc_hd__dfxtp_2)
     3    0.01    0.08    0.33    0.33 ^ _134_/Q (sky130_fd_sc_hd__dfxtp_2)
                                         div_cntr[2] (net)
                  0.08    0.00    0.33 ^ _087_/C (sky130_fd_sc_hd__and4_2)
     1    0.00    0.05    0.21    0.53 ^ _087_/X (sky130_fd_sc_hd__and4_2)
                                         _053_ (net)
                  0.05    0.00    0.53 ^ _088_/A (sky130_fd_sc_hd__buf_1)
     7    0.02    0.26    0.23    0.76 ^ _088_/X (sky130_fd_sc_hd__buf_1)
                                         _054_ (net)
                  0.26    0.00    0.76 ^ _118_/A (sky130_fd_sc_hd__and4_2)
     5    0.02    0.13    0.33    1.09 ^ _118_/X (sky130_fd_sc_hd__and4_2)
                                         _037_ (net)
                  0.13    0.00    1.09 ^ _121_/C (sky130_fd_sc_hd__nand3_2)
     2    0.01    0.08    0.11    1.20 v _121_/Y (sky130_fd_sc_hd__nand3_2)
                                         _038_ (net)
                  0.08    0.00    1.20 v _123_/A (sky130_fd_sc_hd__and2_2)
     1    0.00    0.03    0.17    1.38 v _123_/X (sky130_fd_sc_hd__and2_2)
                                         _040_ (net)
                  0.03    0.00    1.38 v _124_/A (sky130_fd_sc_hd__buf_1)
     1    0.00    0.02    0.08    1.45 v _124_/X (sky130_fd_sc_hd__buf_1)
                                         _012_ (net)
                  0.02    0.00    1.45 v _149_/D (sky130_fd_sc_hd__dfxtp_2)
                                  1.45   data arrival time

                  0.00   10.00   10.00   clock clk (rise edge)
                          0.00   10.00   clock network delay (ideal)
                         -0.20    9.80   clock uncertainty
                          0.00    9.80   clock reconvergence pessimism
                                  9.80 ^ _149_/CLK (sky130_fd_sc_hd__dfxtp_2)
                         -0.11    9.69   library setup time
                                  9.69   data required time
-----------------------------------------------------------------------------
                                  9.69   data required time
                                 -1.45   data arrival time
-----------------------------------------------------------------------------
                                  8.23   slack (MET)




===========================================================================
report_checks --slack_max -0.01
============================================================================
======================= Typical Corner ===================================

No paths found.


===========================================================================
 report_check_types -max_slew -max_cap -max_fanout -violators
============================================================================
======================= Typical Corner ===================================


max slew violations count Typical: 0
max fanout violations count Typical: 0
max cap violations count Typical: 0

===========================================================================
report_parasitic_annotation -report_unannotated
============================================================================
Found 112 unannotated drivers.
 btnC
 clk
 _063_/Y
 _064_/X
 _065_/X
 _066_/X
 _067_/X
 _068_/Y
 _069_/X
 _070_/X
 _071_/X
 _072_/Y
 _073_/Y
 _074_/Y
 _075_/Y
 _076_/X
 _077_/X
 _078_/Y
 _079_/X
 _080_/Y
 _081_/Y
 _082_/Y
 _083_/X
 _084_/X
 _085_/X
 _086_/Y
 _087_/X
 _088_/X
 _089_/X
 _090_/X
 _091_/X
 _092_/X
 _093_/X
 _094_/Y
 _095_/Y
 _096_/X
 _097_/X
 _098_/X
 _099_/X
 _100_/X
 _101_/X
 _102_/Y
 _103_/X
 _104_/Y
 _105_/X
 _106_/X
 _107_/X
 _108_/X
 _109_/X
 _110_/X
 _111_/Y
 _112_/Y
 _113_/X
 _114_/X
 _115_/X
 _116_/X
 _117_/X
 _118_/X
 _119_/X
 _120_/X
 _121_/Y
 _122_/X
 _123_/X
 _124_/X
 _125_/Y
 _126_/X
 _127_/X
 _128_/Y
 _129_/Y
 _130_/Y
 _131_/Y
 _132_/Q
 _133_/Q
 _134_/Q
 _135_/Q
 _136_/Q
 _137_/Q
 _138_/Q
 _139_/Q
 _140_/Q
 _141_/Q
 _142_/Q
 _143_/Q
 _144_/Q
 _145_/Q
 _146_/Q
 _147_/Q
 _148_/Q
 _149_/Q
 _150_/Q
 _151_/Q
 _152_/Q
 _153_/Q
 _154_/Q
 _155_/Q
 _156_/HI
 _156_/LO
 _157_/HI
 _157_/LO
 _158_/HI
 _158_/LO
 _159_/HI
 _159_/LO
 _160_/HI
 _160_/LO
 _161_/HI
 _161_/LO
 _162_/HI
 _162_/LO
 _163_/HI
 _163_/LO
 _164_/X
Found 0 partially unannotated drivers.

===========================================================================
max slew violation count 0
max fanout violation count 0
max cap violation count 0
============================================================================

===========================================================================
check_setup -verbose -unconstrained_endpoints -multiple_clock -no_clock -no_input_delay -loops -generated_clocks
===========================================================================
Warning: There is 1 input port missing set_input_delay.
  btnC
Warning: There are 4 unclocked register/latch pins.
  _152_/CLK
  _153_/CLK
  _154_/CLK
  _155_/CLK
Warning: There are 19 unconstrained endpoints.
  an[0]
  an[1]
  an[2]
  an[3]
  an[4]
  an[5]
  an[6]
  an[7]
  seg[0]
  seg[1]
  seg[2]
  seg[3]
  seg[4]
  seg[5]
  seg[6]
  _152_/D
  _153_/D
  _154_/D
  _155_/D
