
===========================================================================
 report_power
============================================================================
======================= Fastest Corner ===================================

Group                  Internal  Switching    Leakage      Total
                          Power      Power      Power      Power (Watts)
----------------------------------------------------------------
Sequential             1.88e-04   1.09e-04   1.31e-08   2.98e-04  10.9%
Combinational          5.54e-04   1.74e-03   1.29e-09   2.29e-03  83.6%
Clock                  9.14e-05   5.85e-05   1.05e-09   1.50e-04   5.5%
Macro                  0.00e+00   0.00e+00   0.00e+00   0.00e+00   0.0%
Pad                    0.00e+00   0.00e+00   0.00e+00   0.00e+00   0.0%
----------------------------------------------------------------
Total                  8.34e-04   1.90e-03   1.55e-08   2.74e-03 100.0%
                          30.5%      69.5%       0.0%

======================= Slowest Corner ===================================

Group                  Internal  Switching    Leakage      Total
                          Power      Power      Power      Power (Watts)
----------------------------------------------------------------
Sequential             1.28e-04   7.28e-05   4.16e-07   2.02e-04  10.8%
Combinational          4.06e-04   1.16e-03   1.16e-06   1.57e-03  83.7%
Clock                  6.54e-05   3.78e-05   8.26e-08   1.03e-04   5.5%
Macro                  0.00e+00   0.00e+00   0.00e+00   0.00e+00   0.0%
Pad                    0.00e+00   0.00e+00   0.00e+00   0.00e+00   0.0%
----------------------------------------------------------------
Total                  6.00e-04   1.27e-03   1.66e-06   1.87e-03 100.0%
                          32.1%      67.9%       0.1%

======================= Typical Corner ===================================

Group                  Internal  Switching    Leakage      Total
                          Power      Power      Power      Power (Watts)
----------------------------------------------------------------
Sequential             1.63e-04   9.26e-05   1.29e-08   2.56e-04  10.9%
Combinational          4.99e-04   1.47e-03   8.05e-10   1.97e-03  83.7%
Clock                  8.01e-05   4.92e-05   8.30e-10   1.29e-04   5.5%
Macro                  0.00e+00   0.00e+00   0.00e+00   0.00e+00   0.0%
Pad                    0.00e+00   0.00e+00   0.00e+00   0.00e+00   0.0%
----------------------------------------------------------------
Total                  7.43e-04   1.61e-03   1.46e-08   2.36e-03 100.0%
                          31.5%      68.5%       0.0%

