
===========================================================================
report_checks -unconstrained
===========================================================================
======================= Fastest Corner ===================================

Startpoint: _464_ (rising edge-triggered flip-flop clocked by CLK100MHZ)
Endpoint: _461_ (rising edge-triggered flip-flop clocked by CLK100MHZ)
Path Group: CLK100MHZ
Path Type: max
Corner: Fastest

Fanout     Cap    Slew   Delay    Time   Description
-----------------------------------------------------------------------------
                          0.00    0.00   clock CLK100MHZ (rise edge)
                          0.00    0.00   clock source latency
     1    0.03    0.00    0.00    0.00 ^ CLK100MHZ (in)
                                         CLK100MHZ (net)
                  0.00    0.00    0.00 ^ clkbuf_0_CLK100MHZ/A (sky130_fd_sc_hd__clkbuf_16)
     2    0.02    0.03    0.08    0.08 ^ clkbuf_0_CLK100MHZ/X (sky130_fd_sc_hd__clkbuf_16)
                                         clknet_0_CLK100MHZ (net)
                  0.03    0.00    0.08 ^ clkbuf_1_0__f_CLK100MHZ/A (sky130_fd_sc_hd__clkbuf_16)
    16    0.07    0.07    0.11    0.19 ^ clkbuf_1_0__f_CLK100MHZ/X (sky130_fd_sc_hd__clkbuf_16)
                                         clknet_1_0__leaf_CLK100MHZ (net)
                  0.07    0.00    0.19 ^ _464_/CLK (sky130_fd_sc_hd__dfrtp_1)
     3    0.03    0.19    0.32    0.52 ^ _464_/Q (sky130_fd_sc_hd__dfrtp_1)
                                         imem.address[2] (net)
                  0.19    0.00    0.52 ^ _215_/A (sky130_fd_sc_hd__clkbuf_4)
    10    0.06    0.15    0.21    0.73 ^ _215_/X (sky130_fd_sc_hd__clkbuf_4)
                                         _060_ (net)
                  0.15    0.00    0.73 ^ _216_/A (sky130_fd_sc_hd__clkbuf_2)
     5    0.05    0.19    0.20    0.93 ^ _216_/X (sky130_fd_sc_hd__clkbuf_2)
                                         _061_ (net)
                  0.19    0.00    0.93 ^ _246_/A_N (sky130_fd_sc_hd__and3b_1)
     1    0.01    0.05    0.15    1.08 v _246_/X (sky130_fd_sc_hd__and3b_1)
                                         _088_ (net)
                  0.05    0.00    1.08 v _247_/A (sky130_fd_sc_hd__buf_2)
     7    0.06    0.10    0.15    1.23 v _247_/X (sky130_fd_sc_hd__buf_2)
                                         _089_ (net)
                  0.11    0.01    1.24 v _248_/B (sky130_fd_sc_hd__or2_1)
     1    0.01    0.05    0.17    1.41 v _248_/X (sky130_fd_sc_hd__or2_1)
                                         _090_ (net)
                  0.05    0.00    1.41 v _249_/A (sky130_fd_sc_hd__clkbuf_2)
     5    0.04    0.12    0.15    1.56 v _249_/X (sky130_fd_sc_hd__clkbuf_2)
                                         _091_ (net)
                  0.12    0.00    1.57 v _266_/A2 (sky130_fd_sc_hd__a21o_1)
     2    0.02    0.07    0.19    1.76 v _266_/X (sky130_fd_sc_hd__a21o_1)
                                         _108_ (net)
                  0.07    0.00    1.76 v _268_/B (sky130_fd_sc_hd__or3_2)
     2    0.02    0.09    0.32    2.08 v _268_/X (sky130_fd_sc_hd__or3_2)
                                         _110_ (net)
                  0.09    0.00    2.08 v _312_/A2 (sky130_fd_sc_hd__a21oi_2)
     3    0.02    0.22    0.22    2.30 ^ _312_/Y (sky130_fd_sc_hd__a21oi_2)
                                         _154_ (net)
                  0.22    0.00    2.30 ^ _319_/A2 (sky130_fd_sc_hd__o21ai_2)
     3    0.03    0.11    0.10    2.40 v _319_/Y (sky130_fd_sc_hd__o21ai_2)
                                         _161_ (net)
                  0.11    0.00    2.41 v _373_/A1 (sky130_fd_sc_hd__a21oi_2)
     3    0.04    0.36    0.32    2.73 ^ _373_/Y (sky130_fd_sc_hd__a21oi_2)
                                         _204_ (net)
                  0.36    0.00    2.73 ^ _380_/A_N (sky130_fd_sc_hd__and2b_1)
     1    0.02    0.06    0.16    2.89 v _380_/X (sky130_fd_sc_hd__and2b_1)
                                         _211_ (net)
                  0.06    0.00    2.89 v _382_/A (sky130_fd_sc_hd__nor2_1)
     4    0.04    0.45    0.36    3.25 ^ _382_/Y (sky130_fd_sc_hd__nor2_1)
                                         _213_ (net)
                  0.45    0.00    3.25 ^ _432_/A1 (sky130_fd_sc_hd__mux2_1)
     1    0.02    0.15    0.19    3.44 ^ _432_/X (sky130_fd_sc_hd__mux2_1)
                                         _059_ (net)
                  0.15    0.00    3.45 ^ _433_/A (sky130_fd_sc_hd__buf_1)
     1    0.02    0.17    0.16    3.60 ^ _433_/X (sky130_fd_sc_hd__buf_1)
                                         _027_ (net)
                  0.17    0.00    3.61 ^ _461_/D (sky130_fd_sc_hd__dfxtp_1)
                                  3.61   data arrival time

                         10.00   10.00   clock CLK100MHZ (rise edge)
                          0.00   10.00   clock source latency
     1    0.03    0.00    0.00   10.00 ^ CLK100MHZ (in)
                                         CLK100MHZ (net)
                  0.00    0.00   10.00 ^ clkbuf_0_CLK100MHZ/A (sky130_fd_sc_hd__clkbuf_16)
     2    0.02    0.03    0.08   10.08 ^ clkbuf_0_CLK100MHZ/X (sky130_fd_sc_hd__clkbuf_16)
                                         clknet_0_CLK100MHZ (net)
                  0.03    0.00   10.08 ^ clkbuf_1_0__f_CLK100MHZ/A (sky130_fd_sc_hd__clkbuf_16)
    16    0.07    0.07    0.11   10.19 ^ clkbuf_1_0__f_CLK100MHZ/X (sky130_fd_sc_hd__clkbuf_16)
                                         clknet_1_0__leaf_CLK100MHZ (net)
                  0.07    0.01   10.20 ^ _461_/CLK (sky130_fd_sc_hd__dfxtp_1)
                         -0.20   10.00   clock uncertainty
                          0.00   10.00   clock reconvergence pessimism
                         -0.04    9.95   library setup time
                                  9.95   data required time
-----------------------------------------------------------------------------
                                  9.95   data required time
                                 -3.61   data arrival time
-----------------------------------------------------------------------------
                                  6.35   slack (MET)



======================= Slowest Corner ===================================

Startpoint: _464_ (rising edge-triggered flip-flop clocked by CLK100MHZ)
Endpoint: _461_ (rising edge-triggered flip-flop clocked by CLK100MHZ)
Path Group: CLK100MHZ
Path Type: max
Corner: Slowest

Fanout     Cap    Slew   Delay    Time   Description
-----------------------------------------------------------------------------
                          0.00    0.00   clock CLK100MHZ (rise edge)
                          0.00    0.00   clock source latency
     1    0.03    0.00    0.00    0.00 ^ CLK100MHZ (in)
                                         CLK100MHZ (net)
                  0.00    0.00    0.00 ^ clkbuf_0_CLK100MHZ/A (sky130_fd_sc_hd__clkbuf_16)
     2    0.02    0.07    0.19    0.19 ^ clkbuf_0_CLK100MHZ/X (sky130_fd_sc_hd__clkbuf_16)
                                         clknet_0_CLK100MHZ (net)
                  0.07    0.00    0.19 ^ clkbuf_1_0__f_CLK100MHZ/A (sky130_fd_sc_hd__clkbuf_16)
    16    0.07    0.13    0.28    0.47 ^ clkbuf_1_0__f_CLK100MHZ/X (sky130_fd_sc_hd__clkbuf_16)
                                         clknet_1_0__leaf_CLK100MHZ (net)
                  0.13    0.00    0.47 ^ _464_/CLK (sky130_fd_sc_hd__dfrtp_1)
     3    0.03    0.39    0.91    1.39 ^ _464_/Q (sky130_fd_sc_hd__dfrtp_1)
                                         imem.address[2] (net)
                  0.39    0.00    1.39 ^ _215_/A (sky130_fd_sc_hd__clkbuf_4)
    10    0.06    0.31    0.56    1.96 ^ _215_/X (sky130_fd_sc_hd__clkbuf_4)
                                         _060_ (net)
                  0.31    0.00    1.96 ^ _216_/A (sky130_fd_sc_hd__clkbuf_2)
     5    0.04    0.38    0.51    2.47 ^ _216_/X (sky130_fd_sc_hd__clkbuf_2)
                                         _061_ (net)
                  0.38    0.00    2.48 ^ _246_/A_N (sky130_fd_sc_hd__and3b_1)
     1    0.01    0.14    0.54    3.01 v _246_/X (sky130_fd_sc_hd__and3b_1)
                                         _088_ (net)
                  0.14    0.00    3.01 v _247_/A (sky130_fd_sc_hd__buf_2)
     7    0.06    0.27    0.46    3.48 v _247_/X (sky130_fd_sc_hd__buf_2)
                                         _089_ (net)
                  0.27    0.01    3.49 v _248_/B (sky130_fd_sc_hd__or2_1)
     1    0.01    0.15    0.61    4.09 v _248_/X (sky130_fd_sc_hd__or2_1)
                                         _090_ (net)
                  0.15    0.00    4.09 v _249_/A (sky130_fd_sc_hd__clkbuf_2)
     5    0.04    0.30    0.42    4.51 v _249_/X (sky130_fd_sc_hd__clkbuf_2)
                                         _091_ (net)
                  0.30    0.00    4.51 v _266_/A2 (sky130_fd_sc_hd__a21o_1)
     2    0.02    0.19    0.53    5.05 v _266_/X (sky130_fd_sc_hd__a21o_1)
                                         _108_ (net)
                  0.19    0.00    5.05 v _268_/B (sky130_fd_sc_hd__or3_2)
     2    0.02    0.27    1.28    6.33 v _268_/X (sky130_fd_sc_hd__or3_2)
                                         _110_ (net)
                  0.27    0.00    6.33 v _312_/A2 (sky130_fd_sc_hd__a21oi_2)
     3    0.02    0.49    0.56    6.89 ^ _312_/Y (sky130_fd_sc_hd__a21oi_2)
                                         _154_ (net)
                  0.49    0.00    6.89 ^ _319_/A2 (sky130_fd_sc_hd__o21ai_2)
     3    0.03    0.29    0.40    7.29 v _319_/Y (sky130_fd_sc_hd__o21ai_2)
                                         _161_ (net)
                  0.29    0.00    7.29 v _373_/A1 (sky130_fd_sc_hd__a21oi_2)
     3    0.04    0.80    0.79    8.08 ^ _373_/Y (sky130_fd_sc_hd__a21oi_2)
                                         _204_ (net)
                  0.80    0.00    8.09 ^ _380_/A_N (sky130_fd_sc_hd__and2b_1)
     1    0.02    0.17    0.68    8.76 v _380_/X (sky130_fd_sc_hd__and2b_1)
                                         _211_ (net)
                  0.17    0.00    8.77 v _382_/A (sky130_fd_sc_hd__nor2_1)
     4    0.04    1.03    0.87    9.64 ^ _382_/Y (sky130_fd_sc_hd__nor2_1)
                                         _213_ (net)
                  1.03    0.00    9.64 ^ _432_/A1 (sky130_fd_sc_hd__mux2_1)
     1    0.02    0.32    0.73   10.37 ^ _432_/X (sky130_fd_sc_hd__mux2_1)
                                         _059_ (net)
                  0.32    0.00   10.37 ^ _433_/A (sky130_fd_sc_hd__buf_1)
     1    0.02    0.37    0.46   10.83 ^ _433_/X (sky130_fd_sc_hd__buf_1)
                                         _027_ (net)
                  0.37    0.00   10.83 ^ _461_/D (sky130_fd_sc_hd__dfxtp_1)
                                 10.83   data arrival time

                         10.00   10.00   clock CLK100MHZ (rise edge)
                          0.00   10.00   clock source latency
     1    0.03    0.00    0.00   10.00 ^ CLK100MHZ (in)
                                         CLK100MHZ (net)
                  0.00    0.00   10.00 ^ clkbuf_0_CLK100MHZ/A (sky130_fd_sc_hd__clkbuf_16)
     2    0.02    0.07    0.19   10.19 ^ clkbuf_0_CLK100MHZ/X (sky130_fd_sc_hd__clkbuf_16)
                                         clknet_0_CLK100MHZ (net)
                  0.07    0.00   10.19 ^ clkbuf_1_0__f_CLK100MHZ/A (sky130_fd_sc_hd__clkbuf_16)
    16    0.07    0.13    0.28   10.47 ^ clkbuf_1_0__f_CLK100MHZ/X (sky130_fd_sc_hd__clkbuf_16)
                                         clknet_1_0__leaf_CLK100MHZ (net)
                  0.13    0.01   10.48 ^ _461_/CLK (sky130_fd_sc_hd__dfxtp_1)
                         -0.20   10.28   clock uncertainty
                          0.00   10.28   clock reconvergence pessimism
                         -0.20   10.08   library setup time
                                 10.08   data required time
-----------------------------------------------------------------------------
                                 10.08   data required time
                                -10.83   data arrival time
-----------------------------------------------------------------------------
                                 -0.75   slack (VIOLATED)



======================= Typical Corner ===================================

Startpoint: _464_ (rising edge-triggered flip-flop clocked by CLK100MHZ)
Endpoint: _461_ (rising edge-triggered flip-flop clocked by CLK100MHZ)
Path Group: CLK100MHZ
Path Type: max
Corner: Typical

Fanout     Cap    Slew   Delay    Time   Description
-----------------------------------------------------------------------------
                          0.00    0.00   clock CLK100MHZ (rise edge)
                          0.00    0.00   clock source latency
     1    0.03    0.00    0.00    0.00 ^ CLK100MHZ (in)
                                         CLK100MHZ (net)
                  0.00    0.00    0.00 ^ clkbuf_0_CLK100MHZ/A (sky130_fd_sc_hd__clkbuf_16)
     2    0.02    0.04    0.11    0.11 ^ clkbuf_0_CLK100MHZ/X (sky130_fd_sc_hd__clkbuf_16)
                                         clknet_0_CLK100MHZ (net)
                  0.04    0.00    0.11 ^ clkbuf_1_0__f_CLK100MHZ/A (sky130_fd_sc_hd__clkbuf_16)
    16    0.07    0.09    0.16    0.27 ^ clkbuf_1_0__f_CLK100MHZ/X (sky130_fd_sc_hd__clkbuf_16)
                                         clknet_1_0__leaf_CLK100MHZ (net)
                  0.09    0.00    0.28 ^ _464_/CLK (sky130_fd_sc_hd__dfrtp_1)
     3    0.03    0.25    0.49    0.76 ^ _464_/Q (sky130_fd_sc_hd__dfrtp_1)
                                         imem.address[2] (net)
                  0.25    0.00    0.76 ^ _215_/A (sky130_fd_sc_hd__clkbuf_4)
    10    0.06    0.19    0.31    1.08 ^ _215_/X (sky130_fd_sc_hd__clkbuf_4)
                                         _060_ (net)
                  0.19    0.00    1.08 ^ _216_/A (sky130_fd_sc_hd__clkbuf_2)
     5    0.04    0.25    0.29    1.37 ^ _216_/X (sky130_fd_sc_hd__clkbuf_2)
                                         _061_ (net)
                  0.25    0.00    1.38 ^ _246_/A_N (sky130_fd_sc_hd__and3b_1)
     1    0.01    0.07    0.25    1.63 v _246_/X (sky130_fd_sc_hd__and3b_1)
                                         _088_ (net)
                  0.07    0.00    1.63 v _247_/A (sky130_fd_sc_hd__buf_2)
     7    0.06    0.15    0.23    1.86 v _247_/X (sky130_fd_sc_hd__buf_2)
                                         _089_ (net)
                  0.15    0.01    1.87 v _248_/B (sky130_fd_sc_hd__or2_1)
     1    0.01    0.07    0.28    2.15 v _248_/X (sky130_fd_sc_hd__or2_1)
                                         _090_ (net)
                  0.07    0.00    2.15 v _249_/A (sky130_fd_sc_hd__clkbuf_2)
     5    0.04    0.17    0.22    2.37 v _249_/X (sky130_fd_sc_hd__clkbuf_2)
                                         _091_ (net)
                  0.17    0.00    2.37 v _266_/A2 (sky130_fd_sc_hd__a21o_1)
     2    0.02    0.10    0.29    2.66 v _266_/X (sky130_fd_sc_hd__a21o_1)
                                         _108_ (net)
                  0.10    0.00    2.66 v _268_/B (sky130_fd_sc_hd__or3_2)
     2    0.02    0.14    0.55    3.21 v _268_/X (sky130_fd_sc_hd__or3_2)
                                         _110_ (net)
                  0.14    0.00    3.22 v _312_/A2 (sky130_fd_sc_hd__a21oi_2)
     3    0.02    0.30    0.32    3.53 ^ _312_/Y (sky130_fd_sc_hd__a21oi_2)
                                         _154_ (net)
                  0.30    0.00    3.54 ^ _319_/A2 (sky130_fd_sc_hd__o21ai_2)
     3    0.03    0.15    0.18    3.72 v _319_/Y (sky130_fd_sc_hd__o21ai_2)
                                         _161_ (net)
                  0.15    0.00    3.72 v _373_/A1 (sky130_fd_sc_hd__a21oi_2)
     3    0.04    0.50    0.46    4.18 ^ _373_/Y (sky130_fd_sc_hd__a21oi_2)
                                         _204_ (net)
                  0.50    0.00    4.18 ^ _380_/A_N (sky130_fd_sc_hd__and2b_1)
     1    0.02    0.09    0.29    4.48 v _380_/X (sky130_fd_sc_hd__and2b_1)
                                         _211_ (net)
                  0.09    0.00    4.48 v _382_/A (sky130_fd_sc_hd__nor2_1)
     4    0.04    0.62    0.51    4.99 ^ _382_/Y (sky130_fd_sc_hd__nor2_1)
                                         _213_ (net)
                  0.62    0.00    4.99 ^ _432_/A1 (sky130_fd_sc_hd__mux2_1)
     1    0.02    0.20    0.35    5.34 ^ _432_/X (sky130_fd_sc_hd__mux2_1)
                                         _059_ (net)
                  0.20    0.00    5.34 ^ _433_/A (sky130_fd_sc_hd__buf_1)
     1    0.02    0.23    0.24    5.59 ^ _433_/X (sky130_fd_sc_hd__buf_1)
                                         _027_ (net)
                  0.23    0.00    5.59 ^ _461_/D (sky130_fd_sc_hd__dfxtp_1)
                                  5.59   data arrival time

                         10.00   10.00   clock CLK100MHZ (rise edge)
                          0.00   10.00   clock source latency
     1    0.03    0.00    0.00   10.00 ^ CLK100MHZ (in)
                                         CLK100MHZ (net)
                  0.00    0.00   10.00 ^ clkbuf_0_CLK100MHZ/A (sky130_fd_sc_hd__clkbuf_16)
     2    0.02    0.04    0.11   10.11 ^ clkbuf_0_CLK100MHZ/X (sky130_fd_sc_hd__clkbuf_16)
                                         clknet_0_CLK100MHZ (net)
                  0.04    0.00   10.11 ^ clkbuf_1_0__f_CLK100MHZ/A (sky130_fd_sc_hd__clkbuf_16)
    16    0.07    0.09    0.16   10.27 ^ clkbuf_1_0__f_CLK100MHZ/X (sky130_fd_sc_hd__clkbuf_16)
                                         clknet_1_0__leaf_CLK100MHZ (net)
                  0.09    0.01   10.28 ^ _461_/CLK (sky130_fd_sc_hd__dfxtp_1)
                         -0.20   10.08   clock uncertainty
                          0.00   10.08   clock reconvergence pessimism
                         -0.09    9.99   library setup time
                                  9.99   data required time
-----------------------------------------------------------------------------
                                  9.99   data required time
                                 -5.59   data arrival time
-----------------------------------------------------------------------------
                                  4.40   slack (MET)




===========================================================================
report_checks --slack_max -0.01
============================================================================
======================= Fastest Corner ===================================

No paths found.

======================= Slowest Corner ===================================

Startpoint: _464_ (rising edge-triggered flip-flop clocked by CLK100MHZ)
Endpoint: _461_ (rising edge-triggered flip-flop clocked by CLK100MHZ)
Path Group: CLK100MHZ
Path Type: max
Corner: Slowest

Fanout     Cap    Slew   Delay    Time   Description
-----------------------------------------------------------------------------
                          0.00    0.00   clock CLK100MHZ (rise edge)
                          0.00    0.00   clock source latency
     1    0.03    0.00    0.00    0.00 ^ CLK100MHZ (in)
                                         CLK100MHZ (net)
                  0.00    0.00    0.00 ^ clkbuf_0_CLK100MHZ/A (sky130_fd_sc_hd__clkbuf_16)
     2    0.02    0.07    0.19    0.19 ^ clkbuf_0_CLK100MHZ/X (sky130_fd_sc_hd__clkbuf_16)
                                         clknet_0_CLK100MHZ (net)
                  0.07    0.00    0.19 ^ clkbuf_1_0__f_CLK100MHZ/A (sky130_fd_sc_hd__clkbuf_16)
    16    0.07    0.13    0.28    0.47 ^ clkbuf_1_0__f_CLK100MHZ/X (sky130_fd_sc_hd__clkbuf_16)
                                         clknet_1_0__leaf_CLK100MHZ (net)
                  0.13    0.00    0.47 ^ _464_/CLK (sky130_fd_sc_hd__dfrtp_1)
     3    0.03    0.39    0.91    1.39 ^ _464_/Q (sky130_fd_sc_hd__dfrtp_1)
                                         imem.address[2] (net)
                  0.39    0.00    1.39 ^ _215_/A (sky130_fd_sc_hd__clkbuf_4)
    10    0.06    0.31    0.56    1.96 ^ _215_/X (sky130_fd_sc_hd__clkbuf_4)
                                         _060_ (net)
                  0.31    0.00    1.96 ^ _216_/A (sky130_fd_sc_hd__clkbuf_2)
     5    0.04    0.38    0.51    2.47 ^ _216_/X (sky130_fd_sc_hd__clkbuf_2)
                                         _061_ (net)
                  0.38    0.00    2.48 ^ _246_/A_N (sky130_fd_sc_hd__and3b_1)
     1    0.01    0.14    0.54    3.01 v _246_/X (sky130_fd_sc_hd__and3b_1)
                                         _088_ (net)
                  0.14    0.00    3.01 v _247_/A (sky130_fd_sc_hd__buf_2)
     7    0.06    0.27    0.46    3.48 v _247_/X (sky130_fd_sc_hd__buf_2)
                                         _089_ (net)
                  0.27    0.01    3.49 v _248_/B (sky130_fd_sc_hd__or2_1)
     1    0.01    0.15    0.61    4.09 v _248_/X (sky130_fd_sc_hd__or2_1)
                                         _090_ (net)
                  0.15    0.00    4.09 v _249_/A (sky130_fd_sc_hd__clkbuf_2)
     5    0.04    0.30    0.42    4.51 v _249_/X (sky130_fd_sc_hd__clkbuf_2)
                                         _091_ (net)
                  0.30    0.00    4.51 v _266_/A2 (sky130_fd_sc_hd__a21o_1)
     2    0.02    0.19    0.53    5.05 v _266_/X (sky130_fd_sc_hd__a21o_1)
                                         _108_ (net)
                  0.19    0.00    5.05 v _268_/B (sky130_fd_sc_hd__or3_2)
     2    0.02    0.27    1.28    6.33 v _268_/X (sky130_fd_sc_hd__or3_2)
                                         _110_ (net)
                  0.27    0.00    6.33 v _312_/A2 (sky130_fd_sc_hd__a21oi_2)
     3    0.02    0.49    0.56    6.89 ^ _312_/Y (sky130_fd_sc_hd__a21oi_2)
                                         _154_ (net)
                  0.49    0.00    6.89 ^ _319_/A2 (sky130_fd_sc_hd__o21ai_2)
     3    0.03    0.29    0.40    7.29 v _319_/Y (sky130_fd_sc_hd__o21ai_2)
                                         _161_ (net)
                  0.29    0.00    7.29 v _373_/A1 (sky130_fd_sc_hd__a21oi_2)
     3    0.04    0.80    0.79    8.08 ^ _373_/Y (sky130_fd_sc_hd__a21oi_2)
                                         _204_ (net)
                  0.80    0.00    8.09 ^ _380_/A_N (sky130_fd_sc_hd__and2b_1)
     1    0.02    0.17    0.68    8.76 v _380_/X (sky130_fd_sc_hd__and2b_1)
                                         _211_ (net)
                  0.17    0.00    8.77 v _382_/A (sky130_fd_sc_hd__nor2_1)
     4    0.04    1.03    0.87    9.64 ^ _382_/Y (sky130_fd_sc_hd__nor2_1)
                                         _213_ (net)
                  1.03    0.00    9.64 ^ _432_/A1 (sky130_fd_sc_hd__mux2_1)
     1    0.02    0.32    0.73   10.37 ^ _432_/X (sky130_fd_sc_hd__mux2_1)
                                         _059_ (net)
                  0.32    0.00   10.37 ^ _433_/A (sky130_fd_sc_hd__buf_1)
     1    0.02    0.37    0.46   10.83 ^ _433_/X (sky130_fd_sc_hd__buf_1)
                                         _027_ (net)
                  0.37    0.00   10.83 ^ _461_/D (sky130_fd_sc_hd__dfxtp_1)
                                 10.83   data arrival time

                         10.00   10.00   clock CLK100MHZ (rise edge)
                          0.00   10.00   clock source latency
     1    0.03    0.00    0.00   10.00 ^ CLK100MHZ (in)
                                         CLK100MHZ (net)
                  0.00    0.00   10.00 ^ clkbuf_0_CLK100MHZ/A (sky130_fd_sc_hd__clkbuf_16)
     2    0.02    0.07    0.19   10.19 ^ clkbuf_0_CLK100MHZ/X (sky130_fd_sc_hd__clkbuf_16)
                                         clknet_0_CLK100MHZ (net)
                  0.07    0.00   10.19 ^ clkbuf_1_0__f_CLK100MHZ/A (sky130_fd_sc_hd__clkbuf_16)
    16    0.07    0.13    0.28   10.47 ^ clkbuf_1_0__f_CLK100MHZ/X (sky130_fd_sc_hd__clkbuf_16)
                                         clknet_1_0__leaf_CLK100MHZ (net)
                  0.13    0.01   10.48 ^ _461_/CLK (sky130_fd_sc_hd__dfxtp_1)
                         -0.20   10.28   clock uncertainty
                          0.00   10.28   clock reconvergence pessimism
                         -0.20   10.08   library setup time
                                 10.08   data required time
-----------------------------------------------------------------------------
                                 10.08   data required time
                                -10.83   data arrival time
-----------------------------------------------------------------------------
                                 -0.75   slack (VIOLATED)



======================= Typical Corner ===================================

No paths found.


===========================================================================
 report_check_types -max_slew -max_cap -max_fanout -violators
============================================================================
======================= Fastest Corner ===================================


max slew violations count Fastest: 0
max fanout violations count Fastest: 0
max cap violations count Fastest: 0
======================= Slowest Corner ===================================


max slew violations count Slowest: 0
max fanout violations count Slowest: 0
max cap violations count Slowest: 0
======================= Typical Corner ===================================


max slew violations count Typical: 0
max fanout violations count Typical: 0
max cap violations count Typical: 0

===========================================================================
report_parasitic_annotation -report_unannotated
============================================================================
Found 5 unannotated drivers.
 clkload0/Y
 top_module_10/HI
 top_module_11/LO
 top_module_12/LO
 top_module_13/LO
Found 0 partially unannotated drivers.

===========================================================================
max slew violation count 0
max fanout violation count 0
max cap violation count 0
============================================================================

===========================================================================
check_setup -verbose -unconstrained_endpoints -multiple_clock -no_clock -no_input_delay -loops -generated_clocks
===========================================================================
Warning: There are 2 input ports missing set_input_delay.
  BTNR
  BTNU
Warning: There are 11 unconstrained endpoints.
  an[0]
  an[1]
  an[2]
  an[3]
  seg[0]
  seg[1]
  seg[2]
  seg[3]
  seg[4]
  seg[5]
  seg[6]
