
===========================================================================
report_checks -unconstrained
===========================================================================
======================= Fastest Corner ===================================

Startpoint: _464_ (rising edge-triggered flip-flop clocked by CLK100MHZ)
Endpoint: _461_ (rising edge-triggered flip-flop clocked by CLK100MHZ)
Path Group: CLK100MHZ
Path Type: max
Corner: Fastest

Fanout     Cap    Slew   Delay    Time   Description
-----------------------------------------------------------------------------
                          0.00    0.00   clock CLK100MHZ (rise edge)
                          0.00    0.00   clock source latency
     1    0.02    0.00    0.00    0.00 ^ CLK100MHZ (in)
                                         CLK100MHZ (net)
                  0.00    0.00    0.00 ^ clkbuf_0_CLK100MHZ/A (sky130_fd_sc_hd__clkbuf_16)
     2    0.02    0.03    0.08    0.08 ^ clkbuf_0_CLK100MHZ/X (sky130_fd_sc_hd__clkbuf_16)
                                         clknet_0_CLK100MHZ (net)
                  0.03    0.00    0.08 ^ clkbuf_1_0__f_CLK100MHZ/A (sky130_fd_sc_hd__clkbuf_16)
    16    0.06    0.06    0.11    0.19 ^ clkbuf_1_0__f_CLK100MHZ/X (sky130_fd_sc_hd__clkbuf_16)
                                         clknet_1_0__leaf_CLK100MHZ (net)
                  0.06    0.00    0.19 ^ _464_/CLK (sky130_fd_sc_hd__dfrtp_1)
     3    0.03    0.17    0.31    0.50 ^ _464_/Q (sky130_fd_sc_hd__dfrtp_1)
                                         imem.address[2] (net)
                  0.17    0.00    0.50 ^ _215_/A (sky130_fd_sc_hd__clkbuf_4)
    10    0.06    0.14    0.20    0.70 ^ _215_/X (sky130_fd_sc_hd__clkbuf_4)
                                         _060_ (net)
                  0.14    0.00    0.70 ^ _216_/A (sky130_fd_sc_hd__clkbuf_2)
     5    0.04    0.18    0.19    0.89 ^ _216_/X (sky130_fd_sc_hd__clkbuf_2)
                                         _061_ (net)
                  0.18    0.00    0.90 ^ _246_/A_N (sky130_fd_sc_hd__and3b_1)
     1    0.01    0.05    0.14    1.04 v _246_/X (sky130_fd_sc_hd__and3b_1)
                                         _088_ (net)
                  0.05    0.00    1.04 v _247_/A (sky130_fd_sc_hd__buf_2)
     7    0.06    0.10    0.15    1.19 v _247_/X (sky130_fd_sc_hd__buf_2)
                                         _089_ (net)
                  0.10    0.00    1.19 v _248_/B (sky130_fd_sc_hd__or2_1)
     1    0.01    0.05    0.16    1.36 v _248_/X (sky130_fd_sc_hd__or2_1)
                                         _090_ (net)
                  0.05    0.00    1.36 v _249_/A (sky130_fd_sc_hd__clkbuf_2)
     5    0.04    0.11    0.15    1.50 v _249_/X (sky130_fd_sc_hd__clkbuf_2)
                                         _091_ (net)
                  0.11    0.00    1.51 v _266_/A2 (sky130_fd_sc_hd__a21o_1)
     2    0.02    0.07    0.18    1.69 v _266_/X (sky130_fd_sc_hd__a21o_1)
                                         _108_ (net)
                  0.07    0.00    1.69 v _268_/B (sky130_fd_sc_hd__or3_2)
     2    0.02    0.09    0.32    2.00 v _268_/X (sky130_fd_sc_hd__or3_2)
                                         _110_ (net)
                  0.09    0.00    2.00 v _312_/A2 (sky130_fd_sc_hd__a21oi_2)
     3    0.02    0.21    0.21    2.21 ^ _312_/Y (sky130_fd_sc_hd__a21oi_2)
                                         _154_ (net)
                  0.21    0.00    2.21 ^ _319_/A2 (sky130_fd_sc_hd__o21ai_2)
     3    0.03    0.10    0.10    2.31 v _319_/Y (sky130_fd_sc_hd__o21ai_2)
                                         _161_ (net)
                  0.10    0.00    2.31 v _373_/A1 (sky130_fd_sc_hd__a21oi_2)
     3    0.04    0.34    0.31    2.62 ^ _373_/Y (sky130_fd_sc_hd__a21oi_2)
                                         _204_ (net)
                  0.34    0.00    2.62 ^ _380_/A_N (sky130_fd_sc_hd__and2b_1)
     1    0.01    0.06    0.15    2.78 v _380_/X (sky130_fd_sc_hd__and2b_1)
                                         _211_ (net)
                  0.06    0.00    2.78 v _382_/A (sky130_fd_sc_hd__nor2_1)
     4    0.03    0.41    0.33    3.11 ^ _382_/Y (sky130_fd_sc_hd__nor2_1)
                                         _213_ (net)
                  0.41    0.00    3.11 ^ _432_/A1 (sky130_fd_sc_hd__mux2_1)
     1    0.02    0.14    0.19    3.30 ^ _432_/X (sky130_fd_sc_hd__mux2_1)
                                         _059_ (net)
                  0.14    0.00    3.30 ^ _433_/A (sky130_fd_sc_hd__buf_1)
     1    0.02    0.16    0.15    3.45 ^ _433_/X (sky130_fd_sc_hd__buf_1)
                                         _027_ (net)
                  0.16    0.00    3.45 ^ _461_/D (sky130_fd_sc_hd__dfxtp_1)
                                  3.45   data arrival time

                         10.00   10.00   clock CLK100MHZ (rise edge)
                          0.00   10.00   clock source latency
     1    0.02    0.00    0.00   10.00 ^ CLK100MHZ (in)
                                         CLK100MHZ (net)
                  0.00    0.00   10.00 ^ clkbuf_0_CLK100MHZ/A (sky130_fd_sc_hd__clkbuf_16)
     2    0.02    0.03    0.08   10.08 ^ clkbuf_0_CLK100MHZ/X (sky130_fd_sc_hd__clkbuf_16)
                                         clknet_0_CLK100MHZ (net)
                  0.03    0.00   10.08 ^ clkbuf_1_0__f_CLK100MHZ/A (sky130_fd_sc_hd__clkbuf_16)
    16    0.06    0.06    0.11   10.19 ^ clkbuf_1_0__f_CLK100MHZ/X (sky130_fd_sc_hd__clkbuf_16)
                                         clknet_1_0__leaf_CLK100MHZ (net)
                  0.06    0.00   10.19 ^ _461_/CLK (sky130_fd_sc_hd__dfxtp_1)
                         -0.20    9.99   clock uncertainty
                          0.00    9.99   clock reconvergence pessimism
                         -0.04    9.95   library setup time
                                  9.95   data required time
-----------------------------------------------------------------------------
                                  9.95   data required time
                                 -3.45   data arrival time
-----------------------------------------------------------------------------
                                  6.50   slack (MET)



======================= Slowest Corner ===================================

Startpoint: _464_ (rising edge-triggered flip-flop clocked by CLK100MHZ)
Endpoint: _461_ (rising edge-triggered flip-flop clocked by CLK100MHZ)
Path Group: CLK100MHZ
Path Type: max
Corner: Slowest

Fanout     Cap    Slew   Delay    Time   Description
-----------------------------------------------------------------------------
                          0.00    0.00   clock CLK100MHZ (rise edge)
                          0.00    0.00   clock source latency
     1    0.02    0.00    0.00    0.00 ^ CLK100MHZ (in)
                                         CLK100MHZ (net)
                  0.00    0.00    0.00 ^ clkbuf_0_CLK100MHZ/A (sky130_fd_sc_hd__clkbuf_16)
     2    0.02    0.07    0.19    0.19 ^ clkbuf_0_CLK100MHZ/X (sky130_fd_sc_hd__clkbuf_16)
                                         clknet_0_CLK100MHZ (net)
                  0.07    0.00    0.19 ^ clkbuf_1_0__f_CLK100MHZ/A (sky130_fd_sc_hd__clkbuf_16)
    16    0.06    0.12    0.27    0.46 ^ clkbuf_1_0__f_CLK100MHZ/X (sky130_fd_sc_hd__clkbuf_16)
                                         clknet_1_0__leaf_CLK100MHZ (net)
                  0.12    0.00    0.47 ^ _464_/CLK (sky130_fd_sc_hd__dfrtp_1)
     3    0.03    0.36    0.89    1.36 ^ _464_/Q (sky130_fd_sc_hd__dfrtp_1)
                                         imem.address[2] (net)
                  0.36    0.00    1.36 ^ _215_/A (sky130_fd_sc_hd__clkbuf_4)
    10    0.06    0.29    0.54    1.90 ^ _215_/X (sky130_fd_sc_hd__clkbuf_4)
                                         _060_ (net)
                  0.29    0.00    1.90 ^ _216_/A (sky130_fd_sc_hd__clkbuf_2)
     5    0.04    0.35    0.49    2.39 ^ _216_/X (sky130_fd_sc_hd__clkbuf_2)
                                         _061_ (net)
                  0.35    0.00    2.39 ^ _246_/A_N (sky130_fd_sc_hd__and3b_1)
     1    0.01    0.13    0.52    2.91 v _246_/X (sky130_fd_sc_hd__and3b_1)
                                         _088_ (net)
                  0.13    0.00    2.91 v _247_/A (sky130_fd_sc_hd__buf_2)
     7    0.06    0.26    0.45    3.36 v _247_/X (sky130_fd_sc_hd__buf_2)
                                         _089_ (net)
                  0.26    0.00    3.36 v _248_/B (sky130_fd_sc_hd__or2_1)
     1    0.01    0.14    0.59    3.96 v _248_/X (sky130_fd_sc_hd__or2_1)
                                         _090_ (net)
                  0.14    0.00    3.96 v _249_/A (sky130_fd_sc_hd__clkbuf_2)
     5    0.04    0.28    0.40    4.36 v _249_/X (sky130_fd_sc_hd__clkbuf_2)
                                         _091_ (net)
                  0.28    0.00    4.36 v _266_/A2 (sky130_fd_sc_hd__a21o_1)
     2    0.02    0.18    0.52    4.87 v _266_/X (sky130_fd_sc_hd__a21o_1)
                                         _108_ (net)
                  0.18    0.00    4.87 v _268_/B (sky130_fd_sc_hd__or3_2)
     2    0.02    0.27    1.26    6.14 v _268_/X (sky130_fd_sc_hd__or3_2)
                                         _110_ (net)
                  0.27    0.00    6.14 v _312_/A2 (sky130_fd_sc_hd__a21oi_2)
     3    0.02    0.45    0.53    6.67 ^ _312_/Y (sky130_fd_sc_hd__a21oi_2)
                                         _154_ (net)
                  0.45    0.00    6.67 ^ _319_/A2 (sky130_fd_sc_hd__o21ai_2)
     3    0.03    0.27    0.38    7.05 v _319_/Y (sky130_fd_sc_hd__o21ai_2)
                                         _161_ (net)
                  0.27    0.00    7.05 v _373_/A1 (sky130_fd_sc_hd__a21oi_2)
     3    0.04    0.76    0.75    7.80 ^ _373_/Y (sky130_fd_sc_hd__a21oi_2)
                                         _204_ (net)
                  0.76    0.00    7.80 ^ _380_/A_N (sky130_fd_sc_hd__and2b_1)
     1    0.01    0.15    0.66    8.46 v _380_/X (sky130_fd_sc_hd__and2b_1)
                                         _211_ (net)
                  0.15    0.00    8.47 v _382_/A (sky130_fd_sc_hd__nor2_1)
     4    0.03    0.95    0.81    9.27 ^ _382_/Y (sky130_fd_sc_hd__nor2_1)
                                         _213_ (net)
                  0.95    0.00    9.28 ^ _432_/A1 (sky130_fd_sc_hd__mux2_1)
     1    0.02    0.30    0.70    9.97 ^ _432_/X (sky130_fd_sc_hd__mux2_1)
                                         _059_ (net)
                  0.30    0.00    9.97 ^ _433_/A (sky130_fd_sc_hd__buf_1)
     1    0.02    0.35    0.43   10.41 ^ _433_/X (sky130_fd_sc_hd__buf_1)
                                         _027_ (net)
                  0.35    0.00   10.41 ^ _461_/D (sky130_fd_sc_hd__dfxtp_1)
                                 10.41   data arrival time

                         10.00   10.00   clock CLK100MHZ (rise edge)
                          0.00   10.00   clock source latency
     1    0.02    0.00    0.00   10.00 ^ CLK100MHZ (in)
                                         CLK100MHZ (net)
                  0.00    0.00   10.00 ^ clkbuf_0_CLK100MHZ/A (sky130_fd_sc_hd__clkbuf_16)
     2    0.02    0.07    0.19   10.19 ^ clkbuf_0_CLK100MHZ/X (sky130_fd_sc_hd__clkbuf_16)
                                         clknet_0_CLK100MHZ (net)
                  0.07    0.00   10.19 ^ clkbuf_1_0__f_CLK100MHZ/A (sky130_fd_sc_hd__clkbuf_16)
    16    0.06    0.12    0.27   10.46 ^ clkbuf_1_0__f_CLK100MHZ/X (sky130_fd_sc_hd__clkbuf_16)
                                         clknet_1_0__leaf_CLK100MHZ (net)
                  0.12    0.00   10.47 ^ _461_/CLK (sky130_fd_sc_hd__dfxtp_1)
                         -0.20   10.27   clock uncertainty
                          0.00   10.27   clock reconvergence pessimism
                         -0.19   10.08   library setup time
                                 10.08   data required time
-----------------------------------------------------------------------------
                                 10.08   data required time
                                -10.41   data arrival time
-----------------------------------------------------------------------------
                                 -0.33   slack (VIOLATED)



======================= Typical Corner ===================================

Startpoint: _464_ (rising edge-triggered flip-flop clocked by CLK100MHZ)
Endpoint: _461_ (rising edge-triggered flip-flop clocked by CLK100MHZ)
Path Group: CLK100MHZ
Path Type: max
Corner: Typical

Fanout     Cap    Slew   Delay    Time   Description
-----------------------------------------------------------------------------
                          0.00    0.00   clock CLK100MHZ (rise edge)
                          0.00    0.00   clock source latency
     1    0.02    0.00    0.00    0.00 ^ CLK100MHZ (in)
                                         CLK100MHZ (net)
                  0.00    0.00    0.00 ^ clkbuf_0_CLK100MHZ/A (sky130_fd_sc_hd__clkbuf_16)
     2    0.02    0.04    0.11    0.11 ^ clkbuf_0_CLK100MHZ/X (sky130_fd_sc_hd__clkbuf_16)
                                         clknet_0_CLK100MHZ (net)
                  0.04    0.00    0.11 ^ clkbuf_1_0__f_CLK100MHZ/A (sky130_fd_sc_hd__clkbuf_16)
    16    0.06    0.08    0.16    0.27 ^ clkbuf_1_0__f_CLK100MHZ/X (sky130_fd_sc_hd__clkbuf_16)
                                         clknet_1_0__leaf_CLK100MHZ (net)
                  0.08    0.00    0.27 ^ _464_/CLK (sky130_fd_sc_hd__dfrtp_1)
     3    0.03    0.23    0.47    0.74 ^ _464_/Q (sky130_fd_sc_hd__dfrtp_1)
                                         imem.address[2] (net)
                  0.23    0.00    0.74 ^ _215_/A (sky130_fd_sc_hd__clkbuf_4)
    10    0.06    0.18    0.30    1.04 ^ _215_/X (sky130_fd_sc_hd__clkbuf_4)
                                         _060_ (net)
                  0.18    0.00    1.05 ^ _216_/A (sky130_fd_sc_hd__clkbuf_2)
     5    0.04    0.23    0.28    1.32 ^ _216_/X (sky130_fd_sc_hd__clkbuf_2)
                                         _061_ (net)
                  0.23    0.00    1.32 ^ _246_/A_N (sky130_fd_sc_hd__and3b_1)
     1    0.01    0.07    0.24    1.57 v _246_/X (sky130_fd_sc_hd__and3b_1)
                                         _088_ (net)
                  0.07    0.00    1.57 v _247_/A (sky130_fd_sc_hd__buf_2)
     7    0.06    0.14    0.23    1.79 v _247_/X (sky130_fd_sc_hd__buf_2)
                                         _089_ (net)
                  0.14    0.00    1.80 v _248_/B (sky130_fd_sc_hd__or2_1)
     1    0.01    0.07    0.27    2.07 v _248_/X (sky130_fd_sc_hd__or2_1)
                                         _090_ (net)
                  0.07    0.00    2.07 v _249_/A (sky130_fd_sc_hd__clkbuf_2)
     5    0.04    0.15    0.22    2.28 v _249_/X (sky130_fd_sc_hd__clkbuf_2)
                                         _091_ (net)
                  0.15    0.00    2.29 v _266_/A2 (sky130_fd_sc_hd__a21o_1)
     2    0.02    0.10    0.28    2.56 v _266_/X (sky130_fd_sc_hd__a21o_1)
                                         _108_ (net)
                  0.10    0.00    2.56 v _268_/B (sky130_fd_sc_hd__or3_2)
     2    0.02    0.13    0.54    3.11 v _268_/X (sky130_fd_sc_hd__or3_2)
                                         _110_ (net)
                  0.13    0.00    3.11 v _312_/A2 (sky130_fd_sc_hd__a21oi_2)
     3    0.02    0.28    0.30    3.41 ^ _312_/Y (sky130_fd_sc_hd__a21oi_2)
                                         _154_ (net)
                  0.28    0.00    3.41 ^ _319_/A2 (sky130_fd_sc_hd__o21ai_2)
     3    0.03    0.14    0.17    3.58 v _319_/Y (sky130_fd_sc_hd__o21ai_2)
                                         _161_ (net)
                  0.14    0.00    3.59 v _373_/A1 (sky130_fd_sc_hd__a21oi_2)
     3    0.04    0.47    0.44    4.02 ^ _373_/Y (sky130_fd_sc_hd__a21oi_2)
                                         _204_ (net)
                  0.47    0.00    4.03 ^ _380_/A_N (sky130_fd_sc_hd__and2b_1)
     1    0.01    0.08    0.29    4.31 v _380_/X (sky130_fd_sc_hd__and2b_1)
                                         _211_ (net)
                  0.08    0.00    4.31 v _382_/A (sky130_fd_sc_hd__nor2_1)
     4    0.03    0.57    0.47    4.78 ^ _382_/Y (sky130_fd_sc_hd__nor2_1)
                                         _213_ (net)
                  0.57    0.00    4.79 ^ _432_/A1 (sky130_fd_sc_hd__mux2_1)
     1    0.02    0.19    0.34    5.12 ^ _432_/X (sky130_fd_sc_hd__mux2_1)
                                         _059_ (net)
                  0.19    0.00    5.12 ^ _433_/A (sky130_fd_sc_hd__buf_1)
     1    0.02    0.22    0.23    5.35 ^ _433_/X (sky130_fd_sc_hd__buf_1)
                                         _027_ (net)
                  0.22    0.00    5.36 ^ _461_/D (sky130_fd_sc_hd__dfxtp_1)
                                  5.36   data arrival time

                         10.00   10.00   clock CLK100MHZ (rise edge)
                          0.00   10.00   clock source latency
     1    0.02    0.00    0.00   10.00 ^ CLK100MHZ (in)
                                         CLK100MHZ (net)
                  0.00    0.00   10.00 ^ clkbuf_0_CLK100MHZ/A (sky130_fd_sc_hd__clkbuf_16)
     2    0.02    0.04    0.11   10.11 ^ clkbuf_0_CLK100MHZ/X (sky130_fd_sc_hd__clkbuf_16)
                                         clknet_0_CLK100MHZ (net)
                  0.04    0.00   10.11 ^ clkbuf_1_0__f_CLK100MHZ/A (sky130_fd_sc_hd__clkbuf_16)
    16    0.06    0.08    0.16   10.27 ^ clkbuf_1_0__f_CLK100MHZ/X (sky130_fd_sc_hd__clkbuf_16)
                                         clknet_1_0__leaf_CLK100MHZ (net)
                  0.08    0.00   10.27 ^ _461_/CLK (sky130_fd_sc_hd__dfxtp_1)
                         -0.20   10.07   clock uncertainty
                          0.00   10.07   clock reconvergence pessimism
                         -0.09    9.98   library setup time
                                  9.98   data required time
-----------------------------------------------------------------------------
                                  9.98   data required time
                                 -5.36   data arrival time
-----------------------------------------------------------------------------
                                  4.63   slack (MET)




===========================================================================
report_checks --slack_max -0.01
============================================================================
======================= Fastest Corner ===================================

No paths found.

======================= Slowest Corner ===================================

Startpoint: _464_ (rising edge-triggered flip-flop clocked by CLK100MHZ)
Endpoint: _461_ (rising edge-triggered flip-flop clocked by CLK100MHZ)
Path Group: CLK100MHZ
Path Type: max
Corner: Slowest

Fanout     Cap    Slew   Delay    Time   Description
-----------------------------------------------------------------------------
                          0.00    0.00   clock CLK100MHZ (rise edge)
                          0.00    0.00   clock source latency
     1    0.02    0.00    0.00    0.00 ^ CLK100MHZ (in)
                                         CLK100MHZ (net)
                  0.00    0.00    0.00 ^ clkbuf_0_CLK100MHZ/A (sky130_fd_sc_hd__clkbuf_16)
     2    0.02    0.07    0.19    0.19 ^ clkbuf_0_CLK100MHZ/X (sky130_fd_sc_hd__clkbuf_16)
                                         clknet_0_CLK100MHZ (net)
                  0.07    0.00    0.19 ^ clkbuf_1_0__f_CLK100MHZ/A (sky130_fd_sc_hd__clkbuf_16)
    16    0.06    0.12    0.27    0.46 ^ clkbuf_1_0__f_CLK100MHZ/X (sky130_fd_sc_hd__clkbuf_16)
                                         clknet_1_0__leaf_CLK100MHZ (net)
                  0.12    0.00    0.47 ^ _464_/CLK (sky130_fd_sc_hd__dfrtp_1)
     3    0.03    0.36    0.89    1.36 ^ _464_/Q (sky130_fd_sc_hd__dfrtp_1)
                                         imem.address[2] (net)
                  0.36    0.00    1.36 ^ _215_/A (sky130_fd_sc_hd__clkbuf_4)
    10    0.06    0.29    0.54    1.90 ^ _215_/X (sky130_fd_sc_hd__clkbuf_4)
                                         _060_ (net)
                  0.29    0.00    1.90 ^ _216_/A (sky130_fd_sc_hd__clkbuf_2)
     5    0.04    0.35    0.49    2.39 ^ _216_/X (sky130_fd_sc_hd__clkbuf_2)
                                         _061_ (net)
                  0.35    0.00    2.39 ^ _246_/A_N (sky130_fd_sc_hd__and3b_1)
     1    0.01    0.13    0.52    2.91 v _246_/X (sky130_fd_sc_hd__and3b_1)
                                         _088_ (net)
                  0.13    0.00    2.91 v _247_/A (sky130_fd_sc_hd__buf_2)
     7    0.06    0.26    0.45    3.36 v _247_/X (sky130_fd_sc_hd__buf_2)
                                         _089_ (net)
                  0.26    0.00    3.36 v _248_/B (sky130_fd_sc_hd__or2_1)
     1    0.01    0.14    0.59    3.96 v _248_/X (sky130_fd_sc_hd__or2_1)
                                         _090_ (net)
                  0.14    0.00    3.96 v _249_/A (sky130_fd_sc_hd__clkbuf_2)
     5    0.04    0.28    0.40    4.36 v _249_/X (sky130_fd_sc_hd__clkbuf_2)
                                         _091_ (net)
                  0.28    0.00    4.36 v _266_/A2 (sky130_fd_sc_hd__a21o_1)
     2    0.02    0.18    0.52    4.87 v _266_/X (sky130_fd_sc_hd__a21o_1)
                                         _108_ (net)
                  0.18    0.00    4.87 v _268_/B (sky130_fd_sc_hd__or3_2)
     2    0.02    0.27    1.26    6.14 v _268_/X (sky130_fd_sc_hd__or3_2)
                                         _110_ (net)
                  0.27    0.00    6.14 v _312_/A2 (sky130_fd_sc_hd__a21oi_2)
     3    0.02    0.45    0.53    6.67 ^ _312_/Y (sky130_fd_sc_hd__a21oi_2)
                                         _154_ (net)
                  0.45    0.00    6.67 ^ _319_/A2 (sky130_fd_sc_hd__o21ai_2)
     3    0.03    0.27    0.38    7.05 v _319_/Y (sky130_fd_sc_hd__o21ai_2)
                                         _161_ (net)
                  0.27    0.00    7.05 v _373_/A1 (sky130_fd_sc_hd__a21oi_2)
     3    0.04    0.76    0.75    7.80 ^ _373_/Y (sky130_fd_sc_hd__a21oi_2)
                                         _204_ (net)
                  0.76    0.00    7.80 ^ _380_/A_N (sky130_fd_sc_hd__and2b_1)
     1    0.01    0.15    0.66    8.46 v _380_/X (sky130_fd_sc_hd__and2b_1)
                                         _211_ (net)
                  0.15    0.00    8.47 v _382_/A (sky130_fd_sc_hd__nor2_1)
     4    0.03    0.95    0.81    9.27 ^ _382_/Y (sky130_fd_sc_hd__nor2_1)
                                         _213_ (net)
                  0.95    0.00    9.28 ^ _432_/A1 (sky130_fd_sc_hd__mux2_1)
     1    0.02    0.30    0.70    9.97 ^ _432_/X (sky130_fd_sc_hd__mux2_1)
                                         _059_ (net)
                  0.30    0.00    9.97 ^ _433_/A (sky130_fd_sc_hd__buf_1)
     1    0.02    0.35    0.43   10.41 ^ _433_/X (sky130_fd_sc_hd__buf_1)
                                         _027_ (net)
                  0.35    0.00   10.41 ^ _461_/D (sky130_fd_sc_hd__dfxtp_1)
                                 10.41   data arrival time

                         10.00   10.00   clock CLK100MHZ (rise edge)
                          0.00   10.00   clock source latency
     1    0.02    0.00    0.00   10.00 ^ CLK100MHZ (in)
                                         CLK100MHZ (net)
                  0.00    0.00   10.00 ^ clkbuf_0_CLK100MHZ/A (sky130_fd_sc_hd__clkbuf_16)
     2    0.02    0.07    0.19   10.19 ^ clkbuf_0_CLK100MHZ/X (sky130_fd_sc_hd__clkbuf_16)
                                         clknet_0_CLK100MHZ (net)
                  0.07    0.00   10.19 ^ clkbuf_1_0__f_CLK100MHZ/A (sky130_fd_sc_hd__clkbuf_16)
    16    0.06    0.12    0.27   10.46 ^ clkbuf_1_0__f_CLK100MHZ/X (sky130_fd_sc_hd__clkbuf_16)
                                         clknet_1_0__leaf_CLK100MHZ (net)
                  0.12    0.00   10.47 ^ _461_/CLK (sky130_fd_sc_hd__dfxtp_1)
                         -0.20   10.27   clock uncertainty
                          0.00   10.27   clock reconvergence pessimism
                         -0.19   10.08   library setup time
                                 10.08   data required time
-----------------------------------------------------------------------------
                                 10.08   data required time
                                -10.41   data arrival time
-----------------------------------------------------------------------------
                                 -0.33   slack (VIOLATED)



======================= Typical Corner ===================================

No paths found.


===========================================================================
 report_check_types -max_slew -max_cap -max_fanout -violators
============================================================================
======================= Fastest Corner ===================================


max slew violations count Fastest: 0
max fanout violations count Fastest: 0
max cap violations count Fastest: 0
======================= Slowest Corner ===================================


max slew violations count Slowest: 0
max fanout violations count Slowest: 0
max cap violations count Slowest: 0
======================= Typical Corner ===================================


max slew violations count Typical: 0
max fanout violations count Typical: 0
max cap violations count Typical: 0

===========================================================================
report_parasitic_annotation -report_unannotated
============================================================================
Found 5 unannotated drivers.
 clkload0/Y
 top_module_10/HI
 top_module_11/LO
 top_module_12/LO
 top_module_13/LO
Found 0 partially unannotated drivers.

===========================================================================
max slew violation count 0
max fanout violation count 0
max cap violation count 0
============================================================================

===========================================================================
check_setup -verbose -unconstrained_endpoints -multiple_clock -no_clock -no_input_delay -loops -generated_clocks
===========================================================================
Warning: There are 2 input ports missing set_input_delay.
  BTNR
  BTNU
Warning: There are 11 unconstrained endpoints.
  an[0]
  an[1]
  an[2]
  an[3]
  seg[0]
  seg[1]
  seg[2]
  seg[3]
  seg[4]
  seg[5]
  seg[6]
