
===========================================================================
 report_power
============================================================================
======================= Fastest Corner ===================================

Group                  Internal  Switching    Leakage      Total
                          Power      Power      Power      Power (Watts)
----------------------------------------------------------------
Sequential             1.88e-04   1.00e-04   1.31e-08   2.89e-04  11.1%
Combinational          5.53e-04   1.61e-03   1.29e-09   2.16e-03  83.2%
Clock                  9.13e-05   5.51e-05   1.05e-09   1.46e-04   5.6%
Macro                  0.00e+00   0.00e+00   0.00e+00   0.00e+00   0.0%
Pad                    0.00e+00   0.00e+00   0.00e+00   0.00e+00   0.0%
----------------------------------------------------------------
Total                  8.32e-04   1.77e-03   1.55e-08   2.60e-03 100.0%
                          32.0%      68.0%       0.0%

======================= Slowest Corner ===================================

Group                  Internal  Switching    Leakage      Total
                          Power      Power      Power      Power (Watts)
----------------------------------------------------------------
Sequential             1.28e-04   6.68e-05   4.16e-07   1.96e-04  11.0%
Combinational          4.06e-04   1.07e-03   1.16e-06   1.48e-03  83.3%
Clock                  6.54e-05   3.55e-05   8.26e-08   1.01e-04   5.7%
Macro                  0.00e+00   0.00e+00   0.00e+00   0.00e+00   0.0%
Pad                    0.00e+00   0.00e+00   0.00e+00   0.00e+00   0.0%
----------------------------------------------------------------
Total                  6.00e-04   1.18e-03   1.66e-06   1.78e-03 100.0%
                          33.7%      66.2%       0.1%

======================= Typical Corner ===================================

Group                  Internal  Switching    Leakage      Total
                          Power      Power      Power      Power (Watts)
----------------------------------------------------------------
Sequential             1.63e-04   8.50e-05   1.29e-08   2.48e-04  11.1%
Combinational          4.99e-04   1.37e-03   8.05e-10   1.86e-03  83.3%
Clock                  8.00e-05   4.63e-05   8.30e-10   1.26e-04   5.6%
Macro                  0.00e+00   0.00e+00   0.00e+00   0.00e+00   0.0%
Pad                    0.00e+00   0.00e+00   0.00e+00   0.00e+00   0.0%
----------------------------------------------------------------
Total                  7.42e-04   1.50e-03   1.46e-08   2.24e-03 100.0%
                          33.2%      66.8%       0.0%

