OpenSTA 2.5.0 GITDIR-NOT Copyright (c) 2024, Parallax Software, Inc.
License GPLv3: GNU GPL version 3 <http://gnu.org/licenses/gpl.html>

This is free software, and you are free to change and redistribute it
under certain conditions; type `show_copying' for details. 
This program comes with ABSOLUTELY NO WARRANTY; for details type `show_warranty'.
define_corners Typical
read_liberty -corner Typical /home/pikachu/.volare/sky130A/libs.ref/sky130_fd_sc_hd/lib/sky130_fd_sc_hd__tt_025C_1v80.lib
Using 1e-12 for capacitance...
Using 1e+03 for resistance...
Using 1e-09 for time...
Using 1e+00 for voltage...
Using 1e-03 for current...
Using 1e-09 for power...
Using 1e-06 for distance...
Reading netlist '/openlane/designs/TopZeroToFive/runs/RUN_2025.05.25_10.40.04/results/synthesis/TopZeroToFive.v'…
Reading design constraints file at '/openlane/designs/TopZeroToFive/constraints/topz5_pnr.sdc'…
min_report

===========================================================================
report_checks -path_delay min (Hold)
============================================================================
======================= Typical Corner ===================================

Startpoint: _132_ (rising edge-triggered flip-flop clocked by clk)
Endpoint: _132_ (rising edge-triggered flip-flop clocked by clk)
Path Group: clk
Path Type: min

Fanout     Cap    Slew   Delay    Time   Description
-----------------------------------------------------------------------------
                  0.00    0.00    0.00   clock clk (rise edge)
                          0.00    0.00   clock network delay (ideal)
                  0.00    0.00    0.00 ^ _132_/CLK (sky130_fd_sc_hd__dfxtp_2)
     5    0.01    0.05    0.31    0.31 v _132_/Q (sky130_fd_sc_hd__dfxtp_2)
                                         div_cntr[0] (net)
                  0.05    0.00    0.31 v _081_/A (sky130_fd_sc_hd__inv_2)
     1    0.00    0.02    0.04    0.35 ^ _081_/Y (sky130_fd_sc_hd__inv_2)
                                         _004_ (net)
                  0.02    0.00    0.35 ^ _132_/D (sky130_fd_sc_hd__dfxtp_2)
                                  0.35   data arrival time

                  0.00    0.00    0.00   clock clk (rise edge)
                          0.00    0.00   clock network delay (ideal)
                          0.20    0.20   clock uncertainty
                          0.00    0.20   clock reconvergence pessimism
                                  0.20 ^ _132_/CLK (sky130_fd_sc_hd__dfxtp_2)
                         -0.03    0.17   library hold time
                                  0.17   data required time
-----------------------------------------------------------------------------
                                  0.17   data required time
                                 -0.35   data arrival time
-----------------------------------------------------------------------------
                                  0.18   slack (MET)


Startpoint: _150_ (rising edge-triggered flip-flop clocked by clk)
Endpoint: _150_ (rising edge-triggered flip-flop clocked by clk)
Path Group: clk
Path Type: min

Fanout     Cap    Slew   Delay    Time   Description
-----------------------------------------------------------------------------
                  0.00    0.00    0.00   clock clk (rise edge)
                          0.00    0.00   clock network delay (ideal)
                  0.00    0.00    0.00 ^ _150_/CLK (sky130_fd_sc_hd__dfxtp_2)
     2    0.01    0.07    0.32    0.32 ^ _150_/Q (sky130_fd_sc_hd__dfxtp_2)
                                         div_cntr[18] (net)
                  0.07    0.00    0.32 ^ _125_/A (sky130_fd_sc_hd__xnor2_2)
     1    0.00    0.02    0.06    0.38 v _125_/Y (sky130_fd_sc_hd__xnor2_2)
                                         _013_ (net)
                  0.02    0.00    0.38 v _150_/D (sky130_fd_sc_hd__dfxtp_2)
                                  0.38   data arrival time

                  0.00    0.00    0.00   clock clk (rise edge)
                          0.00    0.00   clock network delay (ideal)
                          0.20    0.20   clock uncertainty
                          0.00    0.20   clock reconvergence pessimism
                                  0.20 ^ _150_/CLK (sky130_fd_sc_hd__dfxtp_2)
                         -0.05    0.15   library hold time
                                  0.15   data required time
-----------------------------------------------------------------------------
                                  0.15   data required time
                                 -0.38   data arrival time
-----------------------------------------------------------------------------
                                  0.23   slack (MET)


Startpoint: _137_ (rising edge-triggered flip-flop clocked by clk)
Endpoint: _137_ (rising edge-triggered flip-flop clocked by clk)
Path Group: clk
Path Type: min

Fanout     Cap    Slew   Delay    Time   Description
-----------------------------------------------------------------------------
                  0.00    0.00    0.00   clock clk (rise edge)
                          0.00    0.00   clock network delay (ideal)
                  0.00    0.00    0.00 ^ _137_/CLK (sky130_fd_sc_hd__dfxtp_2)
     3    0.01    0.05    0.31    0.31 ^ _137_/Q (sky130_fd_sc_hd__dfxtp_2)
                                         div_cntr[5] (net)
                  0.05    0.00    0.31 ^ _094_/B1 (sky130_fd_sc_hd__a21oi_2)
     1    0.00    0.02    0.03    0.34 v _094_/Y (sky130_fd_sc_hd__a21oi_2)
                                         _058_ (net)
                  0.02    0.00    0.34 v _095_/B (sky130_fd_sc_hd__nor2_2)
     1    0.00    0.05    0.05    0.39 ^ _095_/Y (sky130_fd_sc_hd__nor2_2)
                                         _019_ (net)
                  0.05    0.00    0.39 ^ _137_/D (sky130_fd_sc_hd__dfxtp_2)
                                  0.39   data arrival time

                  0.00    0.00    0.00   clock clk (rise edge)
                          0.00    0.00   clock network delay (ideal)
                          0.20    0.20   clock uncertainty
                          0.00    0.20   clock reconvergence pessimism
                                  0.20 ^ _137_/CLK (sky130_fd_sc_hd__dfxtp_2)
                         -0.04    0.16   library hold time
                                  0.16   data required time
-----------------------------------------------------------------------------
                                  0.16   data required time
                                 -0.39   data arrival time
-----------------------------------------------------------------------------
                                  0.23   slack (MET)


Startpoint: _138_ (rising edge-triggered flip-flop clocked by clk)
Endpoint: _138_ (rising edge-triggered flip-flop clocked by clk)
Path Group: clk
Path Type: min

Fanout     Cap    Slew   Delay    Time   Description
-----------------------------------------------------------------------------
                  0.00    0.00    0.00   clock clk (rise edge)
                          0.00    0.00   clock network delay (ideal)
                  0.00    0.00    0.00 ^ _138_/CLK (sky130_fd_sc_hd__dfxtp_2)
     3    0.01    0.07    0.32    0.32 ^ _138_/Q (sky130_fd_sc_hd__dfxtp_2)
                                         div_cntr[6] (net)
                  0.07    0.00    0.32 ^ _096_/A (sky130_fd_sc_hd__xor2_2)
     1    0.00    0.03    0.06    0.38 v _096_/X (sky130_fd_sc_hd__xor2_2)
                                         _020_ (net)
                  0.03    0.00    0.38 v _138_/D (sky130_fd_sc_hd__dfxtp_2)
                                  0.38   data arrival time

                  0.00    0.00    0.00   clock clk (rise edge)
                          0.00    0.00   clock network delay (ideal)
                          0.20    0.20   clock uncertainty
                          0.00    0.20   clock reconvergence pessimism
                                  0.20 ^ _138_/CLK (sky130_fd_sc_hd__dfxtp_2)
                         -0.05    0.15   library hold time
                                  0.15   data required time
-----------------------------------------------------------------------------
                                  0.15   data required time
                                 -0.38   data arrival time
-----------------------------------------------------------------------------
                                  0.23   slack (MET)


Startpoint: _142_ (rising edge-triggered flip-flop clocked by clk)
Endpoint: _142_ (rising edge-triggered flip-flop clocked by clk)
Path Group: clk
Path Type: min

Fanout     Cap    Slew   Delay    Time   Description
-----------------------------------------------------------------------------
                  0.00    0.00    0.00   clock clk (rise edge)
                          0.00    0.00   clock network delay (ideal)
                  0.00    0.00    0.00 ^ _142_/CLK (sky130_fd_sc_hd__dfxtp_2)
     3    0.01    0.07    0.32    0.32 ^ _142_/Q (sky130_fd_sc_hd__dfxtp_2)
                                         div_cntr[10] (net)
                  0.07    0.00    0.32 ^ _105_/A (sky130_fd_sc_hd__xor2_2)
     1    0.00    0.03    0.06    0.39 v _105_/X (sky130_fd_sc_hd__xor2_2)
                                         _005_ (net)
                  0.03    0.00    0.39 v _142_/D (sky130_fd_sc_hd__dfxtp_2)
                                  0.39   data arrival time

                  0.00    0.00    0.00   clock clk (rise edge)
                          0.00    0.00   clock network delay (ideal)
                          0.20    0.20   clock uncertainty
                          0.00    0.20   clock reconvergence pessimism
                                  0.20 ^ _142_/CLK (sky130_fd_sc_hd__dfxtp_2)
                         -0.05    0.15   library hold time
                                  0.15   data required time
-----------------------------------------------------------------------------
                                  0.15   data required time
                                 -0.39   data arrival time
-----------------------------------------------------------------------------
                                  0.23   slack (MET)


Startpoint: _146_ (rising edge-triggered flip-flop clocked by clk)
Endpoint: _146_ (rising edge-triggered flip-flop clocked by clk)
Path Group: clk
Path Type: min

Fanout     Cap    Slew   Delay    Time   Description
-----------------------------------------------------------------------------
                  0.00    0.00    0.00   clock clk (rise edge)
                          0.00    0.00   clock network delay (ideal)
                  0.00    0.00    0.00 ^ _146_/CLK (sky130_fd_sc_hd__dfxtp_2)
     3    0.01    0.07    0.32    0.32 ^ _146_/Q (sky130_fd_sc_hd__dfxtp_2)
                                         div_cntr[14] (net)
                  0.07    0.00    0.32 ^ _115_/A (sky130_fd_sc_hd__xor2_2)
     1    0.00    0.03    0.06    0.39 v _115_/X (sky130_fd_sc_hd__xor2_2)
                                         _009_ (net)
                  0.03    0.00    0.39 v _146_/D (sky130_fd_sc_hd__dfxtp_2)
                                  0.39   data arrival time

                  0.00    0.00    0.00   clock clk (rise edge)
                          0.00    0.00   clock network delay (ideal)
                          0.20    0.20   clock uncertainty
                          0.00    0.20   clock reconvergence pessimism
                                  0.20 ^ _146_/CLK (sky130_fd_sc_hd__dfxtp_2)
                         -0.05    0.15   library hold time
                                  0.15   data required time
-----------------------------------------------------------------------------
                                  0.15   data required time
                                 -0.39   data arrival time
-----------------------------------------------------------------------------
                                  0.23   slack (MET)


Startpoint: _134_ (rising edge-triggered flip-flop clocked by clk)
Endpoint: _134_ (rising edge-triggered flip-flop clocked by clk)
Path Group: clk
Path Type: min

Fanout     Cap    Slew   Delay    Time   Description
-----------------------------------------------------------------------------
                  0.00    0.00    0.00   clock clk (rise edge)
                          0.00    0.00   clock network delay (ideal)
                  0.00    0.00    0.00 ^ _134_/CLK (sky130_fd_sc_hd__dfxtp_2)
     3    0.01    0.08    0.33    0.33 ^ _134_/Q (sky130_fd_sc_hd__dfxtp_2)
                                         div_cntr[2] (net)
                  0.08    0.00    0.33 ^ _086_/A (sky130_fd_sc_hd__xnor2_2)
     1    0.00    0.02    0.06    0.39 v _086_/Y (sky130_fd_sc_hd__xnor2_2)
                                         _016_ (net)
                  0.02    0.00    0.39 v _134_/D (sky130_fd_sc_hd__dfxtp_2)
                                  0.39   data arrival time

                  0.00    0.00    0.00   clock clk (rise edge)
                          0.00    0.00   clock network delay (ideal)
                          0.20    0.20   clock uncertainty
                          0.00    0.20   clock reconvergence pessimism
                                  0.20 ^ _134_/CLK (sky130_fd_sc_hd__dfxtp_2)
                         -0.05    0.15   library hold time
                                  0.15   data required time
-----------------------------------------------------------------------------
                                  0.15   data required time
                                 -0.39   data arrival time
-----------------------------------------------------------------------------
                                  0.24   slack (MET)


Startpoint: _143_ (rising edge-triggered flip-flop clocked by clk)
Endpoint: _143_ (rising edge-triggered flip-flop clocked by clk)
Path Group: clk
Path Type: min

Fanout     Cap    Slew   Delay    Time   Description
-----------------------------------------------------------------------------
                  0.00    0.00    0.00   clock clk (rise edge)
                          0.00    0.00   clock network delay (ideal)
                  0.00    0.00    0.00 ^ _143_/CLK (sky130_fd_sc_hd__dfxtp_2)
     2    0.00    0.04    0.29    0.29 ^ _143_/Q (sky130_fd_sc_hd__dfxtp_2)
                                         div_cntr[11] (net)
                  0.04    0.00    0.29 ^ _109_/A1 (sky130_fd_sc_hd__o21ba_2)
     1    0.00    0.03    0.12    0.41 ^ _109_/X (sky130_fd_sc_hd__o21ba_2)
                                         _006_ (net)
                  0.03    0.00    0.41 ^ _143_/D (sky130_fd_sc_hd__dfxtp_2)
                                  0.41   data arrival time

                  0.00    0.00    0.00   clock clk (rise edge)
                          0.00    0.00   clock network delay (ideal)
                          0.20    0.20   clock uncertainty
                          0.00    0.20   clock reconvergence pessimism
                                  0.20 ^ _143_/CLK (sky130_fd_sc_hd__dfxtp_2)
                         -0.03    0.17   library hold time
                                  0.17   data required time
-----------------------------------------------------------------------------
                                  0.17   data required time
                                 -0.41   data arrival time
-----------------------------------------------------------------------------
                                  0.25   slack (MET)


Startpoint: _147_ (rising edge-triggered flip-flop clocked by clk)
Endpoint: _147_ (rising edge-triggered flip-flop clocked by clk)
Path Group: clk
Path Type: min

Fanout     Cap    Slew   Delay    Time   Description
-----------------------------------------------------------------------------
                  0.00    0.00    0.00   clock clk (rise edge)
                          0.00    0.00   clock network delay (ideal)
                  0.00    0.00    0.00 ^ _147_/CLK (sky130_fd_sc_hd__dfxtp_2)
     2    0.00    0.04    0.29    0.29 ^ _147_/Q (sky130_fd_sc_hd__dfxtp_2)
                                         div_cntr[15] (net)
                  0.04    0.00    0.29 ^ _119_/A1 (sky130_fd_sc_hd__o21ba_2)
     1    0.00    0.03    0.12    0.41 ^ _119_/X (sky130_fd_sc_hd__o21ba_2)
                                         _010_ (net)
                  0.03    0.00    0.41 ^ _147_/D (sky130_fd_sc_hd__dfxtp_2)
                                  0.41   data arrival time

                  0.00    0.00    0.00   clock clk (rise edge)
                          0.00    0.00   clock network delay (ideal)
                          0.20    0.20   clock uncertainty
                          0.00    0.20   clock reconvergence pessimism
                                  0.20 ^ _147_/CLK (sky130_fd_sc_hd__dfxtp_2)
                         -0.03    0.17   library hold time
                                  0.17   data required time
-----------------------------------------------------------------------------
                                  0.17   data required time
                                 -0.41   data arrival time
-----------------------------------------------------------------------------
                                  0.25   slack (MET)


Startpoint: _139_ (rising edge-triggered flip-flop clocked by clk)
Endpoint: _139_ (rising edge-triggered flip-flop clocked by clk)
Path Group: clk
Path Type: min

Fanout     Cap    Slew   Delay    Time   Description
-----------------------------------------------------------------------------
                  0.00    0.00    0.00   clock clk (rise edge)
                          0.00    0.00   clock network delay (ideal)
                  0.00    0.00    0.00 ^ _139_/CLK (sky130_fd_sc_hd__dfxtp_2)
     2    0.00    0.04    0.29    0.29 ^ _139_/Q (sky130_fd_sc_hd__dfxtp_2)
                                         div_cntr[7] (net)
                  0.04    0.00    0.29 ^ _100_/A1 (sky130_fd_sc_hd__o21ba_2)
     1    0.00    0.03    0.12    0.41 ^ _100_/X (sky130_fd_sc_hd__o21ba_2)
                                         _021_ (net)
                  0.03    0.00    0.41 ^ _139_/D (sky130_fd_sc_hd__dfxtp_2)
                                  0.41   data arrival time

                  0.00    0.00    0.00   clock clk (rise edge)
                          0.00    0.00   clock network delay (ideal)
                          0.20    0.20   clock uncertainty
                          0.00    0.20   clock reconvergence pessimism
                                  0.20 ^ _139_/CLK (sky130_fd_sc_hd__dfxtp_2)
                         -0.03    0.17   library hold time
                                  0.17   data required time
-----------------------------------------------------------------------------
                                  0.17   data required time
                                 -0.41   data arrival time
-----------------------------------------------------------------------------
                                  0.25   slack (MET)


Startpoint: _144_ (rising edge-triggered flip-flop clocked by clk)
Endpoint: _144_ (rising edge-triggered flip-flop clocked by clk)
Path Group: clk
Path Type: min

Fanout     Cap    Slew   Delay    Time   Description
-----------------------------------------------------------------------------
                  0.00    0.00    0.00   clock clk (rise edge)
                          0.00    0.00   clock network delay (ideal)
                  0.00    0.00    0.00 ^ _144_/CLK (sky130_fd_sc_hd__dfxtp_2)
     5    0.01    0.07    0.32    0.32 ^ _144_/Q (sky130_fd_sc_hd__dfxtp_2)
                                         div_cntr[12] (net)
                  0.07    0.00    0.32 ^ _111_/A (sky130_fd_sc_hd__nor2_2)
     1    0.00    0.03    0.04    0.36 v _111_/Y (sky130_fd_sc_hd__nor2_2)
                                         _033_ (net)
                  0.03    0.00    0.36 v _112_/B (sky130_fd_sc_hd__nor2_2)
     1    0.00    0.05    0.05    0.41 ^ _112_/Y (sky130_fd_sc_hd__nor2_2)
                                         _007_ (net)
                  0.05    0.00    0.41 ^ _144_/D (sky130_fd_sc_hd__dfxtp_2)
                                  0.41   data arrival time

                  0.00    0.00    0.00   clock clk (rise edge)
                          0.00    0.00   clock network delay (ideal)
                          0.20    0.20   clock uncertainty
                          0.00    0.20   clock reconvergence pessimism
                                  0.20 ^ _144_/CLK (sky130_fd_sc_hd__dfxtp_2)
                         -0.04    0.16   library hold time
                                  0.16   data required time
-----------------------------------------------------------------------------
                                  0.16   data required time
                                 -0.41   data arrival time
-----------------------------------------------------------------------------
                                  0.25   slack (MET)


Startpoint: _151_ (rising edge-triggered flip-flop clocked by clk)
Endpoint: _151_ (rising edge-triggered flip-flop clocked by clk)
Path Group: clk
Path Type: min

Fanout     Cap    Slew   Delay    Time   Description
-----------------------------------------------------------------------------
                  0.00    0.00    0.00   clock clk (rise edge)
                          0.00    0.00   clock network delay (ideal)
                  0.00    0.00    0.00 ^ _151_/CLK (sky130_fd_sc_hd__dfxtp_2)
     5    0.02    0.10    0.34    0.34 ^ _151_/Q (sky130_fd_sc_hd__dfxtp_2)
                                         u_cnt.clk (net)
                  0.10    0.00    0.34 ^ _127_/A (sky130_fd_sc_hd__xor2_2)
     1    0.00    0.03    0.07    0.41 v _127_/X (sky130_fd_sc_hd__xor2_2)
                                         _014_ (net)
                  0.03    0.00    0.41 v _151_/D (sky130_fd_sc_hd__dfxtp_2)
                                  0.41   data arrival time

                  0.00    0.00    0.00   clock clk (rise edge)
                          0.00    0.00   clock network delay (ideal)
                          0.20    0.20   clock uncertainty
                          0.00    0.20   clock reconvergence pessimism
                                  0.20 ^ _151_/CLK (sky130_fd_sc_hd__dfxtp_2)
                         -0.05    0.15   library hold time
                                  0.15   data required time
-----------------------------------------------------------------------------
                                  0.15   data required time
                                 -0.41   data arrival time
-----------------------------------------------------------------------------
                                  0.25   slack (MET)


Startpoint: _136_ (rising edge-triggered flip-flop clocked by clk)
Endpoint: _136_ (rising edge-triggered flip-flop clocked by clk)
Path Group: clk
Path Type: min

Fanout     Cap    Slew   Delay    Time   Description
-----------------------------------------------------------------------------
                  0.00    0.00    0.00   clock clk (rise edge)
                          0.00    0.00   clock network delay (ideal)
                  0.00    0.00    0.00 ^ _136_/CLK (sky130_fd_sc_hd__dfxtp_2)
     4    0.02    0.10    0.34    0.34 ^ _136_/Q (sky130_fd_sc_hd__dfxtp_2)
                                         div_cntr[4] (net)
                  0.10    0.00    0.34 ^ _092_/A (sky130_fd_sc_hd__xor2_2)
     1    0.00    0.03    0.07    0.41 v _092_/X (sky130_fd_sc_hd__xor2_2)
                                         _018_ (net)
                  0.03    0.00    0.41 v _136_/D (sky130_fd_sc_hd__dfxtp_2)
                                  0.41   data arrival time

                  0.00    0.00    0.00   clock clk (rise edge)
                          0.00    0.00   clock network delay (ideal)
                          0.20    0.20   clock uncertainty
                          0.00    0.20   clock reconvergence pessimism
                                  0.20 ^ _136_/CLK (sky130_fd_sc_hd__dfxtp_2)
                         -0.05    0.15   library hold time
                                  0.15   data required time
-----------------------------------------------------------------------------
                                  0.15   data required time
                                 -0.41   data arrival time
-----------------------------------------------------------------------------
                                  0.25   slack (MET)


Startpoint: _148_ (rising edge-triggered flip-flop clocked by clk)
Endpoint: _148_ (rising edge-triggered flip-flop clocked by clk)
Path Group: clk
Path Type: min

Fanout     Cap    Slew   Delay    Time   Description
-----------------------------------------------------------------------------
                  0.00    0.00    0.00   clock clk (rise edge)
                          0.00    0.00   clock network delay (ideal)
                  0.00    0.00    0.00 ^ _148_/CLK (sky130_fd_sc_hd__dfxtp_2)
     4    0.02    0.10    0.34    0.34 ^ _148_/Q (sky130_fd_sc_hd__dfxtp_2)
                                         div_cntr[16] (net)
                  0.10    0.00    0.34 ^ _120_/A (sky130_fd_sc_hd__xor2_2)
     1    0.00    0.03    0.07    0.41 v _120_/X (sky130_fd_sc_hd__xor2_2)
                                         _011_ (net)
                  0.03    0.00    0.41 v _148_/D (sky130_fd_sc_hd__dfxtp_2)
                                  0.41   data arrival time

                  0.00    0.00    0.00   clock clk (rise edge)
                          0.00    0.00   clock network delay (ideal)
                          0.20    0.20   clock uncertainty
                          0.00    0.20   clock reconvergence pessimism
                                  0.20 ^ _148_/CLK (sky130_fd_sc_hd__dfxtp_2)
                         -0.05    0.15   library hold time
                                  0.15   data required time
-----------------------------------------------------------------------------
                                  0.15   data required time
                                 -0.41   data arrival time
-----------------------------------------------------------------------------
                                  0.26   slack (MET)


Startpoint: _140_ (rising edge-triggered flip-flop clocked by clk)
Endpoint: _140_ (rising edge-triggered flip-flop clocked by clk)
Path Group: clk
Path Type: min

Fanout     Cap    Slew   Delay    Time   Description
-----------------------------------------------------------------------------
                  0.00    0.00    0.00   clock clk (rise edge)
                          0.00    0.00   clock network delay (ideal)
                  0.00    0.00    0.00 ^ _140_/CLK (sky130_fd_sc_hd__dfxtp_2)
     5    0.02    0.10    0.35    0.35 ^ _140_/Q (sky130_fd_sc_hd__dfxtp_2)
                                         div_cntr[8] (net)
                  0.10    0.00    0.35 ^ _101_/A (sky130_fd_sc_hd__xor2_2)
     1    0.00    0.03    0.07    0.41 v _101_/X (sky130_fd_sc_hd__xor2_2)
                                         _022_ (net)
                  0.03    0.00    0.41 v _140_/D (sky130_fd_sc_hd__dfxtp_2)
                                  0.41   data arrival time

                  0.00    0.00    0.00   clock clk (rise edge)
                          0.00    0.00   clock network delay (ideal)
                          0.20    0.20   clock uncertainty
                          0.00    0.20   clock reconvergence pessimism
                                  0.20 ^ _140_/CLK (sky130_fd_sc_hd__dfxtp_2)
                         -0.05    0.15   library hold time
                                  0.15   data required time
-----------------------------------------------------------------------------
                                  0.15   data required time
                                 -0.41   data arrival time
-----------------------------------------------------------------------------
                                  0.26   slack (MET)


Startpoint: _141_ (rising edge-triggered flip-flop clocked by clk)
Endpoint: _141_ (rising edge-triggered flip-flop clocked by clk)
Path Group: clk
Path Type: min

Fanout     Cap    Slew   Delay    Time   Description
-----------------------------------------------------------------------------
                  0.00    0.00    0.00   clock clk (rise edge)
                          0.00    0.00   clock network delay (ideal)
                  0.00    0.00    0.00 ^ _141_/CLK (sky130_fd_sc_hd__dfxtp_2)
     4    0.01    0.06    0.31    0.31 ^ _141_/Q (sky130_fd_sc_hd__dfxtp_2)
                                         div_cntr[9] (net)
                  0.06    0.00    0.31 ^ _102_/B1 (sky130_fd_sc_hd__a21oi_2)
     1    0.00    0.03    0.04    0.35 v _102_/Y (sky130_fd_sc_hd__a21oi_2)
                                         _062_ (net)
                  0.03    0.00    0.35 v _104_/A (sky130_fd_sc_hd__nor2_2)
     1    0.00    0.05    0.08    0.42 ^ _104_/Y (sky130_fd_sc_hd__nor2_2)
                                         _023_ (net)
                  0.05    0.00    0.42 ^ _141_/D (sky130_fd_sc_hd__dfxtp_2)
                                  0.42   data arrival time

                  0.00    0.00    0.00   clock clk (rise edge)
                          0.00    0.00   clock network delay (ideal)
                          0.20    0.20   clock uncertainty
                          0.00    0.20   clock reconvergence pessimism
                                  0.20 ^ _141_/CLK (sky130_fd_sc_hd__dfxtp_2)
                         -0.04    0.16   library hold time
                                  0.16   data required time
-----------------------------------------------------------------------------
                                  0.16   data required time
                                 -0.42   data arrival time
-----------------------------------------------------------------------------
                                  0.26   slack (MET)


Startpoint: _145_ (rising edge-triggered flip-flop clocked by clk)
Endpoint: _145_ (rising edge-triggered flip-flop clocked by clk)
Path Group: clk
Path Type: min

Fanout     Cap    Slew   Delay    Time   Description
-----------------------------------------------------------------------------
                  0.00    0.00    0.00   clock clk (rise edge)
                          0.00    0.00   clock network delay (ideal)
                  0.00    0.00    0.00 ^ _145_/CLK (sky130_fd_sc_hd__dfxtp_2)
     4    0.01    0.05    0.30    0.30 ^ _145_/Q (sky130_fd_sc_hd__dfxtp_2)
                                         div_cntr[13] (net)
                  0.05    0.00    0.30 ^ _114_/A1 (sky130_fd_sc_hd__o21ba_2)
     1    0.00    0.03    0.12    0.43 ^ _114_/X (sky130_fd_sc_hd__o21ba_2)
                                         _008_ (net)
                  0.03    0.00    0.43 ^ _145_/D (sky130_fd_sc_hd__dfxtp_2)
                                  0.43   data arrival time

                  0.00    0.00    0.00   clock clk (rise edge)
                          0.00    0.00   clock network delay (ideal)
                          0.20    0.20   clock uncertainty
                          0.00    0.20   clock reconvergence pessimism
                                  0.20 ^ _145_/CLK (sky130_fd_sc_hd__dfxtp_2)
                         -0.03    0.17   library hold time
                                  0.17   data required time
-----------------------------------------------------------------------------
                                  0.17   data required time
                                 -0.43   data arrival time
-----------------------------------------------------------------------------
                                  0.26   slack (MET)


Startpoint: _135_ (rising edge-triggered flip-flop clocked by clk)
Endpoint: _135_ (rising edge-triggered flip-flop clocked by clk)
Path Group: clk
Path Type: min

Fanout     Cap    Slew   Delay    Time   Description
-----------------------------------------------------------------------------
                  0.00    0.00    0.00   clock clk (rise edge)
                          0.00    0.00   clock network delay (ideal)
                  0.00    0.00    0.00 ^ _135_/CLK (sky130_fd_sc_hd__dfxtp_2)
     2    0.00    0.04    0.29    0.29 ^ _135_/Q (sky130_fd_sc_hd__dfxtp_2)
                                         div_cntr[3] (net)
                  0.04    0.00    0.29 ^ _089_/B1 (sky130_fd_sc_hd__a31o_2)
     1    0.00    0.03    0.08    0.37 ^ _089_/X (sky130_fd_sc_hd__a31o_2)
                                         _055_ (net)
                  0.03    0.00    0.37 ^ _090_/B (sky130_fd_sc_hd__and2b_2)
     1    0.00    0.03    0.12    0.49 ^ _090_/X (sky130_fd_sc_hd__and2b_2)
                                         _056_ (net)
                  0.03    0.00    0.49 ^ _091_/A (sky130_fd_sc_hd__buf_1)
     1    0.00    0.03    0.07    0.56 ^ _091_/X (sky130_fd_sc_hd__buf_1)
                                         _017_ (net)
                  0.03    0.00    0.56 ^ _135_/D (sky130_fd_sc_hd__dfxtp_2)
                                  0.56   data arrival time

                  0.00    0.00    0.00   clock clk (rise edge)
                          0.00    0.00   clock network delay (ideal)
                          0.20    0.20   clock uncertainty
                          0.00    0.20   clock reconvergence pessimism
                                  0.20 ^ _135_/CLK (sky130_fd_sc_hd__dfxtp_2)
                         -0.03    0.17   library hold time
                                  0.17   data required time
-----------------------------------------------------------------------------
                                  0.17   data required time
                                 -0.56   data arrival time
-----------------------------------------------------------------------------
                                  0.39   slack (MET)


Startpoint: _149_ (rising edge-triggered flip-flop clocked by clk)
Endpoint: _149_ (rising edge-triggered flip-flop clocked by clk)
Path Group: clk
Path Type: min

Fanout     Cap    Slew   Delay    Time   Description
-----------------------------------------------------------------------------
                  0.00    0.00    0.00   clock clk (rise edge)
                          0.00    0.00   clock network delay (ideal)
                  0.00    0.00    0.00 ^ _149_/CLK (sky130_fd_sc_hd__dfxtp_2)
     3    0.01    0.06    0.31    0.31 ^ _149_/Q (sky130_fd_sc_hd__dfxtp_2)
                                         div_cntr[17] (net)
                  0.06    0.00    0.31 ^ _122_/B1 (sky130_fd_sc_hd__a21o_2)
     1    0.00    0.02    0.08    0.39 ^ _122_/X (sky130_fd_sc_hd__a21o_2)
                                         _039_ (net)
                  0.02    0.00    0.39 ^ _123_/B (sky130_fd_sc_hd__and2_2)
     1    0.00    0.03    0.12    0.51 ^ _123_/X (sky130_fd_sc_hd__and2_2)
                                         _040_ (net)
                  0.03    0.00    0.51 ^ _124_/A (sky130_fd_sc_hd__buf_1)
     1    0.00    0.03    0.07    0.57 ^ _124_/X (sky130_fd_sc_hd__buf_1)
                                         _012_ (net)
                  0.03    0.00    0.57 ^ _149_/D (sky130_fd_sc_hd__dfxtp_2)
                                  0.57   data arrival time

                  0.00    0.00    0.00   clock clk (rise edge)
                          0.00    0.00   clock network delay (ideal)
                          0.20    0.20   clock uncertainty
                          0.00    0.20   clock reconvergence pessimism
                                  0.20 ^ _149_/CLK (sky130_fd_sc_hd__dfxtp_2)
                         -0.03    0.17   library hold time
                                  0.17   data required time
-----------------------------------------------------------------------------
                                  0.17   data required time
                                 -0.57   data arrival time
-----------------------------------------------------------------------------
                                  0.41   slack (MET)


Startpoint: _133_ (rising edge-triggered flip-flop clocked by clk)
Endpoint: _133_ (rising edge-triggered flip-flop clocked by clk)
Path Group: clk
Path Type: min

Fanout     Cap    Slew   Delay    Time   Description
-----------------------------------------------------------------------------
                  0.00    0.00    0.00   clock clk (rise edge)
                          0.00    0.00   clock network delay (ideal)
                  0.00    0.00    0.00 ^ _133_/CLK (sky130_fd_sc_hd__dfxtp_2)
     4    0.01    0.04    0.30    0.30 v _133_/Q (sky130_fd_sc_hd__dfxtp_2)
                                         div_cntr[1] (net)
                  0.04    0.00    0.30 v _082_/B (sky130_fd_sc_hd__nand2_2)
     2    0.01    0.06    0.08    0.38 ^ _082_/Y (sky130_fd_sc_hd__nand2_2)
                                         _050_ (net)
                  0.06    0.00    0.38 ^ _084_/A (sky130_fd_sc_hd__and2_2)
     1    0.00    0.03    0.13    0.51 ^ _084_/X (sky130_fd_sc_hd__and2_2)
                                         _052_ (net)
                  0.03    0.00    0.51 ^ _085_/A (sky130_fd_sc_hd__buf_1)
     1    0.00    0.03    0.07    0.58 ^ _085_/X (sky130_fd_sc_hd__buf_1)
                                         _015_ (net)
                  0.03    0.00    0.58 ^ _133_/D (sky130_fd_sc_hd__dfxtp_2)
                                  0.58   data arrival time

                  0.00    0.00    0.00   clock clk (rise edge)
                          0.00    0.00   clock network delay (ideal)
                          0.20    0.20   clock uncertainty
                          0.00    0.20   clock reconvergence pessimism
                                  0.20 ^ _133_/CLK (sky130_fd_sc_hd__dfxtp_2)
                         -0.03    0.17   library hold time
                                  0.17   data required time
-----------------------------------------------------------------------------
                                  0.17   data required time
                                 -0.58   data arrival time
-----------------------------------------------------------------------------
                                  0.41   slack (MET)



worst slack corner Typical: 0.1832
min_report_end
max_report

===========================================================================
report_checks -path_delay max (Setup)
============================================================================
======================= Typical Corner ===================================

Startpoint: _134_ (rising edge-triggered flip-flop clocked by clk)
Endpoint: _149_ (rising edge-triggered flip-flop clocked by clk)
Path Group: clk
Path Type: max

Fanout     Cap    Slew   Delay    Time   Description
-----------------------------------------------------------------------------
                  0.00    0.00    0.00   clock clk (rise edge)
                          0.00    0.00   clock network delay (ideal)
                  0.00    0.00    0.00 ^ _134_/CLK (sky130_fd_sc_hd__dfxtp_2)
     3    0.01    0.08    0.33    0.33 ^ _134_/Q (sky130_fd_sc_hd__dfxtp_2)
                                         div_cntr[2] (net)
                  0.08    0.00    0.33 ^ _087_/C (sky130_fd_sc_hd__and4_2)
     1    0.00    0.05    0.21    0.53 ^ _087_/X (sky130_fd_sc_hd__and4_2)
                                         _053_ (net)
                  0.05    0.00    0.53 ^ _088_/A (sky130_fd_sc_hd__buf_1)
     7    0.02    0.26    0.23    0.76 ^ _088_/X (sky130_fd_sc_hd__buf_1)
                                         _054_ (net)
                  0.26    0.00    0.76 ^ _118_/A (sky130_fd_sc_hd__and4_2)
     5    0.02    0.13    0.33    1.09 ^ _118_/X (sky130_fd_sc_hd__and4_2)
                                         _037_ (net)
                  0.13    0.00    1.09 ^ _121_/C (sky130_fd_sc_hd__nand3_2)
     2    0.01    0.08    0.11    1.20 v _121_/Y (sky130_fd_sc_hd__nand3_2)
                                         _038_ (net)
                  0.08    0.00    1.20 v _123_/A (sky130_fd_sc_hd__and2_2)
     1    0.00    0.03    0.17    1.38 v _123_/X (sky130_fd_sc_hd__and2_2)
                                         _040_ (net)
                  0.03    0.00    1.38 v _124_/A (sky130_fd_sc_hd__buf_1)
     1    0.00    0.02    0.08    1.45 v _124_/X (sky130_fd_sc_hd__buf_1)
                                         _012_ (net)
                  0.02    0.00    1.45 v _149_/D (sky130_fd_sc_hd__dfxtp_2)
                                  1.45   data arrival time

                  0.00   10.00   10.00   clock clk (rise edge)
                          0.00   10.00   clock network delay (ideal)
                         -0.20    9.80   clock uncertainty
                          0.00    9.80   clock reconvergence pessimism
                                  9.80 ^ _149_/CLK (sky130_fd_sc_hd__dfxtp_2)
                         -0.11    9.69   library setup time
                                  9.69   data required time
-----------------------------------------------------------------------------
                                  9.69   data required time
                                 -1.45   data arrival time
-----------------------------------------------------------------------------
                                  8.23   slack (MET)


Startpoint: _134_ (rising edge-triggered flip-flop clocked by clk)
Endpoint: _151_ (rising edge-triggered flip-flop clocked by clk)
Path Group: clk
Path Type: max

Fanout     Cap    Slew   Delay    Time   Description
-----------------------------------------------------------------------------
                  0.00    0.00    0.00   clock clk (rise edge)
                          0.00    0.00   clock network delay (ideal)
                  0.00    0.00    0.00 ^ _134_/CLK (sky130_fd_sc_hd__dfxtp_2)
     3    0.01    0.08    0.33    0.33 ^ _134_/Q (sky130_fd_sc_hd__dfxtp_2)
                                         div_cntr[2] (net)
                  0.08    0.00    0.33 ^ _087_/C (sky130_fd_sc_hd__and4_2)
     1    0.00    0.05    0.21    0.53 ^ _087_/X (sky130_fd_sc_hd__and4_2)
                                         _053_ (net)
                  0.05    0.00    0.53 ^ _088_/A (sky130_fd_sc_hd__buf_1)
     7    0.02    0.26    0.23    0.76 ^ _088_/X (sky130_fd_sc_hd__buf_1)
                                         _054_ (net)
                  0.26    0.00    0.76 ^ _118_/A (sky130_fd_sc_hd__and4_2)
     5    0.02    0.13    0.33    1.09 ^ _118_/X (sky130_fd_sc_hd__and4_2)
                                         _037_ (net)
                  0.13    0.00    1.09 ^ _126_/D (sky130_fd_sc_hd__and4_2)
     1    0.01    0.08    0.26    1.35 ^ _126_/X (sky130_fd_sc_hd__and4_2)
                                         _041_ (net)
                  0.08    0.00    1.35 ^ _127_/B (sky130_fd_sc_hd__xor2_2)
     1    0.00    0.08    0.12    1.47 ^ _127_/X (sky130_fd_sc_hd__xor2_2)
                                         _014_ (net)
                  0.08    0.00    1.47 ^ _151_/D (sky130_fd_sc_hd__dfxtp_2)
                                  1.47   data arrival time

                  0.00   10.00   10.00   clock clk (rise edge)
                          0.00   10.00   clock network delay (ideal)
                         -0.20    9.80   clock uncertainty
                          0.00    9.80   clock reconvergence pessimism
                                  9.80 ^ _151_/CLK (sky130_fd_sc_hd__dfxtp_2)
                         -0.07    9.73   library setup time
                                  9.73   data required time
-----------------------------------------------------------------------------
                                  9.73   data required time
                                 -1.47   data arrival time
-----------------------------------------------------------------------------
                                  8.26   slack (MET)


Startpoint: _134_ (rising edge-triggered flip-flop clocked by clk)
Endpoint: _145_ (rising edge-triggered flip-flop clocked by clk)
Path Group: clk
Path Type: max

Fanout     Cap    Slew   Delay    Time   Description
-----------------------------------------------------------------------------
                  0.00    0.00    0.00   clock clk (rise edge)
                          0.00    0.00   clock network delay (ideal)
                  0.00    0.00    0.00 ^ _134_/CLK (sky130_fd_sc_hd__dfxtp_2)
     3    0.01    0.08    0.33    0.33 ^ _134_/Q (sky130_fd_sc_hd__dfxtp_2)
                                         div_cntr[2] (net)
                  0.08    0.00    0.33 ^ _087_/C (sky130_fd_sc_hd__and4_2)
     1    0.00    0.05    0.21    0.53 ^ _087_/X (sky130_fd_sc_hd__and4_2)
                                         _053_ (net)
                  0.05    0.00    0.53 ^ _088_/A (sky130_fd_sc_hd__buf_1)
     7    0.02    0.26    0.23    0.76 ^ _088_/X (sky130_fd_sc_hd__buf_1)
                                         _054_ (net)
                  0.26    0.00    0.76 ^ _108_/A (sky130_fd_sc_hd__and3_2)
     5    0.01    0.08    0.26    1.02 ^ _108_/X (sky130_fd_sc_hd__and3_2)
                                         _031_ (net)
                  0.08    0.00    1.02 ^ _113_/C (sky130_fd_sc_hd__and3_2)
     2    0.01    0.08    0.21    1.23 ^ _113_/X (sky130_fd_sc_hd__and3_2)
                                         _034_ (net)
                  0.08    0.00    1.23 ^ _114_/B1_N (sky130_fd_sc_hd__o21ba_2)
     1    0.00    0.03    0.15    1.38 v _114_/X (sky130_fd_sc_hd__o21ba_2)
                                         _008_ (net)
                  0.03    0.00    1.38 v _145_/D (sky130_fd_sc_hd__dfxtp_2)
                                  1.38   data arrival time

                  0.00   10.00   10.00   clock clk (rise edge)
                          0.00   10.00   clock network delay (ideal)
                         -0.20    9.80   clock uncertainty
                          0.00    9.80   clock reconvergence pessimism
                                  9.80 ^ _145_/CLK (sky130_fd_sc_hd__dfxtp_2)
                         -0.12    9.68   library setup time
                                  9.68   data required time
-----------------------------------------------------------------------------
                                  9.68   data required time
                                 -1.38   data arrival time
-----------------------------------------------------------------------------
                                  8.30   slack (MET)


Startpoint: _134_ (rising edge-triggered flip-flop clocked by clk)
Endpoint: _150_ (rising edge-triggered flip-flop clocked by clk)
Path Group: clk
Path Type: max

Fanout     Cap    Slew   Delay    Time   Description
-----------------------------------------------------------------------------
                  0.00    0.00    0.00   clock clk (rise edge)
                          0.00    0.00   clock network delay (ideal)
                  0.00    0.00    0.00 ^ _134_/CLK (sky130_fd_sc_hd__dfxtp_2)
     3    0.01    0.08    0.33    0.33 ^ _134_/Q (sky130_fd_sc_hd__dfxtp_2)
                                         div_cntr[2] (net)
                  0.08    0.00    0.33 ^ _087_/C (sky130_fd_sc_hd__and4_2)
     1    0.00    0.05    0.21    0.53 ^ _087_/X (sky130_fd_sc_hd__and4_2)
                                         _053_ (net)
                  0.05    0.00    0.53 ^ _088_/A (sky130_fd_sc_hd__buf_1)
     7    0.02    0.26    0.23    0.76 ^ _088_/X (sky130_fd_sc_hd__buf_1)
                                         _054_ (net)
                  0.26    0.00    0.76 ^ _118_/A (sky130_fd_sc_hd__and4_2)
     5    0.02    0.13    0.33    1.09 ^ _118_/X (sky130_fd_sc_hd__and4_2)
                                         _037_ (net)
                  0.13    0.00    1.09 ^ _121_/C (sky130_fd_sc_hd__nand3_2)
     2    0.01    0.08    0.11    1.20 v _121_/Y (sky130_fd_sc_hd__nand3_2)
                                         _038_ (net)
                  0.08    0.00    1.20 v _125_/B (sky130_fd_sc_hd__xnor2_2)
     1    0.00    0.04    0.13    1.33 v _125_/Y (sky130_fd_sc_hd__xnor2_2)
                                         _013_ (net)
                  0.04    0.00    1.33 v _150_/D (sky130_fd_sc_hd__dfxtp_2)
                                  1.33   data arrival time

                  0.00   10.00   10.00   clock clk (rise edge)
                          0.00   10.00   clock network delay (ideal)
                         -0.20    9.80   clock uncertainty
                          0.00    9.80   clock reconvergence pessimism
                                  9.80 ^ _150_/CLK (sky130_fd_sc_hd__dfxtp_2)
                         -0.12    9.68   library setup time
                                  9.68   data required time
-----------------------------------------------------------------------------
                                  9.68   data required time
                                 -1.33   data arrival time
-----------------------------------------------------------------------------
                                  8.35   slack (MET)


Startpoint: _134_ (rising edge-triggered flip-flop clocked by clk)
Endpoint: _143_ (rising edge-triggered flip-flop clocked by clk)
Path Group: clk
Path Type: max

Fanout     Cap    Slew   Delay    Time   Description
-----------------------------------------------------------------------------
                  0.00    0.00    0.00   clock clk (rise edge)
                          0.00    0.00   clock network delay (ideal)
                  0.00    0.00    0.00 ^ _134_/CLK (sky130_fd_sc_hd__dfxtp_2)
     3    0.01    0.04    0.31    0.31 v _134_/Q (sky130_fd_sc_hd__dfxtp_2)
                                         div_cntr[2] (net)
                  0.04    0.00    0.31 v _087_/C (sky130_fd_sc_hd__and4_2)
     1    0.00    0.04    0.21    0.52 v _087_/X (sky130_fd_sc_hd__and4_2)
                                         _053_ (net)
                  0.04    0.00    0.52 v _088_/A (sky130_fd_sc_hd__buf_1)
     7    0.02    0.12    0.16    0.68 v _088_/X (sky130_fd_sc_hd__buf_1)
                                         _054_ (net)
                  0.12    0.00    0.68 v _099_/A (sky130_fd_sc_hd__and2_2)
     5    0.02    0.07    0.24    0.91 v _099_/X (sky130_fd_sc_hd__and2_2)
                                         _061_ (net)
                  0.07    0.00    0.91 v _106_/D (sky130_fd_sc_hd__and4_2)
     1    0.00    0.04    0.23    1.14 v _106_/X (sky130_fd_sc_hd__and4_2)
                                         _029_ (net)
                  0.04    0.00    1.14 v _109_/A2 (sky130_fd_sc_hd__o21ba_2)
     1    0.00    0.03    0.18    1.32 v _109_/X (sky130_fd_sc_hd__o21ba_2)
                                         _006_ (net)
                  0.03    0.00    1.32 v _143_/D (sky130_fd_sc_hd__dfxtp_2)
                                  1.32   data arrival time

                  0.00   10.00   10.00   clock clk (rise edge)
                          0.00   10.00   clock network delay (ideal)
                         -0.20    9.80   clock uncertainty
                          0.00    9.80   clock reconvergence pessimism
                                  9.80 ^ _143_/CLK (sky130_fd_sc_hd__dfxtp_2)
                         -0.12    9.68   library setup time
                                  9.68   data required time
-----------------------------------------------------------------------------
                                  9.68   data required time
                                 -1.32   data arrival time
-----------------------------------------------------------------------------
                                  8.36   slack (MET)


Startpoint: _134_ (rising edge-triggered flip-flop clocked by clk)
Endpoint: _142_ (rising edge-triggered flip-flop clocked by clk)
Path Group: clk
Path Type: max

Fanout     Cap    Slew   Delay    Time   Description
-----------------------------------------------------------------------------
                  0.00    0.00    0.00   clock clk (rise edge)
                          0.00    0.00   clock network delay (ideal)
                  0.00    0.00    0.00 ^ _134_/CLK (sky130_fd_sc_hd__dfxtp_2)
     3    0.01    0.08    0.33    0.33 ^ _134_/Q (sky130_fd_sc_hd__dfxtp_2)
                                         div_cntr[2] (net)
                  0.08    0.00    0.33 ^ _087_/C (sky130_fd_sc_hd__and4_2)
     1    0.00    0.05    0.21    0.53 ^ _087_/X (sky130_fd_sc_hd__and4_2)
                                         _053_ (net)
                  0.05    0.00    0.53 ^ _088_/A (sky130_fd_sc_hd__buf_1)
     7    0.02    0.26    0.23    0.76 ^ _088_/X (sky130_fd_sc_hd__buf_1)
                                         _054_ (net)
                  0.26    0.00    0.76 ^ _099_/A (sky130_fd_sc_hd__and2_2)
     5    0.02    0.11    0.25    1.01 ^ _099_/X (sky130_fd_sc_hd__and2_2)
                                         _061_ (net)
                  0.11    0.00    1.01 ^ _103_/C (sky130_fd_sc_hd__and3_2)
     2    0.01    0.09    0.23    1.24 ^ _103_/X (sky130_fd_sc_hd__and3_2)
                                         _028_ (net)
                  0.09    0.00    1.24 ^ _105_/B (sky130_fd_sc_hd__xor2_2)
     1    0.00    0.08    0.12    1.36 ^ _105_/X (sky130_fd_sc_hd__xor2_2)
                                         _005_ (net)
                  0.08    0.00    1.36 ^ _142_/D (sky130_fd_sc_hd__dfxtp_2)
                                  1.36   data arrival time

                  0.00   10.00   10.00   clock clk (rise edge)
                          0.00   10.00   clock network delay (ideal)
                         -0.20    9.80   clock uncertainty
                          0.00    9.80   clock reconvergence pessimism
                                  9.80 ^ _142_/CLK (sky130_fd_sc_hd__dfxtp_2)
                         -0.07    9.73   library setup time
                                  9.73   data required time
-----------------------------------------------------------------------------
                                  9.73   data required time
                                 -1.36   data arrival time
-----------------------------------------------------------------------------
                                  8.36   slack (MET)


Startpoint: _134_ (rising edge-triggered flip-flop clocked by clk)
Endpoint: _139_ (rising edge-triggered flip-flop clocked by clk)
Path Group: clk
Path Type: max

Fanout     Cap    Slew   Delay    Time   Description
-----------------------------------------------------------------------------
                  0.00    0.00    0.00   clock clk (rise edge)
                          0.00    0.00   clock network delay (ideal)
                  0.00    0.00    0.00 ^ _134_/CLK (sky130_fd_sc_hd__dfxtp_2)
     3    0.01    0.04    0.31    0.31 v _134_/Q (sky130_fd_sc_hd__dfxtp_2)
                                         div_cntr[2] (net)
                  0.04    0.00    0.31 v _087_/C (sky130_fd_sc_hd__and4_2)
     1    0.00    0.04    0.21    0.52 v _087_/X (sky130_fd_sc_hd__and4_2)
                                         _053_ (net)
                  0.04    0.00    0.52 v _088_/A (sky130_fd_sc_hd__buf_1)
     7    0.02    0.12    0.16    0.68 v _088_/X (sky130_fd_sc_hd__buf_1)
                                         _054_ (net)
                  0.12    0.00    0.68 v _093_/C (sky130_fd_sc_hd__and3_2)
     3    0.01    0.06    0.27    0.95 v _093_/X (sky130_fd_sc_hd__and3_2)
                                         _057_ (net)
                  0.06    0.00    0.95 v _097_/B (sky130_fd_sc_hd__and2_2)
     1    0.00    0.04    0.19    1.14 v _097_/X (sky130_fd_sc_hd__and2_2)
                                         _059_ (net)
                  0.04    0.00    1.14 v _100_/A2 (sky130_fd_sc_hd__o21ba_2)
     1    0.00    0.03    0.18    1.32 v _100_/X (sky130_fd_sc_hd__o21ba_2)
                                         _021_ (net)
                  0.03    0.00    1.32 v _139_/D (sky130_fd_sc_hd__dfxtp_2)
                                  1.32   data arrival time

                  0.00   10.00   10.00   clock clk (rise edge)
                          0.00   10.00   clock network delay (ideal)
                         -0.20    9.80   clock uncertainty
                          0.00    9.80   clock reconvergence pessimism
                                  9.80 ^ _139_/CLK (sky130_fd_sc_hd__dfxtp_2)
                         -0.12    9.68   library setup time
                                  9.68   data required time
-----------------------------------------------------------------------------
                                  9.68   data required time
                                 -1.32   data arrival time
-----------------------------------------------------------------------------
                                  8.37   slack (MET)


Startpoint: _134_ (rising edge-triggered flip-flop clocked by clk)
Endpoint: _147_ (rising edge-triggered flip-flop clocked by clk)
Path Group: clk
Path Type: max

Fanout     Cap    Slew   Delay    Time   Description
-----------------------------------------------------------------------------
                  0.00    0.00    0.00   clock clk (rise edge)
                          0.00    0.00   clock network delay (ideal)
                  0.00    0.00    0.00 ^ _134_/CLK (sky130_fd_sc_hd__dfxtp_2)
     3    0.01    0.04    0.31    0.31 v _134_/Q (sky130_fd_sc_hd__dfxtp_2)
                                         div_cntr[2] (net)
                  0.04    0.00    0.31 v _087_/C (sky130_fd_sc_hd__and4_2)
     1    0.00    0.04    0.21    0.52 v _087_/X (sky130_fd_sc_hd__and4_2)
                                         _053_ (net)
                  0.04    0.00    0.52 v _088_/A (sky130_fd_sc_hd__buf_1)
     7    0.02    0.12    0.16    0.68 v _088_/X (sky130_fd_sc_hd__buf_1)
                                         _054_ (net)
                  0.12    0.00    0.68 v _108_/A (sky130_fd_sc_hd__and3_2)
     5    0.01    0.06    0.22    0.90 v _108_/X (sky130_fd_sc_hd__and3_2)
                                         _031_ (net)
                  0.06    0.00    0.90 v _116_/D (sky130_fd_sc_hd__and4_2)
     1    0.00    0.04    0.22    1.13 v _116_/X (sky130_fd_sc_hd__and4_2)
                                         _035_ (net)
                  0.04    0.00    1.13 v _119_/A2 (sky130_fd_sc_hd__o21ba_2)
     1    0.00    0.03    0.18    1.31 v _119_/X (sky130_fd_sc_hd__o21ba_2)
                                         _010_ (net)
                  0.03    0.00    1.31 v _147_/D (sky130_fd_sc_hd__dfxtp_2)
                                  1.31   data arrival time

                  0.00   10.00   10.00   clock clk (rise edge)
                          0.00   10.00   clock network delay (ideal)
                         -0.20    9.80   clock uncertainty
                          0.00    9.80   clock reconvergence pessimism
                                  9.80 ^ _147_/CLK (sky130_fd_sc_hd__dfxtp_2)
                         -0.12    9.68   library setup time
                                  9.68   data required time
-----------------------------------------------------------------------------
                                  9.68   data required time
                                 -1.31   data arrival time
-----------------------------------------------------------------------------
                                  8.38   slack (MET)


Startpoint: _134_ (rising edge-triggered flip-flop clocked by clk)
Endpoint: _146_ (rising edge-triggered flip-flop clocked by clk)
Path Group: clk
Path Type: max

Fanout     Cap    Slew   Delay    Time   Description
-----------------------------------------------------------------------------
                  0.00    0.00    0.00   clock clk (rise edge)
                          0.00    0.00   clock network delay (ideal)
                  0.00    0.00    0.00 ^ _134_/CLK (sky130_fd_sc_hd__dfxtp_2)
     3    0.01    0.08    0.33    0.33 ^ _134_/Q (sky130_fd_sc_hd__dfxtp_2)
                                         div_cntr[2] (net)
                  0.08    0.00    0.33 ^ _087_/C (sky130_fd_sc_hd__and4_2)
     1    0.00    0.05    0.21    0.53 ^ _087_/X (sky130_fd_sc_hd__and4_2)
                                         _053_ (net)
                  0.05    0.00    0.53 ^ _088_/A (sky130_fd_sc_hd__buf_1)
     7    0.02    0.26    0.23    0.76 ^ _088_/X (sky130_fd_sc_hd__buf_1)
                                         _054_ (net)
                  0.26    0.00    0.76 ^ _108_/A (sky130_fd_sc_hd__and3_2)
     5    0.01    0.08    0.26    1.02 ^ _108_/X (sky130_fd_sc_hd__and3_2)
                                         _031_ (net)
                  0.08    0.00    1.02 ^ _113_/C (sky130_fd_sc_hd__and3_2)
     2    0.01    0.08    0.21    1.23 ^ _113_/X (sky130_fd_sc_hd__and3_2)
                                         _034_ (net)
                  0.08    0.00    1.23 ^ _115_/B (sky130_fd_sc_hd__xor2_2)
     1    0.00    0.08    0.12    1.35 ^ _115_/X (sky130_fd_sc_hd__xor2_2)
                                         _009_ (net)
                  0.08    0.00    1.35 ^ _146_/D (sky130_fd_sc_hd__dfxtp_2)
                                  1.35   data arrival time

                  0.00   10.00   10.00   clock clk (rise edge)
                          0.00   10.00   clock network delay (ideal)
                         -0.20    9.80   clock uncertainty
                          0.00    9.80   clock reconvergence pessimism
                                  9.80 ^ _146_/CLK (sky130_fd_sc_hd__dfxtp_2)
                         -0.07    9.73   library setup time
                                  9.73   data required time
-----------------------------------------------------------------------------
                                  9.73   data required time
                                 -1.35   data arrival time
-----------------------------------------------------------------------------
                                  8.38   slack (MET)


Startpoint: _134_ (rising edge-triggered flip-flop clocked by clk)
Endpoint: _141_ (rising edge-triggered flip-flop clocked by clk)
Path Group: clk
Path Type: max

Fanout     Cap    Slew   Delay    Time   Description
-----------------------------------------------------------------------------
                  0.00    0.00    0.00   clock clk (rise edge)
                          0.00    0.00   clock network delay (ideal)
                  0.00    0.00    0.00 ^ _134_/CLK (sky130_fd_sc_hd__dfxtp_2)
     3    0.01    0.08    0.33    0.33 ^ _134_/Q (sky130_fd_sc_hd__dfxtp_2)
                                         div_cntr[2] (net)
                  0.08    0.00    0.33 ^ _087_/C (sky130_fd_sc_hd__and4_2)
     1    0.00    0.05    0.21    0.53 ^ _087_/X (sky130_fd_sc_hd__and4_2)
                                         _053_ (net)
                  0.05    0.00    0.53 ^ _088_/A (sky130_fd_sc_hd__buf_1)
     7    0.02    0.26    0.23    0.76 ^ _088_/X (sky130_fd_sc_hd__buf_1)
                                         _054_ (net)
                  0.26    0.00    0.76 ^ _099_/A (sky130_fd_sc_hd__and2_2)
     5    0.02    0.11    0.25    1.01 ^ _099_/X (sky130_fd_sc_hd__and2_2)
                                         _061_ (net)
                  0.11    0.00    1.01 ^ _103_/C (sky130_fd_sc_hd__and3_2)
     2    0.01    0.09    0.23    1.24 ^ _103_/X (sky130_fd_sc_hd__and3_2)
                                         _028_ (net)
                  0.09    0.00    1.24 ^ _104_/B (sky130_fd_sc_hd__nor2_2)
     1    0.00    0.03    0.03    1.28 v _104_/Y (sky130_fd_sc_hd__nor2_2)
                                         _023_ (net)
                  0.03    0.00    1.28 v _141_/D (sky130_fd_sc_hd__dfxtp_2)
                                  1.28   data arrival time

                  0.00   10.00   10.00   clock clk (rise edge)
                          0.00   10.00   clock network delay (ideal)
                         -0.20    9.80   clock uncertainty
                          0.00    9.80   clock reconvergence pessimism
                                  9.80 ^ _141_/CLK (sky130_fd_sc_hd__dfxtp_2)
                         -0.12    9.68   library setup time
                                  9.68   data required time
-----------------------------------------------------------------------------
                                  9.68   data required time
                                 -1.28   data arrival time
-----------------------------------------------------------------------------
                                  8.41   slack (MET)


Startpoint: _134_ (rising edge-triggered flip-flop clocked by clk)
Endpoint: _144_ (rising edge-triggered flip-flop clocked by clk)
Path Group: clk
Path Type: max

Fanout     Cap    Slew   Delay    Time   Description
-----------------------------------------------------------------------------
                  0.00    0.00    0.00   clock clk (rise edge)
                          0.00    0.00   clock network delay (ideal)
                  0.00    0.00    0.00 ^ _134_/CLK (sky130_fd_sc_hd__dfxtp_2)
     3    0.01    0.08    0.33    0.33 ^ _134_/Q (sky130_fd_sc_hd__dfxtp_2)
                                         div_cntr[2] (net)
                  0.08    0.00    0.33 ^ _087_/C (sky130_fd_sc_hd__and4_2)
     1    0.00    0.05    0.21    0.53 ^ _087_/X (sky130_fd_sc_hd__and4_2)
                                         _053_ (net)
                  0.05    0.00    0.53 ^ _088_/A (sky130_fd_sc_hd__buf_1)
     7    0.02    0.26    0.23    0.76 ^ _088_/X (sky130_fd_sc_hd__buf_1)
                                         _054_ (net)
                  0.26    0.00    0.76 ^ _108_/A (sky130_fd_sc_hd__and3_2)
     5    0.01    0.08    0.26    1.02 ^ _108_/X (sky130_fd_sc_hd__and3_2)
                                         _031_ (net)
                  0.08    0.00    1.02 ^ _110_/B (sky130_fd_sc_hd__and2_2)
     2    0.01    0.06    0.16    1.18 ^ _110_/X (sky130_fd_sc_hd__and2_2)
                                         _032_ (net)
                  0.06    0.00    1.18 ^ _112_/A (sky130_fd_sc_hd__nor2_2)
     1    0.00    0.02    0.04    1.22 v _112_/Y (sky130_fd_sc_hd__nor2_2)
                                         _007_ (net)
                  0.02    0.00    1.22 v _144_/D (sky130_fd_sc_hd__dfxtp_2)
                                  1.22   data arrival time

                  0.00   10.00   10.00   clock clk (rise edge)
                          0.00   10.00   clock network delay (ideal)
                         -0.20    9.80   clock uncertainty
                          0.00    9.80   clock reconvergence pessimism
                                  9.80 ^ _144_/CLK (sky130_fd_sc_hd__dfxtp_2)
                         -0.11    9.69   library setup time
                                  9.69   data required time
-----------------------------------------------------------------------------
                                  9.69   data required time
                                 -1.22   data arrival time
-----------------------------------------------------------------------------
                                  8.47   slack (MET)


Startpoint: _134_ (rising edge-triggered flip-flop clocked by clk)
Endpoint: _148_ (rising edge-triggered flip-flop clocked by clk)
Path Group: clk
Path Type: max

Fanout     Cap    Slew   Delay    Time   Description
-----------------------------------------------------------------------------
                  0.00    0.00    0.00   clock clk (rise edge)
                          0.00    0.00   clock network delay (ideal)
                  0.00    0.00    0.00 ^ _134_/CLK (sky130_fd_sc_hd__dfxtp_2)
     3    0.01    0.08    0.33    0.33 ^ _134_/Q (sky130_fd_sc_hd__dfxtp_2)
                                         div_cntr[2] (net)
                  0.08    0.00    0.33 ^ _087_/C (sky130_fd_sc_hd__and4_2)
     1    0.00    0.05    0.21    0.53 ^ _087_/X (sky130_fd_sc_hd__and4_2)
                                         _053_ (net)
                  0.05    0.00    0.53 ^ _088_/A (sky130_fd_sc_hd__buf_1)
     7    0.02    0.26    0.23    0.76 ^ _088_/X (sky130_fd_sc_hd__buf_1)
                                         _054_ (net)
                  0.26    0.00    0.76 ^ _118_/A (sky130_fd_sc_hd__and4_2)
     5    0.02    0.13    0.33    1.09 ^ _118_/X (sky130_fd_sc_hd__and4_2)
                                         _037_ (net)
                  0.13    0.00    1.09 ^ _120_/B (sky130_fd_sc_hd__xor2_2)
     1    0.00    0.08    0.12    1.22 ^ _120_/X (sky130_fd_sc_hd__xor2_2)
                                         _011_ (net)
                  0.08    0.00    1.22 ^ _148_/D (sky130_fd_sc_hd__dfxtp_2)
                                  1.22   data arrival time

                  0.00   10.00   10.00   clock clk (rise edge)
                          0.00   10.00   clock network delay (ideal)
                         -0.20    9.80   clock uncertainty
                          0.00    9.80   clock reconvergence pessimism
                                  9.80 ^ _148_/CLK (sky130_fd_sc_hd__dfxtp_2)
                         -0.07    9.73   library setup time
                                  9.73   data required time
-----------------------------------------------------------------------------
                                  9.73   data required time
                                 -1.22   data arrival time
-----------------------------------------------------------------------------
                                  8.51   slack (MET)


Startpoint: _134_ (rising edge-triggered flip-flop clocked by clk)
Endpoint: _138_ (rising edge-triggered flip-flop clocked by clk)
Path Group: clk
Path Type: max

Fanout     Cap    Slew   Delay    Time   Description
-----------------------------------------------------------------------------
                  0.00    0.00    0.00   clock clk (rise edge)
                          0.00    0.00   clock network delay (ideal)
                  0.00    0.00    0.00 ^ _134_/CLK (sky130_fd_sc_hd__dfxtp_2)
     3    0.01    0.08    0.33    0.33 ^ _134_/Q (sky130_fd_sc_hd__dfxtp_2)
                                         div_cntr[2] (net)
                  0.08    0.00    0.33 ^ _087_/C (sky130_fd_sc_hd__and4_2)
     1    0.00    0.05    0.21    0.53 ^ _087_/X (sky130_fd_sc_hd__and4_2)
                                         _053_ (net)
                  0.05    0.00    0.53 ^ _088_/A (sky130_fd_sc_hd__buf_1)
     7    0.02    0.26    0.23    0.76 ^ _088_/X (sky130_fd_sc_hd__buf_1)
                                         _054_ (net)
                  0.26    0.00    0.76 ^ _093_/C (sky130_fd_sc_hd__and3_2)
     3    0.01    0.10    0.27    1.03 ^ _093_/X (sky130_fd_sc_hd__and3_2)
                                         _057_ (net)
                  0.10    0.00    1.03 ^ _096_/B (sky130_fd_sc_hd__xor2_2)
     1    0.00    0.08    0.12    1.15 ^ _096_/X (sky130_fd_sc_hd__xor2_2)
                                         _020_ (net)
                  0.08    0.00    1.15 ^ _138_/D (sky130_fd_sc_hd__dfxtp_2)
                                  1.15   data arrival time

                  0.00   10.00   10.00   clock clk (rise edge)
                          0.00   10.00   clock network delay (ideal)
                         -0.20    9.80   clock uncertainty
                          0.00    9.80   clock reconvergence pessimism
                                  9.80 ^ _138_/CLK (sky130_fd_sc_hd__dfxtp_2)
                         -0.07    9.73   library setup time
                                  9.73   data required time
-----------------------------------------------------------------------------
                                  9.73   data required time
                                 -1.15   data arrival time
-----------------------------------------------------------------------------
                                  8.58   slack (MET)


Startpoint: _134_ (rising edge-triggered flip-flop clocked by clk)
Endpoint: _140_ (rising edge-triggered flip-flop clocked by clk)
Path Group: clk
Path Type: max

Fanout     Cap    Slew   Delay    Time   Description
-----------------------------------------------------------------------------
                  0.00    0.00    0.00   clock clk (rise edge)
                          0.00    0.00   clock network delay (ideal)
                  0.00    0.00    0.00 ^ _134_/CLK (sky130_fd_sc_hd__dfxtp_2)
     3    0.01    0.08    0.33    0.33 ^ _134_/Q (sky130_fd_sc_hd__dfxtp_2)
                                         div_cntr[2] (net)
                  0.08    0.00    0.33 ^ _087_/C (sky130_fd_sc_hd__and4_2)
     1    0.00    0.05    0.21    0.53 ^ _087_/X (sky130_fd_sc_hd__and4_2)
                                         _053_ (net)
                  0.05    0.00    0.53 ^ _088_/A (sky130_fd_sc_hd__buf_1)
     7    0.02    0.26    0.23    0.76 ^ _088_/X (sky130_fd_sc_hd__buf_1)
                                         _054_ (net)
                  0.26    0.00    0.76 ^ _099_/A (sky130_fd_sc_hd__and2_2)
     5    0.02    0.11    0.25    1.01 ^ _099_/X (sky130_fd_sc_hd__and2_2)
                                         _061_ (net)
                  0.11    0.00    1.01 ^ _101_/B (sky130_fd_sc_hd__xor2_2)
     1    0.00    0.08    0.12    1.14 ^ _101_/X (sky130_fd_sc_hd__xor2_2)
                                         _022_ (net)
                  0.08    0.00    1.14 ^ _140_/D (sky130_fd_sc_hd__dfxtp_2)
                                  1.14   data arrival time

                  0.00   10.00   10.00   clock clk (rise edge)
                          0.00   10.00   clock network delay (ideal)
                         -0.20    9.80   clock uncertainty
                          0.00    9.80   clock reconvergence pessimism
                                  9.80 ^ _140_/CLK (sky130_fd_sc_hd__dfxtp_2)
                         -0.07    9.73   library setup time
                                  9.73   data required time
-----------------------------------------------------------------------------
                                  9.73   data required time
                                 -1.14   data arrival time
-----------------------------------------------------------------------------
                                  8.59   slack (MET)


Startpoint: _134_ (rising edge-triggered flip-flop clocked by clk)
Endpoint: _135_ (rising edge-triggered flip-flop clocked by clk)
Path Group: clk
Path Type: max

Fanout     Cap    Slew   Delay    Time   Description
-----------------------------------------------------------------------------
                  0.00    0.00    0.00   clock clk (rise edge)
                          0.00    0.00   clock network delay (ideal)
                  0.00    0.00    0.00 ^ _134_/CLK (sky130_fd_sc_hd__dfxtp_2)
     3    0.01    0.08    0.33    0.33 ^ _134_/Q (sky130_fd_sc_hd__dfxtp_2)
                                         div_cntr[2] (net)
                  0.08    0.00    0.33 ^ _087_/C (sky130_fd_sc_hd__and4_2)
     1    0.00    0.05    0.21    0.53 ^ _087_/X (sky130_fd_sc_hd__and4_2)
                                         _053_ (net)
                  0.05    0.00    0.53 ^ _088_/A (sky130_fd_sc_hd__buf_1)
     7    0.02    0.26    0.23    0.76 ^ _088_/X (sky130_fd_sc_hd__buf_1)
                                         _054_ (net)
                  0.26    0.00    0.76 ^ _090_/A_N (sky130_fd_sc_hd__and2b_2)
     1    0.00    0.03    0.24    1.01 v _090_/X (sky130_fd_sc_hd__and2b_2)
                                         _056_ (net)
                  0.03    0.00    1.01 v _091_/A (sky130_fd_sc_hd__buf_1)
     1    0.00    0.02    0.08    1.08 v _091_/X (sky130_fd_sc_hd__buf_1)
                                         _017_ (net)
                  0.02    0.00    1.08 v _135_/D (sky130_fd_sc_hd__dfxtp_2)
                                  1.08   data arrival time

                  0.00   10.00   10.00   clock clk (rise edge)
                          0.00   10.00   clock network delay (ideal)
                         -0.20    9.80   clock uncertainty
                          0.00    9.80   clock reconvergence pessimism
                                  9.80 ^ _135_/CLK (sky130_fd_sc_hd__dfxtp_2)
                         -0.11    9.69   library setup time
                                  9.69   data required time
-----------------------------------------------------------------------------
                                  9.69   data required time
                                 -1.08   data arrival time
-----------------------------------------------------------------------------
                                  8.60   slack (MET)


Startpoint: _134_ (rising edge-triggered flip-flop clocked by clk)
Endpoint: _137_ (rising edge-triggered flip-flop clocked by clk)
Path Group: clk
Path Type: max

Fanout     Cap    Slew   Delay    Time   Description
-----------------------------------------------------------------------------
                  0.00    0.00    0.00   clock clk (rise edge)
                          0.00    0.00   clock network delay (ideal)
                  0.00    0.00    0.00 ^ _134_/CLK (sky130_fd_sc_hd__dfxtp_2)
     3    0.01    0.08    0.33    0.33 ^ _134_/Q (sky130_fd_sc_hd__dfxtp_2)
                                         div_cntr[2] (net)
                  0.08    0.00    0.33 ^ _087_/C (sky130_fd_sc_hd__and4_2)
     1    0.00    0.05    0.21    0.53 ^ _087_/X (sky130_fd_sc_hd__and4_2)
                                         _053_ (net)
                  0.05    0.00    0.53 ^ _088_/A (sky130_fd_sc_hd__buf_1)
     7    0.02    0.26    0.23    0.76 ^ _088_/X (sky130_fd_sc_hd__buf_1)
                                         _054_ (net)
                  0.26    0.00    0.76 ^ _093_/C (sky130_fd_sc_hd__and3_2)
     3    0.01    0.10    0.27    1.03 ^ _093_/X (sky130_fd_sc_hd__and3_2)
                                         _057_ (net)
                  0.10    0.00    1.03 ^ _095_/A (sky130_fd_sc_hd__nor2_2)
     1    0.00    0.03    0.04    1.07 v _095_/Y (sky130_fd_sc_hd__nor2_2)
                                         _019_ (net)
                  0.03    0.00    1.07 v _137_/D (sky130_fd_sc_hd__dfxtp_2)
                                  1.07   data arrival time

                  0.00   10.00   10.00   clock clk (rise edge)
                          0.00   10.00   clock network delay (ideal)
                         -0.20    9.80   clock uncertainty
                          0.00    9.80   clock reconvergence pessimism
                                  9.80 ^ _137_/CLK (sky130_fd_sc_hd__dfxtp_2)
                         -0.12    9.68   library setup time
                                  9.68   data required time
-----------------------------------------------------------------------------
                                  9.68   data required time
                                 -1.07   data arrival time
-----------------------------------------------------------------------------
                                  8.61   slack (MET)


Startpoint: _134_ (rising edge-triggered flip-flop clocked by clk)
Endpoint: _136_ (rising edge-triggered flip-flop clocked by clk)
Path Group: clk
Path Type: max

Fanout     Cap    Slew   Delay    Time   Description
-----------------------------------------------------------------------------
                  0.00    0.00    0.00   clock clk (rise edge)
                          0.00    0.00   clock network delay (ideal)
                  0.00    0.00    0.00 ^ _134_/CLK (sky130_fd_sc_hd__dfxtp_2)
     3    0.01    0.08    0.33    0.33 ^ _134_/Q (sky130_fd_sc_hd__dfxtp_2)
                                         div_cntr[2] (net)
                  0.08    0.00    0.33 ^ _087_/C (sky130_fd_sc_hd__and4_2)
     1    0.00    0.05    0.21    0.53 ^ _087_/X (sky130_fd_sc_hd__and4_2)
                                         _053_ (net)
                  0.05    0.00    0.53 ^ _088_/A (sky130_fd_sc_hd__buf_1)
     7    0.02    0.26    0.23    0.76 ^ _088_/X (sky130_fd_sc_hd__buf_1)
                                         _054_ (net)
                  0.26    0.00    0.76 ^ _092_/B (sky130_fd_sc_hd__xor2_2)
     1    0.00    0.06    0.09    0.85 v _092_/X (sky130_fd_sc_hd__xor2_2)
                                         _018_ (net)
                  0.06    0.00    0.85 v _136_/D (sky130_fd_sc_hd__dfxtp_2)
                                  0.85   data arrival time

                  0.00   10.00   10.00   clock clk (rise edge)
                          0.00   10.00   clock network delay (ideal)
                         -0.20    9.80   clock uncertainty
                          0.00    9.80   clock reconvergence pessimism
                                  9.80 ^ _136_/CLK (sky130_fd_sc_hd__dfxtp_2)
                         -0.13    9.67   library setup time
                                  9.67   data required time
-----------------------------------------------------------------------------
                                  9.67   data required time
                                 -0.85   data arrival time
-----------------------------------------------------------------------------
                                  8.82   slack (MET)


Startpoint: _132_ (rising edge-triggered flip-flop clocked by clk)
Endpoint: _133_ (rising edge-triggered flip-flop clocked by clk)
Path Group: clk
Path Type: max

Fanout     Cap    Slew   Delay    Time   Description
-----------------------------------------------------------------------------
                  0.00    0.00    0.00   clock clk (rise edge)
                          0.00    0.00   clock network delay (ideal)
                  0.00    0.00    0.00 ^ _132_/CLK (sky130_fd_sc_hd__dfxtp_2)
     5    0.01    0.05    0.31    0.31 v _132_/Q (sky130_fd_sc_hd__dfxtp_2)
                                         div_cntr[0] (net)
                  0.05    0.00    0.31 v _083_/A (sky130_fd_sc_hd__or2_2)
     1    0.00    0.05    0.28    0.59 v _083_/X (sky130_fd_sc_hd__or2_2)
                                         _051_ (net)
                  0.05    0.00    0.59 v _084_/B (sky130_fd_sc_hd__and2_2)
     1    0.00    0.03    0.18    0.77 v _084_/X (sky130_fd_sc_hd__and2_2)
                                         _052_ (net)
                  0.03    0.00    0.77 v _085_/A (sky130_fd_sc_hd__buf_1)
     1    0.00    0.02    0.08    0.85 v _085_/X (sky130_fd_sc_hd__buf_1)
                                         _015_ (net)
                  0.02    0.00    0.85 v _133_/D (sky130_fd_sc_hd__dfxtp_2)
                                  0.85   data arrival time

                  0.00   10.00   10.00   clock clk (rise edge)
                          0.00   10.00   clock network delay (ideal)
                         -0.20    9.80   clock uncertainty
                          0.00    9.80   clock reconvergence pessimism
                                  9.80 ^ _133_/CLK (sky130_fd_sc_hd__dfxtp_2)
                         -0.11    9.69   library setup time
                                  9.69   data required time
-----------------------------------------------------------------------------
                                  9.69   data required time
                                 -0.85   data arrival time
-----------------------------------------------------------------------------
                                  8.84   slack (MET)


Startpoint: _132_ (rising edge-triggered flip-flop clocked by clk)
Endpoint: _134_ (rising edge-triggered flip-flop clocked by clk)
Path Group: clk
Path Type: max

Fanout     Cap    Slew   Delay    Time   Description
-----------------------------------------------------------------------------
                  0.00    0.00    0.00   clock clk (rise edge)
                          0.00    0.00   clock network delay (ideal)
                  0.00    0.00    0.00 ^ _132_/CLK (sky130_fd_sc_hd__dfxtp_2)
     5    0.01    0.09    0.33    0.33 ^ _132_/Q (sky130_fd_sc_hd__dfxtp_2)
                                         div_cntr[0] (net)
                  0.09    0.00    0.33 ^ _082_/A (sky130_fd_sc_hd__nand2_2)
     2    0.01    0.05    0.07    0.40 v _082_/Y (sky130_fd_sc_hd__nand2_2)
                                         _050_ (net)
                  0.05    0.00    0.40 v _086_/B (sky130_fd_sc_hd__xnor2_2)
     1    0.00    0.04    0.12    0.52 v _086_/Y (sky130_fd_sc_hd__xnor2_2)
                                         _016_ (net)
                  0.04    0.00    0.52 v _134_/D (sky130_fd_sc_hd__dfxtp_2)
                                  0.52   data arrival time

                  0.00   10.00   10.00   clock clk (rise edge)
                          0.00   10.00   clock network delay (ideal)
                         -0.20    9.80   clock uncertainty
                          0.00    9.80   clock reconvergence pessimism
                                  9.80 ^ _134_/CLK (sky130_fd_sc_hd__dfxtp_2)
                         -0.12    9.68   library setup time
                                  9.68   data required time
-----------------------------------------------------------------------------
                                  9.68   data required time
                                 -0.52   data arrival time
-----------------------------------------------------------------------------
                                  9.16   slack (MET)


Startpoint: _132_ (rising edge-triggered flip-flop clocked by clk)
Endpoint: _132_ (rising edge-triggered flip-flop clocked by clk)
Path Group: clk
Path Type: max

Fanout     Cap    Slew   Delay    Time   Description
-----------------------------------------------------------------------------
                  0.00    0.00    0.00   clock clk (rise edge)
                          0.00    0.00   clock network delay (ideal)
                  0.00    0.00    0.00 ^ _132_/CLK (sky130_fd_sc_hd__dfxtp_2)
     5    0.01    0.09    0.33    0.33 ^ _132_/Q (sky130_fd_sc_hd__dfxtp_2)
                                         div_cntr[0] (net)
                  0.09    0.00    0.33 ^ _081_/A (sky130_fd_sc_hd__inv_2)
     1    0.00    0.02    0.03    0.36 v _081_/Y (sky130_fd_sc_hd__inv_2)
                                         _004_ (net)
                  0.02    0.00    0.36 v _132_/D (sky130_fd_sc_hd__dfxtp_2)
                                  0.36   data arrival time

                  0.00   10.00   10.00   clock clk (rise edge)
                          0.00   10.00   clock network delay (ideal)
                         -0.20    9.80   clock uncertainty
                          0.00    9.80   clock reconvergence pessimism
                                  9.80 ^ _132_/CLK (sky130_fd_sc_hd__dfxtp_2)
                         -0.11    9.69   library setup time
                                  9.69   data required time
-----------------------------------------------------------------------------
                                  9.69   data required time
                                 -0.36   data arrival time
-----------------------------------------------------------------------------
                                  9.33   slack (MET)



worst slack corner Typical: 8.2346
max_report_end
checks_report

===========================================================================
report_checks -unconstrained
===========================================================================
======================= Typical Corner ===================================

Startpoint: _134_ (rising edge-triggered flip-flop clocked by clk)
Endpoint: _149_ (rising edge-triggered flip-flop clocked by clk)
Path Group: clk
Path Type: max

Fanout     Cap    Slew   Delay    Time   Description
-----------------------------------------------------------------------------
                  0.00    0.00    0.00   clock clk (rise edge)
                          0.00    0.00   clock network delay (ideal)
                  0.00    0.00    0.00 ^ _134_/CLK (sky130_fd_sc_hd__dfxtp_2)
     3    0.01    0.08    0.33    0.33 ^ _134_/Q (sky130_fd_sc_hd__dfxtp_2)
                                         div_cntr[2] (net)
                  0.08    0.00    0.33 ^ _087_/C (sky130_fd_sc_hd__and4_2)
     1    0.00    0.05    0.21    0.53 ^ _087_/X (sky130_fd_sc_hd__and4_2)
                                         _053_ (net)
                  0.05    0.00    0.53 ^ _088_/A (sky130_fd_sc_hd__buf_1)
     7    0.02    0.26    0.23    0.76 ^ _088_/X (sky130_fd_sc_hd__buf_1)
                                         _054_ (net)
                  0.26    0.00    0.76 ^ _118_/A (sky130_fd_sc_hd__and4_2)
     5    0.02    0.13    0.33    1.09 ^ _118_/X (sky130_fd_sc_hd__and4_2)
                                         _037_ (net)
                  0.13    0.00    1.09 ^ _121_/C (sky130_fd_sc_hd__nand3_2)
     2    0.01    0.08    0.11    1.20 v _121_/Y (sky130_fd_sc_hd__nand3_2)
                                         _038_ (net)
                  0.08    0.00    1.20 v _123_/A (sky130_fd_sc_hd__and2_2)
     1    0.00    0.03    0.17    1.38 v _123_/X (sky130_fd_sc_hd__and2_2)
                                         _040_ (net)
                  0.03    0.00    1.38 v _124_/A (sky130_fd_sc_hd__buf_1)
     1    0.00    0.02    0.08    1.45 v _124_/X (sky130_fd_sc_hd__buf_1)
                                         _012_ (net)
                  0.02    0.00    1.45 v _149_/D (sky130_fd_sc_hd__dfxtp_2)
                                  1.45   data arrival time

                  0.00   10.00   10.00   clock clk (rise edge)
                          0.00   10.00   clock network delay (ideal)
                         -0.20    9.80   clock uncertainty
                          0.00    9.80   clock reconvergence pessimism
                                  9.80 ^ _149_/CLK (sky130_fd_sc_hd__dfxtp_2)
                         -0.11    9.69   library setup time
                                  9.69   data required time
-----------------------------------------------------------------------------
                                  9.69   data required time
                                 -1.45   data arrival time
-----------------------------------------------------------------------------
                                  8.23   slack (MET)




===========================================================================
report_checks --slack_max -0.01
============================================================================
======================= Typical Corner ===================================

No paths found.


===========================================================================
 report_check_types -max_slew -max_cap -max_fanout -violators
============================================================================
======================= Typical Corner ===================================


max slew violations count Typical: 0
max fanout violations count Typical: 0
max cap violations count Typical: 0

===========================================================================
report_parasitic_annotation -report_unannotated
============================================================================
Found 112 unannotated drivers.
 btnC
 clk
 _063_/Y
 _064_/X
 _065_/X
 _066_/X
 _067_/X
 _068_/Y
 _069_/X
 _070_/X
 _071_/X
 _072_/Y
 _073_/Y
 _074_/Y
 _075_/Y
 _076_/X
 _077_/X
 _078_/Y
 _079_/X
 _080_/Y
 _081_/Y
 _082_/Y
 _083_/X
 _084_/X
 _085_/X
 _086_/Y
 _087_/X
 _088_/X
 _089_/X
 _090_/X
 _091_/X
 _092_/X
 _093_/X
 _094_/Y
 _095_/Y
 _096_/X
 _097_/X
 _098_/X
 _099_/X
 _100_/X
 _101_/X
 _102_/Y
 _103_/X
 _104_/Y
 _105_/X
 _106_/X
 _107_/X
 _108_/X
 _109_/X
 _110_/X
 _111_/Y
 _112_/Y
 _113_/X
 _114_/X
 _115_/X
 _116_/X
 _117_/X
 _118_/X
 _119_/X
 _120_/X
 _121_/Y
 _122_/X
 _123_/X
 _124_/X
 _125_/Y
 _126_/X
 _127_/X
 _128_/Y
 _129_/Y
 _130_/Y
 _131_/Y
 _132_/Q
 _133_/Q
 _134_/Q
 _135_/Q
 _136_/Q
 _137_/Q
 _138_/Q
 _139_/Q
 _140_/Q
 _141_/Q
 _142_/Q
 _143_/Q
 _144_/Q
 _145_/Q
 _146_/Q
 _147_/Q
 _148_/Q
 _149_/Q
 _150_/Q
 _151_/Q
 _152_/Q
 _153_/Q
 _154_/Q
 _155_/Q
 _156_/HI
 _156_/LO
 _157_/HI
 _157_/LO
 _158_/HI
 _158_/LO
 _159_/HI
 _159_/LO
 _160_/HI
 _160_/LO
 _161_/HI
 _161_/LO
 _162_/HI
 _162_/LO
 _163_/HI
 _163_/LO
 _164_/X
Found 0 partially unannotated drivers.

===========================================================================
max slew violation count 0
max fanout violation count 0
max cap violation count 0
============================================================================

===========================================================================
check_setup -verbose -unconstrained_endpoints -multiple_clock -no_clock -no_input_delay -loops -generated_clocks
===========================================================================
Warning: There is 1 input port missing set_input_delay.
  btnC
Warning: There are 4 unclocked register/latch pins.
  _152_/CLK
  _153_/CLK
  _154_/CLK
  _155_/CLK
Warning: There are 19 unconstrained endpoints.
  an[0]
  an[1]
  an[2]
  an[3]
  an[4]
  an[5]
  an[6]
  an[7]
  seg[0]
  seg[1]
  seg[2]
  seg[3]
  seg[4]
  seg[5]
  seg[6]
  _152_/D
  _153_/D
  _154_/D
  _155_/D
checks_report_end
power_report

===========================================================================
 report_power
============================================================================
======================= Typical Corner ===================================

Group                  Internal  Switching    Leakage      Total
                          Power      Power      Power      Power (Watts)
----------------------------------------------------------------
Sequential             8.13e-05   0.00e+00   2.14e-10   8.13e-05 100.0%
Combinational          1.98e-15   2.34e-15   3.03e-10   3.03e-10   0.0%
Clock                  0.00e+00   0.00e+00   0.00e+00   0.00e+00   0.0%
Macro                  0.00e+00   0.00e+00   0.00e+00   0.00e+00   0.0%
Pad                    0.00e+00   0.00e+00   0.00e+00   0.00e+00   0.0%
----------------------------------------------------------------
Total                  8.13e-05   2.34e-15   5.18e-10   8.13e-05 100.0%
                         100.0%       0.0%       0.0%

power_report_end
skew_report

===========================================================================
report_clock_skew
============================================================================
Clock clk
Latency      CRPR       Skew
_132_/CLK ^
   0.00
_132_/CLK ^
   0.00      0.00       0.00

skew_report_end
summary_report

===========================================================================
report_tns
============================================================================
tns 0.00

===========================================================================
report_wns
============================================================================
wns 0.00

===========================================================================
report_worst_slack -max (Setup)
============================================================================
worst slack 8.23

===========================================================================
report_worst_slack -min (Hold)
============================================================================
worst slack 0.18
summary_report_end
check_nonpropagated_clocks
clk
check_nonpropagated_clocks_end
[WARNING] Did not save OpenROAD database!
Writing SDF to '/openlane/designs/TopZeroToFive/runs/RUN_2025.05.25_10.40.04/results/synthesis/TopZeroToFive.sdf'…
