
===========================================================================
 report_power
============================================================================
======================= Fastest Corner ===================================

Group                  Internal  Switching    Leakage      Total
                          Power      Power      Power      Power (Watts)
----------------------------------------------------------------
Sequential             9.26e-05   0.00e+00   2.14e-08   9.26e-05  47.7%
Combinational          3.60e-15   1.30e-14   4.04e-10   4.04e-10   0.0%
Clock                  6.11e-05   4.03e-05   8.95e-10   1.01e-04  52.3%
Macro                  0.00e+00   0.00e+00   0.00e+00   0.00e+00   0.0%
Pad                    0.00e+00   0.00e+00   0.00e+00   0.00e+00   0.0%
----------------------------------------------------------------
Total                  1.54e-04   4.03e-05   2.27e-08   1.94e-04 100.0%
                          79.2%      20.8%       0.0%

======================= Slowest Corner ===================================

Group                  Internal  Switching    Leakage      Total
                          Power      Power      Power      Power (Watts)
----------------------------------------------------------------
Sequential             6.16e-05   0.00e+00   3.58e-07   6.19e-05  46.9%
Combinational          2.43e-15   8.64e-15   3.56e-07   3.56e-07   0.3%
Clock                  4.38e-05   2.60e-05   6.20e-08   6.98e-05  52.8%
Macro                  0.00e+00   0.00e+00   0.00e+00   0.00e+00   0.0%
Pad                    0.00e+00   0.00e+00   0.00e+00   0.00e+00   0.0%
----------------------------------------------------------------
Total                  1.05e-04   2.60e-05   7.77e-07   1.32e-04 100.0%
                          79.7%      19.7%       0.6%

======================= Typical Corner ===================================

Group                  Internal  Switching    Leakage      Total
                          Power      Power      Power      Power (Watts)
----------------------------------------------------------------
Sequential             7.96e-05   0.00e+00   2.12e-08   7.96e-05  47.7%
Combinational          2.99e-15   1.11e-14   3.18e-10   3.18e-10   0.0%
Clock                  5.34e-05   3.39e-05   7.40e-10   8.73e-05  52.3%
Macro                  0.00e+00   0.00e+00   0.00e+00   0.00e+00   0.0%
Pad                    0.00e+00   0.00e+00   0.00e+00   0.00e+00   0.0%
----------------------------------------------------------------
Total                  1.33e-04   3.39e-05   2.22e-08   1.67e-04 100.0%
                          79.7%      20.3%       0.0%

