
===========================================================================
report_checks -unconstrained
===========================================================================
======================= Fastest Corner ===================================

Startpoint: _133_ (rising edge-triggered flip-flop clocked by clk)
Endpoint: _149_ (rising edge-triggered flip-flop clocked by clk)
Path Group: clk
Path Type: max
Corner: Fastest

Fanout     Cap    Slew   Delay    Time   Description
-----------------------------------------------------------------------------
                          0.00    0.00   clock clk (rise edge)
                          0.00    0.00   clock source latency
     1    0.02    0.00    0.00    0.00 ^ clk (in)
                                         clk (net)
                  0.00    0.00    0.00 ^ clkbuf_0_clk/A (sky130_fd_sc_hd__clkbuf_16)
     2    0.02    0.03    0.08    0.08 ^ clkbuf_0_clk/X (sky130_fd_sc_hd__clkbuf_16)
                                         clknet_0_clk (net)
                  0.03    0.00    0.08 ^ clkbuf_1_0__f_clk/A (sky130_fd_sc_hd__clkbuf_16)
    10    0.04    0.04    0.10    0.17 ^ clkbuf_1_0__f_clk/X (sky130_fd_sc_hd__clkbuf_16)
                                         clknet_1_0__leaf_clk (net)
                  0.04    0.00    0.17 ^ _133_/CLK (sky130_fd_sc_hd__dfxtp_1)
     5    0.03    0.21    0.32    0.49 ^ _133_/Q (sky130_fd_sc_hd__dfxtp_1)
                                         div_cntr[1] (net)
                  0.21    0.00    0.49 ^ _087_/B (sky130_fd_sc_hd__and4_1)
     1    0.01    0.07    0.16    0.65 ^ _087_/X (sky130_fd_sc_hd__and4_1)
                                         _053_ (net)
                  0.07    0.00    0.65 ^ _088_/A (sky130_fd_sc_hd__buf_2)
     7    0.05    0.17    0.17    0.82 ^ _088_/X (sky130_fd_sc_hd__buf_2)
                                         _054_ (net)
                  0.17    0.00    0.82 ^ _118_/A (sky130_fd_sc_hd__and4_2)
     5    0.03    0.14    0.23    1.05 ^ _118_/X (sky130_fd_sc_hd__and4_2)
                                         _037_ (net)
                  0.14    0.00    1.05 ^ _121_/C (sky130_fd_sc_hd__nand3_2)
     2    0.02    0.11    0.09    1.14 v _121_/Y (sky130_fd_sc_hd__nand3_2)
                                         _038_ (net)
                  0.11    0.00    1.14 v _123_/A (sky130_fd_sc_hd__and2_1)
     1    0.01    0.04    0.13    1.28 v _123_/X (sky130_fd_sc_hd__and2_1)
                                         _040_ (net)
                  0.04    0.00    1.28 v _124_/A (sky130_fd_sc_hd__buf_1)
     1    0.02    0.08    0.11    1.38 v _124_/X (sky130_fd_sc_hd__buf_1)
                                         _012_ (net)
                  0.08    0.00    1.38 v _149_/D (sky130_fd_sc_hd__dfxtp_1)
                                  1.38   data arrival time

                         10.00   10.00   clock clk (rise edge)
                          0.00   10.00   clock source latency
     1    0.02    0.00    0.00   10.00 ^ clk (in)
                                         clk (net)
                  0.00    0.00   10.00 ^ clkbuf_0_clk/A (sky130_fd_sc_hd__clkbuf_16)
     2    0.02    0.03    0.08   10.08 ^ clkbuf_0_clk/X (sky130_fd_sc_hd__clkbuf_16)
                                         clknet_0_clk (net)
                  0.03    0.00   10.08 ^ clkbuf_1_0__f_clk/A (sky130_fd_sc_hd__clkbuf_16)
    10    0.04    0.04    0.10   10.17 ^ clkbuf_1_0__f_clk/X (sky130_fd_sc_hd__clkbuf_16)
                                         clknet_1_0__leaf_clk (net)
                  0.04    0.00   10.17 ^ _149_/CLK (sky130_fd_sc_hd__dfxtp_1)
                         -0.20    9.97   clock uncertainty
                          0.00    9.97   clock reconvergence pessimism
                         -0.08    9.89   library setup time
                                  9.89   data required time
-----------------------------------------------------------------------------
                                  9.89   data required time
                                 -1.38   data arrival time
-----------------------------------------------------------------------------
                                  8.51   slack (MET)



======================= Slowest Corner ===================================

Startpoint: _133_ (rising edge-triggered flip-flop clocked by clk)
Endpoint: _149_ (rising edge-triggered flip-flop clocked by clk)
Path Group: clk
Path Type: max
Corner: Slowest

Fanout     Cap    Slew   Delay    Time   Description
-----------------------------------------------------------------------------
                          0.00    0.00   clock clk (rise edge)
                          0.00    0.00   clock source latency
     1    0.02    0.00    0.00    0.00 ^ clk (in)
                                         clk (net)
                  0.00    0.00    0.00 ^ clkbuf_0_clk/A (sky130_fd_sc_hd__clkbuf_16)
     2    0.02    0.07    0.19    0.19 ^ clkbuf_0_clk/X (sky130_fd_sc_hd__clkbuf_16)
                                         clknet_0_clk (net)
                  0.07    0.00    0.19 ^ clkbuf_1_0__f_clk/A (sky130_fd_sc_hd__clkbuf_16)
    10    0.04    0.09    0.24    0.44 ^ clkbuf_1_0__f_clk/X (sky130_fd_sc_hd__clkbuf_16)
                                         clknet_1_0__leaf_clk (net)
                  0.09    0.00    0.44 ^ _133_/CLK (sky130_fd_sc_hd__dfxtp_1)
     5    0.03    0.44    0.91    1.34 ^ _133_/Q (sky130_fd_sc_hd__dfxtp_1)
                                         div_cntr[1] (net)
                  0.44    0.00    1.35 ^ _087_/B (sky130_fd_sc_hd__and4_1)
     1    0.01    0.16    0.56    1.90 ^ _087_/X (sky130_fd_sc_hd__and4_1)
                                         _053_ (net)
                  0.16    0.00    1.90 ^ _088_/A (sky130_fd_sc_hd__buf_2)
     7    0.04    0.35    0.44    2.34 ^ _088_/X (sky130_fd_sc_hd__buf_2)
                                         _054_ (net)
                  0.35    0.00    2.34 ^ _118_/A (sky130_fd_sc_hd__and4_2)
     5    0.03    0.32    0.74    3.09 ^ _118_/X (sky130_fd_sc_hd__and4_2)
                                         _037_ (net)
                  0.32    0.00    3.09 ^ _121_/C (sky130_fd_sc_hd__nand3_2)
     2    0.02    0.32    0.39    3.48 v _121_/Y (sky130_fd_sc_hd__nand3_2)
                                         _038_ (net)
                  0.32    0.00    3.48 v _123_/A (sky130_fd_sc_hd__and2_1)
     1    0.01    0.11    0.44    3.92 v _123_/X (sky130_fd_sc_hd__and2_1)
                                         _040_ (net)
                  0.11    0.00    3.92 v _124_/A (sky130_fd_sc_hd__buf_1)
     1    0.02    0.22    0.31    4.23 v _124_/X (sky130_fd_sc_hd__buf_1)
                                         _012_ (net)
                  0.22    0.00    4.23 v _149_/D (sky130_fd_sc_hd__dfxtp_1)
                                  4.23   data arrival time

                         10.00   10.00   clock clk (rise edge)
                          0.00   10.00   clock source latency
     1    0.02    0.00    0.00   10.00 ^ clk (in)
                                         clk (net)
                  0.00    0.00   10.00 ^ clkbuf_0_clk/A (sky130_fd_sc_hd__clkbuf_16)
     2    0.02    0.07    0.19   10.19 ^ clkbuf_0_clk/X (sky130_fd_sc_hd__clkbuf_16)
                                         clknet_0_clk (net)
                  0.07    0.00   10.19 ^ clkbuf_1_0__f_clk/A (sky130_fd_sc_hd__clkbuf_16)
    10    0.04    0.09    0.24   10.44 ^ clkbuf_1_0__f_clk/X (sky130_fd_sc_hd__clkbuf_16)
                                         clknet_1_0__leaf_clk (net)
                  0.09    0.00   10.44 ^ _149_/CLK (sky130_fd_sc_hd__dfxtp_1)
                         -0.20   10.24   clock uncertainty
                          0.00   10.24   clock reconvergence pessimism
                         -0.32    9.91   library setup time
                                  9.91   data required time
-----------------------------------------------------------------------------
                                  9.91   data required time
                                 -4.23   data arrival time
-----------------------------------------------------------------------------
                                  5.68   slack (MET)



======================= Typical Corner ===================================

Startpoint: _133_ (rising edge-triggered flip-flop clocked by clk)
Endpoint: _149_ (rising edge-triggered flip-flop clocked by clk)
Path Group: clk
Path Type: max
Corner: Typical

Fanout     Cap    Slew   Delay    Time   Description
-----------------------------------------------------------------------------
                          0.00    0.00   clock clk (rise edge)
                          0.00    0.00   clock source latency
     1    0.02    0.00    0.00    0.00 ^ clk (in)
                                         clk (net)
                  0.00    0.00    0.00 ^ clkbuf_0_clk/A (sky130_fd_sc_hd__clkbuf_16)
     2    0.02    0.04    0.11    0.11 ^ clkbuf_0_clk/X (sky130_fd_sc_hd__clkbuf_16)
                                         clknet_0_clk (net)
                  0.04    0.00    0.11 ^ clkbuf_1_0__f_clk/A (sky130_fd_sc_hd__clkbuf_16)
    10    0.04    0.06    0.14    0.25 ^ clkbuf_1_0__f_clk/X (sky130_fd_sc_hd__clkbuf_16)
                                         clknet_1_0__leaf_clk (net)
                  0.06    0.00    0.25 ^ _133_/CLK (sky130_fd_sc_hd__dfxtp_1)
     5    0.03    0.28    0.47    0.73 ^ _133_/Q (sky130_fd_sc_hd__dfxtp_1)
                                         div_cntr[1] (net)
                  0.28    0.00    0.73 ^ _087_/B (sky130_fd_sc_hd__and4_1)
     1    0.01    0.10    0.27    1.00 ^ _087_/X (sky130_fd_sc_hd__and4_1)
                                         _053_ (net)
                  0.10    0.00    1.00 ^ _088_/A (sky130_fd_sc_hd__buf_2)
     7    0.04    0.22    0.25    1.25 ^ _088_/X (sky130_fd_sc_hd__buf_2)
                                         _054_ (net)
                  0.22    0.00    1.25 ^ _118_/A (sky130_fd_sc_hd__and4_2)
     5    0.03    0.19    0.37    1.62 ^ _118_/X (sky130_fd_sc_hd__and4_2)
                                         _037_ (net)
                  0.19    0.00    1.62 ^ _121_/C (sky130_fd_sc_hd__nand3_2)
     2    0.02    0.16    0.17    1.79 v _121_/Y (sky130_fd_sc_hd__nand3_2)
                                         _038_ (net)
                  0.16    0.00    1.79 v _123_/A (sky130_fd_sc_hd__and2_1)
     1    0.01    0.06    0.21    2.00 v _123_/X (sky130_fd_sc_hd__and2_1)
                                         _040_ (net)
                  0.06    0.00    2.00 v _124_/A (sky130_fd_sc_hd__buf_1)
     1    0.02    0.11    0.16    2.16 v _124_/X (sky130_fd_sc_hd__buf_1)
                                         _012_ (net)
                  0.11    0.00    2.16 v _149_/D (sky130_fd_sc_hd__dfxtp_1)
                                  2.16   data arrival time

                         10.00   10.00   clock clk (rise edge)
                          0.00   10.00   clock source latency
     1    0.02    0.00    0.00   10.00 ^ clk (in)
                                         clk (net)
                  0.00    0.00   10.00 ^ clkbuf_0_clk/A (sky130_fd_sc_hd__clkbuf_16)
     2    0.02    0.04    0.11   10.11 ^ clkbuf_0_clk/X (sky130_fd_sc_hd__clkbuf_16)
                                         clknet_0_clk (net)
                  0.04    0.00   10.11 ^ clkbuf_1_0__f_clk/A (sky130_fd_sc_hd__clkbuf_16)
    10    0.04    0.06    0.14   10.25 ^ clkbuf_1_0__f_clk/X (sky130_fd_sc_hd__clkbuf_16)
                                         clknet_1_0__leaf_clk (net)
                  0.06    0.00   10.25 ^ _149_/CLK (sky130_fd_sc_hd__dfxtp_1)
                         -0.20   10.05   clock uncertainty
                          0.00   10.05   clock reconvergence pessimism
                         -0.14    9.91   library setup time
                                  9.91   data required time
-----------------------------------------------------------------------------
                                  9.91   data required time
                                 -2.16   data arrival time
-----------------------------------------------------------------------------
                                  7.75   slack (MET)




===========================================================================
report_checks --slack_max -0.01
============================================================================
======================= Fastest Corner ===================================

No paths found.

======================= Slowest Corner ===================================

No paths found.

======================= Typical Corner ===================================

No paths found.


===========================================================================
 report_check_types -max_slew -max_cap -max_fanout -violators
============================================================================
======================= Fastest Corner ===================================


max slew violations count Fastest: 0
max fanout violations count Fastest: 0
max cap violations count Fastest: 0
======================= Slowest Corner ===================================


max slew violations count Slowest: 0
max fanout violations count Slowest: 0
max cap violations count Slowest: 0
======================= Typical Corner ===================================


max slew violations count Typical: 0
max fanout violations count Typical: 0
max cap violations count Typical: 0

===========================================================================
report_parasitic_annotation -report_unannotated
============================================================================
Found 9 unannotated drivers.
 TopZeroToFive_10/LO
 TopZeroToFive_11/LO
 TopZeroToFive_12/LO
 TopZeroToFive_13/LO
 TopZeroToFive_14/LO
 TopZeroToFive_15/LO
 TopZeroToFive_16/LO
 TopZeroToFive_9/HI
 clkload0/Y
Found 0 partially unannotated drivers.

===========================================================================
max slew violation count 0
max fanout violation count 0
max cap violation count 0
============================================================================

===========================================================================
check_setup -verbose -unconstrained_endpoints -multiple_clock -no_clock -no_input_delay -loops -generated_clocks
===========================================================================
Warning: There is 1 input port missing set_input_delay.
  btnC
Warning: There are 4 unclocked register/latch pins.
  _152_/CLK
  _153_/CLK
  _154_/CLK
  _155_/CLK
Warning: There are 19 unconstrained endpoints.
  an[0]
  an[1]
  an[2]
  an[3]
  an[4]
  an[5]
  an[6]
  an[7]
  seg[0]
  seg[1]
  seg[2]
  seg[3]
  seg[4]
  seg[5]
  seg[6]
  _152_/D
  _153_/D
  _154_/D
  _155_/D
