
===========================================================================
 report_power
============================================================================
======================= Fastest Corner ===================================

Group                  Internal  Switching    Leakage      Total
                          Power      Power      Power      Power (Watts)
----------------------------------------------------------------
Sequential             1.88e-04   9.09e-05   1.31e-08   2.79e-04  11.4%
Combinational          5.51e-04   1.47e-03   1.29e-09   2.02e-03  82.7%
Clock                  9.13e-05   5.21e-05   1.05e-09   1.43e-04   5.9%
Macro                  0.00e+00   0.00e+00   0.00e+00   0.00e+00   0.0%
Pad                    0.00e+00   0.00e+00   0.00e+00   0.00e+00   0.0%
----------------------------------------------------------------
Total                  8.31e-04   1.61e-03   1.55e-08   2.44e-03 100.0%
                          34.0%      66.0%       0.0%

======================= Slowest Corner ===================================

Group                  Internal  Switching    Leakage      Total
                          Power      Power      Power      Power (Watts)
----------------------------------------------------------------
Sequential             1.28e-04   6.04e-05   4.16e-07   1.89e-04  11.3%
Combinational          4.06e-04   9.81e-04   1.16e-06   1.39e-03  82.8%
Clock                  6.53e-05   3.35e-05   8.26e-08   9.89e-05   5.9%
Macro                  0.00e+00   0.00e+00   0.00e+00   0.00e+00   0.0%
Pad                    0.00e+00   0.00e+00   0.00e+00   0.00e+00   0.0%
----------------------------------------------------------------
Total                  6.00e-04   1.07e-03   1.66e-06   1.68e-03 100.0%
                          35.8%      64.1%       0.1%

======================= Typical Corner ===================================

Group                  Internal  Switching    Leakage      Total
                          Power      Power      Power      Power (Watts)
----------------------------------------------------------------
Sequential             1.63e-04   7.69e-05   1.29e-08   2.40e-04  11.4%
Combinational          4.99e-04   1.25e-03   8.05e-10   1.74e-03  82.7%
Clock                  7.99e-05   4.38e-05   8.30e-10   1.24e-04   5.9%
Macro                  0.00e+00   0.00e+00   0.00e+00   0.00e+00   0.0%
Pad                    0.00e+00   0.00e+00   0.00e+00   0.00e+00   0.0%
----------------------------------------------------------------
Total                  7.42e-04   1.37e-03   1.46e-08   2.11e-03 100.0%
                          35.2%      64.8%       0.0%

