
===========================================================================
report_checks -unconstrained
===========================================================================
======================= Fastest Corner ===================================

Startpoint: _464_ (rising edge-triggered flip-flop clocked by CLK100MHZ)
Endpoint: _461_ (rising edge-triggered flip-flop clocked by CLK100MHZ)
Path Group: CLK100MHZ
Path Type: max
Corner: Fastest

Fanout     Cap    Slew   Delay    Time   Description
-----------------------------------------------------------------------------
                          0.00    0.00   clock CLK100MHZ (rise edge)
                          0.00    0.00   clock source latency
     1    0.02    0.00    0.00    0.00 ^ CLK100MHZ (in)
                                         CLK100MHZ (net)
                  0.00    0.00    0.00 ^ clkbuf_0_CLK100MHZ/A (sky130_fd_sc_hd__clkbuf_16)
     2    0.02    0.03    0.08    0.08 ^ clkbuf_0_CLK100MHZ/X (sky130_fd_sc_hd__clkbuf_16)
                                         clknet_0_CLK100MHZ (net)
                  0.03    0.00    0.08 ^ clkbuf_1_0__f_CLK100MHZ/A (sky130_fd_sc_hd__clkbuf_16)
    16    0.06    0.06    0.11    0.18 ^ clkbuf_1_0__f_CLK100MHZ/X (sky130_fd_sc_hd__clkbuf_16)
                                         clknet_1_0__leaf_CLK100MHZ (net)
                  0.06    0.00    0.19 ^ _464_/CLK (sky130_fd_sc_hd__dfrtp_1)
     3    0.02    0.16    0.30    0.49 ^ _464_/Q (sky130_fd_sc_hd__dfrtp_1)
                                         imem.address[2] (net)
                  0.16    0.00    0.49 ^ _215_/A (sky130_fd_sc_hd__clkbuf_4)
    10    0.06    0.13    0.19    0.68 ^ _215_/X (sky130_fd_sc_hd__clkbuf_4)
                                         _060_ (net)
                  0.13    0.00    0.68 ^ _216_/A (sky130_fd_sc_hd__clkbuf_2)
     5    0.04    0.16    0.18    0.86 ^ _216_/X (sky130_fd_sc_hd__clkbuf_2)
                                         _061_ (net)
                  0.16    0.00    0.86 ^ _246_/A_N (sky130_fd_sc_hd__and3b_1)
     1    0.01    0.05    0.14    1.00 v _246_/X (sky130_fd_sc_hd__and3b_1)
                                         _088_ (net)
                  0.05    0.00    1.00 v _247_/A (sky130_fd_sc_hd__buf_2)
     7    0.05    0.09    0.15    1.15 v _247_/X (sky130_fd_sc_hd__buf_2)
                                         _089_ (net)
                  0.09    0.00    1.15 v _248_/B (sky130_fd_sc_hd__or2_1)
     1    0.01    0.05    0.16    1.31 v _248_/X (sky130_fd_sc_hd__or2_1)
                                         _090_ (net)
                  0.05    0.00    1.31 v _249_/A (sky130_fd_sc_hd__clkbuf_2)
     5    0.04    0.10    0.14    1.44 v _249_/X (sky130_fd_sc_hd__clkbuf_2)
                                         _091_ (net)
                  0.10    0.00    1.45 v _266_/A2 (sky130_fd_sc_hd__a21o_1)
     2    0.02    0.06    0.17    1.62 v _266_/X (sky130_fd_sc_hd__a21o_1)
                                         _108_ (net)
                  0.06    0.00    1.62 v _268_/B (sky130_fd_sc_hd__or3_2)
     2    0.02    0.08    0.31    1.93 v _268_/X (sky130_fd_sc_hd__or3_2)
                                         _110_ (net)
                  0.08    0.00    1.93 v _312_/A2 (sky130_fd_sc_hd__a21oi_2)
     3    0.02    0.19    0.20    2.13 ^ _312_/Y (sky130_fd_sc_hd__a21oi_2)
                                         _154_ (net)
                  0.19    0.00    2.13 ^ _319_/A2 (sky130_fd_sc_hd__o21ai_2)
     3    0.03    0.09    0.09    2.22 v _319_/Y (sky130_fd_sc_hd__o21ai_2)
                                         _161_ (net)
                  0.09    0.00    2.22 v _373_/A1 (sky130_fd_sc_hd__a21oi_2)
     3    0.04    0.32    0.29    2.51 ^ _373_/Y (sky130_fd_sc_hd__a21oi_2)
                                         _204_ (net)
                  0.32    0.00    2.51 ^ _380_/A_N (sky130_fd_sc_hd__and2b_1)
     1    0.01    0.05    0.15    2.66 v _380_/X (sky130_fd_sc_hd__and2b_1)
                                         _211_ (net)
                  0.05    0.00    2.66 v _382_/A (sky130_fd_sc_hd__nor2_1)
     4    0.03    0.37    0.30    2.97 ^ _382_/Y (sky130_fd_sc_hd__nor2_1)
                                         _213_ (net)
                  0.37    0.00    2.97 ^ _432_/A1 (sky130_fd_sc_hd__mux2_1)
     1    0.02    0.13    0.18    3.15 ^ _432_/X (sky130_fd_sc_hd__mux2_1)
                                         _059_ (net)
                  0.13    0.00    3.15 ^ _433_/A (sky130_fd_sc_hd__buf_1)
     1    0.02    0.14    0.14    3.28 ^ _433_/X (sky130_fd_sc_hd__buf_1)
                                         _027_ (net)
                  0.14    0.00    3.28 ^ _461_/D (sky130_fd_sc_hd__dfxtp_1)
                                  3.28   data arrival time

                         10.00   10.00   clock CLK100MHZ (rise edge)
                          0.00   10.00   clock source latency
     1    0.02    0.00    0.00   10.00 ^ CLK100MHZ (in)
                                         CLK100MHZ (net)
                  0.00    0.00   10.00 ^ clkbuf_0_CLK100MHZ/A (sky130_fd_sc_hd__clkbuf_16)
     2    0.02    0.03    0.08   10.08 ^ clkbuf_0_CLK100MHZ/X (sky130_fd_sc_hd__clkbuf_16)
                                         clknet_0_CLK100MHZ (net)
                  0.03    0.00   10.08 ^ clkbuf_1_0__f_CLK100MHZ/A (sky130_fd_sc_hd__clkbuf_16)
    16    0.06    0.06    0.11   10.18 ^ clkbuf_1_0__f_CLK100MHZ/X (sky130_fd_sc_hd__clkbuf_16)
                                         clknet_1_0__leaf_CLK100MHZ (net)
                  0.06    0.00   10.19 ^ _461_/CLK (sky130_fd_sc_hd__dfxtp_1)
                         -0.20    9.99   clock uncertainty
                          0.00    9.99   clock reconvergence pessimism
                         -0.04    9.95   library setup time
                                  9.95   data required time
-----------------------------------------------------------------------------
                                  9.95   data required time
                                 -3.28   data arrival time
-----------------------------------------------------------------------------
                                  6.66   slack (MET)



======================= Slowest Corner ===================================

Startpoint: _464_ (rising edge-triggered flip-flop clocked by CLK100MHZ)
Endpoint: _461_ (rising edge-triggered flip-flop clocked by CLK100MHZ)
Path Group: CLK100MHZ
Path Type: max
Corner: Slowest

Fanout     Cap    Slew   Delay    Time   Description
-----------------------------------------------------------------------------
                          0.00    0.00   clock CLK100MHZ (rise edge)
                          0.00    0.00   clock source latency
     1    0.02    0.00    0.00    0.00 ^ CLK100MHZ (in)
                                         CLK100MHZ (net)
                  0.00    0.00    0.00 ^ clkbuf_0_CLK100MHZ/A (sky130_fd_sc_hd__clkbuf_16)
     2    0.02    0.07    0.19    0.19 ^ clkbuf_0_CLK100MHZ/X (sky130_fd_sc_hd__clkbuf_16)
                                         clknet_0_CLK100MHZ (net)
                  0.07    0.00    0.19 ^ clkbuf_1_0__f_CLK100MHZ/A (sky130_fd_sc_hd__clkbuf_16)
    16    0.06    0.12    0.27    0.46 ^ clkbuf_1_0__f_CLK100MHZ/X (sky130_fd_sc_hd__clkbuf_16)
                                         clknet_1_0__leaf_CLK100MHZ (net)
                  0.12    0.00    0.46 ^ _464_/CLK (sky130_fd_sc_hd__dfrtp_1)
     3    0.02    0.33    0.87    1.33 ^ _464_/Q (sky130_fd_sc_hd__dfrtp_1)
                                         imem.address[2] (net)
                  0.33    0.00    1.33 ^ _215_/A (sky130_fd_sc_hd__clkbuf_4)
    10    0.06    0.27    0.52    1.85 ^ _215_/X (sky130_fd_sc_hd__clkbuf_4)
                                         _060_ (net)
                  0.27    0.00    1.85 ^ _216_/A (sky130_fd_sc_hd__clkbuf_2)
     5    0.04    0.32    0.46    2.30 ^ _216_/X (sky130_fd_sc_hd__clkbuf_2)
                                         _061_ (net)
                  0.32    0.00    2.31 ^ _246_/A_N (sky130_fd_sc_hd__and3b_1)
     1    0.01    0.13    0.50    2.81 v _246_/X (sky130_fd_sc_hd__and3b_1)
                                         _088_ (net)
                  0.13    0.00    2.81 v _247_/A (sky130_fd_sc_hd__buf_2)
     7    0.05    0.24    0.43    3.24 v _247_/X (sky130_fd_sc_hd__buf_2)
                                         _089_ (net)
                  0.24    0.00    3.24 v _248_/B (sky130_fd_sc_hd__or2_1)
     1    0.01    0.14    0.58    3.82 v _248_/X (sky130_fd_sc_hd__or2_1)
                                         _090_ (net)
                  0.14    0.00    3.82 v _249_/A (sky130_fd_sc_hd__clkbuf_2)
     5    0.04    0.26    0.38    4.20 v _249_/X (sky130_fd_sc_hd__clkbuf_2)
                                         _091_ (net)
                  0.26    0.00    4.20 v _266_/A2 (sky130_fd_sc_hd__a21o_1)
     2    0.02    0.16    0.50    4.69 v _266_/X (sky130_fd_sc_hd__a21o_1)
                                         _108_ (net)
                  0.16    0.00    4.69 v _268_/B (sky130_fd_sc_hd__or3_2)
     2    0.02    0.26    1.25    5.94 v _268_/X (sky130_fd_sc_hd__or3_2)
                                         _110_ (net)
                  0.26    0.00    5.94 v _312_/A2 (sky130_fd_sc_hd__a21oi_2)
     3    0.02    0.42    0.51    6.45 ^ _312_/Y (sky130_fd_sc_hd__a21oi_2)
                                         _154_ (net)
                  0.42    0.00    6.45 ^ _319_/A2 (sky130_fd_sc_hd__o21ai_2)
     3    0.03    0.25    0.35    6.80 v _319_/Y (sky130_fd_sc_hd__o21ai_2)
                                         _161_ (net)
                  0.25    0.00    6.80 v _373_/A1 (sky130_fd_sc_hd__a21oi_2)
     3    0.04    0.70    0.70    7.50 ^ _373_/Y (sky130_fd_sc_hd__a21oi_2)
                                         _204_ (net)
                  0.70    0.00    7.50 ^ _380_/A_N (sky130_fd_sc_hd__and2b_1)
     1    0.01    0.14    0.64    8.14 v _380_/X (sky130_fd_sc_hd__and2b_1)
                                         _211_ (net)
                  0.14    0.00    8.14 v _382_/A (sky130_fd_sc_hd__nor2_1)
     4    0.03    0.86    0.74    8.88 ^ _382_/Y (sky130_fd_sc_hd__nor2_1)
                                         _213_ (net)
                  0.86    0.00    8.88 ^ _432_/A1 (sky130_fd_sc_hd__mux2_1)
     1    0.02    0.28    0.66    9.54 ^ _432_/X (sky130_fd_sc_hd__mux2_1)
                                         _059_ (net)
                  0.28    0.00    9.54 ^ _433_/A (sky130_fd_sc_hd__buf_1)
     1    0.02    0.31    0.40    9.94 ^ _433_/X (sky130_fd_sc_hd__buf_1)
                                         _027_ (net)
                  0.31    0.00    9.94 ^ _461_/D (sky130_fd_sc_hd__dfxtp_1)
                                  9.94   data arrival time

                         10.00   10.00   clock CLK100MHZ (rise edge)
                          0.00   10.00   clock source latency
     1    0.02    0.00    0.00   10.00 ^ CLK100MHZ (in)
                                         CLK100MHZ (net)
                  0.00    0.00   10.00 ^ clkbuf_0_CLK100MHZ/A (sky130_fd_sc_hd__clkbuf_16)
     2    0.02    0.07    0.19   10.19 ^ clkbuf_0_CLK100MHZ/X (sky130_fd_sc_hd__clkbuf_16)
                                         clknet_0_CLK100MHZ (net)
                  0.07    0.00   10.19 ^ clkbuf_1_0__f_CLK100MHZ/A (sky130_fd_sc_hd__clkbuf_16)
    16    0.06    0.12    0.27   10.46 ^ clkbuf_1_0__f_CLK100MHZ/X (sky130_fd_sc_hd__clkbuf_16)
                                         clknet_1_0__leaf_CLK100MHZ (net)
                  0.12    0.00   10.46 ^ _461_/CLK (sky130_fd_sc_hd__dfxtp_1)
                         -0.20   10.26   clock uncertainty
                          0.00   10.26   clock reconvergence pessimism
                         -0.18   10.08   library setup time
                                 10.08   data required time
-----------------------------------------------------------------------------
                                 10.08   data required time
                                 -9.94   data arrival time
-----------------------------------------------------------------------------
                                  0.14   slack (MET)



======================= Typical Corner ===================================

Startpoint: _464_ (rising edge-triggered flip-flop clocked by CLK100MHZ)
Endpoint: _461_ (rising edge-triggered flip-flop clocked by CLK100MHZ)
Path Group: CLK100MHZ
Path Type: max
Corner: Typical

Fanout     Cap    Slew   Delay    Time   Description
-----------------------------------------------------------------------------
                          0.00    0.00   clock CLK100MHZ (rise edge)
                          0.00    0.00   clock source latency
     1    0.02    0.00    0.00    0.00 ^ CLK100MHZ (in)
                                         CLK100MHZ (net)
                  0.00    0.00    0.00 ^ clkbuf_0_CLK100MHZ/A (sky130_fd_sc_hd__clkbuf_16)
     2    0.02    0.04    0.11    0.11 ^ clkbuf_0_CLK100MHZ/X (sky130_fd_sc_hd__clkbuf_16)
                                         clknet_0_CLK100MHZ (net)
                  0.04    0.00    0.11 ^ clkbuf_1_0__f_CLK100MHZ/A (sky130_fd_sc_hd__clkbuf_16)
    16    0.06    0.08    0.16    0.26 ^ clkbuf_1_0__f_CLK100MHZ/X (sky130_fd_sc_hd__clkbuf_16)
                                         clknet_1_0__leaf_CLK100MHZ (net)
                  0.08    0.00    0.27 ^ _464_/CLK (sky130_fd_sc_hd__dfrtp_1)
     3    0.02    0.21    0.46    0.72 ^ _464_/Q (sky130_fd_sc_hd__dfrtp_1)
                                         imem.address[2] (net)
                  0.21    0.00    0.72 ^ _215_/A (sky130_fd_sc_hd__clkbuf_4)
    10    0.06    0.17    0.29    1.01 ^ _215_/X (sky130_fd_sc_hd__clkbuf_4)
                                         _060_ (net)
                  0.17    0.00    1.01 ^ _216_/A (sky130_fd_sc_hd__clkbuf_2)
     5    0.04    0.21    0.26    1.27 ^ _216_/X (sky130_fd_sc_hd__clkbuf_2)
                                         _061_ (net)
                  0.21    0.00    1.27 ^ _246_/A_N (sky130_fd_sc_hd__and3b_1)
     1    0.01    0.07    0.24    1.51 v _246_/X (sky130_fd_sc_hd__and3b_1)
                                         _088_ (net)
                  0.07    0.00    1.51 v _247_/A (sky130_fd_sc_hd__buf_2)
     7    0.05    0.12    0.22    1.73 v _247_/X (sky130_fd_sc_hd__buf_2)
                                         _089_ (net)
                  0.12    0.00    1.73 v _248_/B (sky130_fd_sc_hd__or2_1)
     1    0.01    0.07    0.26    1.99 v _248_/X (sky130_fd_sc_hd__or2_1)
                                         _090_ (net)
                  0.07    0.00    1.99 v _249_/A (sky130_fd_sc_hd__clkbuf_2)
     5    0.04    0.14    0.20    2.19 v _249_/X (sky130_fd_sc_hd__clkbuf_2)
                                         _091_ (net)
                  0.14    0.00    2.20 v _266_/A2 (sky130_fd_sc_hd__a21o_1)
     2    0.02    0.09    0.27    2.46 v _266_/X (sky130_fd_sc_hd__a21o_1)
                                         _108_ (net)
                  0.09    0.00    2.46 v _268_/B (sky130_fd_sc_hd__or3_2)
     2    0.02    0.13    0.54    3.00 v _268_/X (sky130_fd_sc_hd__or3_2)
                                         _110_ (net)
                  0.13    0.00    3.00 v _312_/A2 (sky130_fd_sc_hd__a21oi_2)
     3    0.02    0.26    0.29    3.29 ^ _312_/Y (sky130_fd_sc_hd__a21oi_2)
                                         _154_ (net)
                  0.26    0.00    3.29 ^ _319_/A2 (sky130_fd_sc_hd__o21ai_2)
     3    0.03    0.13    0.16    3.45 v _319_/Y (sky130_fd_sc_hd__o21ai_2)
                                         _161_ (net)
                  0.13    0.00    3.45 v _373_/A1 (sky130_fd_sc_hd__a21oi_2)
     3    0.04    0.43    0.41    3.86 ^ _373_/Y (sky130_fd_sc_hd__a21oi_2)
                                         _204_ (net)
                  0.43    0.00    3.86 ^ _380_/A_N (sky130_fd_sc_hd__and2b_1)
     1    0.01    0.07    0.28    4.13 v _380_/X (sky130_fd_sc_hd__and2b_1)
                                         _211_ (net)
                  0.07    0.00    4.13 v _382_/A (sky130_fd_sc_hd__nor2_1)
     4    0.03    0.52    0.43    4.57 ^ _382_/Y (sky130_fd_sc_hd__nor2_1)
                                         _213_ (net)
                  0.52    0.00    4.57 ^ _432_/A1 (sky130_fd_sc_hd__mux2_1)
     1    0.02    0.17    0.32    4.88 ^ _432_/X (sky130_fd_sc_hd__mux2_1)
                                         _059_ (net)
                  0.17    0.00    4.88 ^ _433_/A (sky130_fd_sc_hd__buf_1)
     1    0.02    0.19    0.21    5.10 ^ _433_/X (sky130_fd_sc_hd__buf_1)
                                         _027_ (net)
                  0.19    0.00    5.10 ^ _461_/D (sky130_fd_sc_hd__dfxtp_1)
                                  5.10   data arrival time

                         10.00   10.00   clock CLK100MHZ (rise edge)
                          0.00   10.00   clock source latency
     1    0.02    0.00    0.00   10.00 ^ CLK100MHZ (in)
                                         CLK100MHZ (net)
                  0.00    0.00   10.00 ^ clkbuf_0_CLK100MHZ/A (sky130_fd_sc_hd__clkbuf_16)
     2    0.02    0.04    0.11   10.11 ^ clkbuf_0_CLK100MHZ/X (sky130_fd_sc_hd__clkbuf_16)
                                         clknet_0_CLK100MHZ (net)
                  0.04    0.00   10.11 ^ clkbuf_1_0__f_CLK100MHZ/A (sky130_fd_sc_hd__clkbuf_16)
    16    0.06    0.08    0.16   10.26 ^ clkbuf_1_0__f_CLK100MHZ/X (sky130_fd_sc_hd__clkbuf_16)
                                         clknet_1_0__leaf_CLK100MHZ (net)
                  0.08    0.00   10.27 ^ _461_/CLK (sky130_fd_sc_hd__dfxtp_1)
                         -0.20   10.07   clock uncertainty
                          0.00   10.07   clock reconvergence pessimism
                         -0.08    9.98   library setup time
                                  9.98   data required time
-----------------------------------------------------------------------------
                                  9.98   data required time
                                 -5.10   data arrival time
-----------------------------------------------------------------------------
                                  4.89   slack (MET)




===========================================================================
report_checks --slack_max -0.01
============================================================================
======================= Fastest Corner ===================================

No paths found.

======================= Slowest Corner ===================================

No paths found.

======================= Typical Corner ===================================

No paths found.


===========================================================================
 report_check_types -max_slew -max_cap -max_fanout -violators
============================================================================
======================= Fastest Corner ===================================


max slew violations count Fastest: 0
max fanout violations count Fastest: 0
max cap violations count Fastest: 0
======================= Slowest Corner ===================================


max slew violations count Slowest: 0
max fanout violations count Slowest: 0
max cap violations count Slowest: 0
======================= Typical Corner ===================================


max slew violations count Typical: 0
max fanout violations count Typical: 0
max cap violations count Typical: 0

===========================================================================
report_parasitic_annotation -report_unannotated
============================================================================
Found 5 unannotated drivers.
 clkload0/Y
 top_module_10/HI
 top_module_11/LO
 top_module_12/LO
 top_module_13/LO
Found 0 partially unannotated drivers.

===========================================================================
max slew violation count 0
max fanout violation count 0
max cap violation count 0
============================================================================

===========================================================================
check_setup -verbose -unconstrained_endpoints -multiple_clock -no_clock -no_input_delay -loops -generated_clocks
===========================================================================
Warning: There are 2 input ports missing set_input_delay.
  BTNR
  BTNU
Warning: There are 11 unconstrained endpoints.
  an[0]
  an[1]
  an[2]
  an[3]
  seg[0]
  seg[1]
  seg[2]
  seg[3]
  seg[4]
  seg[5]
  seg[6]
