Instance,Terminal,Layer,X location,Y location,Voltage
FILLER_0_27_184,VGND,li1,90.8500,87.0400,0.000000
FILLER_0_27_180,VGND,li1,88.5500,87.0400,0.000000
FILLER_0_27_172,VGND,li1,86.4800,87.0400,0.000000
FILLER_0_27_160,VGND,li1,80.9600,87.0400,0.000000
FILLER_0_27_156,VGND,li1,77.5100,87.0400,0.000000
FILLER_0_27_148,VGND,li1,75.4400,87.0400,0.000000
FILLER_0_27_141,VGND,li1,71.3000,87.0400,0.000000
FILLER_0_27_136,VGND,li1,69.0000,87.0400,0.000000
FILLER_0_27_127,VGND,li1,65.3200,87.0400,0.000000
FILLER_0_27_113,VGND,li1,59.3400,87.0400,0.000000
FILLER_0_27_108,VGND,li1,55.4300,87.0400,0.000000
FILLER_0_27_100,VGND,li1,53.3600,87.0400,0.000000
FILLER_0_27_96,VGND,li1,49.9100,87.0400,0.000000
FILLER_0_27_88,VGND,li1,47.8400,87.0400,0.000000
FILLER_0_27_76,VGND,li1,42.3200,87.0400,0.000000
FILLER_0_27_72,VGND,li1,38.8700,87.0400,0.000000
FILLER_0_27_64,VGND,li1,36.8000,87.0400,0.000000
FILLER_0_27_60,VGND,li1,33.3500,87.0400,0.000000
FILLER_0_27_48,VGND,li1,27.8300,87.0400,0.000000
FILLER_0_27_40,VGND,li1,25.7600,87.0400,0.000000
FILLER_0_27_29,VGND,li1,20.7000,87.0400,0.000000
FILLER_0_27_17,VGND,li1,15.1800,87.0400,0.000000
FILLER_0_27_11,VGND,li1,11.0400,87.0400,0.000000
FILLER_0_27_3,VGND,li1,8.7400,87.0400,0.000000
FILLER_0_26_182,VGND,li1,91.0800,81.6000,0.000000
FILLER_0_26_178,VGND,li1,87.6300,81.6000,0.000000
FILLER_0_26_172,VGND,li1,86.0200,81.6000,0.000000
FILLER_0_26_165,VGND,li1,81.8800,81.6000,0.000000
FILLER_0_26_153,VGND,li1,78.6600,81.6000,0.000000
FILLER_0_26_141,VGND,li1,73.1400,81.6000,0.000001
FILLER_0_26_134,VGND,li1,68.5400,81.6000,0.000001
FILLER_0_26_122,VGND,li1,64.4000,81.6000,0.000001
FILLER_0_26_115,VGND,li1,58.6500,81.6000,0.000001
FILLER_0_26_109,VGND,li1,57.0400,81.6000,0.000002
FILLER_0_26_97,VGND,li1,52.9000,81.6000,0.000002
FILLER_0_26_85,VGND,li1,47.3800,81.6000,0.000002
FILLER_0_26_83,VGND,li1,43.9300,81.6000,0.000003
FILLER_0_26_77,VGND,li1,42.3200,81.6000,0.000003
FILLER_0_26_65,VGND,li1,38.1800,81.6000,0.000003
FILLER_0_26_53,VGND,li1,32.6600,81.6000,0.000004
FILLER_0_26_41,VGND,li1,27.1400,81.6000,0.000003
FILLER_0_26_29,VGND,li1,21.6200,81.6000,0.000002
FILLER_0_26_27,VGND,li1,18.1700,81.6000,0.000002
FILLER_0_26_15,VGND,li1,15.1800,81.6000,0.000001
FILLER_0_26_3,VGND,li1,9.6600,81.6000,0.000001
FILLER_0_25_189,VGND,li1,92.6900,81.6000,0.000000
FILLER_0_25_181,VGND,li1,90.6200,81.6000,0.000000
FILLER_0_25_169,VGND,li1,86.0200,81.6000,0.000000
FILLER_0_25_167,VGND,li1,82.5700,81.6000,0.000000
FILLER_0_25_161,VGND,li1,80.9600,81.6000,0.000000
FILLER_0_25_149,VGND,li1,76.8200,81.6000,0.000000
FILLER_0_25_137,VGND,li1,71.3000,81.6000,0.000001
FILLER_0_25_125,VGND,li1,65.7800,81.6000,0.000001
FILLER_0_25_113,VGND,li1,60.2600,81.6000,0.000001
FILLER_0_25_109,VGND,li1,56.3500,81.6000,0.000002
FILLER_0_25_97,VGND,li1,52.9000,81.6000,0.000002
FILLER_0_25_85,VGND,li1,47.3800,81.6000,0.000002
FILLER_0_25_73,VGND,li1,41.8600,81.6000,0.000003
FILLER_0_25_55,VGND,li1,31.0500,81.6000,0.000004
FILLER_0_25_51,VGND,li1,29.9000,81.6000,0.000004
FILLER_0_25_39,VGND,li1,26.2200,81.6000,0.000003
FILLER_0_25_27,VGND,li1,20.7000,81.6000,0.000002
FILLER_0_25_15,VGND,li1,15.1800,81.6000,0.000001
FILLER_0_25_3,VGND,li1,9.6600,81.6000,0.000001
FILLER_0_24_189,VGND,li1,92.6900,76.1600,0.000004
FILLER_0_24_177,VGND,li1,89.7000,76.1600,0.000004
FILLER_0_24_165,VGND,li1,84.1800,76.1600,0.000006
FILLER_0_24_153,VGND,li1,78.6600,76.1600,0.000008
FILLER_0_24_141,VGND,li1,73.1400,76.1600,0.000007
FILLER_0_24_139,VGND,li1,69.6900,76.1600,0.000006
FILLER_0_24_133,VGND,li1,68.0800,76.1600,0.000006
FILLER_0_24_121,VGND,li1,63.9400,76.1600,0.000005
FILLER_0_24_109,VGND,li1,58.4200,76.1600,0.000007
FILLER_0_24_97,VGND,li1,52.9000,76.1600,0.000009
FILLER_0_24_85,VGND,li1,47.3800,76.1600,0.000007
FILLER_0_24_82,VGND,li1,43.7000,76.1600,0.000006
FILLER_0_24_70,VGND,li1,40.4800,76.1600,0.000005
FILLER_0_24_45,VGND,li1,26.4500,76.1600,0.000007
FILLER_0_24_41,VGND,li1,25.3000,76.1600,0.000006
FILLER_0_24_29,VGND,li1,21.6200,76.1600,0.000005
FILLER_0_24_27,VGND,li1,18.1700,76.1600,0.000004
FILLER_0_24_15,VGND,li1,15.1800,76.1600,0.000003
FILLER_0_24_3,VGND,li1,9.6600,76.1600,0.000003
FILLER_0_23_189,VGND,li1,92.6900,76.1600,0.000004
FILLER_0_23_181,VGND,li1,90.6200,76.1600,0.000004
FILLER_0_23_169,VGND,li1,86.0200,76.1600,0.000005
FILLER_0_23_149,VGND,li1,74.5200,76.1600,0.000007
FILLER_0_23_137,VGND,li1,71.3000,76.1600,0.000006
FILLER_0_23_125,VGND,li1,65.7800,76.1600,0.000006
FILLER_0_23_113,VGND,li1,60.2600,76.1600,0.000006
FILLER_0_23_94,VGND,li1,49.2200,76.1600,0.000008
FILLER_0_23_86,VGND,li1,46.9200,76.1600,0.000007
FILLER_0_23_74,VGND,li1,42.3200,76.1600,0.000006
FILLER_0_23_62,VGND,li1,36.8000,76.1600,0.000006
FILLER_0_23_54,VGND,li1,30.8200,76.1600,0.000008
FILLER_0_23_46,VGND,li1,28.5200,76.1600,0.000007
FILLER_0_23_34,VGND,li1,23.9200,76.1600,0.000006
FILLER_0_23_22,VGND,li1,18.4000,76.1600,0.000004
FILLER_0_23_15,VGND,li1,13.3400,76.1600,0.000003
FILLER_0_23_3,VGND,li1,9.6600,76.1600,0.000003
FILLER_0_22_189,VGND,li1,92.6900,70.7200,0.000000
FILLER_0_22_177,VGND,li1,89.7000,70.7200,0.000000
FILLER_0_22_165,VGND,li1,84.1800,70.7200,0.000000
FILLER_0_22_153,VGND,li1,78.6600,70.7200,0.000000
FILLER_0_22_141,VGND,li1,73.1400,70.7200,0.000000
FILLER_0_22_139,VGND,li1,69.6900,70.7200,0.000000
FILLER_0_22_133,VGND,li1,68.0800,70.7200,0.000000
FILLER_0_22_121,VGND,li1,63.9400,70.7200,0.000000
FILLER_0_22_109,VGND,li1,58.4200,70.7200,0.000000
FILLER_0_22_97,VGND,li1,52.9000,70.7200,0.000000
FILLER_0_22_85,VGND,li1,47.3800,70.7200,0.000000
FILLER_0_22_80,VGND,li1,43.2400,70.7200,0.000000
FILLER_0_22_68,VGND,li1,39.5600,70.7200,0.000000
FILLER_0_22_57,VGND,li1,33.1200,70.7200,0.000000
FILLER_0_22_49,VGND,li1,28.7500,70.7200,0.000000
FILLER_0_22_41,VGND,li1,26.2200,70.7200,0.000000
FILLER_0_22_29,VGND,li1,21.6200,70.7200,0.000000
FILLER_0_22_27,VGND,li1,18.1700,70.7200,0.000000
FILLER_0_22_15,VGND,li1,15.1800,70.7200,0.000000
FILLER_0_22_3,VGND,li1,9.6600,70.7200,0.000000
FILLER_0_21_189,VGND,li1,92.6900,70.7200,0.000000
FILLER_0_21_181,VGND,li1,90.6200,70.7200,0.000000
FILLER_0_21_169,VGND,li1,86.0200,70.7200,0.000000
FILLER_0_21_167,VGND,li1,82.5700,70.7200,0.000000
FILLER_0_21_159,VGND,li1,80.5000,70.7200,0.000000
FILLER_0_21_147,VGND,li1,75.9000,70.7200,0.000000
FILLER_0_21_135,VGND,li1,70.3800,70.7200,0.000000
FILLER_0_21_117,VGND,li1,59.8000,70.7200,0.000000
FILLER_0_21_113,VGND,li1,57.7300,70.7200,0.000000
FILLER_0_21_93,VGND,li1,51.0600,70.7200,0.000000
FILLER_0_21_81,VGND,li1,45.5400,70.7200,0.000000
FILLER_0_21_69,VGND,li1,40.0200,70.7200,0.000000
FILLER_0_21_57,VGND,li1,34.5000,70.7200,0.000000
FILLER_0_21_52,VGND,li1,30.3600,70.7200,0.000000
FILLER_0_21_40,VGND,li1,26.6800,70.7200,0.000000
FILLER_0_21_28,VGND,li1,21.1600,70.7200,0.000000
FILLER_0_21_23,VGND,li1,16.3300,70.7200,0.000000
FILLER_0_21_15,VGND,li1,14.2600,70.7200,0.000000
FILLER_0_21_3,VGND,li1,9.6600,70.7200,0.000000
FILLER_0_20_188,VGND,li1,92.4600,65.2800,0.000001
FILLER_0_20_180,VGND,li1,90.1600,65.2800,0.000001
FILLER_0_20_168,VGND,li1,85.5600,65.2800,0.000002
FILLER_0_20_156,VGND,li1,80.0400,65.2800,0.000003
FILLER_0_20_144,VGND,li1,74.5200,65.2800,0.000003
FILLER_0_20_139,VGND,li1,69.6900,65.2800,0.000004
FILLER_0_20_133,VGND,li1,68.0800,65.2800,0.000004
FILLER_0_20_104,VGND,li1,54.7400,65.2800,0.000006
FILLER_0_20_97,VGND,li1,51.0600,65.2800,0.000006
FILLER_0_20_85,VGND,li1,47.3800,65.2800,0.000006
FILLER_0_20_83,VGND,li1,43.9300,65.2800,0.000006
FILLER_0_20_77,VGND,li1,42.3200,65.2800,0.000006
FILLER_0_20_65,VGND,li1,38.1800,65.2800,0.000004
FILLER_0_20_53,VGND,li1,32.6600,65.2800,0.000003
FILLER_0_20_41,VGND,li1,27.1400,65.2800,0.000003
FILLER_0_20_29,VGND,li1,21.6200,65.2800,0.000002
FILLER_0_20_27,VGND,li1,18.1700,65.2800,0.000002
FILLER_0_20_21,VGND,li1,15.4100,65.2800,0.000001
FILLER_0_20_15,VGND,li1,13.8000,65.2800,0.000001
FILLER_0_20_3,VGND,li1,9.6600,65.2800,0.000001
FILLER_0_19_189,VGND,li1,92.6900,65.2800,0.000001
FILLER_0_19_181,VGND,li1,90.6200,65.2800,0.000001
FILLER_0_19_169,VGND,li1,86.0200,65.2800,0.000002
FILLER_0_19_164,VGND,li1,81.1900,65.2800,0.000003
FILLER_0_19_160,VGND,li1,80.0400,65.2800,0.000003
FILLER_0_19_153,VGND,li1,76.1300,65.2800,0.000003
FILLER_0_19_149,VGND,li1,74.9800,65.2800,0.000003
FILLER_0_19_137,VGND,li1,71.3000,65.2800,0.000004
FILLER_0_19_125,VGND,li1,65.7800,65.2800,0.000005
FILLER_0_19_113,VGND,li1,60.2600,65.2800,0.000005
FILLER_0_19_108,VGND,li1,56.1200,65.2800,0.000006
FILLER_0_19_96,VGND,li1,52.4400,65.2800,0.000006
FILLER_0_19_69,VGND,li1,38.6400,65.2800,0.000004
FILLER_0_19_57,VGND,li1,34.5000,65.2800,0.000004
FILLER_0_19_55,VGND,li1,31.0500,65.2800,0.000003
FILLER_0_19_51,VGND,li1,29.9000,65.2800,0.000003
FILLER_0_19_39,VGND,li1,26.2200,65.2800,0.000003
FILLER_0_19_27,VGND,li1,20.7000,65.2800,0.000002
FILLER_0_19_15,VGND,li1,15.1800,65.2800,0.000001
FILLER_0_19_3,VGND,li1,9.6600,65.2800,0.000001
FILLER_0_18_189,VGND,li1,92.6900,59.8400,-0.000000
FILLER_0_18_177,VGND,li1,89.7000,59.8400,-0.000000
FILLER_0_18_165,VGND,li1,84.1800,59.8400,-0.000000
FILLER_0_18_153,VGND,li1,78.6600,59.8400,-0.000000
FILLER_0_18_141,VGND,li1,73.1400,59.8400,-0.000000
FILLER_0_18_137,VGND,li1,69.2300,59.8400,-0.000000
FILLER_0_18_129,VGND,li1,66.7000,59.8400,-0.000000
FILLER_0_18_121,VGND,li1,61.4100,59.8400,-0.000000
FILLER_0_18_109,VGND,li1,58.4200,59.8400,-0.000000
FILLER_0_18_97,VGND,li1,52.9000,59.8400,-0.000000
FILLER_0_18_85,VGND,li1,47.3800,59.8400,-0.000000
FILLER_0_18_82,VGND,li1,43.7000,59.8400,-0.000000
FILLER_0_18_74,VGND,li1,41.4000,59.8400,-0.000000
FILLER_0_18_65,VGND,li1,36.3400,59.8400,-0.000000
FILLER_0_18_53,VGND,li1,32.6600,59.8400,-0.000000
FILLER_0_18_41,VGND,li1,27.1400,59.8400,-0.000000
FILLER_0_18_29,VGND,li1,21.6200,59.8400,-0.000000
FILLER_0_18_3,VGND,li1,7.3600,59.8400,-0.000000
FILLER_0_17_189,VGND,li1,92.6900,59.8400,-0.000000
FILLER_0_17_181,VGND,li1,90.6200,59.8400,-0.000000
FILLER_0_17_169,VGND,li1,86.0200,59.8400,-0.000000
FILLER_0_17_160,VGND,li1,80.9600,59.8400,-0.000000
FILLER_0_17_149,VGND,li1,74.9800,59.8400,-0.000000
FILLER_0_17_137,VGND,li1,71.3000,59.8400,-0.000000
FILLER_0_17_125,VGND,li1,65.7800,59.8400,-0.000000
FILLER_0_17_113,VGND,li1,60.2600,59.8400,-0.000000
FILLER_0_17_109,VGND,li1,56.3500,59.8400,-0.000000
FILLER_0_17_101,VGND,li1,53.8200,59.8400,-0.000000
FILLER_0_17_89,VGND,li1,49.2200,59.8400,-0.000000
FILLER_0_17_77,VGND,li1,43.7000,59.8400,-0.000000
FILLER_0_17_69,VGND,li1,37.4900,59.8400,-0.000000
FILLER_0_17_57,VGND,li1,34.5000,59.8400,-0.000000
FILLER_0_17_53,VGND,li1,30.5900,59.8400,-0.000000
FILLER_0_17_41,VGND,li1,27.1400,59.8400,-0.000000
FILLER_0_17_29,VGND,li1,21.6200,59.8400,-0.000000
FILLER_0_17_17,VGND,li1,16.1000,59.8400,-0.000000
FILLER_0_17_9,VGND,li1,9.8900,59.8400,-0.000000
FILLER_0_17_3,VGND,li1,8.2800,59.8400,-0.000000
FILLER_0_16_189,VGND,li1,92.6900,54.4000,0.000001
FILLER_0_16_177,VGND,li1,89.7000,54.4000,0.000001
FILLER_0_16_165,VGND,li1,84.1800,54.4000,0.000002
FILLER_0_16_153,VGND,li1,78.6600,54.4000,0.000002
FILLER_0_16_141,VGND,li1,73.1400,54.4000,0.000003
FILLER_0_16_132,VGND,li1,68.0800,54.4000,0.000003
FILLER_0_16_115,VGND,li1,58.6500,54.4000,0.000003
FILLER_0_16_109,VGND,li1,57.0400,54.4000,0.000003
FILLER_0_16_97,VGND,li1,52.9000,54.4000,0.000003
FILLER_0_16_85,VGND,li1,47.3800,54.4000,0.000002
FILLER_0_16_83,VGND,li1,43.9300,54.4000,0.000001
FILLER_0_16_77,VGND,li1,42.3200,54.4000,0.000001
FILLER_0_16_65,VGND,li1,38.1800,54.4000,0.000001
FILLER_0_16_53,VGND,li1,32.6600,54.4000,0.000001
FILLER_0_16_41,VGND,li1,27.1400,54.4000,0.000001
FILLER_0_16_29,VGND,li1,21.6200,54.4000,0.000000
FILLER_0_16_27,VGND,li1,18.1700,54.4000,0.000000
FILLER_0_16_15,VGND,li1,15.1800,54.4000,0.000000
FILLER_0_16_3,VGND,li1,9.6600,54.4000,0.000000
FILLER_0_15_189,VGND,li1,92.6900,54.4000,0.000001
FILLER_0_15_181,VGND,li1,90.6200,54.4000,0.000001
FILLER_0_15_169,VGND,li1,86.0200,54.4000,0.000001
FILLER_0_15_167,VGND,li1,82.5700,54.4000,0.000002
FILLER_0_15_161,VGND,li1,80.9600,54.4000,0.000002
FILLER_0_15_149,VGND,li1,76.8200,54.4000,0.000002
FILLER_0_15_137,VGND,li1,71.3000,54.4000,0.000003
FILLER_0_15_125,VGND,li1,65.7800,54.4000,0.000003
FILLER_0_15_113,VGND,li1,60.2600,54.4000,0.000003
FILLER_0_15_111,VGND,li1,56.8100,54.4000,0.000003
FILLER_0_15_105,VGND,li1,55.2000,54.4000,0.000003
FILLER_0_15_93,VGND,li1,51.0600,54.4000,0.000002
FILLER_0_15_81,VGND,li1,45.5400,54.4000,0.000002
FILLER_0_15_69,VGND,li1,40.0200,54.4000,0.000001
FILLER_0_15_57,VGND,li1,34.5000,54.4000,0.000001
FILLER_0_15_55,VGND,li1,31.0500,54.4000,0.000001
FILLER_0_15_51,VGND,li1,29.9000,54.4000,0.000001
FILLER_0_15_39,VGND,li1,26.2200,54.4000,0.000001
FILLER_0_15_27,VGND,li1,20.7000,54.4000,0.000000
FILLER_0_15_15,VGND,li1,15.1800,54.4000,0.000000
FILLER_0_15_3,VGND,li1,9.6600,54.4000,0.000000
FILLER_0_14_189,VGND,li1,92.6900,48.9600,0.000014
FILLER_0_14_177,VGND,li1,89.7000,48.9600,0.000014
FILLER_0_14_165,VGND,li1,84.1800,48.9600,0.000020
FILLER_0_14_153,VGND,li1,78.6600,48.9600,0.000030
FILLER_0_14_141,VGND,li1,73.1400,48.9600,0.000036
FILLER_0_14_132,VGND,li1,68.0800,48.9600,0.000043
FILLER_0_14_125,VGND,li1,63.4800,48.9600,0.000049
FILLER_0_14_113,VGND,li1,60.2600,48.9600,0.000057
FILLER_0_14_85,VGND,li1,45.5400,48.9600,0.000063
FILLER_0_14_81,VGND,li1,43.4700,48.9600,0.000059
FILLER_0_14_57,VGND,li1,31.9700,48.9600,0.000049
FILLER_0_14_53,VGND,li1,30.8200,48.9600,0.000047
FILLER_0_14_41,VGND,li1,27.1400,48.9600,0.000043
FILLER_0_14_29,VGND,li1,21.6200,48.9600,0.000037
FILLER_0_14_27,VGND,li1,18.1700,48.9600,0.000031
FILLER_0_14_23,VGND,li1,17.0200,48.9600,0.000031
FILLER_0_14_3,VGND,li1,7.8200,48.9600,0.000025
FILLER_0_13_189,VGND,li1,92.6900,48.9600,0.000014
FILLER_0_13_183,VGND,li1,91.0800,48.9600,0.000014
FILLER_0_13_175,VGND,li1,86.2500,48.9600,0.000017
FILLER_0_13_169,VGND,li1,84.6400,48.9600,0.000020
FILLER_0_13_162,VGND,li1,81.4200,48.9600,0.000024
FILLER_0_13_150,VGND,li1,77.2800,48.9600,0.000030
FILLER_0_13_138,VGND,li1,71.7600,48.9600,0.000040
FILLER_0_13_113,VGND,li1,57.7300,48.9600,0.000061
FILLER_0_13_104,VGND,li1,53.8200,48.9600,0.000065
FILLER_0_13_96,VGND,li1,51.5200,48.9600,0.000071
FILLER_0_13_84,VGND,li1,46.9200,48.9600,0.000063
FILLER_0_13_72,VGND,li1,41.4000,48.9600,0.000055
FILLER_0_13_68,VGND,li1,37.0300,48.9600,0.000056
FILLER_0_13_64,VGND,li1,35.8800,48.9600,0.000053
FILLER_0_13_57,VGND,li1,32.6600,48.9600,0.000049
FILLER_0_13_54,VGND,li1,30.8200,48.9600,0.000047
FILLER_0_13_39,VGND,li1,26.2200,48.9600,0.000043
FILLER_0_13_30,VGND,li1,19.5500,48.9600,0.000034
FILLER_0_13_24,VGND,li1,17.9400,48.9600,0.000031
FILLER_0_13_7,VGND,li1,8.9700,48.9600,0.000025
FILLER_0_13_3,VGND,li1,7.8200,48.9600,0.000025
FILLER_0_12_187,VGND,li1,92.2300,43.5200,0.000003
FILLER_0_12_175,VGND,li1,88.7800,43.5200,0.000003
FILLER_0_12_163,VGND,li1,83.2600,43.5200,0.000005
FILLER_0_12_141,VGND,li1,71.7600,43.5200,0.000004
FILLER_0_12_139,VGND,li1,69.6900,43.5200,0.000004
FILLER_0_12_133,VGND,li1,68.0800,43.5200,0.000004
FILLER_0_12_121,VGND,li1,63.9400,43.5200,0.000002
FILLER_0_12_109,VGND,li1,58.4200,43.5200,0.000002
FILLER_0_12_97,VGND,li1,52.9000,43.5200,0.000002
FILLER_0_12_85,VGND,li1,47.3800,43.5200,0.000001
FILLER_0_12_83,VGND,li1,43.9300,43.5200,0.000001
FILLER_0_12_71,VGND,li1,40.9400,43.5200,0.000001
FILLER_0_12_59,VGND,li1,35.4200,43.5200,0.000000
FILLER_0_12_47,VGND,li1,29.9000,43.5200,0.000000
FILLER_0_12_37,VGND,li1,23.2300,43.5200,0.000000
FILLER_0_12_29,VGND,li1,20.7000,43.5200,0.000000
FILLER_0_12_27,VGND,li1,18.1700,43.5200,0.000000
FILLER_0_12_15,VGND,li1,15.1800,43.5200,0.000000
FILLER_0_12_3,VGND,li1,9.6600,43.5200,0.000000
FILLER_0_11_189,VGND,li1,92.6900,43.5200,0.000003
FILLER_0_11_181,VGND,li1,90.6200,43.5200,0.000003
FILLER_0_11_169,VGND,li1,86.0200,43.5200,0.000004
FILLER_0_11_164,VGND,li1,81.8800,43.5200,0.000005
FILLER_0_11_148,VGND,li1,76.3600,43.5200,0.000006
FILLER_0_11_113,VGND,li1,58.4200,43.5200,0.000002
FILLER_0_11_93,VGND,li1,51.0600,43.5200,0.000001
FILLER_0_11_81,VGND,li1,45.5400,43.5200,0.000001
FILLER_0_11_69,VGND,li1,40.0200,43.5200,0.000001
FILLER_0_11_57,VGND,li1,34.5000,43.5200,0.000000
FILLER_0_11_55,VGND,li1,31.0500,43.5200,0.000000
FILLER_0_11_51,VGND,li1,29.9000,43.5200,0.000000
FILLER_0_11_39,VGND,li1,26.2200,43.5200,0.000000
FILLER_0_11_27,VGND,li1,20.7000,43.5200,0.000000
FILLER_0_11_15,VGND,li1,15.1800,43.5200,0.000000
FILLER_0_11_3,VGND,li1,9.6600,43.5200,0.000000
FILLER_0_10_189,VGND,li1,92.6900,38.0800,0.000000
FILLER_0_10_181,VGND,li1,90.6200,38.0800,0.000000
FILLER_0_10_173,VGND,li1,85.7900,38.0800,0.000000
FILLER_0_10_165,VGND,li1,83.2600,38.0800,0.000000
FILLER_0_10_153,VGND,li1,78.6600,38.0800,0.000000
FILLER_0_10_141,VGND,li1,73.1400,38.0800,0.000000
FILLER_0_10_137,VGND,li1,69.2300,38.0800,0.000000
FILLER_0_10_125,VGND,li1,65.7800,38.0800,0.000000
FILLER_0_10_121,VGND,li1,61.4100,38.0800,0.000000
FILLER_0_10_109,VGND,li1,58.4200,38.0800,0.000000
FILLER_0_10_97,VGND,li1,52.9000,38.0800,0.000000
FILLER_0_10_85,VGND,li1,47.3800,38.0800,0.000000
FILLER_0_10_83,VGND,li1,43.9300,38.0800,0.000000
FILLER_0_10_77,VGND,li1,42.3200,38.0800,0.000000
FILLER_0_10_65,VGND,li1,38.1800,38.0800,0.000000
FILLER_0_10_53,VGND,li1,32.6600,38.0800,0.000000
FILLER_0_10_41,VGND,li1,27.1400,38.0800,0.000000
FILLER_0_10_29,VGND,li1,21.6200,38.0800,0.000000
FILLER_0_10_27,VGND,li1,18.1700,38.0800,0.000000
FILLER_0_10_15,VGND,li1,15.1800,38.0800,0.000000
FILLER_0_10_3,VGND,li1,9.6600,38.0800,0.000000
FILLER_0_9_189,VGND,li1,92.6900,38.0800,0.000000
FILLER_0_9_181,VGND,li1,90.6200,38.0800,0.000000
FILLER_0_9_169,VGND,li1,86.0200,38.0800,0.000000
FILLER_0_9_160,VGND,li1,80.9600,38.0800,0.000000
FILLER_0_9_148,VGND,li1,76.3600,38.0800,0.000000
FILLER_0_9_144,VGND,li1,71.9900,38.0800,0.000000
FILLER_0_9_138,VGND,li1,70.3800,38.0800,0.000000
FILLER_0_9_125,VGND,li1,64.4000,38.0800,0.000000
FILLER_0_9_113,VGND,li1,60.2600,38.0800,0.000000
FILLER_0_9_111,VGND,li1,56.8100,38.0800,0.000000
FILLER_0_9_107,VGND,li1,55.6600,38.0800,0.000000
FILLER_0_9_103,VGND,li1,53.1300,38.0800,0.000000
FILLER_0_9_95,VGND,li1,51.0600,38.0800,0.000000
FILLER_0_9_81,VGND,li1,44.1600,38.0800,0.000000
FILLER_0_9_69,VGND,li1,40.0200,38.0800,0.000000
FILLER_0_9_57,VGND,li1,34.5000,38.0800,0.000000
FILLER_0_9_53,VGND,li1,30.5900,38.0800,0.000000
FILLER_0_9_41,VGND,li1,27.1400,38.0800,0.000000
FILLER_0_9_29,VGND,li1,21.6200,38.0800,0.000000
FILLER_0_9_17,VGND,li1,16.1000,38.0800,0.000000
FILLER_0_9_3,VGND,li1,8.2800,38.0800,0.000000
FILLER_0_8_189,VGND,li1,92.6900,32.6400,0.000004
FILLER_0_8_177,VGND,li1,89.7000,32.6400,0.000004
FILLER_0_8_165,VGND,li1,84.1800,32.6400,0.000006
FILLER_0_8_141,VGND,li1,72.2200,32.6400,0.000008
FILLER_0_8_139,VGND,li1,69.6900,32.6400,0.000007
FILLER_0_8_133,VGND,li1,68.0800,32.6400,0.000007
FILLER_0_8_121,VGND,li1,63.9400,32.6400,0.000007
FILLER_0_8_97,VGND,li1,51.9800,32.6400,0.000011
FILLER_0_8_85,VGND,li1,47.3800,32.6400,0.000010
FILLER_0_8_49,VGND,li1,28.5200,32.6400,0.000009
FILLER_0_8_41,VGND,li1,26.2200,32.6400,0.000008
FILLER_0_8_29,VGND,li1,21.6200,32.6400,0.000006
FILLER_0_8_27,VGND,li1,18.1700,32.6400,0.000005
FILLER_0_8_15,VGND,li1,15.1800,32.6400,0.000004
FILLER_0_8_3,VGND,li1,9.6600,32.6400,0.000004
FILLER_0_7_182,VGND,li1,91.0800,32.6400,0.000004
FILLER_0_7_178,VGND,li1,87.8600,32.6400,0.000004
FILLER_0_7_169,VGND,li1,83.7200,32.6400,0.000007
FILLER_0_7_166,VGND,li1,82.3400,32.6400,0.000007
FILLER_0_7_154,VGND,li1,79.1200,32.6400,0.000009
FILLER_0_7_143,VGND,li1,71.5300,32.6400,0.000008
FILLER_0_7_137,VGND,li1,69.9200,32.6400,0.000008
FILLER_0_7_125,VGND,li1,65.7800,32.6400,0.000007
FILLER_0_7_113,VGND,li1,60.2600,32.6400,0.000009
FILLER_0_7_109,VGND,li1,56.3500,32.6400,0.000011
FILLER_0_7_101,VGND,li1,53.8200,32.6400,0.000011
FILLER_0_7_89,VGND,li1,49.2200,32.6400,0.000010
FILLER_0_7_77,VGND,li1,43.7000,32.6400,0.000010
FILLER_0_7_65,VGND,li1,38.1800,32.6400,0.000009
FILLER_0_7_55,VGND,li1,31.0500,32.6400,0.000010
FILLER_0_7_51,VGND,li1,29.9000,32.6400,0.000009
FILLER_0_7_39,VGND,li1,26.2200,32.6400,0.000008
FILLER_0_7_27,VGND,li1,20.7000,32.6400,0.000006
FILLER_0_7_15,VGND,li1,15.1800,32.6400,0.000004
FILLER_0_7_3,VGND,li1,9.6600,32.6400,0.000004
FILLER_0_6_188,VGND,li1,92.4600,27.2000,0.000001
FILLER_0_6_180,VGND,li1,90.1600,27.2000,0.000001
FILLER_0_6_168,VGND,li1,85.5600,27.2000,0.000001
FILLER_0_6_141,VGND,li1,71.3000,27.2000,0.000003
FILLER_0_6_137,VGND,li1,69.2300,27.2000,0.000003
FILLER_0_6_129,VGND,li1,66.7000,27.2000,0.000003
FILLER_0_6_117,VGND,li1,62.1000,27.2000,0.000004
FILLER_0_6_97,VGND,li1,51.0600,27.2000,0.000007
FILLER_0_6_85,VGND,li1,47.3800,27.2000,0.000007
FILLER_0_6_83,VGND,li1,43.9300,27.2000,0.000006
FILLER_0_6_79,VGND,li1,42.7800,27.2000,0.000006
FILLER_0_6_61,VGND,li1,34.0400,27.2000,0.000005
FILLER_0_6_53,VGND,li1,31.7400,27.2000,0.000004
FILLER_0_6_41,VGND,li1,27.1400,27.2000,0.000004
FILLER_0_6_29,VGND,li1,21.6200,27.2000,0.000003
FILLER_0_6_27,VGND,li1,18.1700,27.2000,0.000002
FILLER_0_6_15,VGND,li1,15.1800,27.2000,0.000002
FILLER_0_6_3,VGND,li1,9.6600,27.2000,0.000002
FILLER_0_5_189,VGND,li1,92.6900,27.2000,0.000001
FILLER_0_5_183,VGND,li1,91.0800,27.2000,0.000001
FILLER_0_5_177,VGND,li1,87.6300,27.2000,0.000001
FILLER_0_5_169,VGND,li1,85.1000,27.2000,0.000001
FILLER_0_5_165,VGND,li1,82.1100,27.2000,0.000002
FILLER_0_5_157,VGND,li1,79.5800,27.2000,0.000002
FILLER_0_5_150,VGND,li1,74.7500,27.2000,0.000003
FILLER_0_5_144,VGND,li1,73.1400,27.2000,0.000003
FILLER_0_5_132,VGND,li1,69.0000,27.2000,0.000003
FILLER_0_5_120,VGND,li1,63.4800,27.2000,0.000004
FILLER_0_5_113,VGND,li1,57.9600,27.2000,0.000007
FILLER_0_5_110,VGND,li1,56.5800,27.2000,0.000007
FILLER_0_5_102,VGND,li1,54.2800,27.2000,0.000008
FILLER_0_5_90,VGND,li1,49.6800,27.2000,0.000007
FILLER_0_5_78,VGND,li1,44.1600,27.2000,0.000006
FILLER_0_5_73,VGND,li1,39.3300,27.2000,0.000006
FILLER_0_5_69,VGND,li1,38.1800,27.2000,0.000006
FILLER_0_5_57,VGND,li1,34.5000,27.2000,0.000005
FILLER_0_5_53,VGND,li1,30.5900,27.2000,0.000004
FILLER_0_5_43,VGND,li1,25.7600,27.2000,0.000004
FILLER_0_5_31,VGND,li1,22.5400,27.2000,0.000003
FILLER_0_5_19,VGND,li1,17.0200,27.2000,0.000002
FILLER_0_5_11,VGND,li1,11.0400,27.2000,0.000002
FILLER_0_5_3,VGND,li1,8.7400,27.2000,0.000002
FILLER_0_4_189,VGND,li1,92.6900,21.7600,0.000004
FILLER_0_4_183,VGND,li1,91.0800,21.7600,0.000004
FILLER_0_4_178,VGND,li1,87.8600,21.7600,0.000004
FILLER_0_4_170,VGND,li1,85.5600,21.7600,0.000005
FILLER_0_4_158,VGND,li1,80.9600,21.7600,0.000005
FILLER_0_4_146,VGND,li1,75.4400,21.7600,0.000004
FILLER_0_4_141,VGND,li1,70.6100,21.7600,0.000003
FILLER_0_4_139,VGND,li1,69.6900,21.7600,0.000002
FILLER_0_4_133,VGND,li1,68.0800,21.7600,0.000002
FILLER_0_4_121,VGND,li1,63.9400,21.7600,0.000002
FILLER_0_4_109,VGND,li1,58.4200,21.7600,0.000002
FILLER_0_4_97,VGND,li1,52.9000,21.7600,0.000002
FILLER_0_4_85,VGND,li1,47.3800,21.7600,0.000002
FILLER_0_4_81,VGND,li1,43.4700,21.7600,0.000002
FILLER_0_4_69,VGND,li1,40.0200,21.7600,0.000002
FILLER_0_4_57,VGND,li1,34.5000,21.7600,0.000003
FILLER_0_4_45,VGND,li1,28.9800,21.7600,0.000005
FILLER_0_4_27,VGND,li1,18.1700,21.7600,0.000005
FILLER_0_4_15,VGND,li1,15.1800,21.7600,0.000003
FILLER_0_4_3,VGND,li1,9.6600,21.7600,0.000003
FILLER_0_3_189,VGND,li1,92.6900,21.7600,0.000004
FILLER_0_3_185,VGND,li1,91.5400,21.7600,0.000004
FILLER_0_3_166,VGND,li1,82.3400,21.7600,0.000005
FILLER_0_3_141,VGND,li1,70.8400,21.7600,0.000003
FILLER_0_3_137,VGND,li1,69.0000,21.7600,0.000002
FILLER_0_3_125,VGND,li1,65.7800,21.7600,0.000002
FILLER_0_3_113,VGND,li1,60.2600,21.7600,0.000002
FILLER_0_3_110,VGND,li1,56.5800,21.7600,0.000002
FILLER_0_3_102,VGND,li1,54.2800,21.7600,0.000002
FILLER_0_3_90,VGND,li1,49.6800,21.7600,0.000002
FILLER_0_3_81,VGND,li1,43.7000,21.7600,0.000002
FILLER_0_3_69,VGND,li1,40.0200,21.7600,0.000002
FILLER_0_3_57,VGND,li1,34.5000,21.7600,0.000003
FILLER_0_3_52,VGND,li1,30.3600,21.7600,0.000005
FILLER_0_3_40,VGND,li1,26.6800,21.7600,0.000005
FILLER_0_3_27,VGND,li1,19.3200,21.7600,0.000005
FILLER_0_3_15,VGND,li1,15.1800,21.7600,0.000003
FILLER_0_3_3,VGND,li1,9.6600,21.7600,0.000003
FILLER_0_2_187,VGND,li1,92.2300,16.3200,0.000001
FILLER_0_2_179,VGND,li1,89.7000,16.3200,0.000001
FILLER_0_2_171,VGND,li1,84.4100,16.3200,0.000001
FILLER_0_2_167,VGND,li1,83.2600,16.3200,0.000001
FILLER_0_2_153,VGND,li1,76.8200,16.3200,0.000002
FILLER_0_2_141,VGND,li1,73.1400,16.3200,0.000002
FILLER_0_2_128,VGND,li1,67.1600,16.3200,0.000002
FILLER_0_2_116,VGND,li1,61.6400,16.3200,0.000003
FILLER_0_2_104,VGND,li1,56.1200,16.3200,0.000005
FILLER_0_2_94,VGND,li1,49.4500,16.3200,0.000005
FILLER_0_2_85,VGND,li1,45.3100,16.3200,0.000004
FILLER_0_2_83,VGND,li1,43.9300,16.3200,0.000003
FILLER_0_2_77,VGND,li1,42.3200,16.3200,0.000003
FILLER_0_2_65,VGND,li1,38.1800,16.3200,0.000002
FILLER_0_2_53,VGND,li1,32.6600,16.3200,0.000002
FILLER_0_2_41,VGND,li1,27.1400,16.3200,0.000001
FILLER_0_2_29,VGND,li1,21.6200,16.3200,0.000001
FILLER_0_2_27,VGND,li1,18.1700,16.3200,0.000001
FILLER_0_2_15,VGND,li1,15.1800,16.3200,0.000001
FILLER_0_2_3,VGND,li1,9.6600,16.3200,0.000001
FILLER_0_1_189,VGND,li1,92.6900,16.3200,0.000001
FILLER_0_1_181,VGND,li1,90.6200,16.3200,0.000001
FILLER_0_1_169,VGND,li1,86.0200,16.3200,0.000001
FILLER_0_1_165,VGND,li1,82.1100,16.3200,0.000001
FILLER_0_1_157,VGND,li1,79.5800,16.3200,0.000001
FILLER_0_1_141,VGND,li1,72.2200,16.3200,0.000002
FILLER_0_1_133,VGND,li1,66.9300,16.3200,0.000002
FILLER_0_1_125,VGND,li1,64.8600,16.3200,0.000002
FILLER_0_1_113,VGND,li1,60.2600,16.3200,0.000003
FILLER_0_1_95,VGND,li1,49.4500,16.3200,0.000005
FILLER_0_1_87,VGND,li1,45.7700,16.3200,0.000004
FILLER_0_1_81,VGND,li1,44.1600,16.3200,0.000004
FILLER_0_1_69,VGND,li1,40.0200,16.3200,0.000003
FILLER_0_1_57,VGND,li1,34.5000,16.3200,0.000002
FILLER_0_1_50,VGND,li1,29.9000,16.3200,0.000002
FILLER_0_1_42,VGND,li1,25.0700,16.3200,0.000001
FILLER_0_1_34,VGND,li1,23.0000,16.3200,0.000001
FILLER_0_1_27,VGND,li1,18.4000,16.3200,0.000001
FILLER_0_1_15,VGND,li1,15.1800,16.3200,0.000001
FILLER_0_1_3,VGND,li1,9.6600,16.3200,0.000001
FILLER_0_0_189,VGND,li1,92.6900,10.8800,0.000000
FILLER_0_0_181,VGND,li1,90.6200,10.8800,0.000000
FILLER_0_0_169,VGND,li1,86.0200,10.8800,0.000000
FILLER_0_0_165,VGND,li1,82.1100,10.8800,0.000000
FILLER_0_0_153,VGND,li1,78.6600,10.8800,0.000000
FILLER_0_0_141,VGND,li1,73.1400,10.8800,0.000000
FILLER_0_0_128,VGND,li1,67.1600,10.8800,0.000000
FILLER_0_0_113,VGND,li1,59.3400,10.8800,0.000000
FILLER_0_0_109,VGND,li1,56.3500,10.8800,0.000000
FILLER_0_0_97,VGND,li1,52.9000,10.8800,0.000000
FILLER_0_0_85,VGND,li1,47.3800,10.8800,0.000000
FILLER_0_0_81,VGND,li1,43.4700,10.8800,0.000000
FILLER_0_0_69,VGND,li1,40.0200,10.8800,0.000000
FILLER_0_0_57,VGND,li1,34.5000,10.8800,0.000000
FILLER_0_0_53,VGND,li1,30.5900,10.8800,0.000000
FILLER_0_0_41,VGND,li1,27.1400,10.8800,0.000000
FILLER_0_0_29,VGND,li1,21.6200,10.8800,0.000000
FILLER_0_0_27,VGND,li1,18.1700,10.8800,0.000000
FILLER_0_0_15,VGND,li1,15.1800,10.8800,0.000000
FILLER_0_0_3,VGND,li1,9.6600,10.8800,0.000000
ANTENNA_2,VGND,li1,88.7800,32.6400,0.000004
ANTENNA_1,VGND,li1,69.9200,21.7600,0.000003
hold1,VGND,li1,47.3800,38.0800,0.000000
clkload0,VGND,li1,34.2700,48.9600,0.000053
clkbuf_1_1__f_clk,VGND,li1,64.4000,48.9600,0.000049
clkbuf_1_0__f_clk,VGND,li1,38.1800,48.9600,0.000056
clkbuf_0_clk,VGND,li1,51.0600,48.9600,0.000071
TopZeroToFive_9,VGND,li1,92.2300,87.0400,0.000000
output8,VGND,li1,17.7100,87.0400,0.000000
output7,VGND,li1,23.2300,87.0400,0.000000
output6,VGND,li1,32.4300,87.0400,0.000000
output5,VGND,li1,34.2700,87.0400,0.000000
output4,VGND,li1,39.7900,87.0400,0.000000
output3,VGND,li1,45.3100,87.0400,0.000000
output2,VGND,li1,50.8300,87.0400,0.000000
input1,VGND,li1,12.4200,87.0400,0.000000
TopZeroToFive_10,VGND,li1,89.4700,87.0400,0.000000
TopZeroToFive_16,VGND,li1,56.3500,87.0400,0.000000
TopZeroToFive_15,VGND,li1,61.8700,87.0400,0.000000
TopZeroToFive_14,VGND,li1,67.3900,87.0400,0.000000
TopZeroToFive_13,VGND,li1,72.9100,87.0400,0.000000
TopZeroToFive_12,VGND,li1,78.4300,87.0400,0.000000
TopZeroToFive_11,VGND,li1,83.9500,87.0400,0.000000
TAP_TAPCELL_ROW_27_145,VGND,li1,83.0300,86.7480,0.000000
TAP_TAPCELL_ROW_27_144,VGND,li1,70.1500,86.7480,0.000000
TAP_TAPCELL_ROW_27_143,VGND,li1,57.2700,86.7480,0.000000
TAP_TAPCELL_ROW_27_142,VGND,li1,44.3900,86.7480,0.000000
TAP_TAPCELL_ROW_27_141,VGND,li1,31.5100,86.7480,0.000000
TAP_TAPCELL_ROW_27_140,VGND,li1,18.6300,86.7480,0.000000
TAP_TAPCELL_ROW_26_139,VGND,li1,70.1500,81.8910,0.000001
TAP_TAPCELL_ROW_26_138,VGND,li1,44.3900,81.8910,0.000003
TAP_TAPCELL_ROW_26_137,VGND,li1,18.6300,81.8910,0.000002
TAP_TAPCELL_ROW_25_136,VGND,li1,83.0300,81.3080,0.000000
TAP_TAPCELL_ROW_25_135,VGND,li1,57.2700,81.3080,0.000002
TAP_TAPCELL_ROW_25_134,VGND,li1,31.5100,81.3080,0.000004
TAP_TAPCELL_ROW_24_133,VGND,li1,70.1500,76.4510,0.000006
TAP_TAPCELL_ROW_24_132,VGND,li1,44.3900,76.4510,0.000007
TAP_TAPCELL_ROW_24_131,VGND,li1,18.6300,76.4510,0.000004
TAP_TAPCELL_ROW_23_130,VGND,li1,83.0300,75.8680,0.000006
TAP_TAPCELL_ROW_23_129,VGND,li1,57.2700,75.8680,0.000007
TAP_TAPCELL_ROW_23_128,VGND,li1,31.5100,75.8680,0.000008
TAP_TAPCELL_ROW_22_127,VGND,li1,70.1500,71.0110,0.000000
TAP_TAPCELL_ROW_22_126,VGND,li1,44.3900,71.0110,0.000000
TAP_TAPCELL_ROW_22_125,VGND,li1,18.6300,71.0110,0.000000
TAP_TAPCELL_ROW_21_124,VGND,li1,83.0300,70.4280,0.000000
TAP_TAPCELL_ROW_21_123,VGND,li1,57.2700,70.4280,0.000000
TAP_TAPCELL_ROW_21_122,VGND,li1,31.5100,70.4280,0.000000
TAP_TAPCELL_ROW_20_121,VGND,li1,70.1500,65.5710,0.000004
TAP_TAPCELL_ROW_20_120,VGND,li1,44.3900,65.5710,0.000006
TAP_TAPCELL_ROW_20_119,VGND,li1,18.6300,65.5710,0.000002
TAP_TAPCELL_ROW_19_118,VGND,li1,83.0300,64.9880,0.000002
TAP_TAPCELL_ROW_19_117,VGND,li1,57.2700,64.9880,0.000005
TAP_TAPCELL_ROW_19_116,VGND,li1,31.5100,64.9880,0.000003
TAP_TAPCELL_ROW_18_115,VGND,li1,70.1500,60.1310,-0.000000
TAP_TAPCELL_ROW_18_114,VGND,li1,44.3900,60.1310,-0.000000
TAP_TAPCELL_ROW_18_113,VGND,li1,18.6300,60.1310,-0.000000
TAP_TAPCELL_ROW_17_112,VGND,li1,83.0300,59.5480,-0.000000
TAP_TAPCELL_ROW_17_111,VGND,li1,57.2700,59.5480,-0.000000
TAP_TAPCELL_ROW_17_110,VGND,li1,31.5100,59.5480,-0.000000
TAP_TAPCELL_ROW_16_109,VGND,li1,70.1500,54.6910,0.000003
TAP_TAPCELL_ROW_16_108,VGND,li1,44.3900,54.6910,0.000002
TAP_TAPCELL_ROW_16_107,VGND,li1,18.6300,54.6910,0.000000
TAP_TAPCELL_ROW_15_106,VGND,li1,83.0300,54.1080,0.000002
TAP_TAPCELL_ROW_15_105,VGND,li1,57.2700,54.1080,0.000003
TAP_TAPCELL_ROW_15_104,VGND,li1,31.5100,54.1080,0.000001
TAP_TAPCELL_ROW_14_103,VGND,li1,70.1500,49.2510,0.000040
TAP_TAPCELL_ROW_14_102,VGND,li1,44.3900,49.2510,0.000059
TAP_TAPCELL_ROW_14_101,VGND,li1,18.6300,49.2510,0.000031
TAP_TAPCELL_ROW_13_100,VGND,li1,83.0300,48.6680,0.000024
TAP_TAPCELL_ROW_13_99,VGND,li1,57.2700,48.6680,0.000061
TAP_TAPCELL_ROW_13_98,VGND,li1,31.5100,48.6680,0.000049
TAP_TAPCELL_ROW_12_97,VGND,li1,70.1500,43.8110,0.000004
TAP_TAPCELL_ROW_12_96,VGND,li1,44.3900,43.8110,0.000001
TAP_TAPCELL_ROW_12_95,VGND,li1,18.6300,43.8110,0.000000
TAP_TAPCELL_ROW_11_94,VGND,li1,83.0300,43.2280,0.000005
TAP_TAPCELL_ROW_11_93,VGND,li1,57.2700,43.2280,0.000002
TAP_TAPCELL_ROW_11_92,VGND,li1,31.5100,43.2280,0.000000
TAP_TAPCELL_ROW_10_91,VGND,li1,70.1500,38.3710,0.000000
TAP_TAPCELL_ROW_10_90,VGND,li1,44.3900,38.3710,0.000000
TAP_TAPCELL_ROW_10_89,VGND,li1,18.6300,38.3710,0.000000
TAP_TAPCELL_ROW_9_88,VGND,li1,83.0300,37.7880,0.000000
TAP_TAPCELL_ROW_9_87,VGND,li1,57.2700,37.7880,0.000000
TAP_TAPCELL_ROW_9_86,VGND,li1,31.5100,37.7880,0.000000
TAP_TAPCELL_ROW_8_85,VGND,li1,70.1500,32.9310,0.000008
TAP_TAPCELL_ROW_8_84,VGND,li1,44.3900,32.9310,0.000010
TAP_TAPCELL_ROW_8_83,VGND,li1,18.6300,32.9310,0.000005
TAP_TAPCELL_ROW_7_82,VGND,li1,83.0300,32.3480,0.000007
TAP_TAPCELL_ROW_7_81,VGND,li1,57.2700,32.3480,0.000011
TAP_TAPCELL_ROW_7_80,VGND,li1,31.5100,32.3480,0.000010
TAP_TAPCELL_ROW_6_79,VGND,li1,70.1500,27.4910,0.000003
TAP_TAPCELL_ROW_6_78,VGND,li1,44.3900,27.4910,0.000006
TAP_TAPCELL_ROW_6_77,VGND,li1,18.6300,27.4910,0.000002
TAP_TAPCELL_ROW_5_76,VGND,li1,83.0300,26.9080,0.000002
TAP_TAPCELL_ROW_5_75,VGND,li1,57.2700,26.9080,0.000007
TAP_TAPCELL_ROW_5_74,VGND,li1,31.5100,26.9080,0.000004
TAP_TAPCELL_ROW_4_73,VGND,li1,70.1500,22.0510,0.000003
TAP_TAPCELL_ROW_4_72,VGND,li1,44.3900,22.0510,0.000002
TAP_TAPCELL_ROW_4_71,VGND,li1,18.6300,22.0510,0.000005
TAP_TAPCELL_ROW_3_70,VGND,li1,83.0300,21.4680,0.000005
TAP_TAPCELL_ROW_3_69,VGND,li1,57.2700,21.4680,0.000002
TAP_TAPCELL_ROW_3_68,VGND,li1,31.5100,21.4680,0.000004
TAP_TAPCELL_ROW_2_67,VGND,li1,70.1500,16.6110,0.000002
TAP_TAPCELL_ROW_2_66,VGND,li1,44.3900,16.6110,0.000004
TAP_TAPCELL_ROW_2_65,VGND,li1,18.6300,16.6110,0.000001
TAP_TAPCELL_ROW_1_64,VGND,li1,83.0300,16.0280,0.000001
TAP_TAPCELL_ROW_1_63,VGND,li1,57.2700,16.0280,0.000005
TAP_TAPCELL_ROW_1_62,VGND,li1,31.5100,16.0280,0.000002
TAP_TAPCELL_ROW_0_61,VGND,li1,83.0300,11.1710,0.000000
TAP_TAPCELL_ROW_0_60,VGND,li1,70.1500,11.1710,0.000000
TAP_TAPCELL_ROW_0_59,VGND,li1,57.2700,11.1710,0.000000
TAP_TAPCELL_ROW_0_58,VGND,li1,44.3900,11.1710,0.000000
TAP_TAPCELL_ROW_0_57,VGND,li1,31.5100,11.1710,0.000000
TAP_TAPCELL_ROW_0_56,VGND,li1,18.6300,11.1710,0.000000
PHY_EDGE_ROW_27_Left_55,VGND,li1,6.2100,87.0400,0.000000
PHY_EDGE_ROW_26_Left_54,VGND,li1,6.2100,81.6000,0.000001
PHY_EDGE_ROW_25_Left_53,VGND,li1,6.2100,81.6000,0.000001
PHY_EDGE_ROW_24_Left_52,VGND,li1,6.2100,76.1600,0.000003
PHY_EDGE_ROW_23_Left_51,VGND,li1,6.2100,76.1600,0.000003
PHY_EDGE_ROW_22_Left_50,VGND,li1,6.2100,70.7200,0.000000
PHY_EDGE_ROW_21_Left_49,VGND,li1,6.2100,70.7200,0.000000
PHY_EDGE_ROW_20_Left_48,VGND,li1,6.2100,65.2800,0.000001
PHY_EDGE_ROW_19_Left_47,VGND,li1,6.2100,65.2800,0.000001
PHY_EDGE_ROW_18_Left_46,VGND,li1,6.2100,59.8400,-0.000000
PHY_EDGE_ROW_17_Left_45,VGND,li1,6.2100,59.8400,-0.000000
PHY_EDGE_ROW_16_Left_44,VGND,li1,6.2100,54.4000,0.000000
PHY_EDGE_ROW_15_Left_43,VGND,li1,6.2100,54.4000,0.000000
PHY_EDGE_ROW_14_Left_42,VGND,li1,6.2100,48.9600,0.000025
PHY_EDGE_ROW_13_Left_41,VGND,li1,6.2100,48.9600,0.000025
PHY_EDGE_ROW_12_Left_40,VGND,li1,6.2100,43.5200,0.000000
PHY_EDGE_ROW_11_Left_39,VGND,li1,6.2100,43.5200,0.000000
PHY_EDGE_ROW_10_Left_38,VGND,li1,6.2100,38.0800,0.000000
PHY_EDGE_ROW_9_Left_37,VGND,li1,6.2100,38.0800,0.000000
PHY_EDGE_ROW_8_Left_36,VGND,li1,6.2100,32.6400,0.000004
PHY_EDGE_ROW_7_Left_35,VGND,li1,6.2100,32.6400,0.000004
PHY_EDGE_ROW_6_Left_34,VGND,li1,6.2100,27.2000,0.000002
PHY_EDGE_ROW_5_Left_33,VGND,li1,6.2100,27.2000,0.000002
PHY_EDGE_ROW_4_Left_32,VGND,li1,6.2100,21.7600,0.000003
PHY_EDGE_ROW_3_Left_31,VGND,li1,6.2100,21.7600,0.000003
PHY_EDGE_ROW_2_Left_30,VGND,li1,6.2100,16.3200,0.000001
PHY_EDGE_ROW_1_Left_29,VGND,li1,6.2100,16.3200,0.000001
PHY_EDGE_ROW_0_Left_28,VGND,li1,6.2100,10.8800,0.000000
PHY_EDGE_ROW_27_Right_27,VGND,li1,93.6100,87.0400,0.000000
PHY_EDGE_ROW_26_Right_26,VGND,li1,93.6100,81.6000,0.000000
PHY_EDGE_ROW_25_Right_25,VGND,li1,93.6100,81.6000,0.000000
PHY_EDGE_ROW_24_Right_24,VGND,li1,93.6100,76.1600,0.000004
PHY_EDGE_ROW_23_Right_23,VGND,li1,93.6100,76.1600,0.000004
PHY_EDGE_ROW_22_Right_22,VGND,li1,93.6100,70.7200,0.000000
PHY_EDGE_ROW_21_Right_21,VGND,li1,93.6100,70.7200,0.000000
PHY_EDGE_ROW_20_Right_20,VGND,li1,93.6100,65.2800,0.000001
PHY_EDGE_ROW_19_Right_19,VGND,li1,93.6100,65.2800,0.000001
PHY_EDGE_ROW_18_Right_18,VGND,li1,93.6100,59.8400,-0.000000
PHY_EDGE_ROW_17_Right_17,VGND,li1,93.6100,59.8400,-0.000000
PHY_EDGE_ROW_16_Right_16,VGND,li1,93.6100,54.4000,0.000001
PHY_EDGE_ROW_15_Right_15,VGND,li1,93.6100,54.4000,0.000001
PHY_EDGE_ROW_14_Right_14,VGND,li1,93.6100,48.9600,0.000014
PHY_EDGE_ROW_13_Right_13,VGND,li1,93.6100,48.9600,0.000014
PHY_EDGE_ROW_12_Right_12,VGND,li1,93.6100,43.5200,0.000003
PHY_EDGE_ROW_11_Right_11,VGND,li1,93.6100,43.5200,0.000003
PHY_EDGE_ROW_10_Right_10,VGND,li1,93.6100,38.0800,0.000000
PHY_EDGE_ROW_9_Right_9,VGND,li1,93.6100,38.0800,0.000000
PHY_EDGE_ROW_8_Right_8,VGND,li1,93.6100,32.6400,0.000004
PHY_EDGE_ROW_7_Right_7,VGND,li1,93.6100,32.6400,0.000004
PHY_EDGE_ROW_6_Right_6,VGND,li1,93.6100,27.2000,0.000001
PHY_EDGE_ROW_5_Right_5,VGND,li1,93.6100,27.2000,0.000001
PHY_EDGE_ROW_4_Right_4,VGND,li1,93.6100,21.7600,0.000004
PHY_EDGE_ROW_3_Right_3,VGND,li1,93.6100,21.7600,0.000004
PHY_EDGE_ROW_2_Right_2,VGND,li1,93.6100,16.3200,0.000001
PHY_EDGE_ROW_1_Right_1,VGND,li1,93.6100,16.3200,0.000001
PHY_EDGE_ROW_0_Right_0,VGND,li1,93.6100,10.8800,0.000000
_164_,VGND,li1,62.3300,38.0800,0.000000
_155_,VGND,li1,64.6300,43.5200,0.000002
_154_,VGND,li1,13.1100,59.8400,-0.000000
_153_,VGND,li1,76.5900,21.7600,0.000004
_152_,VGND,li1,77.5100,27.2000,0.000002
_151_,VGND,li1,78.8900,76.1600,0.000008
_150_,VGND,li1,53.3600,76.1600,0.000009
_149_,VGND,li1,22.5400,21.7600,0.000006
_148_,VGND,li1,12.4200,48.9600,0.000025
_147_,VGND,li1,53.3600,16.3200,0.000006
_146_,VGND,li1,86.9400,21.7600,0.000005
_145_,VGND,li1,62.5600,54.4000,0.000004
_144_,VGND,li1,57.5000,32.6400,0.000011
_143_,VGND,li1,38.1800,27.2000,0.000006
_142_,VGND,li1,35.4200,81.6000,0.000005
_141_,VGND,li1,77.7400,32.6400,0.000009
_140_,VGND,li1,32.6600,32.6400,0.000010
_139_,VGND,li1,30.3600,76.1600,0.000008
_138_,VGND,li1,55.6600,27.2000,0.000008
_137_,VGND,li1,76.8200,43.5200,0.000006
_136_,VGND,li1,63.9400,70.7200,0.000000
_135_,VGND,li1,12.8800,48.9600,0.000025
_134_,VGND,li1,63.0200,65.2800,0.000005
_133_,VGND,li1,43.7000,65.2800,0.000006
_132_,VGND,li1,40.2500,32.6400,0.000010
_131_,VGND,li1,58.6500,70.7200,0.000000
_130_,VGND,li1,14.9500,76.1600,0.000003
_129_,VGND,li1,81.6500,16.3200,0.000001
_128_,VGND,li1,54.9700,48.9600,0.000065
_127_,VGND,li1,86.2500,16.3200,0.000001
_126_,VGND,li1,68.7700,16.3200,0.000002
_125_,VGND,li1,51.7500,16.3200,0.000006
_124_,VGND,li1,71.0700,65.2800,0.000004
_123_,VGND,li1,87.6300,38.0800,0.000000
_122_,VGND,li1,76.3600,27.2000,0.000002
_121_,VGND,li1,11.5000,38.0800,0.000000
_120_,VGND,li1,22.3100,21.7600,0.000006
_119_,VGND,li1,75.9000,16.3200,0.000002
_118_,VGND,li1,33.5800,32.6400,0.000010
_117_,VGND,li1,26.9100,16.3200,0.000001
_116_,VGND,li1,67.3900,38.0800,0.000000
_115_,VGND,li1,73.3700,32.6400,0.000008
_114_,VGND,li1,28.0600,27.2000,0.000004
_113_,VGND,li1,32.8900,76.1600,0.000007
_112_,VGND,li1,75.6700,32.6400,0.000009
_111_,VGND,li1,37.9500,48.9600,0.000056
_110_,VGND,li1,30.5900,70.7200,0.000000
_109_,VGND,li1,35.8800,76.1600,0.000006
_108_,VGND,li1,59.5700,27.2000,0.000005
_107_,VGND,li1,55.4300,43.5200,0.000002
_106_,VGND,li1,57.7300,65.2800,0.000005
_105_,VGND,li1,25.5300,43.5200,0.000000
_104_,VGND,li1,89.0100,27.2000,0.000001
_103_,VGND,li1,65.0900,48.9600,0.000049
_102_,VGND,li1,80.0400,43.5200,0.000005
_101_,VGND,li1,39.3300,59.8400,-0.000000
_100_,VGND,li1,21.6200,48.9600,0.000037
_099_,VGND,li1,12.8800,27.2000,0.000002
_098_,VGND,li1,62.7900,10.8800,0.000000
_097_,VGND,li1,16.7900,65.2800,0.000002
_096_,VGND,li1,11.7300,59.8400,-0.000000
_095_,VGND,li1,29.6700,48.9600,0.000047
_094_,VGND,li1,17.4800,70.7200,0.000000
_093_,VGND,li1,38.4100,59.8400,-0.000000
_092_,VGND,li1,63.2500,59.8400,-0.000000
_091_,VGND,li1,89.0100,21.7600,0.000004
_090_,VGND,li1,60.2600,81.6000,0.000001
_089_,VGND,li1,55.4300,70.7200,0.000000
_088_,VGND,li1,58.8800,48.9600,0.000057
_087_,VGND,li1,85.7900,32.6400,0.000006
_086_,VGND,li1,88.0900,48.9600,0.000014
_085_,VGND,li1,32.8900,48.9600,0.000049
_084_,VGND,li1,35.6500,70.7200,0.000000
_083_,VGND,li1,20.0100,16.3200,0.000001
_082_,VGND,li1,56.3500,48.9600,0.000061
_081_,VGND,li1,54.0500,38.0800,0.000000
_080_,VGND,li1,40.4800,27.2000,0.000006
_079_,VGND,li1,77.5100,59.8400,-0.000000
_078_,VGND,li1,63.2500,87.0400,0.000000
_077_,VGND,li1,52.6700,65.2800,0.000006
_076_,VGND,li1,48.5300,65.2800,0.000006
_075_,VGND,li1,77.7400,65.2800,0.000003
_074_,VGND,li1,82.1100,65.2800,0.000002
_073_,VGND,li1,47.6100,16.3200,0.000005
_072_,VGND,li1,79.3500,16.3200,0.000001
_071_,VGND,li1,72.9100,38.0800,0.000000
_070_,VGND,li1,45.7700,21.7600,0.000002
_069_,VGND,li1,47.3800,16.3200,0.000005
_068_,VGND,li1,71.7600,21.7600,0.000003
_067_,VGND,li1,29.6700,87.0400,0.000000
_066_,VGND,li1,71.7600,43.5200,0.000004
_065_,VGND,li1,56.5800,48.9600,0.000061
_064_,VGND,li1,83.4900,81.6000,0.000000
_063_,VGND,li1,88.5500,81.6000,0.000000
