Instance,Terminal,Layer,X location,Y location,Voltage
FILLER_0_27_184,VPWR,li1,90.8500,84.3200,1.800000
FILLER_0_27_180,VPWR,li1,88.5500,84.3200,1.800000
FILLER_0_27_172,VPWR,li1,86.4800,84.3200,1.800000
FILLER_0_27_160,VPWR,li1,80.9600,84.3200,1.800000
FILLER_0_27_156,VPWR,li1,77.5100,84.3200,1.800000
FILLER_0_27_148,VPWR,li1,75.4400,84.3200,1.800000
FILLER_0_27_141,VPWR,li1,71.3000,84.3200,1.800000
FILLER_0_27_136,VPWR,li1,69.0000,84.3200,1.800000
FILLER_0_27_127,VPWR,li1,65.3200,84.3200,1.800000
FILLER_0_27_113,VPWR,li1,59.3400,84.3200,1.800000
FILLER_0_27_108,VPWR,li1,55.4300,84.3200,1.800000
FILLER_0_27_100,VPWR,li1,53.3600,84.3200,1.800000
FILLER_0_27_96,VPWR,li1,49.9100,84.3200,1.800000
FILLER_0_27_88,VPWR,li1,47.8400,84.3200,1.800000
FILLER_0_27_76,VPWR,li1,42.3200,84.3200,1.800000
FILLER_0_27_72,VPWR,li1,38.8700,84.3200,1.800000
FILLER_0_27_64,VPWR,li1,36.8000,84.3200,1.800000
FILLER_0_27_60,VPWR,li1,33.3500,84.3200,1.800000
FILLER_0_27_48,VPWR,li1,27.8300,84.3200,1.800000
FILLER_0_27_40,VPWR,li1,25.7600,84.3200,1.800000
FILLER_0_27_29,VPWR,li1,20.7000,84.3200,1.800000
FILLER_0_27_17,VPWR,li1,15.1800,84.3200,1.800000
FILLER_0_27_11,VPWR,li1,11.0400,84.3200,1.800000
FILLER_0_27_3,VPWR,li1,8.7400,84.3200,1.800000
FILLER_0_26_182,VPWR,li1,91.0800,84.3200,1.800000
FILLER_0_26_178,VPWR,li1,87.6300,84.3200,1.800000
FILLER_0_26_172,VPWR,li1,86.0200,84.3200,1.800000
FILLER_0_26_165,VPWR,li1,81.8800,84.3200,1.800000
FILLER_0_26_153,VPWR,li1,78.6600,84.3200,1.800000
FILLER_0_26_141,VPWR,li1,73.1400,84.3200,1.800000
FILLER_0_26_134,VPWR,li1,68.5400,84.3200,1.800000
FILLER_0_26_122,VPWR,li1,64.4000,84.3200,1.800000
FILLER_0_26_115,VPWR,li1,58.6500,84.3200,1.800000
FILLER_0_26_109,VPWR,li1,57.0400,84.3200,1.800000
FILLER_0_26_97,VPWR,li1,52.9000,84.3200,1.800000
FILLER_0_26_85,VPWR,li1,47.3800,84.3200,1.800000
FILLER_0_26_83,VPWR,li1,43.9300,84.3200,1.800000
FILLER_0_26_77,VPWR,li1,42.3200,84.3200,1.800000
FILLER_0_26_65,VPWR,li1,38.1800,84.3200,1.800000
FILLER_0_26_53,VPWR,li1,32.6600,84.3200,1.800000
FILLER_0_26_41,VPWR,li1,27.1400,84.3200,1.800000
FILLER_0_26_29,VPWR,li1,21.6200,84.3200,1.800000
FILLER_0_26_27,VPWR,li1,18.1700,84.3200,1.800000
FILLER_0_26_15,VPWR,li1,15.1800,84.3200,1.800000
FILLER_0_26_3,VPWR,li1,9.6600,84.3200,1.800000
FILLER_0_25_189,VPWR,li1,92.6900,78.8800,1.799999
FILLER_0_25_181,VPWR,li1,90.6200,78.8800,1.799999
FILLER_0_25_169,VPWR,li1,86.0200,78.8800,1.799999
FILLER_0_25_167,VPWR,li1,82.5700,78.8800,1.799999
FILLER_0_25_161,VPWR,li1,80.9600,78.8800,1.799999
FILLER_0_25_149,VPWR,li1,76.8200,78.8800,1.799999
FILLER_0_25_137,VPWR,li1,71.3000,78.8800,1.799999
FILLER_0_25_125,VPWR,li1,65.7800,78.8800,1.799999
FILLER_0_25_113,VPWR,li1,60.2600,78.8800,1.799998
FILLER_0_25_109,VPWR,li1,56.3500,78.8800,1.799997
FILLER_0_25_97,VPWR,li1,52.9000,78.8800,1.799997
FILLER_0_25_85,VPWR,li1,47.3800,78.8800,1.799996
FILLER_0_25_73,VPWR,li1,41.8600,78.8800,1.799994
FILLER_0_25_55,VPWR,li1,31.0500,78.8800,1.799991
FILLER_0_25_51,VPWR,li1,29.9000,78.8800,1.799991
FILLER_0_25_39,VPWR,li1,26.2200,78.8800,1.799993
FILLER_0_25_27,VPWR,li1,20.7000,78.8800,1.799994
FILLER_0_25_15,VPWR,li1,15.1800,78.8800,1.799996
FILLER_0_25_3,VPWR,li1,9.6600,78.8800,1.799997
FILLER_0_24_189,VPWR,li1,92.6900,78.8800,1.799999
FILLER_0_24_177,VPWR,li1,89.7000,78.8800,1.799999
FILLER_0_24_165,VPWR,li1,84.1800,78.8800,1.799999
FILLER_0_24_153,VPWR,li1,78.6600,78.8800,1.799999
FILLER_0_24_141,VPWR,li1,73.1400,78.8800,1.799999
FILLER_0_24_139,VPWR,li1,69.6900,78.8800,1.799999
FILLER_0_24_133,VPWR,li1,68.0800,78.8800,1.799999
FILLER_0_24_121,VPWR,li1,63.9400,78.8800,1.799998
FILLER_0_24_109,VPWR,li1,58.4200,78.8800,1.799998
FILLER_0_24_97,VPWR,li1,52.9000,78.8800,1.799997
FILLER_0_24_85,VPWR,li1,47.3800,78.8800,1.799996
FILLER_0_24_82,VPWR,li1,43.7000,78.8800,1.799995
FILLER_0_24_70,VPWR,li1,40.4800,78.8800,1.799994
FILLER_0_24_45,VPWR,li1,26.4500,78.8800,1.799993
FILLER_0_24_41,VPWR,li1,25.3000,78.8800,1.799993
FILLER_0_24_29,VPWR,li1,21.6200,78.8800,1.799994
FILLER_0_24_27,VPWR,li1,18.1700,78.8800,1.799995
FILLER_0_24_15,VPWR,li1,15.1800,78.8800,1.799996
FILLER_0_24_3,VPWR,li1,9.6600,78.8800,1.799997
FILLER_0_23_189,VPWR,li1,92.6900,73.4400,1.799996
FILLER_0_23_181,VPWR,li1,90.6200,73.4400,1.799996
FILLER_0_23_169,VPWR,li1,86.0200,73.4400,1.799996
FILLER_0_23_149,VPWR,li1,74.5200,73.4400,1.799993
FILLER_0_23_137,VPWR,li1,71.3000,73.4400,1.799994
FILLER_0_23_125,VPWR,li1,65.7800,73.4400,1.799994
FILLER_0_23_113,VPWR,li1,60.2600,73.4400,1.799995
FILLER_0_23_94,VPWR,li1,49.2200,73.4400,1.799994
FILLER_0_23_86,VPWR,li1,46.9200,73.4400,1.799995
FILLER_0_23_74,VPWR,li1,42.3200,73.4400,1.799996
FILLER_0_23_62,VPWR,li1,36.8000,73.4400,1.799998
FILLER_0_23_54,VPWR,li1,30.8200,73.4400,1.799998
FILLER_0_23_46,VPWR,li1,28.5200,73.4400,1.799998
FILLER_0_23_34,VPWR,li1,23.9200,73.4400,1.799998
FILLER_0_23_22,VPWR,li1,18.4000,73.4400,1.799999
FILLER_0_23_15,VPWR,li1,13.3400,73.4400,1.799999
FILLER_0_23_3,VPWR,li1,9.6600,73.4400,1.799999
FILLER_0_22_189,VPWR,li1,92.6900,73.4400,1.799996
FILLER_0_22_177,VPWR,li1,89.7000,73.4400,1.799996
FILLER_0_22_165,VPWR,li1,84.1800,73.4400,1.799994
FILLER_0_22_153,VPWR,li1,78.6600,73.4400,1.799993
FILLER_0_22_141,VPWR,li1,73.1400,73.4400,1.799993
FILLER_0_22_139,VPWR,li1,69.6900,73.4400,1.799994
FILLER_0_22_133,VPWR,li1,68.0800,73.4400,1.799994
FILLER_0_22_121,VPWR,li1,63.9400,73.4400,1.799995
FILLER_0_22_109,VPWR,li1,58.4200,73.4400,1.799994
FILLER_0_22_97,VPWR,li1,52.9000,73.4400,1.799993
FILLER_0_22_85,VPWR,li1,47.3800,73.4400,1.799995
FILLER_0_22_80,VPWR,li1,43.2400,73.4400,1.799996
FILLER_0_22_68,VPWR,li1,39.5600,73.4400,1.799997
FILLER_0_22_57,VPWR,li1,33.1200,73.4400,1.799998
FILLER_0_22_49,VPWR,li1,28.7500,73.4400,1.799998
FILLER_0_22_41,VPWR,li1,26.2200,73.4400,1.799998
FILLER_0_22_29,VPWR,li1,21.6200,73.4400,1.799999
FILLER_0_22_27,VPWR,li1,18.1700,73.4400,1.799999
FILLER_0_22_15,VPWR,li1,15.1800,73.4400,1.799999
FILLER_0_22_3,VPWR,li1,9.6600,73.4400,1.799999
FILLER_0_21_189,VPWR,li1,92.6900,68.0000,1.799997
FILLER_0_21_181,VPWR,li1,90.6200,68.0000,1.799997
FILLER_0_21_169,VPWR,li1,86.0200,68.0000,1.799997
FILLER_0_21_167,VPWR,li1,82.5700,68.0000,1.799996
FILLER_0_21_159,VPWR,li1,80.5000,68.0000,1.799995
FILLER_0_21_147,VPWR,li1,75.9000,68.0000,1.799994
FILLER_0_21_135,VPWR,li1,70.3800,68.0000,1.799992
FILLER_0_21_117,VPWR,li1,59.8000,68.0000,1.799993
FILLER_0_21_113,VPWR,li1,57.7300,68.0000,1.799994
FILLER_0_21_93,VPWR,li1,51.0600,68.0000,1.799995
FILLER_0_21_81,VPWR,li1,45.5400,68.0000,1.799996
FILLER_0_21_69,VPWR,li1,40.0200,68.0000,1.799997
FILLER_0_21_57,VPWR,li1,34.5000,68.0000,1.799998
FILLER_0_21_52,VPWR,li1,30.3600,68.0000,1.799999
FILLER_0_21_40,VPWR,li1,26.6800,68.0000,1.799999
FILLER_0_21_28,VPWR,li1,21.1600,68.0000,1.799999
FILLER_0_21_23,VPWR,li1,16.3300,68.0000,1.799999
FILLER_0_21_15,VPWR,li1,14.2600,68.0000,1.799999
FILLER_0_21_3,VPWR,li1,9.6600,68.0000,1.799999
FILLER_0_20_188,VPWR,li1,92.4600,68.0000,1.799997
FILLER_0_20_180,VPWR,li1,90.1600,68.0000,1.799997
FILLER_0_20_168,VPWR,li1,85.5600,68.0000,1.799997
FILLER_0_20_156,VPWR,li1,80.0400,68.0000,1.799995
FILLER_0_20_144,VPWR,li1,74.5200,68.0000,1.799994
FILLER_0_20_139,VPWR,li1,69.6900,68.0000,1.799992
FILLER_0_20_133,VPWR,li1,68.0800,68.0000,1.799992
FILLER_0_20_104,VPWR,li1,54.7400,68.0000,1.799994
FILLER_0_20_97,VPWR,li1,51.0600,68.0000,1.799995
FILLER_0_20_85,VPWR,li1,47.3800,68.0000,1.799996
FILLER_0_20_83,VPWR,li1,43.9300,68.0000,1.799997
FILLER_0_20_77,VPWR,li1,42.3200,68.0000,1.799997
FILLER_0_20_65,VPWR,li1,38.1800,68.0000,1.799998
FILLER_0_20_53,VPWR,li1,32.6600,68.0000,1.799998
FILLER_0_20_41,VPWR,li1,27.1400,68.0000,1.799999
FILLER_0_20_29,VPWR,li1,21.6200,68.0000,1.799999
FILLER_0_20_27,VPWR,li1,18.1700,68.0000,1.799999
FILLER_0_20_21,VPWR,li1,15.4100,68.0000,1.799999
FILLER_0_20_15,VPWR,li1,13.8000,68.0000,1.799999
FILLER_0_20_3,VPWR,li1,9.6600,68.0000,1.799999
FILLER_0_19_189,VPWR,li1,92.6900,62.5600,1.800000
FILLER_0_19_181,VPWR,li1,90.6200,62.5600,1.800000
FILLER_0_19_169,VPWR,li1,86.0200,62.5600,1.800000
FILLER_0_19_164,VPWR,li1,81.1900,62.5600,1.800000
FILLER_0_19_160,VPWR,li1,80.0400,62.5600,1.800000
FILLER_0_19_153,VPWR,li1,76.1300,62.5600,1.800000
FILLER_0_19_149,VPWR,li1,74.9800,62.5600,1.800000
FILLER_0_19_137,VPWR,li1,71.3000,62.5600,1.800000
FILLER_0_19_125,VPWR,li1,65.7800,62.5600,1.800000
FILLER_0_19_113,VPWR,li1,60.2600,62.5600,1.800000
FILLER_0_19_108,VPWR,li1,56.1200,62.5600,1.800000
FILLER_0_19_96,VPWR,li1,52.4400,62.5600,1.800000
FILLER_0_19_69,VPWR,li1,38.6400,62.5600,1.800000
FILLER_0_19_57,VPWR,li1,34.5000,62.5600,1.800000
FILLER_0_19_55,VPWR,li1,31.0500,62.5600,1.800000
FILLER_0_19_51,VPWR,li1,29.9000,62.5600,1.800000
FILLER_0_19_39,VPWR,li1,26.2200,62.5600,1.800000
FILLER_0_19_27,VPWR,li1,20.7000,62.5600,1.800000
FILLER_0_19_15,VPWR,li1,15.1800,62.5600,1.800000
FILLER_0_19_3,VPWR,li1,9.6600,62.5600,1.800000
FILLER_0_18_189,VPWR,li1,92.6900,62.5600,1.800000
FILLER_0_18_177,VPWR,li1,89.7000,62.5600,1.800000
FILLER_0_18_165,VPWR,li1,84.1800,62.5600,1.800000
FILLER_0_18_153,VPWR,li1,78.6600,62.5600,1.800000
FILLER_0_18_141,VPWR,li1,73.1400,62.5600,1.800000
FILLER_0_18_137,VPWR,li1,69.2300,62.5600,1.800000
FILLER_0_18_129,VPWR,li1,66.7000,62.5600,1.800000
FILLER_0_18_121,VPWR,li1,61.4100,62.5600,1.800000
FILLER_0_18_109,VPWR,li1,58.4200,62.5600,1.800000
FILLER_0_18_97,VPWR,li1,52.9000,62.5600,1.800000
FILLER_0_18_85,VPWR,li1,47.3800,62.5600,1.800000
FILLER_0_18_82,VPWR,li1,43.7000,62.5600,1.800000
FILLER_0_18_74,VPWR,li1,41.4000,62.5600,1.800000
FILLER_0_18_65,VPWR,li1,36.3400,62.5600,1.800000
FILLER_0_18_53,VPWR,li1,32.6600,62.5600,1.800000
FILLER_0_18_41,VPWR,li1,27.1400,62.5600,1.800000
FILLER_0_18_29,VPWR,li1,21.6200,62.5600,1.800000
FILLER_0_18_3,VPWR,li1,7.3600,62.5600,1.800000
FILLER_0_17_189,VPWR,li1,92.6900,57.1200,1.799999
FILLER_0_17_181,VPWR,li1,90.6200,57.1200,1.799999
FILLER_0_17_169,VPWR,li1,86.0200,57.1200,1.799999
FILLER_0_17_160,VPWR,li1,80.9600,57.1200,1.799998
FILLER_0_17_149,VPWR,li1,74.9800,57.1200,1.799997
FILLER_0_17_137,VPWR,li1,71.3000,57.1200,1.799997
FILLER_0_17_125,VPWR,li1,65.7800,57.1200,1.799996
FILLER_0_17_113,VPWR,li1,60.2600,57.1200,1.799997
FILLER_0_17_109,VPWR,li1,56.3500,57.1200,1.799997
FILLER_0_17_101,VPWR,li1,53.8200,57.1200,1.799997
FILLER_0_17_89,VPWR,li1,49.2200,57.1200,1.799998
FILLER_0_17_77,VPWR,li1,43.7000,57.1200,1.799998
FILLER_0_17_69,VPWR,li1,37.4900,57.1200,1.799999
FILLER_0_17_57,VPWR,li1,34.5000,57.1200,1.799999
FILLER_0_17_53,VPWR,li1,30.5900,57.1200,1.799999
FILLER_0_17_41,VPWR,li1,27.1400,57.1200,1.799999
FILLER_0_17_29,VPWR,li1,21.6200,57.1200,1.799999
FILLER_0_17_17,VPWR,li1,16.1000,57.1200,1.800000
FILLER_0_17_9,VPWR,li1,9.8900,57.1200,1.800000
FILLER_0_17_3,VPWR,li1,8.2800,57.1200,1.800000
FILLER_0_16_189,VPWR,li1,92.6900,57.1200,1.799999
FILLER_0_16_177,VPWR,li1,89.7000,57.1200,1.799999
FILLER_0_16_165,VPWR,li1,84.1800,57.1200,1.799998
FILLER_0_16_153,VPWR,li1,78.6600,57.1200,1.799998
FILLER_0_16_141,VPWR,li1,73.1400,57.1200,1.799997
FILLER_0_16_132,VPWR,li1,68.0800,57.1200,1.799996
FILLER_0_16_115,VPWR,li1,58.6500,57.1200,1.799997
FILLER_0_16_109,VPWR,li1,57.0400,57.1200,1.799997
FILLER_0_16_97,VPWR,li1,52.9000,57.1200,1.799997
FILLER_0_16_85,VPWR,li1,47.3800,57.1200,1.799998
FILLER_0_16_83,VPWR,li1,43.9300,57.1200,1.799998
FILLER_0_16_77,VPWR,li1,42.3200,57.1200,1.799998
FILLER_0_16_65,VPWR,li1,38.1800,57.1200,1.799999
FILLER_0_16_53,VPWR,li1,32.6600,57.1200,1.799999
FILLER_0_16_41,VPWR,li1,27.1400,57.1200,1.799999
FILLER_0_16_29,VPWR,li1,21.6200,57.1200,1.799999
FILLER_0_16_27,VPWR,li1,18.1700,57.1200,1.800000
FILLER_0_16_15,VPWR,li1,15.1800,57.1200,1.800000
FILLER_0_16_3,VPWR,li1,9.6600,57.1200,1.800000
FILLER_0_15_189,VPWR,li1,92.6900,51.6800,1.799997
FILLER_0_15_181,VPWR,li1,90.6200,51.6800,1.799997
FILLER_0_15_169,VPWR,li1,86.0200,51.6800,1.799997
FILLER_0_15_167,VPWR,li1,82.5700,51.6800,1.799996
FILLER_0_15_161,VPWR,li1,80.9600,51.6800,1.799996
FILLER_0_15_149,VPWR,li1,76.8200,51.6800,1.799995
FILLER_0_15_137,VPWR,li1,71.3000,51.6800,1.799993
FILLER_0_15_125,VPWR,li1,65.7800,51.6800,1.799992
FILLER_0_15_113,VPWR,li1,60.2600,51.6800,1.799990
FILLER_0_15_111,VPWR,li1,56.8100,51.6800,1.799984
FILLER_0_15_105,VPWR,li1,55.2000,51.6800,1.799984
FILLER_0_15_93,VPWR,li1,51.0600,51.6800,1.799977
FILLER_0_15_81,VPWR,li1,45.5400,51.6800,1.799971
FILLER_0_15_69,VPWR,li1,40.0200,51.6800,1.799964
FILLER_0_15_57,VPWR,li1,34.5000,51.6800,1.799974
FILLER_0_15_55,VPWR,li1,31.0500,51.6800,1.799976
FILLER_0_15_51,VPWR,li1,29.9000,51.6800,1.799976
FILLER_0_15_39,VPWR,li1,26.2200,51.6800,1.799978
FILLER_0_15_27,VPWR,li1,20.7000,51.6800,1.799981
FILLER_0_15_15,VPWR,li1,15.1800,51.6800,1.799984
FILLER_0_15_3,VPWR,li1,9.6600,51.6800,1.799989
FILLER_0_14_189,VPWR,li1,92.6900,51.6800,1.799997
FILLER_0_14_177,VPWR,li1,89.7000,51.6800,1.799997
FILLER_0_14_165,VPWR,li1,84.1800,51.6800,1.799996
FILLER_0_14_153,VPWR,li1,78.6600,51.6800,1.799995
FILLER_0_14_141,VPWR,li1,73.1400,51.6800,1.799994
FILLER_0_14_132,VPWR,li1,68.0800,51.6800,1.799992
FILLER_0_14_125,VPWR,li1,63.4800,51.6800,1.799991
FILLER_0_14_113,VPWR,li1,60.2600,51.6800,1.799990
FILLER_0_14_85,VPWR,li1,45.5400,51.6800,1.799971
FILLER_0_14_81,VPWR,li1,43.4700,51.6800,1.799969
FILLER_0_14_57,VPWR,li1,31.9700,51.6800,1.799975
FILLER_0_14_53,VPWR,li1,30.8200,51.6800,1.799976
FILLER_0_14_41,VPWR,li1,27.1400,51.6800,1.799978
FILLER_0_14_29,VPWR,li1,21.6200,51.6800,1.799981
FILLER_0_14_27,VPWR,li1,18.1700,51.6800,1.799983
FILLER_0_14_23,VPWR,li1,17.0200,51.6800,1.799983
FILLER_0_14_3,VPWR,li1,7.8200,51.6800,1.799989
FILLER_0_13_189,VPWR,li1,92.6900,46.2400,1.799984
FILLER_0_13_183,VPWR,li1,91.0800,46.2400,1.799984
FILLER_0_13_175,VPWR,li1,86.2500,46.2400,1.799984
FILLER_0_13_169,VPWR,li1,84.6400,46.2400,1.799980
FILLER_0_13_162,VPWR,li1,81.4200,46.2400,1.799978
FILLER_0_13_150,VPWR,li1,77.2800,46.2400,1.799970
FILLER_0_13_138,VPWR,li1,71.7600,46.2400,1.799964
FILLER_0_13_113,VPWR,li1,57.7300,46.2400,1.799973
FILLER_0_13_104,VPWR,li1,53.8200,46.2400,1.799976
FILLER_0_13_96,VPWR,li1,51.5200,46.2400,1.799979
FILLER_0_13_84,VPWR,li1,46.9200,46.2400,1.799981
FILLER_0_13_72,VPWR,li1,41.4000,46.2400,1.799986
FILLER_0_13_68,VPWR,li1,37.0300,46.2400,1.799989
FILLER_0_13_64,VPWR,li1,35.8800,46.2400,1.799991
FILLER_0_13_57,VPWR,li1,32.6600,46.2400,1.799991
FILLER_0_13_54,VPWR,li1,30.8200,46.2400,1.799991
FILLER_0_13_39,VPWR,li1,26.2200,46.2400,1.799991
FILLER_0_13_30,VPWR,li1,19.5500,46.2400,1.799991
FILLER_0_13_24,VPWR,li1,17.9400,46.2400,1.799991
FILLER_0_13_7,VPWR,li1,8.9700,46.2400,1.799994
FILLER_0_13_3,VPWR,li1,7.8200,46.2400,1.799994
FILLER_0_12_187,VPWR,li1,92.2300,46.2400,1.799984
FILLER_0_12_175,VPWR,li1,88.7800,46.2400,1.799984
FILLER_0_12_163,VPWR,li1,83.2600,46.2400,1.799980
FILLER_0_12_141,VPWR,li1,71.7600,46.2400,1.799964
FILLER_0_12_139,VPWR,li1,69.6900,46.2400,1.799962
FILLER_0_12_133,VPWR,li1,68.0800,46.2400,1.799962
FILLER_0_12_121,VPWR,li1,63.9400,46.2400,1.799957
FILLER_0_12_109,VPWR,li1,58.4200,46.2400,1.799973
FILLER_0_12_97,VPWR,li1,52.9000,46.2400,1.799976
FILLER_0_12_85,VPWR,li1,47.3800,46.2400,1.799981
FILLER_0_12_83,VPWR,li1,43.9300,46.2400,1.799983
FILLER_0_12_71,VPWR,li1,40.9400,46.2400,1.799986
FILLER_0_12_59,VPWR,li1,35.4200,46.2400,1.799991
FILLER_0_12_47,VPWR,li1,29.9000,46.2400,1.799991
FILLER_0_12_37,VPWR,li1,23.2300,46.2400,1.799991
FILLER_0_12_29,VPWR,li1,20.7000,46.2400,1.799991
FILLER_0_12_27,VPWR,li1,18.1700,46.2400,1.799991
FILLER_0_12_15,VPWR,li1,15.1800,46.2400,1.799991
FILLER_0_12_3,VPWR,li1,9.6600,46.2400,1.799994
FILLER_0_11_189,VPWR,li1,92.6900,40.8000,1.800000
FILLER_0_11_181,VPWR,li1,90.6200,40.8000,1.800000
FILLER_0_11_169,VPWR,li1,86.0200,40.8000,1.800000
FILLER_0_11_164,VPWR,li1,81.8800,40.8000,1.800000
FILLER_0_11_148,VPWR,li1,76.3600,40.8000,1.800000
FILLER_0_11_113,VPWR,li1,58.4200,40.8000,1.800000
FILLER_0_11_93,VPWR,li1,51.0600,40.8000,1.800000
FILLER_0_11_81,VPWR,li1,45.5400,40.8000,1.800000
FILLER_0_11_69,VPWR,li1,40.0200,40.8000,1.800000
FILLER_0_11_57,VPWR,li1,34.5000,40.8000,1.800000
FILLER_0_11_55,VPWR,li1,31.0500,40.8000,1.800000
FILLER_0_11_51,VPWR,li1,29.9000,40.8000,1.800000
FILLER_0_11_39,VPWR,li1,26.2200,40.8000,1.800000
FILLER_0_11_27,VPWR,li1,20.7000,40.8000,1.800000
FILLER_0_11_15,VPWR,li1,15.1800,40.8000,1.800000
FILLER_0_11_3,VPWR,li1,9.6600,40.8000,1.800000
FILLER_0_10_189,VPWR,li1,92.6900,40.8000,1.800000
FILLER_0_10_181,VPWR,li1,90.6200,40.8000,1.800000
FILLER_0_10_173,VPWR,li1,85.7900,40.8000,1.800000
FILLER_0_10_165,VPWR,li1,83.2600,40.8000,1.800000
FILLER_0_10_153,VPWR,li1,78.6600,40.8000,1.800000
FILLER_0_10_141,VPWR,li1,73.1400,40.8000,1.800000
FILLER_0_10_137,VPWR,li1,69.2300,40.8000,1.800000
FILLER_0_10_125,VPWR,li1,65.7800,40.8000,1.800000
FILLER_0_10_121,VPWR,li1,61.4100,40.8000,1.800000
FILLER_0_10_109,VPWR,li1,58.4200,40.8000,1.800000
FILLER_0_10_97,VPWR,li1,52.9000,40.8000,1.800000
FILLER_0_10_85,VPWR,li1,47.3800,40.8000,1.800000
FILLER_0_10_83,VPWR,li1,43.9300,40.8000,1.800000
FILLER_0_10_77,VPWR,li1,42.3200,40.8000,1.800000
FILLER_0_10_65,VPWR,li1,38.1800,40.8000,1.800000
FILLER_0_10_53,VPWR,li1,32.6600,40.8000,1.800000
FILLER_0_10_41,VPWR,li1,27.1400,40.8000,1.800000
FILLER_0_10_29,VPWR,li1,21.6200,40.8000,1.800000
FILLER_0_10_27,VPWR,li1,18.1700,40.8000,1.800000
FILLER_0_10_15,VPWR,li1,15.1800,40.8000,1.800000
FILLER_0_10_3,VPWR,li1,9.6600,40.8000,1.800000
FILLER_0_9_189,VPWR,li1,92.6900,35.3600,1.799995
FILLER_0_9_181,VPWR,li1,90.6200,35.3600,1.799995
FILLER_0_9_169,VPWR,li1,86.0200,35.3600,1.799995
FILLER_0_9_160,VPWR,li1,80.9600,35.3600,1.799993
FILLER_0_9_148,VPWR,li1,76.3600,35.3600,1.799991
FILLER_0_9_144,VPWR,li1,71.9900,35.3600,1.799991
FILLER_0_9_138,VPWR,li1,70.3800,35.3600,1.799991
FILLER_0_9_125,VPWR,li1,64.4000,35.3600,1.799992
FILLER_0_9_113,VPWR,li1,60.2600,35.3600,1.799992
FILLER_0_9_111,VPWR,li1,56.8100,35.3600,1.799990
FILLER_0_9_107,VPWR,li1,55.6600,35.3600,1.799990
FILLER_0_9_103,VPWR,li1,53.1300,35.3600,1.799990
FILLER_0_9_95,VPWR,li1,51.0600,35.3600,1.799990
FILLER_0_9_81,VPWR,li1,44.1600,35.3600,1.799989
FILLER_0_9_69,VPWR,li1,40.0200,35.3600,1.799989
FILLER_0_9_57,VPWR,li1,34.5000,35.3600,1.799992
FILLER_0_9_53,VPWR,li1,30.5900,35.3600,1.799992
FILLER_0_9_41,VPWR,li1,27.1400,35.3600,1.799993
FILLER_0_9_29,VPWR,li1,21.6200,35.3600,1.799994
FILLER_0_9_17,VPWR,li1,16.1000,35.3600,1.799996
FILLER_0_9_3,VPWR,li1,8.2800,35.3600,1.799997
FILLER_0_8_189,VPWR,li1,92.6900,35.3600,1.799995
FILLER_0_8_177,VPWR,li1,89.7000,35.3600,1.799995
FILLER_0_8_165,VPWR,li1,84.1800,35.3600,1.799994
FILLER_0_8_141,VPWR,li1,72.2200,35.3600,1.799991
FILLER_0_8_139,VPWR,li1,69.6900,35.3600,1.799991
FILLER_0_8_133,VPWR,li1,68.0800,35.3600,1.799992
FILLER_0_8_121,VPWR,li1,63.9400,35.3600,1.799992
FILLER_0_8_97,VPWR,li1,51.9800,35.3600,1.799990
FILLER_0_8_85,VPWR,li1,47.3800,35.3600,1.799989
FILLER_0_8_49,VPWR,li1,28.5200,35.3600,1.799992
FILLER_0_8_41,VPWR,li1,26.2200,35.3600,1.799993
FILLER_0_8_29,VPWR,li1,21.6200,35.3600,1.799994
FILLER_0_8_27,VPWR,li1,18.1700,35.3600,1.799995
FILLER_0_8_15,VPWR,li1,15.1800,35.3600,1.799996
FILLER_0_8_3,VPWR,li1,9.6600,35.3600,1.799997
FILLER_0_7_182,VPWR,li1,91.0800,29.9200,1.799999
FILLER_0_7_178,VPWR,li1,87.8600,29.9200,1.799999
FILLER_0_7_169,VPWR,li1,83.7200,29.9200,1.799999
FILLER_0_7_166,VPWR,li1,82.3400,29.9200,1.799999
FILLER_0_7_154,VPWR,li1,79.1200,29.9200,1.799998
FILLER_0_7_143,VPWR,li1,71.5300,29.9200,1.799998
FILLER_0_7_137,VPWR,li1,69.9200,29.9200,1.799998
FILLER_0_7_125,VPWR,li1,65.7800,29.9200,1.799997
FILLER_0_7_113,VPWR,li1,60.2600,29.9200,1.799997
FILLER_0_7_109,VPWR,li1,56.3500,29.9200,1.799995
FILLER_0_7_101,VPWR,li1,53.8200,29.9200,1.799995
FILLER_0_7_89,VPWR,li1,49.2200,29.9200,1.799996
FILLER_0_7_77,VPWR,li1,43.7000,29.9200,1.799997
FILLER_0_7_65,VPWR,li1,38.1800,29.9200,1.799998
FILLER_0_7_55,VPWR,li1,31.0500,29.9200,1.799999
FILLER_0_7_51,VPWR,li1,29.9000,29.9200,1.799999
FILLER_0_7_39,VPWR,li1,26.2200,29.9200,1.799999
FILLER_0_7_27,VPWR,li1,20.7000,29.9200,1.799999
FILLER_0_7_15,VPWR,li1,15.1800,29.9200,1.799999
FILLER_0_7_3,VPWR,li1,9.6600,29.9200,1.800000
FILLER_0_6_188,VPWR,li1,92.4600,29.9200,1.799999
FILLER_0_6_180,VPWR,li1,90.1600,29.9200,1.799999
FILLER_0_6_168,VPWR,li1,85.5600,29.9200,1.799999
FILLER_0_6_141,VPWR,li1,71.3000,29.9200,1.799998
FILLER_0_6_137,VPWR,li1,69.2300,29.9200,1.799998
FILLER_0_6_129,VPWR,li1,66.7000,29.9200,1.799997
FILLER_0_6_117,VPWR,li1,62.1000,29.9200,1.799997
FILLER_0_6_97,VPWR,li1,51.0600,29.9200,1.799996
FILLER_0_6_85,VPWR,li1,47.3800,29.9200,1.799996
FILLER_0_6_83,VPWR,li1,43.9300,29.9200,1.799997
FILLER_0_6_79,VPWR,li1,42.7800,29.9200,1.799997
FILLER_0_6_61,VPWR,li1,34.0400,29.9200,1.799999
FILLER_0_6_53,VPWR,li1,31.7400,29.9200,1.799999
FILLER_0_6_41,VPWR,li1,27.1400,29.9200,1.799999
FILLER_0_6_29,VPWR,li1,21.6200,29.9200,1.799999
FILLER_0_6_27,VPWR,li1,18.1700,29.9200,1.799999
FILLER_0_6_15,VPWR,li1,15.1800,29.9200,1.799999
FILLER_0_6_3,VPWR,li1,9.6600,29.9200,1.800000
FILLER_0_5_189,VPWR,li1,92.6900,24.4800,1.800000
FILLER_0_5_183,VPWR,li1,91.0800,24.4800,1.800000
FILLER_0_5_177,VPWR,li1,87.6300,24.4800,1.800000
FILLER_0_5_169,VPWR,li1,85.1000,24.4800,1.800000
FILLER_0_5_165,VPWR,li1,82.1100,24.4800,1.800000
FILLER_0_5_157,VPWR,li1,79.5800,24.4800,1.800000
FILLER_0_5_150,VPWR,li1,74.7500,24.4800,1.800000
FILLER_0_5_144,VPWR,li1,73.1400,24.4800,1.800000
FILLER_0_5_132,VPWR,li1,69.0000,24.4800,1.800000
FILLER_0_5_120,VPWR,li1,63.4800,24.4800,1.800000
FILLER_0_5_113,VPWR,li1,57.9600,24.4800,1.800000
FILLER_0_5_110,VPWR,li1,56.5800,24.4800,1.800000
FILLER_0_5_102,VPWR,li1,54.2800,24.4800,1.800000
FILLER_0_5_90,VPWR,li1,49.6800,24.4800,1.800000
FILLER_0_5_78,VPWR,li1,44.1600,24.4800,1.800000
FILLER_0_5_73,VPWR,li1,39.3300,24.4800,1.800000
FILLER_0_5_69,VPWR,li1,38.1800,24.4800,1.800000
FILLER_0_5_57,VPWR,li1,34.5000,24.4800,1.800000
FILLER_0_5_53,VPWR,li1,30.5900,24.4800,1.800000
FILLER_0_5_43,VPWR,li1,25.7600,24.4800,1.800000
FILLER_0_5_31,VPWR,li1,22.5400,24.4800,1.800000
FILLER_0_5_19,VPWR,li1,17.0200,24.4800,1.800000
FILLER_0_5_11,VPWR,li1,11.0400,24.4800,1.800000
FILLER_0_5_3,VPWR,li1,8.7400,24.4800,1.800000
FILLER_0_4_189,VPWR,li1,92.6900,24.4800,1.800000
FILLER_0_4_183,VPWR,li1,91.0800,24.4800,1.800000
FILLER_0_4_178,VPWR,li1,87.8600,24.4800,1.800000
FILLER_0_4_170,VPWR,li1,85.5600,24.4800,1.800000
FILLER_0_4_158,VPWR,li1,80.9600,24.4800,1.800000
FILLER_0_4_146,VPWR,li1,75.4400,24.4800,1.800000
FILLER_0_4_141,VPWR,li1,70.6100,24.4800,1.800000
FILLER_0_4_139,VPWR,li1,69.6900,24.4800,1.800000
FILLER_0_4_133,VPWR,li1,68.0800,24.4800,1.800000
FILLER_0_4_121,VPWR,li1,63.9400,24.4800,1.800000
FILLER_0_4_109,VPWR,li1,58.4200,24.4800,1.800000
FILLER_0_4_97,VPWR,li1,52.9000,24.4800,1.800000
FILLER_0_4_85,VPWR,li1,47.3800,24.4800,1.800000
FILLER_0_4_81,VPWR,li1,43.4700,24.4800,1.800000
FILLER_0_4_69,VPWR,li1,40.0200,24.4800,1.800000
FILLER_0_4_57,VPWR,li1,34.5000,24.4800,1.800000
FILLER_0_4_45,VPWR,li1,28.9800,24.4800,1.800000
FILLER_0_4_27,VPWR,li1,18.1700,24.4800,1.800000
FILLER_0_4_15,VPWR,li1,15.1800,24.4800,1.800000
FILLER_0_4_3,VPWR,li1,9.6600,24.4800,1.800000
FILLER_0_3_189,VPWR,li1,92.6900,19.0400,1.799994
FILLER_0_3_185,VPWR,li1,91.5400,19.0400,1.799994
FILLER_0_3_166,VPWR,li1,82.3400,19.0400,1.799996
FILLER_0_3_141,VPWR,li1,70.8400,19.0400,1.799997
FILLER_0_3_137,VPWR,li1,69.0000,19.0400,1.799998
FILLER_0_3_125,VPWR,li1,65.7800,19.0400,1.799998
FILLER_0_3_113,VPWR,li1,60.2600,19.0400,1.799999
FILLER_0_3_110,VPWR,li1,56.5800,19.0400,1.799999
FILLER_0_3_102,VPWR,li1,54.2800,19.0400,1.799999
FILLER_0_3_90,VPWR,li1,49.6800,19.0400,1.799999
FILLER_0_3_81,VPWR,li1,43.7000,19.0400,1.799999
FILLER_0_3_69,VPWR,li1,40.0200,19.0400,1.800000
FILLER_0_3_57,VPWR,li1,34.5000,19.0400,1.800000
FILLER_0_3_52,VPWR,li1,30.3600,19.0400,1.800000
FILLER_0_3_40,VPWR,li1,26.6800,19.0400,1.800000
FILLER_0_3_27,VPWR,li1,19.3200,19.0400,1.800000
FILLER_0_3_15,VPWR,li1,15.1800,19.0400,1.800000
FILLER_0_3_3,VPWR,li1,9.6600,19.0400,1.800000
FILLER_0_2_187,VPWR,li1,92.2300,19.0400,1.799994
FILLER_0_2_179,VPWR,li1,89.7000,19.0400,1.799994
FILLER_0_2_171,VPWR,li1,84.4100,19.0400,1.799995
FILLER_0_2_167,VPWR,li1,83.2600,19.0400,1.799996
FILLER_0_2_153,VPWR,li1,76.8200,19.0400,1.799997
FILLER_0_2_141,VPWR,li1,73.1400,19.0400,1.799997
FILLER_0_2_128,VPWR,li1,67.1600,19.0400,1.799998
FILLER_0_2_116,VPWR,li1,61.6400,19.0400,1.799999
FILLER_0_2_104,VPWR,li1,56.1200,19.0400,1.799999
FILLER_0_2_94,VPWR,li1,49.4500,19.0400,1.799999
FILLER_0_2_85,VPWR,li1,45.3100,19.0400,1.799999
FILLER_0_2_83,VPWR,li1,43.9300,19.0400,1.799999
FILLER_0_2_77,VPWR,li1,42.3200,19.0400,1.799999
FILLER_0_2_65,VPWR,li1,38.1800,19.0400,1.800000
FILLER_0_2_53,VPWR,li1,32.6600,19.0400,1.800000
FILLER_0_2_41,VPWR,li1,27.1400,19.0400,1.800000
FILLER_0_2_29,VPWR,li1,21.6200,19.0400,1.800000
FILLER_0_2_27,VPWR,li1,18.1700,19.0400,1.800000
FILLER_0_2_15,VPWR,li1,15.1800,19.0400,1.800000
FILLER_0_2_3,VPWR,li1,9.6600,19.0400,1.800000
FILLER_0_1_189,VPWR,li1,92.6900,13.6000,1.799999
FILLER_0_1_181,VPWR,li1,90.6200,13.6000,1.799999
FILLER_0_1_169,VPWR,li1,86.0200,13.6000,1.799999
FILLER_0_1_165,VPWR,li1,82.1100,13.6000,1.799999
FILLER_0_1_157,VPWR,li1,79.5800,13.6000,1.799999
FILLER_0_1_141,VPWR,li1,72.2200,13.6000,1.799998
FILLER_0_1_133,VPWR,li1,66.9300,13.6000,1.799998
FILLER_0_1_125,VPWR,li1,64.8600,13.6000,1.799997
FILLER_0_1_113,VPWR,li1,60.2600,13.6000,1.799997
FILLER_0_1_95,VPWR,li1,49.4500,13.6000,1.799995
FILLER_0_1_87,VPWR,li1,45.7700,13.6000,1.799996
FILLER_0_1_81,VPWR,li1,44.1600,13.6000,1.799996
FILLER_0_1_69,VPWR,li1,40.0200,13.6000,1.799997
FILLER_0_1_57,VPWR,li1,34.5000,13.6000,1.799998
FILLER_0_1_50,VPWR,li1,29.9000,13.6000,1.799999
FILLER_0_1_42,VPWR,li1,25.0700,13.6000,1.799999
FILLER_0_1_34,VPWR,li1,23.0000,13.6000,1.799999
FILLER_0_1_27,VPWR,li1,18.4000,13.6000,1.799999
FILLER_0_1_15,VPWR,li1,15.1800,13.6000,1.799999
FILLER_0_1_3,VPWR,li1,9.6600,13.6000,1.799999
FILLER_0_0_189,VPWR,li1,92.6900,13.6000,1.799999
FILLER_0_0_181,VPWR,li1,90.6200,13.6000,1.799999
FILLER_0_0_169,VPWR,li1,86.0200,13.6000,1.799999
FILLER_0_0_165,VPWR,li1,82.1100,13.6000,1.799999
FILLER_0_0_153,VPWR,li1,78.6600,13.6000,1.799999
FILLER_0_0_141,VPWR,li1,73.1400,13.6000,1.799998
FILLER_0_0_128,VPWR,li1,67.1600,13.6000,1.799998
FILLER_0_0_113,VPWR,li1,59.3400,13.6000,1.799997
FILLER_0_0_109,VPWR,li1,56.3500,13.6000,1.799996
FILLER_0_0_97,VPWR,li1,52.9000,13.6000,1.799995
FILLER_0_0_85,VPWR,li1,47.3800,13.6000,1.799996
FILLER_0_0_81,VPWR,li1,43.4700,13.6000,1.799996
FILLER_0_0_69,VPWR,li1,40.0200,13.6000,1.799997
FILLER_0_0_57,VPWR,li1,34.5000,13.6000,1.799998
FILLER_0_0_53,VPWR,li1,30.5900,13.6000,1.799999
FILLER_0_0_41,VPWR,li1,27.1400,13.6000,1.799999
FILLER_0_0_29,VPWR,li1,21.6200,13.6000,1.799999
FILLER_0_0_27,VPWR,li1,18.1700,13.6000,1.799999
FILLER_0_0_15,VPWR,li1,15.1800,13.6000,1.799999
FILLER_0_0_3,VPWR,li1,9.6600,13.6000,1.799999
ANTENNA_2,VPWR,li1,88.7800,29.9200,1.799999
ANTENNA_1,VPWR,li1,69.9200,19.0400,1.799998
hold1,VPWR,li1,47.3800,35.3600,1.799989
clkload0,VPWR,li1,34.2700,46.2400,1.799991
clkbuf_1_1__f_clk,VPWR,li1,64.4000,46.2400,1.799957
clkbuf_1_0__f_clk,VPWR,li1,38.1800,51.6800,1.799962
clkbuf_0_clk,VPWR,li1,51.0600,51.6800,1.799977
TopZeroToFive_9,VPWR,li1,92.2300,84.3200,1.800000
output8,VPWR,li1,17.7100,84.3200,1.800000
output7,VPWR,li1,23.2300,84.3200,1.800000
output6,VPWR,li1,32.4300,84.3200,1.800000
output5,VPWR,li1,34.2700,84.3200,1.800000
output4,VPWR,li1,39.7900,84.3200,1.800000
output3,VPWR,li1,45.3100,84.3200,1.800000
output2,VPWR,li1,50.8300,84.3200,1.800000
input1,VPWR,li1,12.4200,84.3200,1.800000
TopZeroToFive_10,VPWR,li1,89.4700,84.3200,1.800000
TopZeroToFive_16,VPWR,li1,56.3500,84.3200,1.800000
TopZeroToFive_15,VPWR,li1,61.8700,84.3200,1.800000
TopZeroToFive_14,VPWR,li1,67.3900,84.3200,1.800000
TopZeroToFive_13,VPWR,li1,72.9100,84.3200,1.800000
TopZeroToFive_12,VPWR,li1,78.4300,84.3200,1.800000
TopZeroToFive_11,VPWR,li1,83.9500,84.3200,1.800000
TAP_TAPCELL_ROW_27_145,VPWR,li1,83.0300,84.6260,1.800000
TAP_TAPCELL_ROW_27_144,VPWR,li1,70.1500,84.6260,1.800000
TAP_TAPCELL_ROW_27_143,VPWR,li1,57.2700,84.6260,1.800000
TAP_TAPCELL_ROW_27_142,VPWR,li1,44.3900,84.6260,1.800000
TAP_TAPCELL_ROW_27_141,VPWR,li1,31.5100,84.6260,1.800000
TAP_TAPCELL_ROW_27_140,VPWR,li1,18.6300,84.6260,1.800000
TAP_TAPCELL_ROW_26_139,VPWR,li1,70.1500,84.0130,1.800000
TAP_TAPCELL_ROW_26_138,VPWR,li1,44.3900,84.0130,1.800000
TAP_TAPCELL_ROW_26_137,VPWR,li1,18.6300,84.0130,1.800000
TAP_TAPCELL_ROW_25_136,VPWR,li1,83.0300,79.1860,1.799999
TAP_TAPCELL_ROW_25_135,VPWR,li1,57.2700,79.1860,1.799997
TAP_TAPCELL_ROW_25_134,VPWR,li1,31.5100,79.1860,1.799991
TAP_TAPCELL_ROW_24_133,VPWR,li1,70.1500,78.5730,1.799999
TAP_TAPCELL_ROW_24_132,VPWR,li1,44.3900,78.5730,1.799995
TAP_TAPCELL_ROW_24_131,VPWR,li1,18.6300,78.5730,1.799995
TAP_TAPCELL_ROW_23_130,VPWR,li1,83.0300,73.7460,1.799994
TAP_TAPCELL_ROW_23_129,VPWR,li1,57.2700,73.7460,1.799994
TAP_TAPCELL_ROW_23_128,VPWR,li1,31.5100,73.7460,1.799998
TAP_TAPCELL_ROW_22_127,VPWR,li1,70.1500,73.1330,1.799994
TAP_TAPCELL_ROW_22_126,VPWR,li1,44.3900,73.1330,1.799995
TAP_TAPCELL_ROW_22_125,VPWR,li1,18.6300,73.1330,1.799999
TAP_TAPCELL_ROW_21_124,VPWR,li1,83.0300,68.3060,1.799996
TAP_TAPCELL_ROW_21_123,VPWR,li1,57.2700,68.3060,1.799994
TAP_TAPCELL_ROW_21_122,VPWR,li1,31.5100,68.3060,1.799999
TAP_TAPCELL_ROW_20_121,VPWR,li1,70.1500,67.6930,1.799992
TAP_TAPCELL_ROW_20_120,VPWR,li1,44.3900,67.6930,1.799996
TAP_TAPCELL_ROW_20_119,VPWR,li1,18.6300,67.6930,1.799999
TAP_TAPCELL_ROW_19_118,VPWR,li1,83.0300,62.8660,1.800000
TAP_TAPCELL_ROW_19_117,VPWR,li1,57.2700,62.8660,1.800000
TAP_TAPCELL_ROW_19_116,VPWR,li1,31.5100,62.8660,1.800000
TAP_TAPCELL_ROW_18_115,VPWR,li1,70.1500,62.2530,1.800000
TAP_TAPCELL_ROW_18_114,VPWR,li1,44.3900,62.2530,1.800000
TAP_TAPCELL_ROW_18_113,VPWR,li1,18.6300,62.2530,1.800000
TAP_TAPCELL_ROW_17_112,VPWR,li1,83.0300,57.4260,1.799998
TAP_TAPCELL_ROW_17_111,VPWR,li1,57.2700,57.4260,1.799997
TAP_TAPCELL_ROW_17_110,VPWR,li1,31.5100,57.4260,1.799999
TAP_TAPCELL_ROW_16_109,VPWR,li1,70.1500,56.8130,1.799997
TAP_TAPCELL_ROW_16_108,VPWR,li1,44.3900,56.8130,1.799998
TAP_TAPCELL_ROW_16_107,VPWR,li1,18.6300,56.8130,1.800000
TAP_TAPCELL_ROW_15_106,VPWR,li1,83.0300,51.9860,1.799996
TAP_TAPCELL_ROW_15_105,VPWR,li1,57.2700,51.9860,1.799986
TAP_TAPCELL_ROW_15_104,VPWR,li1,31.5100,51.9860,1.799976
TAP_TAPCELL_ROW_14_103,VPWR,li1,70.1500,51.3730,1.799993
TAP_TAPCELL_ROW_14_102,VPWR,li1,44.3900,51.3730,1.799969
TAP_TAPCELL_ROW_14_101,VPWR,li1,18.6300,51.3730,1.799983
TAP_TAPCELL_ROW_13_100,VPWR,li1,83.0300,46.5460,1.799978
TAP_TAPCELL_ROW_13_99,VPWR,li1,57.2700,46.5460,1.799973
TAP_TAPCELL_ROW_13_98,VPWR,li1,31.5100,46.5460,1.799991
TAP_TAPCELL_ROW_12_97,VPWR,li1,70.1500,45.9330,1.799964
TAP_TAPCELL_ROW_12_96,VPWR,li1,44.3900,45.9330,1.799983
TAP_TAPCELL_ROW_12_95,VPWR,li1,18.6300,45.9330,1.799991
TAP_TAPCELL_ROW_11_94,VPWR,li1,83.0300,41.1060,1.800000
TAP_TAPCELL_ROW_11_93,VPWR,li1,57.2700,41.1060,1.800000
TAP_TAPCELL_ROW_11_92,VPWR,li1,31.5100,41.1060,1.800000
TAP_TAPCELL_ROW_10_91,VPWR,li1,70.1500,40.4930,1.800000
TAP_TAPCELL_ROW_10_90,VPWR,li1,44.3900,40.4930,1.800000
TAP_TAPCELL_ROW_10_89,VPWR,li1,18.6300,40.4930,1.800000
TAP_TAPCELL_ROW_9_88,VPWR,li1,83.0300,35.6660,1.799994
TAP_TAPCELL_ROW_9_87,VPWR,li1,57.2700,35.6660,1.799990
TAP_TAPCELL_ROW_9_86,VPWR,li1,31.5100,35.6660,1.799992
TAP_TAPCELL_ROW_8_85,VPWR,li1,70.1500,35.0530,1.799991
TAP_TAPCELL_ROW_8_84,VPWR,li1,44.3900,35.0530,1.799989
TAP_TAPCELL_ROW_8_83,VPWR,li1,18.6300,35.0530,1.799995
TAP_TAPCELL_ROW_7_82,VPWR,li1,83.0300,30.2260,1.799999
TAP_TAPCELL_ROW_7_81,VPWR,li1,57.2700,30.2260,1.799995
TAP_TAPCELL_ROW_7_80,VPWR,li1,31.5100,30.2260,1.799999
TAP_TAPCELL_ROW_6_79,VPWR,li1,70.1500,29.6130,1.799998
TAP_TAPCELL_ROW_6_78,VPWR,li1,44.3900,29.6130,1.799997
TAP_TAPCELL_ROW_6_77,VPWR,li1,18.6300,29.6130,1.799999
TAP_TAPCELL_ROW_5_76,VPWR,li1,83.0300,24.7860,1.800000
TAP_TAPCELL_ROW_5_75,VPWR,li1,57.2700,24.7860,1.800000
TAP_TAPCELL_ROW_5_74,VPWR,li1,31.5100,24.7860,1.800000
TAP_TAPCELL_ROW_4_73,VPWR,li1,70.1500,24.1730,1.800000
TAP_TAPCELL_ROW_4_72,VPWR,li1,44.3900,24.1730,1.800000
TAP_TAPCELL_ROW_4_71,VPWR,li1,18.6300,24.1730,1.800000
TAP_TAPCELL_ROW_3_70,VPWR,li1,83.0300,19.3460,1.799996
TAP_TAPCELL_ROW_3_69,VPWR,li1,57.2700,19.3460,1.799999
TAP_TAPCELL_ROW_3_68,VPWR,li1,31.5100,19.3460,1.800000
TAP_TAPCELL_ROW_2_67,VPWR,li1,70.1500,18.7330,1.799998
TAP_TAPCELL_ROW_2_66,VPWR,li1,44.3900,18.7330,1.799999
TAP_TAPCELL_ROW_2_65,VPWR,li1,18.6300,18.7330,1.800000
TAP_TAPCELL_ROW_1_64,VPWR,li1,83.0300,13.9060,1.799999
TAP_TAPCELL_ROW_1_63,VPWR,li1,57.2700,13.9060,1.799996
TAP_TAPCELL_ROW_1_62,VPWR,li1,31.5100,13.9060,1.799999
TAP_TAPCELL_ROW_0_61,VPWR,li1,83.0300,13.2930,1.799999
TAP_TAPCELL_ROW_0_60,VPWR,li1,70.1500,13.2930,1.799998
TAP_TAPCELL_ROW_0_59,VPWR,li1,57.2700,13.2930,1.799996
TAP_TAPCELL_ROW_0_58,VPWR,li1,44.3900,13.2930,1.799996
TAP_TAPCELL_ROW_0_57,VPWR,li1,31.5100,13.2930,1.799999
TAP_TAPCELL_ROW_0_56,VPWR,li1,18.6300,13.2930,1.799999
PHY_EDGE_ROW_27_Left_55,VPWR,li1,6.2100,84.3200,1.800000
PHY_EDGE_ROW_26_Left_54,VPWR,li1,6.2100,84.3200,1.800000
PHY_EDGE_ROW_25_Left_53,VPWR,li1,6.2100,78.8800,1.799997
PHY_EDGE_ROW_24_Left_52,VPWR,li1,6.2100,78.8800,1.799997
PHY_EDGE_ROW_23_Left_51,VPWR,li1,6.2100,73.4400,1.799999
PHY_EDGE_ROW_22_Left_50,VPWR,li1,6.2100,73.4400,1.799999
PHY_EDGE_ROW_21_Left_49,VPWR,li1,6.2100,68.0000,1.799999
PHY_EDGE_ROW_20_Left_48,VPWR,li1,6.2100,68.0000,1.799999
PHY_EDGE_ROW_19_Left_47,VPWR,li1,6.2100,62.5600,1.800000
PHY_EDGE_ROW_18_Left_46,VPWR,li1,6.2100,62.5600,1.800000
PHY_EDGE_ROW_17_Left_45,VPWR,li1,6.2100,57.1200,1.800000
PHY_EDGE_ROW_16_Left_44,VPWR,li1,6.2100,57.1200,1.800000
PHY_EDGE_ROW_15_Left_43,VPWR,li1,6.2100,51.6800,1.799989
PHY_EDGE_ROW_14_Left_42,VPWR,li1,6.2100,51.6800,1.799989
PHY_EDGE_ROW_13_Left_41,VPWR,li1,6.2100,46.2400,1.799994
PHY_EDGE_ROW_12_Left_40,VPWR,li1,6.2100,46.2400,1.799994
PHY_EDGE_ROW_11_Left_39,VPWR,li1,6.2100,40.8000,1.800000
PHY_EDGE_ROW_10_Left_38,VPWR,li1,6.2100,40.8000,1.800000
PHY_EDGE_ROW_9_Left_37,VPWR,li1,6.2100,35.3600,1.799997
PHY_EDGE_ROW_8_Left_36,VPWR,li1,6.2100,35.3600,1.799997
PHY_EDGE_ROW_7_Left_35,VPWR,li1,6.2100,29.9200,1.800000
PHY_EDGE_ROW_6_Left_34,VPWR,li1,6.2100,29.9200,1.800000
PHY_EDGE_ROW_5_Left_33,VPWR,li1,6.2100,24.4800,1.800000
PHY_EDGE_ROW_4_Left_32,VPWR,li1,6.2100,24.4800,1.800000
PHY_EDGE_ROW_3_Left_31,VPWR,li1,6.2100,19.0400,1.800000
PHY_EDGE_ROW_2_Left_30,VPWR,li1,6.2100,19.0400,1.800000
PHY_EDGE_ROW_1_Left_29,VPWR,li1,6.2100,13.6000,1.799999
PHY_EDGE_ROW_0_Left_28,VPWR,li1,6.2100,13.6000,1.799999
PHY_EDGE_ROW_27_Right_27,VPWR,li1,93.6100,84.3200,1.800000
PHY_EDGE_ROW_26_Right_26,VPWR,li1,93.6100,84.3200,1.800000
PHY_EDGE_ROW_25_Right_25,VPWR,li1,93.6100,78.8800,1.799999
PHY_EDGE_ROW_24_Right_24,VPWR,li1,93.6100,78.8800,1.799999
PHY_EDGE_ROW_23_Right_23,VPWR,li1,93.6100,73.4400,1.799996
PHY_EDGE_ROW_22_Right_22,VPWR,li1,93.6100,73.4400,1.799996
PHY_EDGE_ROW_21_Right_21,VPWR,li1,93.6100,68.0000,1.799997
PHY_EDGE_ROW_20_Right_20,VPWR,li1,93.6100,68.0000,1.799997
PHY_EDGE_ROW_19_Right_19,VPWR,li1,93.6100,62.5600,1.800000
PHY_EDGE_ROW_18_Right_18,VPWR,li1,93.6100,62.5600,1.800000
PHY_EDGE_ROW_17_Right_17,VPWR,li1,93.6100,57.1200,1.799999
PHY_EDGE_ROW_16_Right_16,VPWR,li1,93.6100,57.1200,1.799999
PHY_EDGE_ROW_15_Right_15,VPWR,li1,93.6100,51.6800,1.799997
PHY_EDGE_ROW_14_Right_14,VPWR,li1,93.6100,51.6800,1.799997
PHY_EDGE_ROW_13_Right_13,VPWR,li1,93.6100,46.2400,1.799984
PHY_EDGE_ROW_12_Right_12,VPWR,li1,93.6100,46.2400,1.799984
PHY_EDGE_ROW_11_Right_11,VPWR,li1,93.6100,40.8000,1.800000
PHY_EDGE_ROW_10_Right_10,VPWR,li1,93.6100,40.8000,1.800000
PHY_EDGE_ROW_9_Right_9,VPWR,li1,93.6100,35.3600,1.799995
PHY_EDGE_ROW_8_Right_8,VPWR,li1,93.6100,35.3600,1.799995
PHY_EDGE_ROW_7_Right_7,VPWR,li1,93.6100,29.9200,1.799999
PHY_EDGE_ROW_6_Right_6,VPWR,li1,93.6100,29.9200,1.799999
PHY_EDGE_ROW_5_Right_5,VPWR,li1,93.6100,24.4800,1.800000
PHY_EDGE_ROW_4_Right_4,VPWR,li1,93.6100,24.4800,1.800000
PHY_EDGE_ROW_3_Right_3,VPWR,li1,93.6100,19.0400,1.799994
PHY_EDGE_ROW_2_Right_2,VPWR,li1,93.6100,19.0400,1.799994
PHY_EDGE_ROW_1_Right_1,VPWR,li1,93.6100,13.6000,1.799999
PHY_EDGE_ROW_0_Right_0,VPWR,li1,93.6100,13.6000,1.799999
_164_,VPWR,li1,62.3300,40.8000,1.800000
_155_,VPWR,li1,64.6300,40.8000,1.800000
_154_,VPWR,li1,13.1100,62.5600,1.800000
_153_,VPWR,li1,76.5900,19.0400,1.799997
_152_,VPWR,li1,77.5100,29.9200,1.799998
_151_,VPWR,li1,78.8900,73.4400,1.799993
_150_,VPWR,li1,53.3600,73.4400,1.799993
_149_,VPWR,li1,22.5400,24.4800,1.800000
_148_,VPWR,li1,12.4200,51.6800,1.799986
_147_,VPWR,li1,53.3600,13.6000,1.799995
_146_,VPWR,li1,86.9400,19.0400,1.799994
_145_,VPWR,li1,62.5600,57.1200,1.799996
_144_,VPWR,li1,57.5000,35.3600,1.799990
_143_,VPWR,li1,38.1800,29.9200,1.799998
_142_,VPWR,li1,35.4200,78.8800,1.799993
_141_,VPWR,li1,77.7400,35.3600,1.799991
_140_,VPWR,li1,32.6600,35.3600,1.799991
_139_,VPWR,li1,30.3600,78.8800,1.799991
_138_,VPWR,li1,55.6600,29.9200,1.799995
_137_,VPWR,li1,76.8200,46.2400,1.799970
_136_,VPWR,li1,63.9400,68.0000,1.799990
_135_,VPWR,li1,12.8800,46.2400,1.799992
_134_,VPWR,li1,63.0200,68.0000,1.799990
_133_,VPWR,li1,43.7000,62.5600,1.800000
_132_,VPWR,li1,40.2500,35.3600,1.799989
_131_,VPWR,li1,58.6500,68.0000,1.799994
_130_,VPWR,li1,14.9500,73.4400,1.799999
_129_,VPWR,li1,81.6500,19.0400,1.799996
_128_,VPWR,li1,54.9700,46.2400,1.799975
_127_,VPWR,li1,86.2500,19.0400,1.799994
_126_,VPWR,li1,68.7700,13.6000,1.799998
_125_,VPWR,li1,51.7500,19.0400,1.799999
_124_,VPWR,li1,71.0700,68.0000,1.799992
_123_,VPWR,li1,87.6300,40.8000,1.800000
_122_,VPWR,li1,76.3600,24.4800,1.800000
_121_,VPWR,li1,11.5000,35.3600,1.799997
_120_,VPWR,li1,22.3100,19.0400,1.800000
_119_,VPWR,li1,75.9000,13.6000,1.799998
_118_,VPWR,li1,33.5800,29.9200,1.799999
_117_,VPWR,li1,26.9100,13.6000,1.799999
_116_,VPWR,li1,67.3900,35.3600,1.799992
_115_,VPWR,li1,73.3700,29.9200,1.799998
_114_,VPWR,li1,28.0600,24.4800,1.800000
_113_,VPWR,li1,32.8900,73.4400,1.799998
_112_,VPWR,li1,75.6700,29.9200,1.799998
_111_,VPWR,li1,37.9500,46.2400,1.799989
_110_,VPWR,li1,30.5900,73.4400,1.799998
_109_,VPWR,li1,35.8800,78.8800,1.799993
_108_,VPWR,li1,59.5700,24.4800,1.800000
_107_,VPWR,li1,55.4300,40.8000,1.800000
_106_,VPWR,li1,57.7300,68.0000,1.799994
_105_,VPWR,li1,25.5300,46.2400,1.799991
_104_,VPWR,li1,89.0100,24.4800,1.800000
_103_,VPWR,li1,65.0900,51.6800,1.799991
_102_,VPWR,li1,80.0400,40.8000,1.800000
_101_,VPWR,li1,39.3300,57.1200,1.799999
_100_,VPWR,li1,21.6200,46.2400,1.799991
_099_,VPWR,li1,12.8800,24.4800,1.800000
_098_,VPWR,li1,62.7900,13.6000,1.799997
_097_,VPWR,li1,16.7900,68.0000,1.799999
_096_,VPWR,li1,11.7300,57.1200,1.800000
_095_,VPWR,li1,29.6700,46.2400,1.799991
_094_,VPWR,li1,17.4800,68.0000,1.799999
_093_,VPWR,li1,38.4100,62.5600,1.800000
_092_,VPWR,li1,63.2500,62.5600,1.800000
_091_,VPWR,li1,89.0100,24.4800,1.800000
_090_,VPWR,li1,60.2600,84.3200,1.800000
_089_,VPWR,li1,55.4300,68.0000,1.799994
_088_,VPWR,li1,58.8800,46.2400,1.799973
_087_,VPWR,li1,85.7900,29.9200,1.799999
_086_,VPWR,li1,88.0900,46.2400,1.799984
_085_,VPWR,li1,32.8900,51.6800,1.799975
_084_,VPWR,li1,35.6500,73.4400,1.799998
_083_,VPWR,li1,20.0100,13.6000,1.799999
_082_,VPWR,li1,56.3500,46.2400,1.799975
_081_,VPWR,li1,54.0500,35.3600,1.799990
_080_,VPWR,li1,40.4800,24.4800,1.800000
_079_,VPWR,li1,77.5100,57.1200,1.799998
_078_,VPWR,li1,63.2500,84.3200,1.800000
_077_,VPWR,li1,52.6700,68.0000,1.799995
_076_,VPWR,li1,48.5300,62.5600,1.800000
_075_,VPWR,li1,77.7400,62.5600,1.800000
_074_,VPWR,li1,82.1100,62.5600,1.800000
_073_,VPWR,li1,47.6100,13.6000,1.799996
_072_,VPWR,li1,79.3500,19.0400,1.799996
_071_,VPWR,li1,72.9100,35.3600,1.799991
_070_,VPWR,li1,45.7700,19.0400,1.799999
_069_,VPWR,li1,47.3800,19.0400,1.799999
_068_,VPWR,li1,71.7600,24.4800,1.800000
_067_,VPWR,li1,29.6700,84.3200,1.800000
_066_,VPWR,li1,71.7600,40.8000,1.800000
_065_,VPWR,li1,56.5800,51.6800,1.799984
_064_,VPWR,li1,83.4900,84.3200,1.800000
_063_,VPWR,li1,88.5500,84.3200,1.800000
