
===========================================================================
report_checks -unconstrained
===========================================================================
======================= Fastest Corner ===================================

Startpoint: _133_ (rising edge-triggered flip-flop clocked by clk)
Endpoint: _149_ (rising edge-triggered flip-flop clocked by clk)
Path Group: clk
Path Type: max
Corner: Fastest

Fanout     Cap    Slew   Delay    Time   Description
-----------------------------------------------------------------------------
                          0.00    0.00   clock clk (rise edge)
                          0.00    0.00   clock source latency
     1    0.02    0.00    0.00    0.00 ^ clk (in)
                                         clk (net)
                  0.00    0.00    0.00 ^ clkbuf_0_clk/A (sky130_fd_sc_hd__clkbuf_16)
     2    0.02    0.03    0.08    0.08 ^ clkbuf_0_clk/X (sky130_fd_sc_hd__clkbuf_16)
                                         clknet_0_clk (net)
                  0.03    0.00    0.08 ^ clkbuf_1_0__f_clk/A (sky130_fd_sc_hd__clkbuf_16)
    10    0.04    0.04    0.10    0.17 ^ clkbuf_1_0__f_clk/X (sky130_fd_sc_hd__clkbuf_16)
                                         clknet_1_0__leaf_clk (net)
                  0.04    0.00    0.17 ^ _133_/CLK (sky130_fd_sc_hd__dfxtp_1)
     5    0.03    0.20    0.31    0.48 ^ _133_/Q (sky130_fd_sc_hd__dfxtp_1)
                                         div_cntr[1] (net)
                  0.20    0.00    0.48 ^ _087_/B (sky130_fd_sc_hd__and4_1)
     1    0.01    0.07    0.15    0.63 ^ _087_/X (sky130_fd_sc_hd__and4_1)
                                         _053_ (net)
                  0.07    0.00    0.63 ^ _088_/A (sky130_fd_sc_hd__buf_2)
     7    0.04    0.15    0.17    0.80 ^ _088_/X (sky130_fd_sc_hd__buf_2)
                                         _054_ (net)
                  0.15    0.00    0.80 ^ _118_/A (sky130_fd_sc_hd__and4_2)
     5    0.03    0.13    0.22    1.02 ^ _118_/X (sky130_fd_sc_hd__and4_2)
                                         _037_ (net)
                  0.13    0.00    1.02 ^ _121_/C (sky130_fd_sc_hd__nand3_2)
     2    0.02    0.10    0.09    1.11 v _121_/Y (sky130_fd_sc_hd__nand3_2)
                                         _038_ (net)
                  0.10    0.00    1.11 v _123_/A (sky130_fd_sc_hd__and2_1)
     1    0.01    0.04    0.13    1.23 v _123_/X (sky130_fd_sc_hd__and2_1)
                                         _040_ (net)
                  0.04    0.00    1.23 v _124_/A (sky130_fd_sc_hd__buf_1)
     1    0.02    0.07    0.10    1.34 v _124_/X (sky130_fd_sc_hd__buf_1)
                                         _012_ (net)
                  0.07    0.00    1.34 v _149_/D (sky130_fd_sc_hd__dfxtp_1)
                                  1.34   data arrival time

                         10.00   10.00   clock clk (rise edge)
                          0.00   10.00   clock source latency
     1    0.02    0.00    0.00   10.00 ^ clk (in)
                                         clk (net)
                  0.00    0.00   10.00 ^ clkbuf_0_clk/A (sky130_fd_sc_hd__clkbuf_16)
     2    0.02    0.03    0.08   10.08 ^ clkbuf_0_clk/X (sky130_fd_sc_hd__clkbuf_16)
                                         clknet_0_clk (net)
                  0.03    0.00   10.08 ^ clkbuf_1_0__f_clk/A (sky130_fd_sc_hd__clkbuf_16)
    10    0.04    0.04    0.10   10.17 ^ clkbuf_1_0__f_clk/X (sky130_fd_sc_hd__clkbuf_16)
                                         clknet_1_0__leaf_clk (net)
                  0.04    0.00   10.17 ^ _149_/CLK (sky130_fd_sc_hd__dfxtp_1)
                         -0.20    9.97   clock uncertainty
                          0.00    9.97   clock reconvergence pessimism
                         -0.08    9.89   library setup time
                                  9.89   data required time
-----------------------------------------------------------------------------
                                  9.89   data required time
                                 -1.34   data arrival time
-----------------------------------------------------------------------------
                                  8.55   slack (MET)



======================= Slowest Corner ===================================

Startpoint: _133_ (rising edge-triggered flip-flop clocked by clk)
Endpoint: _149_ (rising edge-triggered flip-flop clocked by clk)
Path Group: clk
Path Type: max
Corner: Slowest

Fanout     Cap    Slew   Delay    Time   Description
-----------------------------------------------------------------------------
                          0.00    0.00   clock clk (rise edge)
                          0.00    0.00   clock source latency
     1    0.02    0.00    0.00    0.00 ^ clk (in)
                                         clk (net)
                  0.00    0.00    0.00 ^ clkbuf_0_clk/A (sky130_fd_sc_hd__clkbuf_16)
     2    0.02    0.07    0.19    0.19 ^ clkbuf_0_clk/X (sky130_fd_sc_hd__clkbuf_16)
                                         clknet_0_clk (net)
                  0.07    0.00    0.19 ^ clkbuf_1_0__f_clk/A (sky130_fd_sc_hd__clkbuf_16)
    10    0.04    0.09    0.24    0.43 ^ clkbuf_1_0__f_clk/X (sky130_fd_sc_hd__clkbuf_16)
                                         clknet_1_0__leaf_clk (net)
                  0.09    0.00    0.43 ^ _133_/CLK (sky130_fd_sc_hd__dfxtp_1)
     5    0.03    0.41    0.89    1.32 ^ _133_/Q (sky130_fd_sc_hd__dfxtp_1)
                                         div_cntr[1] (net)
                  0.41    0.00    1.32 ^ _087_/B (sky130_fd_sc_hd__and4_1)
     1    0.01    0.16    0.54    1.86 ^ _087_/X (sky130_fd_sc_hd__and4_1)
                                         _053_ (net)
                  0.16    0.00    1.86 ^ _088_/A (sky130_fd_sc_hd__buf_2)
     7    0.04    0.32    0.42    2.28 ^ _088_/X (sky130_fd_sc_hd__buf_2)
                                         _054_ (net)
                  0.32    0.00    2.28 ^ _118_/A (sky130_fd_sc_hd__and4_2)
     5    0.03    0.30    0.72    3.01 ^ _118_/X (sky130_fd_sc_hd__and4_2)
                                         _037_ (net)
                  0.30    0.00    3.01 ^ _121_/C (sky130_fd_sc_hd__nand3_2)
     2    0.02    0.30    0.37    3.38 v _121_/Y (sky130_fd_sc_hd__nand3_2)
                                         _038_ (net)
                  0.30    0.00    3.38 v _123_/A (sky130_fd_sc_hd__and2_1)
     1    0.01    0.10    0.43    3.81 v _123_/X (sky130_fd_sc_hd__and2_1)
                                         _040_ (net)
                  0.10    0.00    3.81 v _124_/A (sky130_fd_sc_hd__buf_1)
     1    0.02    0.20    0.29    4.10 v _124_/X (sky130_fd_sc_hd__buf_1)
                                         _012_ (net)
                  0.20    0.00    4.10 v _149_/D (sky130_fd_sc_hd__dfxtp_1)
                                  4.10   data arrival time

                         10.00   10.00   clock clk (rise edge)
                          0.00   10.00   clock source latency
     1    0.02    0.00    0.00   10.00 ^ clk (in)
                                         clk (net)
                  0.00    0.00   10.00 ^ clkbuf_0_clk/A (sky130_fd_sc_hd__clkbuf_16)
     2    0.02    0.07    0.19   10.19 ^ clkbuf_0_clk/X (sky130_fd_sc_hd__clkbuf_16)
                                         clknet_0_clk (net)
                  0.07    0.00   10.19 ^ clkbuf_1_0__f_clk/A (sky130_fd_sc_hd__clkbuf_16)
    10    0.04    0.09    0.24   10.43 ^ clkbuf_1_0__f_clk/X (sky130_fd_sc_hd__clkbuf_16)
                                         clknet_1_0__leaf_clk (net)
                  0.09    0.00   10.43 ^ _149_/CLK (sky130_fd_sc_hd__dfxtp_1)
                         -0.20   10.23   clock uncertainty
                          0.00   10.23   clock reconvergence pessimism
                         -0.32    9.92   library setup time
                                  9.92   data required time
-----------------------------------------------------------------------------
                                  9.92   data required time
                                 -4.10   data arrival time
-----------------------------------------------------------------------------
                                  5.82   slack (MET)



======================= Typical Corner ===================================

Startpoint: _133_ (rising edge-triggered flip-flop clocked by clk)
Endpoint: _149_ (rising edge-triggered flip-flop clocked by clk)
Path Group: clk
Path Type: max
Corner: Typical

Fanout     Cap    Slew   Delay    Time   Description
-----------------------------------------------------------------------------
                          0.00    0.00   clock clk (rise edge)
                          0.00    0.00   clock source latency
     1    0.02    0.00    0.00    0.00 ^ clk (in)
                                         clk (net)
                  0.00    0.00    0.00 ^ clkbuf_0_clk/A (sky130_fd_sc_hd__clkbuf_16)
     2    0.02    0.04    0.11    0.11 ^ clkbuf_0_clk/X (sky130_fd_sc_hd__clkbuf_16)
                                         clknet_0_clk (net)
                  0.04    0.00    0.11 ^ clkbuf_1_0__f_clk/A (sky130_fd_sc_hd__clkbuf_16)
    10    0.04    0.06    0.14    0.25 ^ clkbuf_1_0__f_clk/X (sky130_fd_sc_hd__clkbuf_16)
                                         clknet_1_0__leaf_clk (net)
                  0.06    0.00    0.25 ^ _133_/CLK (sky130_fd_sc_hd__dfxtp_1)
     5    0.03    0.26    0.46    0.71 ^ _133_/Q (sky130_fd_sc_hd__dfxtp_1)
                                         div_cntr[1] (net)
                  0.26    0.00    0.71 ^ _087_/B (sky130_fd_sc_hd__and4_1)
     1    0.01    0.09    0.26    0.97 ^ _087_/X (sky130_fd_sc_hd__and4_1)
                                         _053_ (net)
                  0.09    0.00    0.97 ^ _088_/A (sky130_fd_sc_hd__buf_2)
     7    0.04    0.20    0.24    1.21 ^ _088_/X (sky130_fd_sc_hd__buf_2)
                                         _054_ (net)
                  0.20    0.00    1.21 ^ _118_/A (sky130_fd_sc_hd__and4_2)
     5    0.03    0.18    0.36    1.57 ^ _118_/X (sky130_fd_sc_hd__and4_2)
                                         _037_ (net)
                  0.18    0.00    1.57 ^ _121_/C (sky130_fd_sc_hd__nand3_2)
     2    0.02    0.15    0.16    1.73 v _121_/Y (sky130_fd_sc_hd__nand3_2)
                                         _038_ (net)
                  0.15    0.00    1.74 v _123_/A (sky130_fd_sc_hd__and2_1)
     1    0.01    0.05    0.20    1.94 v _123_/X (sky130_fd_sc_hd__and2_1)
                                         _040_ (net)
                  0.05    0.00    1.94 v _124_/A (sky130_fd_sc_hd__buf_1)
     1    0.02    0.10    0.15    2.09 v _124_/X (sky130_fd_sc_hd__buf_1)
                                         _012_ (net)
                  0.10    0.00    2.09 v _149_/D (sky130_fd_sc_hd__dfxtp_1)
                                  2.09   data arrival time

                         10.00   10.00   clock clk (rise edge)
                          0.00   10.00   clock source latency
     1    0.02    0.00    0.00   10.00 ^ clk (in)
                                         clk (net)
                  0.00    0.00   10.00 ^ clkbuf_0_clk/A (sky130_fd_sc_hd__clkbuf_16)
     2    0.02    0.04    0.11   10.11 ^ clkbuf_0_clk/X (sky130_fd_sc_hd__clkbuf_16)
                                         clknet_0_clk (net)
                  0.04    0.00   10.11 ^ clkbuf_1_0__f_clk/A (sky130_fd_sc_hd__clkbuf_16)
    10    0.04    0.06    0.14   10.25 ^ clkbuf_1_0__f_clk/X (sky130_fd_sc_hd__clkbuf_16)
                                         clknet_1_0__leaf_clk (net)
                  0.06    0.00   10.25 ^ _149_/CLK (sky130_fd_sc_hd__dfxtp_1)
                         -0.20   10.05   clock uncertainty
                          0.00   10.05   clock reconvergence pessimism
                         -0.13    9.92   library setup time
                                  9.92   data required time
-----------------------------------------------------------------------------
                                  9.92   data required time
                                 -2.09   data arrival time
-----------------------------------------------------------------------------
                                  7.83   slack (MET)




===========================================================================
report_checks --slack_max -0.01
============================================================================
======================= Fastest Corner ===================================

No paths found.

======================= Slowest Corner ===================================

No paths found.

======================= Typical Corner ===================================

No paths found.


===========================================================================
 report_check_types -max_slew -max_cap -max_fanout -violators
============================================================================
======================= Fastest Corner ===================================


max slew violations count Fastest: 0
max fanout violations count Fastest: 0
max cap violations count Fastest: 0
======================= Slowest Corner ===================================


max slew violations count Slowest: 0
max fanout violations count Slowest: 0
max cap violations count Slowest: 0
======================= Typical Corner ===================================


max slew violations count Typical: 0
max fanout violations count Typical: 0
max cap violations count Typical: 0

===========================================================================
report_parasitic_annotation -report_unannotated
============================================================================
Found 9 unannotated drivers.
 TopZeroToFive_10/LO
 TopZeroToFive_11/LO
 TopZeroToFive_12/LO
 TopZeroToFive_13/LO
 TopZeroToFive_14/LO
 TopZeroToFive_15/LO
 TopZeroToFive_16/LO
 TopZeroToFive_9/HI
 clkload0/Y
Found 0 partially unannotated drivers.

===========================================================================
max slew violation count 0
max fanout violation count 0
max cap violation count 0
============================================================================

===========================================================================
check_setup -verbose -unconstrained_endpoints -multiple_clock -no_clock -no_input_delay -loops -generated_clocks
===========================================================================
Warning: There is 1 input port missing set_input_delay.
  btnC
Warning: There are 4 unclocked register/latch pins.
  _152_/CLK
  _153_/CLK
  _154_/CLK
  _155_/CLK
Warning: There are 19 unconstrained endpoints.
  an[0]
  an[1]
  an[2]
  an[3]
  an[4]
  an[5]
  an[6]
  an[7]
  seg[0]
  seg[1]
  seg[2]
  seg[3]
  seg[4]
  seg[5]
  seg[6]
  _152_/D
  _153_/D
  _154_/D
  _155_/D
