
===========================================================================
 report_power
============================================================================
======================= Fastest Corner ===================================

Group                  Internal  Switching    Leakage      Total
                          Power      Power      Power      Power (Watts)
----------------------------------------------------------------
Sequential             9.26e-05   0.00e+00   2.14e-08   9.26e-05  48.2%
Combinational          3.57e-15   1.24e-14   4.04e-10   4.04e-10   0.0%
Clock                  6.10e-05   3.85e-05   8.95e-10   9.95e-05  51.8%
Macro                  0.00e+00   0.00e+00   0.00e+00   0.00e+00   0.0%
Pad                    0.00e+00   0.00e+00   0.00e+00   0.00e+00   0.0%
----------------------------------------------------------------
Total                  1.54e-04   3.85e-05   2.27e-08   1.92e-04 100.0%
                          80.0%      20.0%       0.0%

======================= Slowest Corner ===================================

Group                  Internal  Switching    Leakage      Total
                          Power      Power      Power      Power (Watts)
----------------------------------------------------------------
Sequential             6.16e-05   0.00e+00   3.58e-07   6.20e-05  47.4%
Combinational          2.43e-15   8.20e-15   3.56e-07   3.56e-07   0.3%
Clock                  4.37e-05   2.47e-05   6.20e-08   6.85e-05  52.4%
Macro                  0.00e+00   0.00e+00   0.00e+00   0.00e+00   0.0%
Pad                    0.00e+00   0.00e+00   0.00e+00   0.00e+00   0.0%
----------------------------------------------------------------
Total                  1.05e-04   2.47e-05   7.77e-07   1.31e-04 100.0%
                          80.5%      18.9%       0.6%

======================= Typical Corner ===================================

Group                  Internal  Switching    Leakage      Total
                          Power      Power      Power      Power (Watts)
----------------------------------------------------------------
Sequential             7.96e-05   0.00e+00   2.12e-08   7.96e-05  48.2%
Combinational          2.99e-15   1.06e-14   3.18e-10   3.18e-10   0.0%
Clock                  5.34e-05   3.23e-05   7.40e-10   8.57e-05  51.8%
Macro                  0.00e+00   0.00e+00   0.00e+00   0.00e+00   0.0%
Pad                    0.00e+00   0.00e+00   0.00e+00   0.00e+00   0.0%
----------------------------------------------------------------
Total                  1.33e-04   3.23e-05   2.22e-08   1.65e-04 100.0%
                          80.4%      19.6%       0.0%

