Tue Jun 17 12:42:35 +0000 2025 - Executing "{openroad -exit -no_init -python /openlane/scripts/odbpy/lefutil.py get_metal_layers -o /openlane/designs/lab4/runs/RUN_2025.06.17_12.42.35/tmp/layers.list /home/pikachu/.volare/sky130A/libs.ref/sky130_fd_sc_hd/techlef/sky130_fd_sc_hd__nom.tlef}"

Tue Jun 17 12:42:36 +0000 2025 - Executing "{/openlane/scripts/mergeLef.py -o /openlane/designs/lab4/runs/RUN_2025.06.17_12.42.35/tmp/merged.nom.lef -i /home/pikachu/.volare/sky130A/libs.ref/sky130_fd_sc_hd/techlef/sky130_fd_sc_hd__nom.tlef {/home/pikachu/.volare/sky130A/libs.ref/sky130_fd_sc_hd/lef/sky130_fd_sc_hd.lef /home/pikachu/.volare/sky130A/libs.ref/sky130_fd_sc_hd/lef/sky130_ef_sc_hd.lef} |& tee /dev/null}"

Tue Jun 17 12:42:36 +0000 2025 - Executing "{/openlane/scripts/mergeLef.py -o /openlane/designs/lab4/runs/RUN_2025.06.17_12.42.35/tmp/merged.min.lef -i /home/pikachu/.volare/sky130A/libs.ref/sky130_fd_sc_hd/techlef/sky130_fd_sc_hd__min.tlef {/home/pikachu/.volare/sky130A/libs.ref/sky130_fd_sc_hd/lef/sky130_fd_sc_hd.lef /home/pikachu/.volare/sky130A/libs.ref/sky130_fd_sc_hd/lef/sky130_ef_sc_hd.lef} |& tee /dev/null}"

Tue Jun 17 12:42:36 +0000 2025 - Executing "{/openlane/scripts/mergeLef.py -o /openlane/designs/lab4/runs/RUN_2025.06.17_12.42.35/tmp/merged.max.lef -i /home/pikachu/.volare/sky130A/libs.ref/sky130_fd_sc_hd/techlef/sky130_fd_sc_hd__max.tlef {/home/pikachu/.volare/sky130A/libs.ref/sky130_fd_sc_hd/lef/sky130_fd_sc_hd.lef /home/pikachu/.volare/sky130A/libs.ref/sky130_fd_sc_hd/lef/sky130_ef_sc_hd.lef} |& tee /dev/null}"

Tue Jun 17 12:42:36 +0000 2025 - Executing "{python3 /openlane/scripts/mergeLib.py --output /openlane/designs/lab4/runs/RUN_2025.06.17_12.42.35/tmp/synthesis/merged.lib --name sky130A_merged /home/pikachu/.volare/sky130A/libs.ref/sky130_fd_sc_hd/lib/sky130_fd_sc_hd__tt_025C_1v80.lib}"

Tue Jun 17 12:42:36 +0000 2025 - Executing "{python3 /openlane/scripts/libtrim.py --cell-file /openlane/designs/lab4/runs/RUN_2025.06.17_12.42.35/tmp/synthesis/trimmed.lib.exclude.list --output /openlane/designs/lab4/runs/RUN_2025.06.17_12.42.35/tmp/synthesis/trimmed.lib /openlane/designs/lab4/runs/RUN_2025.06.17_12.42.35/tmp/synthesis/merged.lib}"

Tue Jun 17 12:42:36 +0000 2025 - Executing "{python3 /openlane/scripts/libtrim.py --cell-file /openlane/designs/lab4/runs/RUN_2025.06.17_12.42.35/tmp/cts/cts.lib.exclude.list --output /openlane/designs/lab4/runs/RUN_2025.06.17_12.42.35/tmp/cts/cts.lib /home/pikachu/.volare/sky130A/libs.ref/sky130_fd_sc_hd/lib/sky130_fd_sc_hd__tt_025C_1v80.lib}"

Tue Jun 17 12:42:36 +0000 2025 - Executing "{python3 /openlane/scripts/libtrim.py --cell-file /openlane/designs/lab4/runs/RUN_2025.06.17_12.42.35/tmp/cts/cts-fastest.lib.exclude.list --output /openlane/designs/lab4/runs/RUN_2025.06.17_12.42.35/tmp/cts/cts-fastest.lib /home/pikachu/.volare/sky130A/libs.ref/sky130_fd_sc_hd/lib/sky130_fd_sc_hd__ff_n40C_1v95.lib}"

Tue Jun 17 12:42:37 +0000 2025 - Executing "{python3 /openlane/scripts/libtrim.py --cell-file /openlane/designs/lab4/runs/RUN_2025.06.17_12.42.35/tmp/cts/cts-slowest.lib.exclude.list --output /openlane/designs/lab4/runs/RUN_2025.06.17_12.42.35/tmp/cts/cts-slowest.lib /home/pikachu/.volare/sky130A/libs.ref/sky130_fd_sc_hd/lib/sky130_fd_sc_hd__ss_100C_1v60.lib}"

Tue Jun 17 12:42:37 +0000 2025 - Executing "{python3 /openlane/scripts/new_tracks.py -i /home/pikachu/.volare/sky130A/libs.tech/openlane/sky130_fd_sc_hd/tracks.info -o /openlane/designs/lab4/runs/RUN_2025.06.17_12.42.35/tmp/routing/config.tracks}"

Tue Jun 17 12:42:37 +0000 2025 - Executing "{echo {OpenLane e73fb3c57e687a0023fcd4dcfd1566ecd478362a} > /openlane/designs/lab4/runs/RUN_2025.06.17_12.42.35/OPENLANE_COMMIT}"

Tue Jun 17 12:42:37 +0000 2025 - Executing "{yosys -c /openlane/scripts/yosys/blackbox.tcl}"

Tue Jun 17 12:42:37 +0000 2025 - Executing "{verilator -Wall --lint-only --Wno-DECLFILENAME --top-module topmodule /openlane/designs/lab4/runs/RUN_2025.06.17_12.42.35/tmp/synthesis/blackbox/sky130_fd_sc_hd__blackbox.v /openlane/designs/lab4/src/topmodule.v -Wno-fatal --relative-includes |& tee /openlane/designs/lab4/runs/RUN_2025.06.17_12.42.35/logs/synthesis/linter.log /dev/null}"

Tue Jun 17 12:42:37 +0000 2025 - Executing "{sed -E {s/^([[:space:]]+)pg_pin(.*)/\1pin\2\n\1    direction : "inout";/g} /home/pikachu/.volare/sky130A/libs.ref/sky130_fd_sc_hd/lib/sky130_fd_sc_hd__tt_025C_1v80.lib > /openlane/designs/lab4/runs/RUN_2025.06.17_12.42.35/tmp/synthesis/1-sky130_fd_sc_hd__tt_025C_1v80.no_pg.lib}"

Tue Jun 17 12:42:37 +0000 2025 - Executing "{sed -E {s/^([[:space:]]+)pg_pin(.*)/\1pin\2\n\1    direction : "inout";/g} /openlane/designs/lab4/runs/RUN_2025.06.17_12.42.35/tmp/synthesis/trimmed.lib > /openlane/designs/lab4/runs/RUN_2025.06.17_12.42.35/tmp/synthesis/1-trimmed.no_pg.lib}"

Tue Jun 17 12:42:37 +0000 2025 - Executing "yosys -c /openlane/scripts/yosys/synth.tcl |& tee /dev/null /openlane/designs/lab4/runs/RUN_2025.06.17_12.42.35/logs/synthesis/1-synthesis.log"

Tue Jun 17 12:42:37 +0000 2025 - Executing "{yosys -c /openlane/scripts/yosys/synth.tcl |& tee /dev/null /openlane/designs/lab4/runs/RUN_2025.06.17_12.42.35/logs/synthesis/1-synthesis.log}"

Tue Jun 17 12:42:38 +0000 2025 - Executing "{sed -i.bak -e {s/\(set ::env(CURRENT_NETLIST)\).*/\1 \/openlane\/designs\/lab4\/runs\/RUN_2025.06.17_12.42.35\/results\/synthesis\/topmodule.v/} /openlane/designs/lab4/runs/RUN_2025.06.17_12.42.35/config.tcl}"

Tue Jun 17 12:42:38 +0000 2025 - Executing "{sed -i.bak /defparam/d /openlane/designs/lab4/runs/RUN_2025.06.17_12.42.35/results/synthesis/topmodule.v}"

Tue Jun 17 12:42:38 +0000 2025 - Executing "sta -exit -no_init /openlane/scripts/openroad/sta/multi_corner.tcl |& tee /dev/null /openlane/designs/lab4/runs/RUN_2025.06.17_12.42.35/logs/synthesis/2-sta.log"

Tue Jun 17 12:42:38 +0000 2025 - Executing "{sta -exit -no_init /openlane/scripts/openroad/sta/multi_corner.tcl |& tee /dev/null /openlane/designs/lab4/runs/RUN_2025.06.17_12.42.35/logs/synthesis/2-sta.log}"

Tue Jun 17 12:42:39 +0000 2025 - Executing "openroad -exit /openlane/scripts/openroad/floorplan.tcl |& tee /dev/null /openlane/designs/lab4/runs/RUN_2025.06.17_12.42.35/logs/floorplan/3-initial_fp.log"

Tue Jun 17 12:42:39 +0000 2025 - Executing "{openroad -exit /openlane/scripts/openroad/floorplan.tcl |& tee /dev/null /openlane/designs/lab4/runs/RUN_2025.06.17_12.42.35/logs/floorplan/3-initial_fp.log}"

Tue Jun 17 12:42:39 +0000 2025 - Executing "{openroad -exit -no_init -python /openlane/scripts/odbpy/defutil.py extract_core_dims --output-data /openlane/designs/lab4/runs/RUN_2025.06.17_12.42.35/tmp/dimensions.txt --input-lef /openlane/designs/lab4/runs/RUN_2025.06.17_12.42.35/tmp/merged.nom.lef /openlane/designs/lab4/runs/RUN_2025.06.17_12.42.35/tmp/floorplan/3-initial_fp.def}"

Tue Jun 17 12:42:39 +0000 2025 - Executing "{openroad -exit -no_init -python /openlane/scripts/odbpy/io_place.py --config /openlane/designs/lab4/pin_order.cfg --hor-layer met3 --ver-layer met2 --ver-width-mult 2 --hor-width-mult 2 --hor-extension 0 --ver-extension 0 --length 4 --unmatched-error --input-lef /openlane/designs/lab4/runs/RUN_2025.06.17_12.42.35/tmp/merged.nom.lef --output-def /openlane/designs/lab4/runs/RUN_2025.06.17_12.42.35/tmp/floorplan/4-io.def --output /openlane/designs/lab4/runs/RUN_2025.06.17_12.42.35/tmp/floorplan/4-io.odb /openlane/designs/lab4/runs/RUN_2025.06.17_12.42.35/tmp/floorplan/3-initial_fp.odb |& tee /dev/null /openlane/designs/lab4/runs/RUN_2025.06.17_12.42.35/logs/floorplan/4-place_io.log}"

Tue Jun 17 12:42:40 +0000 2025 - Executing "openroad -exit /openlane/scripts/openroad/tapcell.tcl |& tee /dev/null /openlane/designs/lab4/runs/RUN_2025.06.17_12.42.35/logs/floorplan/5-tap.log"

Tue Jun 17 12:42:40 +0000 2025 - Executing "{openroad -exit /openlane/scripts/openroad/tapcell.tcl |& tee /dev/null /openlane/designs/lab4/runs/RUN_2025.06.17_12.42.35/logs/floorplan/5-tap.log}"

Tue Jun 17 12:42:40 +0000 2025 - Executing "openroad -exit /openlane/scripts/openroad/pdn.tcl |& tee /dev/null /openlane/designs/lab4/runs/RUN_2025.06.17_12.42.35/logs/floorplan/6-pdn.log"

Tue Jun 17 12:42:40 +0000 2025 - Executing "{openroad -exit /openlane/scripts/openroad/pdn.tcl |& tee /dev/null /openlane/designs/lab4/runs/RUN_2025.06.17_12.42.35/logs/floorplan/6-pdn.log}"

Tue Jun 17 12:42:41 +0000 2025 - Executing "{openroad -exit -no_init -python /openlane/scripts/odbpy/random_place.py --input-lef /openlane/designs/lab4/runs/RUN_2025.06.17_12.42.35/tmp/merged.nom.lef --output-def /openlane/designs/lab4/runs/RUN_2025.06.17_12.42.35/tmp/placement/7-global.def --output /openlane/designs/lab4/runs/RUN_2025.06.17_12.42.35/tmp/placement/7-global.odb /openlane/designs/lab4/runs/RUN_2025.06.17_12.42.35/results/floorplan/topmodule.odb |& tee /dev/null /openlane/designs/lab4/runs/RUN_2025.06.17_12.42.35/logs/placement/7-global.log}"

Tue Jun 17 12:42:41 +0000 2025 - Executing "openroad -exit /openlane/scripts/openroad/resizer.tcl |& tee /dev/null /openlane/designs/lab4/runs/RUN_2025.06.17_12.42.35/logs/placement/8-resizer.log"

Tue Jun 17 12:42:41 +0000 2025 - Executing "{openroad -exit /openlane/scripts/openroad/resizer.tcl |& tee /dev/null /openlane/designs/lab4/runs/RUN_2025.06.17_12.42.35/logs/placement/8-resizer.log}"

Tue Jun 17 12:42:43 +0000 2025 - Executing "{sed -i.bak -e {s/\(set ::env(CURRENT_NETLIST)\).*/\1 \/openlane\/designs\/lab4\/runs\/RUN_2025.06.17_12.42.35\/tmp\/placement\/8-resizer.nl.v/} /openlane/designs/lab4/runs/RUN_2025.06.17_12.42.35/config.tcl}"

Tue Jun 17 12:42:43 +0000 2025 - Executing "openroad -exit /openlane/scripts/openroad/dpl.tcl |& tee /dev/null /openlane/designs/lab4/runs/RUN_2025.06.17_12.42.35/logs/placement/9-detailed.log"

Tue Jun 17 12:42:43 +0000 2025 - Executing "{openroad -exit /openlane/scripts/openroad/dpl.tcl |& tee /dev/null /openlane/designs/lab4/runs/RUN_2025.06.17_12.42.35/logs/placement/9-detailed.log}"

Tue Jun 17 12:42:43 +0000 2025 - Executing "{sed -i.bak -e {s/\(set ::env(CURRENT_NETLIST)\).*/\1 \/openlane\/designs\/lab4\/runs\/RUN_2025.06.17_12.42.35\/results\/placement\/topmodule.nl.v/} /openlane/designs/lab4/runs/RUN_2025.06.17_12.42.35/config.tcl}"

Tue Jun 17 12:42:43 +0000 2025 - Executing "openroad -exit /openlane/scripts/openroad/sta/multi_corner.tcl |& tee /dev/null /openlane/designs/lab4/runs/RUN_2025.06.17_12.42.35/logs/placement/10-dpl_sta.log"

Tue Jun 17 12:42:43 +0000 2025 - Executing "{openroad -exit /openlane/scripts/openroad/sta/multi_corner.tcl |& tee /dev/null /openlane/designs/lab4/runs/RUN_2025.06.17_12.42.35/logs/placement/10-dpl_sta.log}"

Tue Jun 17 12:42:44 +0000 2025 - Executing "openroad -exit /openlane/scripts/openroad/cts.tcl |& tee /dev/null /openlane/designs/lab4/runs/RUN_2025.06.17_12.42.35/logs/cts/11-cts.log"

Tue Jun 17 12:42:44 +0000 2025 - Executing "{openroad -exit /openlane/scripts/openroad/cts.tcl |& tee /dev/null /openlane/designs/lab4/runs/RUN_2025.06.17_12.42.35/logs/cts/11-cts.log}"

Tue Jun 17 12:42:48 +0000 2025 - Executing "openroad -exit /openlane/scripts/openroad/sta/multi_corner.tcl |& tee /dev/null /openlane/designs/lab4/runs/RUN_2025.06.17_12.42.35/logs/cts/12-cts_sta.log"

Tue Jun 17 12:42:48 +0000 2025 - Executing "{openroad -exit /openlane/scripts/openroad/sta/multi_corner.tcl |& tee /dev/null /openlane/designs/lab4/runs/RUN_2025.06.17_12.42.35/logs/cts/12-cts_sta.log}"

Tue Jun 17 12:42:48 +0000 2025 - Executing "openroad -exit /openlane/scripts/openroad/resizer_timing.tcl |& tee /dev/null /openlane/designs/lab4/runs/RUN_2025.06.17_12.42.35/logs/cts/13-resizer.log"

Tue Jun 17 12:42:48 +0000 2025 - Executing "{openroad -exit /openlane/scripts/openroad/resizer_timing.tcl |& tee /dev/null /openlane/designs/lab4/runs/RUN_2025.06.17_12.42.35/logs/cts/13-resizer.log}"

Tue Jun 17 12:42:49 +0000 2025 - Executing "{sed -i.bak -e {s/\(set ::env(CURRENT_NETLIST)\).*/\1 \/openlane\/designs\/lab4\/runs\/RUN_2025.06.17_12.42.35\/tmp\/cts\/13-topmodule.resized.nl.v/} /openlane/designs/lab4/runs/RUN_2025.06.17_12.42.35/config.tcl}"

Tue Jun 17 12:42:49 +0000 2025 - Executing "openroad -exit /openlane/scripts/openroad/resizer_routing_design.tcl |& tee /dev/null /openlane/designs/lab4/runs/RUN_2025.06.17_12.42.35/logs/routing/14-resizer_design.log"

Tue Jun 17 12:42:49 +0000 2025 - Executing "{openroad -exit /openlane/scripts/openroad/resizer_routing_design.tcl |& tee /dev/null /openlane/designs/lab4/runs/RUN_2025.06.17_12.42.35/logs/routing/14-resizer_design.log}"

Tue Jun 17 12:42:51 +0000 2025 - Executing "{sed -i.bak -e {s/\(set ::env(CURRENT_NETLIST)\).*/\1 \/openlane\/designs\/lab4\/runs\/RUN_2025.06.17_12.42.35\/tmp\/14-topmodule.nl.v/} /openlane/designs/lab4/runs/RUN_2025.06.17_12.42.35/config.tcl}"

Tue Jun 17 12:42:51 +0000 2025 - Executing "openroad -exit /openlane/scripts/openroad/sta/multi_corner.tcl |& tee /dev/null /openlane/designs/lab4/runs/RUN_2025.06.17_12.42.35/logs/routing/15-rsz_design_sta.log"

Tue Jun 17 12:42:51 +0000 2025 - Executing "{openroad -exit /openlane/scripts/openroad/sta/multi_corner.tcl |& tee /dev/null /openlane/designs/lab4/runs/RUN_2025.06.17_12.42.35/logs/routing/15-rsz_design_sta.log}"

Tue Jun 17 12:42:51 +0000 2025 - Executing "openroad -exit /openlane/scripts/openroad/resizer_routing_timing.tcl |& tee /dev/null /openlane/designs/lab4/runs/RUN_2025.06.17_12.42.35/logs/routing/16-resizer_timing.log"

Tue Jun 17 12:42:51 +0000 2025 - Executing "{openroad -exit /openlane/scripts/openroad/resizer_routing_timing.tcl |& tee /dev/null /openlane/designs/lab4/runs/RUN_2025.06.17_12.42.35/logs/routing/16-resizer_timing.log}"

Tue Jun 17 12:42:53 +0000 2025 - Executing "{sed -i.bak -e {s/\(set ::env(CURRENT_NETLIST)\).*/\1 \/openlane\/designs\/lab4\/runs\/RUN_2025.06.17_12.42.35\/tmp\/16-topmodule.nl.v/} /openlane/designs/lab4/runs/RUN_2025.06.17_12.42.35/config.tcl}"

Tue Jun 17 12:42:53 +0000 2025 - Executing "openroad -exit /openlane/scripts/openroad/sta/multi_corner.tcl |& tee /dev/null /openlane/designs/lab4/runs/RUN_2025.06.17_12.42.35/logs/routing/17-rsz_timing_sta.log"

Tue Jun 17 12:42:53 +0000 2025 - Executing "{openroad -exit /openlane/scripts/openroad/sta/multi_corner.tcl |& tee /dev/null /openlane/designs/lab4/runs/RUN_2025.06.17_12.42.35/logs/routing/17-rsz_timing_sta.log}"

Tue Jun 17 12:42:54 +0000 2025 - Executing "{openroad -exit -no_init -python /openlane/scripts/odbpy/diodes.py place --diode-cell sky130_fd_sc_hd__diode_2 --diode-pin DIODE --threshold Infinity --side-strategy source --port-protect both --input-lef /openlane/designs/lab4/runs/RUN_2025.06.17_12.42.35/tmp/merged.nom.lef --output-def /openlane/designs/lab4/runs/RUN_2025.06.17_12.42.35/tmp/routing/18-io_diodes.def --output /openlane/designs/lab4/runs/RUN_2025.06.17_12.42.35/tmp/routing/18-io_diodes.odb /openlane/designs/lab4/runs/RUN_2025.06.17_12.42.35/tmp/16-topmodule.odb |& tee /dev/null /openlane/designs/lab4/runs/RUN_2025.06.17_12.42.35/logs/routing/18-io_diodes.log}"

Tue Jun 17 12:42:54 +0000 2025 - Executing "openroad -exit /openlane/scripts/openroad/dpl.tcl |& tee /dev/null /openlane/designs/lab4/runs/RUN_2025.06.17_12.42.35/logs/routing/19-io_diode_legalization.log"

Tue Jun 17 12:42:54 +0000 2025 - Executing "{openroad -exit /openlane/scripts/openroad/dpl.tcl |& tee /dev/null /openlane/designs/lab4/runs/RUN_2025.06.17_12.42.35/logs/routing/19-io_diode_legalization.log}"

Tue Jun 17 12:42:54 +0000 2025 - Executing "{sed -i.bak -e {s/\(set ::env(CURRENT_NETLIST)\).*/\1 \/openlane\/designs\/lab4\/runs\/RUN_2025.06.17_12.42.35\/tmp\/routing\/.\/18-io_diode_legalized.nl.v/} /openlane/designs/lab4/runs/RUN_2025.06.17_12.42.35/config.tcl}"

Tue Jun 17 12:42:55 +0000 2025 - Executing "{openroad -exit -no_init -python /openlane/scripts/odbpy/diodes.py place --diode-cell sky130_fd_sc_hd__diode_2 --diode-pin DIODE --threshold 90 --side-strategy source --port-protect none --input-lef /openlane/designs/lab4/runs/RUN_2025.06.17_12.42.35/tmp/merged.nom.lef --output-def /openlane/designs/lab4/runs/RUN_2025.06.17_12.42.35/tmp/routing/20-diodes.def --output /openlane/designs/lab4/runs/RUN_2025.06.17_12.42.35/tmp/routing/20-diodes.odb /openlane/designs/lab4/runs/RUN_2025.06.17_12.42.35/tmp/routing/./18-io_diode_legalized.odb |& tee /dev/null /openlane/designs/lab4/runs/RUN_2025.06.17_12.42.35/logs/routing/20-diodes.log}"

Tue Jun 17 12:42:55 +0000 2025 - Executing "openroad -exit /openlane/scripts/openroad/dpl.tcl |& tee /dev/null /openlane/designs/lab4/runs/RUN_2025.06.17_12.42.35/logs/routing/21-diode_legalization.log"

Tue Jun 17 12:42:55 +0000 2025 - Executing "{openroad -exit /openlane/scripts/openroad/dpl.tcl |& tee /dev/null /openlane/designs/lab4/runs/RUN_2025.06.17_12.42.35/logs/routing/21-diode_legalization.log}"

Tue Jun 17 12:42:55 +0000 2025 - Executing "{sed -i.bak -e {s/\(set ::env(CURRENT_NETLIST)\).*/\1 \/openlane\/designs\/lab4\/runs\/RUN_2025.06.17_12.42.35\/tmp\/routing\/.\/20-diodes_legalized.nl.v/} /openlane/designs/lab4/runs/RUN_2025.06.17_12.42.35/config.tcl}"

Tue Jun 17 12:42:55 +0000 2025 - Executing "openroad -exit /openlane/scripts/openroad/repair_antennas.tcl |& tee /dev/null /openlane/designs/lab4/runs/RUN_2025.06.17_12.42.35/logs/routing/22-global.log"

Tue Jun 17 12:42:55 +0000 2025 - Executing "{openroad -exit /openlane/scripts/openroad/repair_antennas.tcl |& tee /dev/null /openlane/designs/lab4/runs/RUN_2025.06.17_12.42.35/logs/routing/22-global.log}"

Tue Jun 17 12:42:57 +0000 2025 - Executing "openroad -exit /openlane/scripts/openroad/write_views.tcl |& tee /dev/null /openlane/designs/lab4/runs/RUN_2025.06.17_12.42.35/logs/routing/22-global_write_netlist.log"

Tue Jun 17 12:42:57 +0000 2025 - Executing "{openroad -exit /openlane/scripts/openroad/write_views.tcl |& tee /dev/null /openlane/designs/lab4/runs/RUN_2025.06.17_12.42.35/logs/routing/22-global_write_netlist.log}"

Tue Jun 17 12:42:57 +0000 2025 - Executing "{sed -i.bak -e {s/\(set ::env(CURRENT_NETLIST)\).*/\1 \/openlane\/designs\/lab4\/runs\/RUN_2025.06.17_12.42.35\/tmp\/routing\/global.nl.v/} /openlane/designs/lab4/runs/RUN_2025.06.17_12.42.35/config.tcl}"

Tue Jun 17 12:42:57 +0000 2025 - Executing "openroad -exit /openlane/scripts/openroad/sta/multi_corner.tcl |& tee /dev/null /openlane/designs/lab4/runs/RUN_2025.06.17_12.42.35/logs/routing/24-grt_sta.log"

Tue Jun 17 12:42:57 +0000 2025 - Executing "{openroad -exit /openlane/scripts/openroad/sta/multi_corner.tcl |& tee /dev/null /openlane/designs/lab4/runs/RUN_2025.06.17_12.42.35/logs/routing/24-grt_sta.log}"

Tue Jun 17 12:42:58 +0000 2025 - Executing "openroad -exit /openlane/scripts/openroad/fill.tcl |& tee /dev/null /openlane/designs/lab4/runs/RUN_2025.06.17_12.42.35/logs/routing/25-fill.log"

Tue Jun 17 12:42:58 +0000 2025 - Executing "{openroad -exit /openlane/scripts/openroad/fill.tcl |& tee /dev/null /openlane/designs/lab4/runs/RUN_2025.06.17_12.42.35/logs/routing/25-fill.log}"

Tue Jun 17 12:42:59 +0000 2025 - Executing "{sed -i.bak -e {s/\(set ::env(CURRENT_NETLIST)\).*/\1 \/openlane\/designs\/lab4\/runs\/RUN_2025.06.17_12.42.35\/tmp\/routing\/25-fill.nl.v/} /openlane/designs/lab4/runs/RUN_2025.06.17_12.42.35/config.tcl}"

Tue Jun 17 12:42:59 +0000 2025 - Executing "openroad -exit -metrics /openlane/designs/lab4/runs/RUN_2025.06.17_12.42.35/reports/routing/26-drt_metrics.json /openlane/scripts/openroad/droute.tcl |& tee /dev/null /openlane/designs/lab4/runs/RUN_2025.06.17_12.42.35/logs/routing/26-detailed.log"

Tue Jun 17 12:42:59 +0000 2025 - Executing "{openroad -exit -metrics /openlane/designs/lab4/runs/RUN_2025.06.17_12.42.35/reports/routing/26-drt_metrics.json /openlane/scripts/openroad/droute.tcl |& tee /dev/null /openlane/designs/lab4/runs/RUN_2025.06.17_12.42.35/logs/routing/26-detailed.log}"

Tue Jun 17 12:43:37 +0000 2025 - Executing "{sed -i.bak -e {s/\(set ::env(CURRENT_NETLIST)\).*/\1 \/openlane\/designs\/lab4\/runs\/RUN_2025.06.17_12.42.35\/results\/routing\/topmodule.nl.v/} /openlane/designs/lab4/runs/RUN_2025.06.17_12.42.35/config.tcl}"

Tue Jun 17 12:43:37 +0000 2025 - Executing "{python3 /openlane/scripts/drc_rosetta.py tr to_klayout -o /openlane/designs/lab4/runs/RUN_2025.06.17_12.42.35/reports/routing/drt.klayout.xml --design-name topmodule /openlane/designs/lab4/runs/RUN_2025.06.17_12.42.35/reports/routing/drt.drc}"

Tue Jun 17 12:43:38 +0000 2025 - Executing "{openroad -exit -no_init -python /openlane/scripts/odbpy/wire_lengths.py --report-out /openlane/designs/lab4/runs/RUN_2025.06.17_12.42.35/reports/routing/27-wire_lengths.csv --input-lef /openlane/designs/lab4/runs/RUN_2025.06.17_12.42.35/tmp/merged.nom.lef --output-def /openlane/designs/lab4/runs/RUN_2025.06.17_12.42.35/results/routing/topmodule.def --output /openlane/designs/lab4/runs/RUN_2025.06.17_12.42.35/results/routing/topmodule.odb /openlane/designs/lab4/runs/RUN_2025.06.17_12.42.35/results/routing/topmodule.odb |& tee /dev/null /openlane/designs/lab4/runs/RUN_2025.06.17_12.42.35/logs/routing/27-wire_lengths.log}"

Tue Jun 17 12:43:38 +0000 2025 - Executing "openroad -exit /openlane/scripts/openroad/rcx.tcl |& tee /dev/null /openlane/designs/lab4/runs/RUN_2025.06.17_12.42.35/logs/signoff/28-parasitics_extraction.min.log"

Tue Jun 17 12:43:38 +0000 2025 - Executing "{openroad -exit /openlane/scripts/openroad/rcx.tcl |& tee /dev/null /openlane/designs/lab4/runs/RUN_2025.06.17_12.42.35/logs/signoff/28-parasitics_extraction.min.log}"

Tue Jun 17 12:43:39 +0000 2025 - Executing "sta -exit -no_init /openlane/scripts/openroad/sta/multi_corner.tcl |& tee /dev/null /openlane/designs/lab4/runs/RUN_2025.06.17_12.42.35/logs/signoff/29-rcx_mcsta.min.log"

Tue Jun 17 12:43:39 +0000 2025 - Executing "{sta -exit -no_init /openlane/scripts/openroad/sta/multi_corner.tcl |& tee /dev/null /openlane/designs/lab4/runs/RUN_2025.06.17_12.42.35/logs/signoff/29-rcx_mcsta.min.log}"

Tue Jun 17 12:43:42 +0000 2025 - Executing "openroad -exit /openlane/scripts/openroad/rcx.tcl |& tee /dev/null /openlane/designs/lab4/runs/RUN_2025.06.17_12.42.35/logs/signoff/30-parasitics_extraction.max.log"

Tue Jun 17 12:43:42 +0000 2025 - Executing "{openroad -exit /openlane/scripts/openroad/rcx.tcl |& tee /dev/null /openlane/designs/lab4/runs/RUN_2025.06.17_12.42.35/logs/signoff/30-parasitics_extraction.max.log}"

Tue Jun 17 12:43:43 +0000 2025 - Executing "sta -exit -no_init /openlane/scripts/openroad/sta/multi_corner.tcl |& tee /dev/null /openlane/designs/lab4/runs/RUN_2025.06.17_12.42.35/logs/signoff/31-rcx_mcsta.max.log"

Tue Jun 17 12:43:43 +0000 2025 - Executing "{sta -exit -no_init /openlane/scripts/openroad/sta/multi_corner.tcl |& tee /dev/null /openlane/designs/lab4/runs/RUN_2025.06.17_12.42.35/logs/signoff/31-rcx_mcsta.max.log}"

Tue Jun 17 12:43:46 +0000 2025 - Executing "openroad -exit /openlane/scripts/openroad/rcx.tcl |& tee /dev/null /openlane/designs/lab4/runs/RUN_2025.06.17_12.42.35/logs/signoff/32-parasitics_extraction.nom.log"

Tue Jun 17 12:43:46 +0000 2025 - Executing "{openroad -exit /openlane/scripts/openroad/rcx.tcl |& tee /dev/null /openlane/designs/lab4/runs/RUN_2025.06.17_12.42.35/logs/signoff/32-parasitics_extraction.nom.log}"

Tue Jun 17 12:43:47 +0000 2025 - Executing "sta -exit -no_init /openlane/scripts/openroad/sta/multi_corner.tcl |& tee /dev/null /openlane/designs/lab4/runs/RUN_2025.06.17_12.42.35/logs/signoff/33-rcx_mcsta.nom.log"

Tue Jun 17 12:43:47 +0000 2025 - Executing "{sta -exit -no_init /openlane/scripts/openroad/sta/multi_corner.tcl |& tee /dev/null /openlane/designs/lab4/runs/RUN_2025.06.17_12.42.35/logs/signoff/33-rcx_mcsta.nom.log}"

Tue Jun 17 12:43:50 +0000 2025 - Executing "openroad -exit /openlane/scripts/openroad/irdrop.tcl |& tee /dev/null /openlane/designs/lab4/runs/RUN_2025.06.17_12.42.35/logs/signoff/34-irdrop.log"

Tue Jun 17 12:43:50 +0000 2025 - Executing "{openroad -exit /openlane/scripts/openroad/irdrop.tcl |& tee /dev/null /openlane/designs/lab4/runs/RUN_2025.06.17_12.42.35/logs/signoff/34-irdrop.log}"

Tue Jun 17 12:43:51 +0000 2025 - Executing "magic -noconsole -dnull -rcfile /home/pikachu/.volare/sky130A/libs.tech/magic/sky130A.magicrc < /openlane/scripts/magic/wrapper.tcl |& tee /dev/null /openlane/designs/lab4/runs/RUN_2025.06.17_12.42.35/logs/signoff/35-gdsii.log"

Tue Jun 17 12:43:51 +0000 2025 - Executing "{magic -noconsole -dnull -rcfile /home/pikachu/.volare/sky130A/libs.tech/magic/sky130A.magicrc < /openlane/scripts/magic/wrapper.tcl |& tee /dev/null /openlane/designs/lab4/runs/RUN_2025.06.17_12.42.35/logs/signoff/35-gdsii.log}"

Tue Jun 17 12:43:54 +0000 2025 - Executing "magic -noconsole -dnull -rcfile /home/pikachu/.volare/sky130A/libs.tech/magic/sky130A.magicrc < /openlane/scripts/magic/wrapper.tcl |& tee /dev/null /openlane/designs/lab4/runs/RUN_2025.06.17_12.42.35/logs/signoff/35-gds_ptrs.log"

Tue Jun 17 12:43:54 +0000 2025 - Executing "{magic -noconsole -dnull -rcfile /home/pikachu/.volare/sky130A/libs.tech/magic/sky130A.magicrc < /openlane/scripts/magic/wrapper.tcl |& tee /dev/null /openlane/designs/lab4/runs/RUN_2025.06.17_12.42.35/logs/signoff/35-gds_ptrs.log}"

Tue Jun 17 12:43:56 +0000 2025 - Executing "{sed -i.bak -n {/^<< properties >>/,/^<< end >>/p} /openlane/designs/lab4/runs/RUN_2025.06.17_12.42.35/tmp/signoff/gds_ptrs.mag}"

Tue Jun 17 12:43:56 +0000 2025 - Executing "magic -noconsole -dnull -rcfile /home/pikachu/.volare/sky130A/libs.tech/magic/sky130A.magicrc < /openlane/scripts/magic/wrapper.tcl |& tee /dev/null /openlane/designs/lab4/runs/RUN_2025.06.17_12.42.35/logs/signoff/35-lef.log"

Tue Jun 17 12:43:56 +0000 2025 - Executing "{magic -noconsole -dnull -rcfile /home/pikachu/.volare/sky130A/libs.tech/magic/sky130A.magicrc < /openlane/scripts/magic/wrapper.tcl |& tee /dev/null /openlane/designs/lab4/runs/RUN_2025.06.17_12.42.35/logs/signoff/35-lef.log}"

Tue Jun 17 12:43:58 +0000 2025 - Executing "magic -noconsole -dnull -rcfile /home/pikachu/.volare/sky130A/libs.tech/magic/sky130A.magicrc < /openlane/scripts/magic/wrapper.tcl |& tee /dev/null /openlane/designs/lab4/runs/RUN_2025.06.17_12.42.35/logs/signoff/35-maglef.log"

Tue Jun 17 12:43:58 +0000 2025 - Executing "{magic -noconsole -dnull -rcfile /home/pikachu/.volare/sky130A/libs.tech/magic/sky130A.magicrc < /openlane/scripts/magic/wrapper.tcl |& tee /dev/null /openlane/designs/lab4/runs/RUN_2025.06.17_12.42.35/logs/signoff/35-maglef.log}"

Tue Jun 17 12:43:58 +0000 2025 - Executing "{python3 /openlane/scripts/klayout/stream_out.py --output /openlane/designs/lab4/runs/RUN_2025.06.17_12.42.35/results/signoff/topmodule.klayout.gds --lyt /home/pikachu/.volare/sky130A/libs.tech/klayout/tech/sky130A.lyt --lym /home/pikachu/.volare/sky130A/libs.tech/klayout/tech/sky130A.map --lyp /home/pikachu/.volare/sky130A/libs.tech/klayout/tech/sky130A.lyp --top topmodule --with-gds-file /home/pikachu/.volare/sky130A/libs.ref/sky130_fd_sc_hd/gds/sky130_fd_sc_hd.gds --input-lef /openlane/designs/lab4/runs/RUN_2025.06.17_12.42.35/tmp/merged.nom.lef /openlane/designs/lab4/runs/RUN_2025.06.17_12.42.35/results/routing/topmodule.def |& tee /dev/null /openlane/designs/lab4/runs/RUN_2025.06.17_12.42.35/logs/signoff/36-gdsii-klayout.log}"

Tue Jun 17 12:43:59 +0000 2025 - Executing "{klayout -b -r /openlane/scripts/klayout/xor.drc -rd a=/openlane/designs/lab4/runs/RUN_2025.06.17_12.42.35/results/signoff/topmodule.gds -rd b=/openlane/designs/lab4/runs/RUN_2025.06.17_12.42.35/results/signoff/topmodule.klayout.gds -rd jobs=1 -rd rdb_out=/openlane/designs/lab4/runs/RUN_2025.06.17_12.42.35/reports/signoff/37-xor.xml -rd ignore=81/14 -rd rpt_out=/openlane/designs/lab4/runs/RUN_2025.06.17_12.42.35/reports/signoff/37-xor.rpt |& tee /dev/null /openlane/designs/lab4/runs/RUN_2025.06.17_12.42.35/logs/signoff/37-xor.log}"

Tue Jun 17 12:44:05 +0000 2025 - Executing "magic -noconsole -dnull -rcfile /home/pikachu/.volare/sky130A/libs.tech/magic/sky130A.magicrc < /openlane/scripts/magic/wrapper.tcl |& tee /dev/null /openlane/designs/lab4/runs/RUN_2025.06.17_12.42.35/logs/signoff/38-spice.log"

Tue Jun 17 12:44:05 +0000 2025 - Executing "{magic -noconsole -dnull -rcfile /home/pikachu/.volare/sky130A/libs.tech/magic/sky130A.magicrc < /openlane/scripts/magic/wrapper.tcl |& tee /dev/null /openlane/designs/lab4/runs/RUN_2025.06.17_12.42.35/logs/signoff/38-spice.log}"

Tue Jun 17 12:44:11 +0000 2025 - Executing "{openroad -exit -no_init -python /openlane/scripts/odbpy/power_utils.py write_powered_def --output /openlane/designs/lab4/runs/RUN_2025.06.17_12.42.35/tmp/signoff/38-topmodule.p.def --input-lef /openlane/designs/lab4/runs/RUN_2025.06.17_12.42.35/tmp/merged.nom.lef --power-port VPWR --ground-port VGND --powered-netlist {} /openlane/designs/lab4/runs/RUN_2025.06.17_12.42.35/results/routing/topmodule.def |& tee /dev/null /openlane/designs/lab4/runs/RUN_2025.06.17_12.42.35/logs/signoff/39-write_powered_def.log}"

Tue Jun 17 12:44:11 +0000 2025 - Executing "openroad -exit /openlane/scripts/openroad/write_views.tcl |& tee /dev/null /openlane/designs/lab4/runs/RUN_2025.06.17_12.42.35/logs/signoff/39-write_powered_verilog.log"

Tue Jun 17 12:44:11 +0000 2025 - Executing "{openroad -exit /openlane/scripts/openroad/write_views.tcl |& tee /dev/null /openlane/designs/lab4/runs/RUN_2025.06.17_12.42.35/logs/signoff/39-write_powered_verilog.log}"

Tue Jun 17 12:44:12 +0000 2025 - Executing "{sed -i.bak -e {s/\(set ::env(CURRENT_NETLIST)\).*/\1 \/openlane\/designs\/lab4\/runs\/RUN_2025.06.17_12.42.35\/tmp\/signoff\/38-topmodule.nl.v/} /openlane/designs/lab4/runs/RUN_2025.06.17_12.42.35/config.tcl}"

Tue Jun 17 12:44:12 +0000 2025 - Executing "{netgen -batch source /openlane/designs/lab4/runs/RUN_2025.06.17_12.42.35/tmp/signoff/41-setup_file.lef.lvs |& tee /dev/null /openlane/designs/lab4/runs/RUN_2025.06.17_12.42.35/logs/signoff/41-lvs.lef.log}"

Tue Jun 17 12:44:13 +0000 2025 - Executing "magic -noconsole -dnull -rcfile /home/pikachu/.volare/sky130A/libs.tech/magic/sky130A.magicrc < /openlane/scripts/magic/wrapper.tcl |& tee /dev/null /openlane/designs/lab4/runs/RUN_2025.06.17_12.42.35/logs/signoff/42-drc.log"

Tue Jun 17 12:44:13 +0000 2025 - Executing "{magic -noconsole -dnull -rcfile /home/pikachu/.volare/sky130A/libs.tech/magic/sky130A.magicrc < /openlane/scripts/magic/wrapper.tcl |& tee /dev/null /openlane/designs/lab4/runs/RUN_2025.06.17_12.42.35/logs/signoff/42-drc.log}"

Tue Jun 17 12:44:39 +0000 2025 - Executing "{python3 /openlane/scripts/drc_rosetta.py magic to_tcl -o /openlane/designs/lab4/runs/RUN_2025.06.17_12.42.35/reports/signoff/drc.tcl /openlane/designs/lab4/runs/RUN_2025.06.17_12.42.35/reports/signoff/drc.rpt}"

Tue Jun 17 12:44:39 +0000 2025 - Executing "{python3 /openlane/scripts/drc_rosetta.py magic to_tr -o /openlane/designs/lab4/runs/RUN_2025.06.17_12.42.35/reports/signoff/drc.tr /openlane/designs/lab4/runs/RUN_2025.06.17_12.42.35/reports/signoff/drc.rpt}"

Tue Jun 17 12:44:39 +0000 2025 - Executing "{python3 /openlane/scripts/drc_rosetta.py tr to_klayout -o /openlane/designs/lab4/runs/RUN_2025.06.17_12.42.35/reports/signoff/drc.klayout.xml --design-name topmodule /openlane/designs/lab4/runs/RUN_2025.06.17_12.42.35/reports/signoff/drc.tr}"

Tue Jun 17 12:44:39 +0000 2025 - Executing "{python3 /openlane/scripts/drc_rosetta.py magic to_rdb -o /openlane/designs/lab4/runs/RUN_2025.06.17_12.42.35/reports/signoff/drc.rdb /openlane/designs/lab4/runs/RUN_2025.06.17_12.42.35/reports/signoff/drc.rpt}"

Tue Jun 17 12:44:39 +0000 2025 - Executing "{klayout -b -zz -r /home/pikachu/.volare/sky130A/libs.tech/klayout/drc/sky130A_mr.drc -rd topcell=topmodule -rd input=/openlane/designs/lab4/runs/RUN_2025.06.17_12.42.35/results/signoff/topmodule.gds -rd report=/openlane/designs/lab4/runs/RUN_2025.06.17_12.42.35/reports/signoff/violations.xml -rd feol=true -rd beol=true -rd floating_metal=false -rd seal=true -rd thread=1 |& tee /dev/null /openlane/designs/lab4/runs/RUN_2025.06.17_12.42.35/logs/signoff/43-drc-klayout.log}"

Tue Jun 17 12:45:01 +0000 2025 - Executing "{python3 /openlane/scripts/klayout/xml_drc_report_to_json.py --xml-file /openlane/designs/lab4/runs/RUN_2025.06.17_12.42.35/reports/signoff/violations.xml --json-file /openlane/designs/lab4/runs/RUN_2025.06.17_12.42.35/reports/signoff/violations.json}"

Tue Jun 17 12:45:01 +0000 2025 - Executing "openroad -exit /openlane/scripts/openroad/antenna_check.tcl |& tee /dev/null /openlane/designs/lab4/runs/RUN_2025.06.17_12.42.35/logs/signoff/44-arc.log"

Tue Jun 17 12:45:01 +0000 2025 - Executing "{openroad -exit /openlane/scripts/openroad/antenna_check.tcl |& tee /dev/null /openlane/designs/lab4/runs/RUN_2025.06.17_12.42.35/logs/signoff/44-arc.log}"

Tue Jun 17 12:45:02 +0000 2025 - Executing "{python3 /openlane/scripts/extract_antenna_violators.py --output /openlane/designs/lab4/runs/RUN_2025.06.17_12.42.35/reports/signoff/44-antenna_violators.rpt --plain-out /openlane/designs/lab4/runs/RUN_2025.06.17_12.42.35/reports/signoff/44-antenna_violators_pins.txt /openlane/designs/lab4/runs/RUN_2025.06.17_12.42.35/logs/signoff/44-arc.log}"

Tue Jun 17 12:45:02 +0000 2025 - Executing "{python3 /openlane/scripts/write_runtime.py --conclude --seconds --time-in 1750164302 {flow completed}}"

Tue Jun 17 12:45:02 +0000 2025 - Executing "{python3 /openlane/scripts/generate_reports.py -d /openlane/designs/lab4 --design_name topmodule --tag RUN_2025.06.17_12.42.35 --output_file /openlane/designs/lab4/runs/RUN_2025.06.17_12.42.35/reports/metrics.csv --man_report /openlane/designs/lab4/runs/RUN_2025.06.17_12.42.35/reports/manufacturability.rpt --run_path /openlane/designs/lab4/runs/RUN_2025.06.17_12.42.35}"

