
===========================================================================
report_checks -path_delay min (Hold)
============================================================================
======================= Typical Corner ===================================

Startpoint: _457_ (rising edge-triggered flip-flop clocked by CLK100MHZ)
Endpoint: _457_ (rising edge-triggered flip-flop clocked by CLK100MHZ)
Path Group: CLK100MHZ
Path Type: min

Fanout     Cap    Slew   Delay    Time   Description
-----------------------------------------------------------------------------
                  0.00    0.00    0.00   clock CLK100MHZ (rise edge)
                          0.00    0.00   clock network delay (ideal)
                  0.00    0.00    0.00 ^ _457_/CLK (sky130_fd_sc_hd__dfxtp_2)
     2    0.00    0.03    0.29    0.29 ^ _457_/Q (sky130_fd_sc_hd__dfxtp_2)
                                         rf.regs[5][0] (net)
                  0.03    0.00    0.29 ^ _424_/A0 (sky130_fd_sc_hd__mux2_2)
     1    0.00    0.03    0.13    0.42 ^ _424_/X (sky130_fd_sc_hd__mux2_2)
                                         _055_ (net)
                  0.03    0.00    0.42 ^ _425_/A (sky130_fd_sc_hd__buf_1)
     1    0.00    0.03    0.07    0.48 ^ _425_/X (sky130_fd_sc_hd__buf_1)
                                         _023_ (net)
                  0.03    0.00    0.48 ^ _457_/D (sky130_fd_sc_hd__dfxtp_2)
                                  0.48   data arrival time

                  0.00    0.00    0.00   clock CLK100MHZ (rise edge)
                          0.00    0.00   clock network delay (ideal)
                          0.20    0.20   clock uncertainty
                          0.00    0.20   clock reconvergence pessimism
                                  0.20 ^ _457_/CLK (sky130_fd_sc_hd__dfxtp_2)
                         -0.03    0.17   library hold time
                                  0.17   data required time
-----------------------------------------------------------------------------
                                  0.17   data required time
                                 -0.48   data arrival time
-----------------------------------------------------------------------------
                                  0.32   slack (MET)


Startpoint: _443_ (rising edge-triggered flip-flop clocked by CLK100MHZ)
Endpoint: _443_ (rising edge-triggered flip-flop clocked by CLK100MHZ)
Path Group: CLK100MHZ
Path Type: min

Fanout     Cap    Slew   Delay    Time   Description
-----------------------------------------------------------------------------
                  0.00    0.00    0.00   clock CLK100MHZ (rise edge)
                          0.00    0.00   clock network delay (ideal)
                  0.00    0.00    0.00 ^ _443_/CLK (sky130_fd_sc_hd__dfxtp_2)
     2    0.00    0.03    0.29    0.29 ^ _443_/Q (sky130_fd_sc_hd__dfxtp_2)
                                         rf.regs[15][1] (net)
                  0.03    0.00    0.29 ^ _389_/A0 (sky130_fd_sc_hd__mux2_2)
     1    0.00    0.03    0.13    0.42 ^ _389_/X (sky130_fd_sc_hd__mux2_2)
                                         _034_ (net)
                  0.03    0.00    0.42 ^ _390_/A (sky130_fd_sc_hd__buf_1)
     1    0.00    0.03    0.07    0.48 ^ _390_/X (sky130_fd_sc_hd__buf_1)
                                         _009_ (net)
                  0.03    0.00    0.48 ^ _443_/D (sky130_fd_sc_hd__dfxtp_2)
                                  0.48   data arrival time

                  0.00    0.00    0.00   clock CLK100MHZ (rise edge)
                          0.00    0.00   clock network delay (ideal)
                          0.20    0.20   clock uncertainty
                          0.00    0.20   clock reconvergence pessimism
                                  0.20 ^ _443_/CLK (sky130_fd_sc_hd__dfxtp_2)
                         -0.03    0.17   library hold time
                                  0.17   data required time
-----------------------------------------------------------------------------
                                  0.17   data required time
                                 -0.48   data arrival time
-----------------------------------------------------------------------------
                                  0.32   slack (MET)


Startpoint: _458_ (rising edge-triggered flip-flop clocked by CLK100MHZ)
Endpoint: _458_ (rising edge-triggered flip-flop clocked by CLK100MHZ)
Path Group: CLK100MHZ
Path Type: min

Fanout     Cap    Slew   Delay    Time   Description
-----------------------------------------------------------------------------
                  0.00    0.00    0.00   clock CLK100MHZ (rise edge)
                          0.00    0.00   clock network delay (ideal)
                  0.00    0.00    0.00 ^ _458_/CLK (sky130_fd_sc_hd__dfxtp_2)
     2    0.00    0.03    0.29    0.29 ^ _458_/Q (sky130_fd_sc_hd__dfxtp_2)
                                         rf.regs[5][1] (net)
                  0.03    0.00    0.29 ^ _426_/A0 (sky130_fd_sc_hd__mux2_2)
     1    0.00    0.03    0.13    0.42 ^ _426_/X (sky130_fd_sc_hd__mux2_2)
                                         _056_ (net)
                  0.03    0.00    0.42 ^ _427_/A (sky130_fd_sc_hd__buf_1)
     1    0.00    0.03    0.07    0.48 ^ _427_/X (sky130_fd_sc_hd__buf_1)
                                         _024_ (net)
                  0.03    0.00    0.48 ^ _458_/D (sky130_fd_sc_hd__dfxtp_2)
                                  0.48   data arrival time

                  0.00    0.00    0.00   clock CLK100MHZ (rise edge)
                          0.00    0.00   clock network delay (ideal)
                          0.20    0.20   clock uncertainty
                          0.00    0.20   clock reconvergence pessimism
                                  0.20 ^ _458_/CLK (sky130_fd_sc_hd__dfxtp_2)
                         -0.03    0.17   library hold time
                                  0.17   data required time
-----------------------------------------------------------------------------
                                  0.17   data required time
                                 -0.48   data arrival time
-----------------------------------------------------------------------------
                                  0.32   slack (MET)


Startpoint: _459_ (rising edge-triggered flip-flop clocked by CLK100MHZ)
Endpoint: _459_ (rising edge-triggered flip-flop clocked by CLK100MHZ)
Path Group: CLK100MHZ
Path Type: min

Fanout     Cap    Slew   Delay    Time   Description
-----------------------------------------------------------------------------
                  0.00    0.00    0.00   clock CLK100MHZ (rise edge)
                          0.00    0.00   clock network delay (ideal)
                  0.00    0.00    0.00 ^ _459_/CLK (sky130_fd_sc_hd__dfxtp_2)
     2    0.00    0.03    0.29    0.29 ^ _459_/Q (sky130_fd_sc_hd__dfxtp_2)
                                         rf.regs[5][2] (net)
                  0.03    0.00    0.29 ^ _428_/A0 (sky130_fd_sc_hd__mux2_2)
     1    0.00    0.03    0.13    0.42 ^ _428_/X (sky130_fd_sc_hd__mux2_2)
                                         _057_ (net)
                  0.03    0.00    0.42 ^ _429_/A (sky130_fd_sc_hd__buf_1)
     1    0.00    0.03    0.07    0.48 ^ _429_/X (sky130_fd_sc_hd__buf_1)
                                         _025_ (net)
                  0.03    0.00    0.48 ^ _459_/D (sky130_fd_sc_hd__dfxtp_2)
                                  0.48   data arrival time

                  0.00    0.00    0.00   clock CLK100MHZ (rise edge)
                          0.00    0.00   clock network delay (ideal)
                          0.20    0.20   clock uncertainty
                          0.00    0.20   clock reconvergence pessimism
                                  0.20 ^ _459_/CLK (sky130_fd_sc_hd__dfxtp_2)
                         -0.03    0.17   library hold time
                                  0.17   data required time
-----------------------------------------------------------------------------
                                  0.17   data required time
                                 -0.48   data arrival time
-----------------------------------------------------------------------------
                                  0.32   slack (MET)


Startpoint: _460_ (rising edge-triggered flip-flop clocked by CLK100MHZ)
Endpoint: _460_ (rising edge-triggered flip-flop clocked by CLK100MHZ)
Path Group: CLK100MHZ
Path Type: min

Fanout     Cap    Slew   Delay    Time   Description
-----------------------------------------------------------------------------
                  0.00    0.00    0.00   clock CLK100MHZ (rise edge)
                          0.00    0.00   clock network delay (ideal)
                  0.00    0.00    0.00 ^ _460_/CLK (sky130_fd_sc_hd__dfxtp_2)
     2    0.00    0.03    0.29    0.29 ^ _460_/Q (sky130_fd_sc_hd__dfxtp_2)
                                         rf.regs[5][3] (net)
                  0.03    0.00    0.29 ^ _430_/A0 (sky130_fd_sc_hd__mux2_2)
     1    0.00    0.03    0.13    0.42 ^ _430_/X (sky130_fd_sc_hd__mux2_2)
                                         _058_ (net)
                  0.03    0.00    0.42 ^ _431_/A (sky130_fd_sc_hd__buf_1)
     1    0.00    0.03    0.07    0.48 ^ _431_/X (sky130_fd_sc_hd__buf_1)
                                         _026_ (net)
                  0.03    0.00    0.48 ^ _460_/D (sky130_fd_sc_hd__dfxtp_2)
                                  0.48   data arrival time

                  0.00    0.00    0.00   clock CLK100MHZ (rise edge)
                          0.00    0.00   clock network delay (ideal)
                          0.20    0.20   clock uncertainty
                          0.00    0.20   clock reconvergence pessimism
                                  0.20 ^ _460_/CLK (sky130_fd_sc_hd__dfxtp_2)
                         -0.03    0.17   library hold time
                                  0.17   data required time
-----------------------------------------------------------------------------
                                  0.17   data required time
                                 -0.48   data arrival time
-----------------------------------------------------------------------------
                                  0.32   slack (MET)


Startpoint: _445_ (rising edge-triggered flip-flop clocked by CLK100MHZ)
Endpoint: _445_ (rising edge-triggered flip-flop clocked by CLK100MHZ)
Path Group: CLK100MHZ
Path Type: min

Fanout     Cap    Slew   Delay    Time   Description
-----------------------------------------------------------------------------
                  0.00    0.00    0.00   clock CLK100MHZ (rise edge)
                          0.00    0.00   clock network delay (ideal)
                  0.00    0.00    0.00 ^ _445_/CLK (sky130_fd_sc_hd__dfxtp_2)
     2    0.00    0.03    0.29    0.29 ^ _445_/Q (sky130_fd_sc_hd__dfxtp_2)
                                         rf.regs[15][3] (net)
                  0.03    0.00    0.29 ^ _393_/A0 (sky130_fd_sc_hd__mux2_2)
     1    0.00    0.03    0.13    0.42 ^ _393_/X (sky130_fd_sc_hd__mux2_2)
                                         _036_ (net)
                  0.03    0.00    0.42 ^ _394_/A (sky130_fd_sc_hd__buf_1)
     1    0.00    0.03    0.07    0.48 ^ _394_/X (sky130_fd_sc_hd__buf_1)
                                         _011_ (net)
                  0.03    0.00    0.48 ^ _445_/D (sky130_fd_sc_hd__dfxtp_2)
                                  0.48   data arrival time

                  0.00    0.00    0.00   clock CLK100MHZ (rise edge)
                          0.00    0.00   clock network delay (ideal)
                          0.20    0.20   clock uncertainty
                          0.00    0.20   clock reconvergence pessimism
                                  0.20 ^ _445_/CLK (sky130_fd_sc_hd__dfxtp_2)
                         -0.03    0.17   library hold time
                                  0.17   data required time
-----------------------------------------------------------------------------
                                  0.17   data required time
                                 -0.48   data arrival time
-----------------------------------------------------------------------------
                                  0.32   slack (MET)


Startpoint: _450_ (rising edge-triggered flip-flop clocked by CLK100MHZ)
Endpoint: _450_ (rising edge-triggered flip-flop clocked by CLK100MHZ)
Path Group: CLK100MHZ
Path Type: min

Fanout     Cap    Slew   Delay    Time   Description
-----------------------------------------------------------------------------
                  0.00    0.00    0.00   clock CLK100MHZ (rise edge)
                          0.00    0.00   clock network delay (ideal)
                  0.00    0.00    0.00 ^ _450_/CLK (sky130_fd_sc_hd__dfxtp_2)
     2    0.00    0.03    0.29    0.29 ^ _450_/Q (sky130_fd_sc_hd__dfxtp_2)
                                         rf.regs[10][3] (net)
                  0.03    0.00    0.29 ^ _406_/A1 (sky130_fd_sc_hd__mux2_2)
     1    0.00    0.03    0.13    0.42 ^ _406_/X (sky130_fd_sc_hd__mux2_2)
                                         _044_ (net)
                  0.03    0.00    0.42 ^ _407_/A (sky130_fd_sc_hd__buf_1)
     1    0.00    0.03    0.07    0.48 ^ _407_/X (sky130_fd_sc_hd__buf_1)
                                         _016_ (net)
                  0.03    0.00    0.48 ^ _450_/D (sky130_fd_sc_hd__dfxtp_2)
                                  0.48   data arrival time

                  0.00    0.00    0.00   clock CLK100MHZ (rise edge)
                          0.00    0.00   clock network delay (ideal)
                          0.20    0.20   clock uncertainty
                          0.00    0.20   clock reconvergence pessimism
                                  0.20 ^ _450_/CLK (sky130_fd_sc_hd__dfxtp_2)
                         -0.03    0.17   library hold time
                                  0.17   data required time
-----------------------------------------------------------------------------
                                  0.17   data required time
                                 -0.48   data arrival time
-----------------------------------------------------------------------------
                                  0.32   slack (MET)


Startpoint: _439_ (rising edge-triggered flip-flop clocked by CLK100MHZ)
Endpoint: _439_ (rising edge-triggered flip-flop clocked by CLK100MHZ)
Path Group: CLK100MHZ
Path Type: min

Fanout     Cap    Slew   Delay    Time   Description
-----------------------------------------------------------------------------
                  0.00    0.00    0.00   clock CLK100MHZ (rise edge)
                          0.00    0.00   clock network delay (ideal)
                  0.00    0.00    0.00 ^ _439_/CLK (sky130_fd_sc_hd__dfxtp_2)
     2    0.00    0.03    0.29    0.29 ^ _439_/Q (sky130_fd_sc_hd__dfxtp_2)
                                         rf.regs[25][2] (net)
                  0.03    0.00    0.29 ^ _369_/A0 (sky130_fd_sc_hd__mux2_2)
     1    0.00    0.03    0.13    0.42 ^ _369_/X (sky130_fd_sc_hd__mux2_2)
                                         _202_ (net)
                  0.03    0.00    0.42 ^ _370_/A (sky130_fd_sc_hd__buf_1)
     1    0.00    0.03    0.07    0.48 ^ _370_/X (sky130_fd_sc_hd__buf_1)
                                         _005_ (net)
                  0.03    0.00    0.48 ^ _439_/D (sky130_fd_sc_hd__dfxtp_2)
                                  0.48   data arrival time

                  0.00    0.00    0.00   clock CLK100MHZ (rise edge)
                          0.00    0.00   clock network delay (ideal)
                          0.20    0.20   clock uncertainty
                          0.00    0.20   clock reconvergence pessimism
                                  0.20 ^ _439_/CLK (sky130_fd_sc_hd__dfxtp_2)
                         -0.03    0.17   library hold time
                                  0.17   data required time
-----------------------------------------------------------------------------
                                  0.17   data required time
                                 -0.48   data arrival time
-----------------------------------------------------------------------------
                                  0.32   slack (MET)


Startpoint: _440_ (rising edge-triggered flip-flop clocked by CLK100MHZ)
Endpoint: _440_ (rising edge-triggered flip-flop clocked by CLK100MHZ)
Path Group: CLK100MHZ
Path Type: min

Fanout     Cap    Slew   Delay    Time   Description
-----------------------------------------------------------------------------
                  0.00    0.00    0.00   clock CLK100MHZ (rise edge)
                          0.00    0.00   clock network delay (ideal)
                  0.00    0.00    0.00 ^ _440_/CLK (sky130_fd_sc_hd__dfxtp_2)
     2    0.00    0.04    0.29    0.29 ^ _440_/Q (sky130_fd_sc_hd__dfxtp_2)
                                         rf.regs[25][3] (net)
                  0.04    0.00    0.29 ^ _371_/A0 (sky130_fd_sc_hd__mux2_2)
     1    0.00    0.03    0.13    0.42 ^ _371_/X (sky130_fd_sc_hd__mux2_2)
                                         _203_ (net)
                  0.03    0.00    0.42 ^ _372_/A (sky130_fd_sc_hd__buf_1)
     1    0.00    0.03    0.07    0.49 ^ _372_/X (sky130_fd_sc_hd__buf_1)
                                         _006_ (net)
                  0.03    0.00    0.49 ^ _440_/D (sky130_fd_sc_hd__dfxtp_2)
                                  0.49   data arrival time

                  0.00    0.00    0.00   clock CLK100MHZ (rise edge)
                          0.00    0.00   clock network delay (ideal)
                          0.20    0.20   clock uncertainty
                          0.00    0.20   clock reconvergence pessimism
                                  0.20 ^ _440_/CLK (sky130_fd_sc_hd__dfxtp_2)
                         -0.03    0.17   library hold time
                                  0.17   data required time
-----------------------------------------------------------------------------
                                  0.17   data required time
                                 -0.49   data arrival time
-----------------------------------------------------------------------------
                                  0.32   slack (MET)


Startpoint: _455_ (rising edge-triggered flip-flop clocked by CLK100MHZ)
Endpoint: _455_ (rising edge-triggered flip-flop clocked by CLK100MHZ)
Path Group: CLK100MHZ
Path Type: min

Fanout     Cap    Slew   Delay    Time   Description
-----------------------------------------------------------------------------
                  0.00    0.00    0.00   clock CLK100MHZ (rise edge)
                          0.00    0.00   clock network delay (ideal)
                  0.00    0.00    0.00 ^ _455_/CLK (sky130_fd_sc_hd__dfxtp_2)
     3    0.01    0.04    0.30    0.30 ^ _455_/Q (sky130_fd_sc_hd__dfxtp_2)
                                         rf.regs[0][3] (net)
                  0.04    0.00    0.30 ^ _418_/A (sky130_fd_sc_hd__and2_2)
     1    0.00    0.03    0.12    0.42 ^ _418_/X (sky130_fd_sc_hd__and2_2)
                                         _051_ (net)
                  0.03    0.00    0.42 ^ _419_/A (sky130_fd_sc_hd__buf_1)
     1    0.00    0.03    0.07    0.49 ^ _419_/X (sky130_fd_sc_hd__buf_1)
                                         _021_ (net)
                  0.03    0.00    0.49 ^ _455_/D (sky130_fd_sc_hd__dfxtp_2)
                                  0.49   data arrival time

                  0.00    0.00    0.00   clock CLK100MHZ (rise edge)
                          0.00    0.00   clock network delay (ideal)
                          0.20    0.20   clock uncertainty
                          0.00    0.20   clock reconvergence pessimism
                                  0.20 ^ _455_/CLK (sky130_fd_sc_hd__dfxtp_2)
                         -0.03    0.17   library hold time
                                  0.17   data required time
-----------------------------------------------------------------------------
                                  0.17   data required time
                                 -0.49   data arrival time
-----------------------------------------------------------------------------
                                  0.32   slack (MET)


Startpoint: _451_ (rising edge-triggered flip-flop clocked by CLK100MHZ)
Endpoint: _451_ (rising edge-triggered flip-flop clocked by CLK100MHZ)
Path Group: CLK100MHZ
Path Type: min

Fanout     Cap    Slew   Delay    Time   Description
-----------------------------------------------------------------------------
                  0.00    0.00    0.00   clock CLK100MHZ (rise edge)
                          0.00    0.00   clock network delay (ideal)
                  0.00    0.00    0.00 ^ _451_/CLK (sky130_fd_sc_hd__dfxtp_2)
     2    0.00    0.04    0.29    0.29 ^ _451_/Q (sky130_fd_sc_hd__dfxtp_2)
                                         rf.regs[10][4] (net)
                  0.04    0.00    0.29 ^ _408_/A1 (sky130_fd_sc_hd__mux2_2)
     1    0.00    0.03    0.13    0.42 ^ _408_/X (sky130_fd_sc_hd__mux2_2)
                                         _045_ (net)
                  0.03    0.00    0.42 ^ _409_/A (sky130_fd_sc_hd__buf_1)
     1    0.00    0.03    0.07    0.49 ^ _409_/X (sky130_fd_sc_hd__buf_1)
                                         _017_ (net)
                  0.03    0.00    0.49 ^ _451_/D (sky130_fd_sc_hd__dfxtp_2)
                                  0.49   data arrival time

                  0.00    0.00    0.00   clock CLK100MHZ (rise edge)
                          0.00    0.00   clock network delay (ideal)
                          0.20    0.20   clock uncertainty
                          0.00    0.20   clock reconvergence pessimism
                                  0.20 ^ _451_/CLK (sky130_fd_sc_hd__dfxtp_2)
                         -0.03    0.17   library hold time
                                  0.17   data required time
-----------------------------------------------------------------------------
                                  0.17   data required time
                                 -0.49   data arrival time
-----------------------------------------------------------------------------
                                  0.32   slack (MET)


Startpoint: _447_ (rising edge-triggered flip-flop clocked by CLK100MHZ)
Endpoint: _447_ (rising edge-triggered flip-flop clocked by CLK100MHZ)
Path Group: CLK100MHZ
Path Type: min

Fanout     Cap    Slew   Delay    Time   Description
-----------------------------------------------------------------------------
                  0.00    0.00    0.00   clock CLK100MHZ (rise edge)
                          0.00    0.00   clock network delay (ideal)
                  0.00    0.00    0.00 ^ _447_/CLK (sky130_fd_sc_hd__dfxtp_2)
     2    0.00    0.04    0.29    0.29 ^ _447_/Q (sky130_fd_sc_hd__dfxtp_2)
                                         rf.regs[10][0] (net)
                  0.04    0.00    0.29 ^ _400_/A1 (sky130_fd_sc_hd__mux2_2)
     1    0.00    0.03    0.13    0.42 ^ _400_/X (sky130_fd_sc_hd__mux2_2)
                                         _041_ (net)
                  0.03    0.00    0.42 ^ _401_/A (sky130_fd_sc_hd__buf_1)
     1    0.00    0.03    0.07    0.49 ^ _401_/X (sky130_fd_sc_hd__buf_1)
                                         _013_ (net)
                  0.03    0.00    0.49 ^ _447_/D (sky130_fd_sc_hd__dfxtp_2)
                                  0.49   data arrival time

                  0.00    0.00    0.00   clock CLK100MHZ (rise edge)
                          0.00    0.00   clock network delay (ideal)
                          0.20    0.20   clock uncertainty
                          0.00    0.20   clock reconvergence pessimism
                                  0.20 ^ _447_/CLK (sky130_fd_sc_hd__dfxtp_2)
                         -0.03    0.17   library hold time
                                  0.17   data required time
-----------------------------------------------------------------------------
                                  0.17   data required time
                                 -0.49   data arrival time
-----------------------------------------------------------------------------
                                  0.32   slack (MET)


Startpoint: _448_ (rising edge-triggered flip-flop clocked by CLK100MHZ)
Endpoint: _448_ (rising edge-triggered flip-flop clocked by CLK100MHZ)
Path Group: CLK100MHZ
Path Type: min

Fanout     Cap    Slew   Delay    Time   Description
-----------------------------------------------------------------------------
                  0.00    0.00    0.00   clock CLK100MHZ (rise edge)
                          0.00    0.00   clock network delay (ideal)
                  0.00    0.00    0.00 ^ _448_/CLK (sky130_fd_sc_hd__dfxtp_2)
     2    0.00    0.04    0.29    0.29 ^ _448_/Q (sky130_fd_sc_hd__dfxtp_2)
                                         rf.regs[10][1] (net)
                  0.04    0.00    0.29 ^ _402_/A1 (sky130_fd_sc_hd__mux2_2)
     1    0.00    0.03    0.13    0.42 ^ _402_/X (sky130_fd_sc_hd__mux2_2)
                                         _042_ (net)
                  0.03    0.00    0.42 ^ _403_/A (sky130_fd_sc_hd__buf_1)
     1    0.00    0.03    0.07    0.49 ^ _403_/X (sky130_fd_sc_hd__buf_1)
                                         _014_ (net)
                  0.03    0.00    0.49 ^ _448_/D (sky130_fd_sc_hd__dfxtp_2)
                                  0.49   data arrival time

                  0.00    0.00    0.00   clock CLK100MHZ (rise edge)
                          0.00    0.00   clock network delay (ideal)
                          0.20    0.20   clock uncertainty
                          0.00    0.20   clock reconvergence pessimism
                                  0.20 ^ _448_/CLK (sky130_fd_sc_hd__dfxtp_2)
                         -0.03    0.17   library hold time
                                  0.17   data required time
-----------------------------------------------------------------------------
                                  0.17   data required time
                                 -0.49   data arrival time
-----------------------------------------------------------------------------
                                  0.32   slack (MET)


Startpoint: _437_ (rising edge-triggered flip-flop clocked by CLK100MHZ)
Endpoint: _437_ (rising edge-triggered flip-flop clocked by CLK100MHZ)
Path Group: CLK100MHZ
Path Type: min

Fanout     Cap    Slew   Delay    Time   Description
-----------------------------------------------------------------------------
                  0.00    0.00    0.00   clock CLK100MHZ (rise edge)
                          0.00    0.00   clock network delay (ideal)
                  0.00    0.00    0.00 ^ _437_/CLK (sky130_fd_sc_hd__dfxtp_2)
     2    0.00    0.04    0.29    0.29 ^ _437_/Q (sky130_fd_sc_hd__dfxtp_2)
                                         rf.regs[25][0] (net)
                  0.04    0.00    0.29 ^ _365_/A0 (sky130_fd_sc_hd__mux2_2)
     1    0.00    0.03    0.13    0.42 ^ _365_/X (sky130_fd_sc_hd__mux2_2)
                                         _200_ (net)
                  0.03    0.00    0.42 ^ _366_/A (sky130_fd_sc_hd__buf_1)
     1    0.00    0.03    0.07    0.49 ^ _366_/X (sky130_fd_sc_hd__buf_1)
                                         _003_ (net)
                  0.03    0.00    0.49 ^ _437_/D (sky130_fd_sc_hd__dfxtp_2)
                                  0.49   data arrival time

                  0.00    0.00    0.00   clock CLK100MHZ (rise edge)
                          0.00    0.00   clock network delay (ideal)
                          0.20    0.20   clock uncertainty
                          0.00    0.20   clock reconvergence pessimism
                                  0.20 ^ _437_/CLK (sky130_fd_sc_hd__dfxtp_2)
                         -0.03    0.17   library hold time
                                  0.17   data required time
-----------------------------------------------------------------------------
                                  0.17   data required time
                                 -0.49   data arrival time
-----------------------------------------------------------------------------
                                  0.32   slack (MET)


Startpoint: _446_ (rising edge-triggered flip-flop clocked by CLK100MHZ)
Endpoint: _446_ (rising edge-triggered flip-flop clocked by CLK100MHZ)
Path Group: CLK100MHZ
Path Type: min

Fanout     Cap    Slew   Delay    Time   Description
-----------------------------------------------------------------------------
                  0.00    0.00    0.00   clock CLK100MHZ (rise edge)
                          0.00    0.00   clock network delay (ideal)
                  0.00    0.00    0.00 ^ _446_/CLK (sky130_fd_sc_hd__dfxtp_2)
     2    0.00    0.04    0.29    0.29 ^ _446_/Q (sky130_fd_sc_hd__dfxtp_2)
                                         rf.regs[15][4] (net)
                  0.04    0.00    0.29 ^ _395_/A0 (sky130_fd_sc_hd__mux2_2)
     1    0.00    0.03    0.13    0.42 ^ _395_/X (sky130_fd_sc_hd__mux2_2)
                                         _037_ (net)
                  0.03    0.00    0.42 ^ _396_/A (sky130_fd_sc_hd__buf_1)
     1    0.00    0.03    0.07    0.49 ^ _396_/X (sky130_fd_sc_hd__buf_1)
                                         _012_ (net)
                  0.03    0.00    0.49 ^ _446_/D (sky130_fd_sc_hd__dfxtp_2)
                                  0.49   data arrival time

                  0.00    0.00    0.00   clock CLK100MHZ (rise edge)
                          0.00    0.00   clock network delay (ideal)
                          0.20    0.20   clock uncertainty
                          0.00    0.20   clock reconvergence pessimism
                                  0.20 ^ _446_/CLK (sky130_fd_sc_hd__dfxtp_2)
                         -0.03    0.17   library hold time
                                  0.17   data required time
-----------------------------------------------------------------------------
                                  0.17   data required time
                                 -0.49   data arrival time
-----------------------------------------------------------------------------
                                  0.32   slack (MET)


Startpoint: _444_ (rising edge-triggered flip-flop clocked by CLK100MHZ)
Endpoint: _444_ (rising edge-triggered flip-flop clocked by CLK100MHZ)
Path Group: CLK100MHZ
Path Type: min

Fanout     Cap    Slew   Delay    Time   Description
-----------------------------------------------------------------------------
                  0.00    0.00    0.00   clock CLK100MHZ (rise edge)
                          0.00    0.00   clock network delay (ideal)
                  0.00    0.00    0.00 ^ _444_/CLK (sky130_fd_sc_hd__dfxtp_2)
     2    0.00    0.04    0.30    0.30 ^ _444_/Q (sky130_fd_sc_hd__dfxtp_2)
                                         rf.regs[15][2] (net)
                  0.04    0.00    0.30 ^ _391_/A0 (sky130_fd_sc_hd__mux2_2)
     1    0.00    0.03    0.13    0.42 ^ _391_/X (sky130_fd_sc_hd__mux2_2)
                                         _035_ (net)
                  0.03    0.00    0.42 ^ _392_/A (sky130_fd_sc_hd__buf_1)
     1    0.00    0.03    0.07    0.49 ^ _392_/X (sky130_fd_sc_hd__buf_1)
                                         _010_ (net)
                  0.03    0.00    0.49 ^ _444_/D (sky130_fd_sc_hd__dfxtp_2)
                                  0.49   data arrival time

                  0.00    0.00    0.00   clock CLK100MHZ (rise edge)
                          0.00    0.00   clock network delay (ideal)
                          0.20    0.20   clock uncertainty
                          0.00    0.20   clock reconvergence pessimism
                                  0.20 ^ _444_/CLK (sky130_fd_sc_hd__dfxtp_2)
                         -0.03    0.17   library hold time
                                  0.17   data required time
-----------------------------------------------------------------------------
                                  0.17   data required time
                                 -0.49   data arrival time
-----------------------------------------------------------------------------
                                  0.32   slack (MET)


Startpoint: _453_ (rising edge-triggered flip-flop clocked by CLK100MHZ)
Endpoint: _453_ (rising edge-triggered flip-flop clocked by CLK100MHZ)
Path Group: CLK100MHZ
Path Type: min

Fanout     Cap    Slew   Delay    Time   Description
-----------------------------------------------------------------------------
                  0.00    0.00    0.00   clock CLK100MHZ (rise edge)
                          0.00    0.00   clock network delay (ideal)
                  0.00    0.00    0.00 ^ _453_/CLK (sky130_fd_sc_hd__dfxtp_2)
     3    0.01    0.05    0.30    0.30 ^ _453_/Q (sky130_fd_sc_hd__dfxtp_2)
                                         rf.regs[0][1] (net)
                  0.05    0.00    0.30 ^ _414_/A (sky130_fd_sc_hd__and2_2)
     1    0.00    0.03    0.12    0.42 ^ _414_/X (sky130_fd_sc_hd__and2_2)
                                         _049_ (net)
                  0.03    0.00    0.42 ^ _415_/A (sky130_fd_sc_hd__buf_1)
     1    0.00    0.03    0.07    0.49 ^ _415_/X (sky130_fd_sc_hd__buf_1)
                                         _019_ (net)
                  0.03    0.00    0.49 ^ _453_/D (sky130_fd_sc_hd__dfxtp_2)
                                  0.49   data arrival time

                  0.00    0.00    0.00   clock CLK100MHZ (rise edge)
                          0.00    0.00   clock network delay (ideal)
                          0.20    0.20   clock uncertainty
                          0.00    0.20   clock reconvergence pessimism
                                  0.20 ^ _453_/CLK (sky130_fd_sc_hd__dfxtp_2)
                         -0.03    0.17   library hold time
                                  0.17   data required time
-----------------------------------------------------------------------------
                                  0.17   data required time
                                 -0.49   data arrival time
-----------------------------------------------------------------------------
                                  0.33   slack (MET)


Startpoint: _449_ (rising edge-triggered flip-flop clocked by CLK100MHZ)
Endpoint: _449_ (rising edge-triggered flip-flop clocked by CLK100MHZ)
Path Group: CLK100MHZ
Path Type: min

Fanout     Cap    Slew   Delay    Time   Description
-----------------------------------------------------------------------------
                  0.00    0.00    0.00   clock CLK100MHZ (rise edge)
                          0.00    0.00   clock network delay (ideal)
                  0.00    0.00    0.00 ^ _449_/CLK (sky130_fd_sc_hd__dfxtp_2)
     2    0.01    0.05    0.30    0.30 ^ _449_/Q (sky130_fd_sc_hd__dfxtp_2)
                                         rf.regs[10][2] (net)
                  0.05    0.00    0.30 ^ _404_/A1 (sky130_fd_sc_hd__mux2_2)
     1    0.00    0.03    0.13    0.43 ^ _404_/X (sky130_fd_sc_hd__mux2_2)
                                         _043_ (net)
                  0.03    0.00    0.43 ^ _405_/A (sky130_fd_sc_hd__buf_1)
     1    0.00    0.03    0.07    0.50 ^ _405_/X (sky130_fd_sc_hd__buf_1)
                                         _015_ (net)
                  0.03    0.00    0.50 ^ _449_/D (sky130_fd_sc_hd__dfxtp_2)
                                  0.50   data arrival time

                  0.00    0.00    0.00   clock CLK100MHZ (rise edge)
                          0.00    0.00   clock network delay (ideal)
                          0.20    0.20   clock uncertainty
                          0.00    0.20   clock reconvergence pessimism
                                  0.20 ^ _449_/CLK (sky130_fd_sc_hd__dfxtp_2)
                         -0.03    0.17   library hold time
                                  0.17   data required time
-----------------------------------------------------------------------------
                                  0.17   data required time
                                 -0.50   data arrival time
-----------------------------------------------------------------------------
                                  0.33   slack (MET)


Startpoint: _442_ (rising edge-triggered flip-flop clocked by CLK100MHZ)
Endpoint: _442_ (rising edge-triggered flip-flop clocked by CLK100MHZ)
Path Group: CLK100MHZ
Path Type: min

Fanout     Cap    Slew   Delay    Time   Description
-----------------------------------------------------------------------------
                  0.00    0.00    0.00   clock CLK100MHZ (rise edge)
                          0.00    0.00   clock network delay (ideal)
                  0.00    0.00    0.00 ^ _442_/CLK (sky130_fd_sc_hd__dfxtp_2)
     2    0.01    0.05    0.30    0.30 ^ _442_/Q (sky130_fd_sc_hd__dfxtp_2)
                                         rf.regs[15][0] (net)
                  0.05    0.00    0.30 ^ _387_/A0 (sky130_fd_sc_hd__mux2_2)
     1    0.00    0.03    0.13    0.43 ^ _387_/X (sky130_fd_sc_hd__mux2_2)
                                         _033_ (net)
                  0.03    0.00    0.43 ^ _388_/A (sky130_fd_sc_hd__buf_1)
     1    0.00    0.03    0.07    0.50 ^ _388_/X (sky130_fd_sc_hd__buf_1)
                                         _008_ (net)
                  0.03    0.00    0.50 ^ _442_/D (sky130_fd_sc_hd__dfxtp_2)
                                  0.50   data arrival time

                  0.00    0.00    0.00   clock CLK100MHZ (rise edge)
                          0.00    0.00   clock network delay (ideal)
                          0.20    0.20   clock uncertainty
                          0.00    0.20   clock reconvergence pessimism
                                  0.20 ^ _442_/CLK (sky130_fd_sc_hd__dfxtp_2)
                         -0.03    0.17   library hold time
                                  0.17   data required time
-----------------------------------------------------------------------------
                                  0.17   data required time
                                 -0.50   data arrival time
-----------------------------------------------------------------------------
                                  0.33   slack (MET)


Startpoint: _454_ (rising edge-triggered flip-flop clocked by CLK100MHZ)
Endpoint: _454_ (rising edge-triggered flip-flop clocked by CLK100MHZ)
Path Group: CLK100MHZ
Path Type: min

Fanout     Cap    Slew   Delay    Time   Description
-----------------------------------------------------------------------------
                  0.00    0.00    0.00   clock CLK100MHZ (rise edge)
                          0.00    0.00   clock network delay (ideal)
                  0.00    0.00    0.00 ^ _454_/CLK (sky130_fd_sc_hd__dfxtp_2)
     3    0.01    0.06    0.31    0.31 ^ _454_/Q (sky130_fd_sc_hd__dfxtp_2)
                                         rf.regs[0][2] (net)
                  0.06    0.00    0.31 ^ _416_/A (sky130_fd_sc_hd__and2_2)
     1    0.00    0.03    0.12    0.43 ^ _416_/X (sky130_fd_sc_hd__and2_2)
                                         _050_ (net)
                  0.03    0.00    0.43 ^ _417_/A (sky130_fd_sc_hd__buf_1)
     1    0.00    0.03    0.07    0.50 ^ _417_/X (sky130_fd_sc_hd__buf_1)
                                         _020_ (net)
                  0.03    0.00    0.50 ^ _454_/D (sky130_fd_sc_hd__dfxtp_2)
                                  0.50   data arrival time

                  0.00    0.00    0.00   clock CLK100MHZ (rise edge)
                          0.00    0.00   clock network delay (ideal)
                          0.20    0.20   clock uncertainty
                          0.00    0.20   clock reconvergence pessimism
                                  0.20 ^ _454_/CLK (sky130_fd_sc_hd__dfxtp_2)
                         -0.03    0.17   library hold time
                                  0.17   data required time
-----------------------------------------------------------------------------
                                  0.17   data required time
                                 -0.50   data arrival time
-----------------------------------------------------------------------------
                                  0.34   slack (MET)


Startpoint: _456_ (rising edge-triggered flip-flop clocked by CLK100MHZ)
Endpoint: _456_ (rising edge-triggered flip-flop clocked by CLK100MHZ)
Path Group: CLK100MHZ
Path Type: min

Fanout     Cap    Slew   Delay    Time   Description
-----------------------------------------------------------------------------
                  0.00    0.00    0.00   clock CLK100MHZ (rise edge)
                          0.00    0.00   clock network delay (ideal)
                  0.00    0.00    0.00 ^ _456_/CLK (sky130_fd_sc_hd__dfxtp_2)
     3    0.01    0.06    0.31    0.31 ^ _456_/Q (sky130_fd_sc_hd__dfxtp_2)
                                         rf.regs[0][4] (net)
                  0.06    0.00    0.31 ^ _420_/A (sky130_fd_sc_hd__and2_2)
     1    0.00    0.03    0.12    0.43 ^ _420_/X (sky130_fd_sc_hd__and2_2)
                                         _052_ (net)
                  0.03    0.00    0.43 ^ _421_/A (sky130_fd_sc_hd__buf_1)
     1    0.00    0.03    0.07    0.50 ^ _421_/X (sky130_fd_sc_hd__buf_1)
                                         _022_ (net)
                  0.03    0.00    0.50 ^ _456_/D (sky130_fd_sc_hd__dfxtp_2)
                                  0.50   data arrival time

                  0.00    0.00    0.00   clock CLK100MHZ (rise edge)
                          0.00    0.00   clock network delay (ideal)
                          0.20    0.20   clock uncertainty
                          0.00    0.20   clock reconvergence pessimism
                                  0.20 ^ _456_/CLK (sky130_fd_sc_hd__dfxtp_2)
                         -0.03    0.17   library hold time
                                  0.17   data required time
-----------------------------------------------------------------------------
                                  0.17   data required time
                                 -0.50   data arrival time
-----------------------------------------------------------------------------
                                  0.34   slack (MET)


Startpoint: _452_ (rising edge-triggered flip-flop clocked by CLK100MHZ)
Endpoint: _452_ (rising edge-triggered flip-flop clocked by CLK100MHZ)
Path Group: CLK100MHZ
Path Type: min

Fanout     Cap    Slew   Delay    Time   Description
-----------------------------------------------------------------------------
                  0.00    0.00    0.00   clock CLK100MHZ (rise edge)
                          0.00    0.00   clock network delay (ideal)
                  0.00    0.00    0.00 ^ _452_/CLK (sky130_fd_sc_hd__dfxtp_2)
     3    0.01    0.06    0.31    0.31 ^ _452_/Q (sky130_fd_sc_hd__dfxtp_2)
                                         rf.regs[0][0] (net)
                  0.06    0.00    0.31 ^ _412_/A (sky130_fd_sc_hd__and2_2)
     1    0.00    0.03    0.12    0.43 ^ _412_/X (sky130_fd_sc_hd__and2_2)
                                         _048_ (net)
                  0.03    0.00    0.43 ^ _413_/A (sky130_fd_sc_hd__buf_1)
     1    0.00    0.03    0.07    0.50 ^ _413_/X (sky130_fd_sc_hd__buf_1)
                                         _018_ (net)
                  0.03    0.00    0.50 ^ _452_/D (sky130_fd_sc_hd__dfxtp_2)
                                  0.50   data arrival time

                  0.00    0.00    0.00   clock CLK100MHZ (rise edge)
                          0.00    0.00   clock network delay (ideal)
                          0.20    0.20   clock uncertainty
                          0.00    0.20   clock reconvergence pessimism
                                  0.20 ^ _452_/CLK (sky130_fd_sc_hd__dfxtp_2)
                         -0.03    0.17   library hold time
                                  0.17   data required time
-----------------------------------------------------------------------------
                                  0.17   data required time
                                 -0.50   data arrival time
-----------------------------------------------------------------------------
                                  0.34   slack (MET)


Startpoint: _441_ (rising edge-triggered flip-flop clocked by CLK100MHZ)
Endpoint: _441_ (rising edge-triggered flip-flop clocked by CLK100MHZ)
Path Group: CLK100MHZ
Path Type: min

Fanout     Cap    Slew   Delay    Time   Description
-----------------------------------------------------------------------------
                  0.00    0.00    0.00   clock CLK100MHZ (rise edge)
                          0.00    0.00   clock network delay (ideal)
                  0.00    0.00    0.00 ^ _441_/CLK (sky130_fd_sc_hd__dfxtp_2)
     2    0.01    0.05    0.30    0.30 ^ _441_/Q (sky130_fd_sc_hd__dfxtp_2)
                                         rf.regs[25][4] (net)
                  0.05    0.00    0.30 ^ _383_/A0 (sky130_fd_sc_hd__mux2_2)
     1    0.00    0.03    0.13    0.44 ^ _383_/X (sky130_fd_sc_hd__mux2_2)
                                         _214_ (net)
                  0.03    0.00    0.44 ^ _384_/A (sky130_fd_sc_hd__buf_1)
     1    0.00    0.03    0.07    0.50 ^ _384_/X (sky130_fd_sc_hd__buf_1)
                                         _007_ (net)
                  0.03    0.00    0.50 ^ _441_/D (sky130_fd_sc_hd__dfxtp_2)
                                  0.50   data arrival time

                  0.00    0.00    0.00   clock CLK100MHZ (rise edge)
                          0.00    0.00   clock network delay (ideal)
                          0.20    0.20   clock uncertainty
                          0.00    0.20   clock reconvergence pessimism
                                  0.20 ^ _441_/CLK (sky130_fd_sc_hd__dfxtp_2)
                         -0.03    0.17   library hold time
                                  0.17   data required time
-----------------------------------------------------------------------------
                                  0.17   data required time
                                 -0.50   data arrival time
-----------------------------------------------------------------------------
                                  0.34   slack (MET)


Startpoint: _461_ (rising edge-triggered flip-flop clocked by CLK100MHZ)
Endpoint: _461_ (rising edge-triggered flip-flop clocked by CLK100MHZ)
Path Group: CLK100MHZ
Path Type: min

Fanout     Cap    Slew   Delay    Time   Description
-----------------------------------------------------------------------------
                  0.00    0.00    0.00   clock CLK100MHZ (rise edge)
                          0.00    0.00   clock network delay (ideal)
                  0.00    0.00    0.00 ^ _461_/CLK (sky130_fd_sc_hd__dfxtp_2)
     3    0.01    0.05    0.31    0.31 ^ _461_/Q (sky130_fd_sc_hd__dfxtp_2)
                                         rf.regs[5][4] (net)
                  0.05    0.00    0.31 ^ _432_/A0 (sky130_fd_sc_hd__mux2_2)
     1    0.00    0.03    0.13    0.44 ^ _432_/X (sky130_fd_sc_hd__mux2_2)
                                         _059_ (net)
                  0.03    0.00    0.44 ^ _433_/A (sky130_fd_sc_hd__buf_1)
     1    0.00    0.03    0.07    0.51 ^ _433_/X (sky130_fd_sc_hd__buf_1)
                                         _027_ (net)
                  0.03    0.00    0.51 ^ _461_/D (sky130_fd_sc_hd__dfxtp_2)
                                  0.51   data arrival time

                  0.00    0.00    0.00   clock CLK100MHZ (rise edge)
                          0.00    0.00   clock network delay (ideal)
                          0.20    0.20   clock uncertainty
                          0.00    0.20   clock reconvergence pessimism
                                  0.20 ^ _461_/CLK (sky130_fd_sc_hd__dfxtp_2)
                         -0.03    0.17   library hold time
                                  0.17   data required time
-----------------------------------------------------------------------------
                                  0.17   data required time
                                 -0.51   data arrival time
-----------------------------------------------------------------------------
                                  0.34   slack (MET)


Startpoint: _438_ (rising edge-triggered flip-flop clocked by CLK100MHZ)
Endpoint: _438_ (rising edge-triggered flip-flop clocked by CLK100MHZ)
Path Group: CLK100MHZ
Path Type: min

Fanout     Cap    Slew   Delay    Time   Description
-----------------------------------------------------------------------------
                  0.00    0.00    0.00   clock CLK100MHZ (rise edge)
                          0.00    0.00   clock network delay (ideal)
                  0.00    0.00    0.00 ^ _438_/CLK (sky130_fd_sc_hd__dfxtp_2)
     3    0.01    0.06    0.31    0.31 ^ _438_/Q (sky130_fd_sc_hd__dfxtp_2)
                                         rf.regs[25][1] (net)
                  0.06    0.00    0.31 ^ _367_/A0 (sky130_fd_sc_hd__mux2_2)
     1    0.00    0.03    0.13    0.45 ^ _367_/X (sky130_fd_sc_hd__mux2_2)
                                         _201_ (net)
                  0.03    0.00    0.45 ^ _368_/A (sky130_fd_sc_hd__buf_1)
     1    0.00    0.03    0.07    0.51 ^ _368_/X (sky130_fd_sc_hd__buf_1)
                                         _004_ (net)
                  0.03    0.00    0.51 ^ _438_/D (sky130_fd_sc_hd__dfxtp_2)
                                  0.51   data arrival time

                  0.00    0.00    0.00   clock CLK100MHZ (rise edge)
                          0.00    0.00   clock network delay (ideal)
                          0.20    0.20   clock uncertainty
                          0.00    0.20   clock reconvergence pessimism
                                  0.20 ^ _438_/CLK (sky130_fd_sc_hd__dfxtp_2)
                         -0.03    0.17   library hold time
                                  0.17   data required time
-----------------------------------------------------------------------------
                                  0.17   data required time
                                 -0.51   data arrival time
-----------------------------------------------------------------------------
                                  0.35   slack (MET)


Startpoint: _463_ (rising edge-triggered flip-flop clocked by CLK100MHZ)
Endpoint: _463_ (rising edge-triggered flip-flop clocked by CLK100MHZ)
Path Group: CLK100MHZ
Path Type: min

Fanout     Cap    Slew   Delay    Time   Description
-----------------------------------------------------------------------------
                  0.00    0.00    0.00   clock CLK100MHZ (rise edge)
                          0.00    0.00   clock network delay (ideal)
                  0.00    0.00    0.00 ^ _463_/CLK (sky130_fd_sc_hd__dfrtp_2)
    10    0.02    0.08    0.41    0.41 v _463_/Q (sky130_fd_sc_hd__dfrtp_2)
                                         imem.address[1] (net)
                  0.08    0.00    0.41 v _220_/A (sky130_fd_sc_hd__buf_1)
    10    0.03    0.17    0.22    0.63 v _220_/X (sky130_fd_sc_hd__buf_1)
                                         _065_ (net)
                  0.17    0.00    0.63 v _225_/B1 (sky130_fd_sc_hd__a21oi_2)
     1    0.00    0.09    0.16    0.79 ^ _225_/Y (sky130_fd_sc_hd__a21oi_2)
                                         _069_ (net)
                  0.09    0.00    0.79 ^ _226_/B (sky130_fd_sc_hd__nor2_2)
     1    0.00    0.02    0.03    0.82 v _226_/Y (sky130_fd_sc_hd__nor2_2)
                                         _029_ (net)
                  0.02    0.00    0.82 v _463_/D (sky130_fd_sc_hd__dfrtp_2)
                                  0.82   data arrival time

                  0.00    0.00    0.00   clock CLK100MHZ (rise edge)
                          0.00    0.00   clock network delay (ideal)
                          0.20    0.20   clock uncertainty
                          0.00    0.20   clock reconvergence pessimism
                                  0.20 ^ _463_/CLK (sky130_fd_sc_hd__dfrtp_2)
                         -0.04    0.16   library hold time
                                  0.16   data required time
-----------------------------------------------------------------------------
                                  0.16   data required time
                                 -0.82   data arrival time
-----------------------------------------------------------------------------
                                  0.67   slack (MET)


Startpoint: _462_ (rising edge-triggered flip-flop clocked by CLK100MHZ)
Endpoint: _462_ (rising edge-triggered flip-flop clocked by CLK100MHZ)
Path Group: CLK100MHZ
Path Type: min

Fanout     Cap    Slew   Delay    Time   Description
-----------------------------------------------------------------------------
                  0.00    0.00    0.00   clock CLK100MHZ (rise edge)
                          0.00    0.00   clock network delay (ideal)
                  0.00    0.00    0.00 ^ _462_/CLK (sky130_fd_sc_hd__dfrtp_2)
     4    0.01    0.06    0.39    0.39 v _462_/Q (sky130_fd_sc_hd__dfrtp_2)
                                         imem.address[0] (net)
                  0.06    0.00    0.39 v _221_/A (sky130_fd_sc_hd__buf_1)
    10    0.02    0.13    0.18    0.57 v _221_/X (sky130_fd_sc_hd__buf_1)
                                         _066_ (net)
                  0.13    0.00    0.57 v _222_/A (sky130_fd_sc_hd__buf_1)
     9    0.03    0.16    0.23    0.80 v _222_/X (sky130_fd_sc_hd__buf_1)
                                         _067_ (net)
                  0.16    0.00    0.80 v _227_/B (sky130_fd_sc_hd__xor2_2)
     1    0.00    0.06    0.14    0.94 ^ _227_/X (sky130_fd_sc_hd__xor2_2)
                                         _028_ (net)
                  0.06    0.00    0.94 ^ _462_/D (sky130_fd_sc_hd__dfrtp_2)
                                  0.94   data arrival time

                  0.00    0.00    0.00   clock CLK100MHZ (rise edge)
                          0.00    0.00   clock network delay (ideal)
                          0.20    0.20   clock uncertainty
                          0.00    0.20   clock reconvergence pessimism
                                  0.20 ^ _462_/CLK (sky130_fd_sc_hd__dfrtp_2)
                         -0.04    0.16   library hold time
                                  0.16   data required time
-----------------------------------------------------------------------------
                                  0.16   data required time
                                 -0.94   data arrival time
-----------------------------------------------------------------------------
                                  0.78   slack (MET)


Startpoint: _463_ (rising edge-triggered flip-flop clocked by CLK100MHZ)
Endpoint: _464_ (rising edge-triggered flip-flop clocked by CLK100MHZ)
Path Group: CLK100MHZ
Path Type: min

Fanout     Cap    Slew   Delay    Time   Description
-----------------------------------------------------------------------------
                  0.00    0.00    0.00   clock CLK100MHZ (rise edge)
                          0.00    0.00   clock network delay (ideal)
                  0.00    0.00    0.00 ^ _463_/CLK (sky130_fd_sc_hd__dfrtp_2)
    10    0.02    0.08    0.41    0.41 v _463_/Q (sky130_fd_sc_hd__dfrtp_2)
                                         imem.address[1] (net)
                  0.08    0.00    0.41 v _220_/A (sky130_fd_sc_hd__buf_1)
    10    0.03    0.17    0.22    0.63 v _220_/X (sky130_fd_sc_hd__buf_1)
                                         _065_ (net)
                  0.17    0.00    0.63 v _223_/B (sky130_fd_sc_hd__and3_2)
     2    0.01    0.06    0.28    0.91 v _223_/X (sky130_fd_sc_hd__and3_2)
                                         _068_ (net)
                  0.06    0.00    0.91 v _224_/B (sky130_fd_sc_hd__xor2_2)
     1    0.00    0.06    0.11    1.01 ^ _224_/X (sky130_fd_sc_hd__xor2_2)
                                         _030_ (net)
                  0.06    0.00    1.01 ^ _464_/D (sky130_fd_sc_hd__dfrtp_2)
                                  1.01   data arrival time

                  0.00    0.00    0.00   clock CLK100MHZ (rise edge)
                          0.00    0.00   clock network delay (ideal)
                          0.20    0.20   clock uncertainty
                          0.00    0.20   clock reconvergence pessimism
                                  0.20 ^ _464_/CLK (sky130_fd_sc_hd__dfrtp_2)
                         -0.04    0.16   library hold time
                                  0.16   data required time
-----------------------------------------------------------------------------
                                  0.16   data required time
                                 -1.01   data arrival time
-----------------------------------------------------------------------------
                                  0.86   slack (MET)



worst slack corner Typical: 0.3183
