
===========================================================================
report_checks -unconstrained
===========================================================================
======================= Typical Corner ===================================

Startpoint: _462_ (rising edge-triggered flip-flop clocked by CLK100MHZ)
Endpoint: _440_ (rising edge-triggered flip-flop clocked by CLK100MHZ)
Path Group: CLK100MHZ
Path Type: max

Fanout     Cap    Slew   Delay    Time   Description
-----------------------------------------------------------------------------
                  0.00    0.00    0.00   clock CLK100MHZ (rise edge)
                          0.00    0.00   clock network delay (ideal)
                  0.00    0.00    0.00 ^ _462_/CLK (sky130_fd_sc_hd__dfrtp_2)
     4    0.01    0.06    0.39    0.39 v _462_/Q (sky130_fd_sc_hd__dfrtp_2)
                                         imem.address[0] (net)
                  0.06    0.00    0.39 v _221_/A (sky130_fd_sc_hd__buf_1)
    10    0.02    0.13    0.18    0.57 v _221_/X (sky130_fd_sc_hd__buf_1)
                                         _066_ (net)
                  0.13    0.00    0.57 v _222_/A (sky130_fd_sc_hd__buf_1)
     9    0.03    0.16    0.23    0.80 v _222_/X (sky130_fd_sc_hd__buf_1)
                                         _067_ (net)
                  0.16    0.00    0.80 v _246_/C (sky130_fd_sc_hd__and3b_2)
     1    0.00    0.04    0.25    1.04 v _246_/X (sky130_fd_sc_hd__and3b_2)
                                         _088_ (net)
                  0.04    0.00    1.04 v _247_/A (sky130_fd_sc_hd__buf_1)
     7    0.02    0.11    0.15    1.19 v _247_/X (sky130_fd_sc_hd__buf_1)
                                         _089_ (net)
                  0.11    0.00    1.19 v _248_/B (sky130_fd_sc_hd__or2_2)
     1    0.00    0.05    0.28    1.48 v _248_/X (sky130_fd_sc_hd__or2_2)
                                         _090_ (net)
                  0.05    0.00    1.48 v _249_/A (sky130_fd_sc_hd__buf_1)
     5    0.01    0.08    0.13    1.61 v _249_/X (sky130_fd_sc_hd__buf_1)
                                         _091_ (net)
                  0.08    0.00    1.61 v _266_/A2 (sky130_fd_sc_hd__a21o_2)
     2    0.00    0.04    0.22    1.83 v _266_/X (sky130_fd_sc_hd__a21o_2)
                                         _108_ (net)
                  0.04    0.00    1.83 v _268_/B (sky130_fd_sc_hd__or3_2)
     2    0.01    0.09    0.46    2.29 v _268_/X (sky130_fd_sc_hd__or3_2)
                                         _110_ (net)
                  0.09    0.00    2.29 v _312_/A2 (sky130_fd_sc_hd__a21oi_2)
     3    0.01    0.17    0.21    2.50 ^ _312_/Y (sky130_fd_sc_hd__a21oi_2)
                                         _154_ (net)
                  0.17    0.00    2.50 ^ _319_/A2 (sky130_fd_sc_hd__o21ai_2)
     3    0.01    0.07    0.09    2.59 v _319_/Y (sky130_fd_sc_hd__o21ai_2)
                                         _161_ (net)
                  0.07    0.00    2.59 v _327_/A (sky130_fd_sc_hd__or2_2)
     1    0.00    0.05    0.29    2.88 v _327_/X (sky130_fd_sc_hd__or2_2)
                                         _169_ (net)
                  0.05    0.00    2.88 v _332_/A2 (sky130_fd_sc_hd__a32o_2)
     8    0.02    0.08    0.32    3.20 v _332_/X (sky130_fd_sc_hd__a32o_2)
                                         _174_ (net)
                  0.08    0.00    3.20 v _371_/A1 (sky130_fd_sc_hd__mux2_2)
     1    0.00    0.05    0.27    3.46 v _371_/X (sky130_fd_sc_hd__mux2_2)
                                         _203_ (net)
                  0.05    0.00    3.46 v _372_/A (sky130_fd_sc_hd__buf_1)
     1    0.00    0.02    0.08    3.54 v _372_/X (sky130_fd_sc_hd__buf_1)
                                         _006_ (net)
                  0.02    0.00    3.54 v _440_/D (sky130_fd_sc_hd__dfxtp_2)
                                  3.54   data arrival time

                  0.00   10.00   10.00   clock CLK100MHZ (rise edge)
                          0.00   10.00   clock network delay (ideal)
                         -0.20    9.80   clock uncertainty
                          0.00    9.80   clock reconvergence pessimism
                                  9.80 ^ _440_/CLK (sky130_fd_sc_hd__dfxtp_2)
                         -0.11    9.69   library setup time
                                  9.69   data required time
-----------------------------------------------------------------------------
                                  9.69   data required time
                                 -3.54   data arrival time
-----------------------------------------------------------------------------
                                  6.14   slack (MET)




===========================================================================
report_checks --slack_max -0.01
============================================================================
======================= Typical Corner ===================================

No paths found.


===========================================================================
 report_check_types -max_slew -max_cap -max_fanout -violators
============================================================================
======================= Typical Corner ===================================


max slew violations count Typical: 0
max fanout violations count Typical: 0
max cap violations count Typical: 0

===========================================================================
report_parasitic_annotation -report_unannotated
============================================================================
Found 261 unannotated drivers.
 BTNR
 BTNU
 CLK100MHZ
 _215_/X
 _216_/X
 _217_/X
 _218_/X
 _219_/X
 _220_/X
 _221_/X
 _222_/X
 _223_/X
 _224_/X
 _225_/Y
 _226_/Y
 _227_/X
 _228_/Y
 _229_/Y
 _230_/Y
 _231_/X
 _232_/X
 _233_/X
 _234_/X
 _235_/X
 _236_/X
 _237_/Y
 _238_/Y
 _239_/X
 _240_/X
 _241_/X
 _242_/X
 _243_/X
 _244_/X
 _245_/X
 _246_/X
 _247_/X
 _248_/X
 _249_/X
 _250_/Y
 _251_/Y
 _252_/X
 _253_/X
 _254_/Y
 _255_/X
 _256_/X
 _257_/Y
 _258_/X
 _259_/Y
 _260_/X
 _261_/Y
 _262_/Y
 _263_/X
 _264_/Y
 _265_/X
 _266_/X
 _267_/X
 _268_/X
 _269_/X
 _270_/X
 _271_/X
 _272_/Y
 _273_/X
 _274_/X
 _275_/X
 _276_/X
 _277_/X
 _278_/X
 _279_/Y
 _280_/Y
 _281_/X
 _282_/X
 _283_/X
 _284_/X
 _285_/X
 _286_/Y
 _287_/X
 _288_/X
 _289_/X
 _290_/X
 _291_/Y
 _292_/X
 _293_/X
 _294_/Y
 _295_/X
 _296_/X
 _297_/X
 _298_/X
 _299_/Y
 _300_/Y
 _301_/Y
 _302_/X
 _303_/X
 _304_/Y
 _305_/X
 _306_/X
 _307_/X
 _308_/X
 _309_/Y
 _310_/Y
 _311_/X
 _312_/Y
 _313_/X
 _314_/Y
 _315_/X
 _316_/Y
 _317_/Y
 _318_/X
 _319_/Y
 _320_/X
 _321_/X
 _322_/X
 _323_/Y
 _324_/X
 _325_/Y
 _326_/Y
 _327_/X
 _328_/Y
 _329_/Y
 _330_/X
 _331_/X
 _332_/X
 _333_/X
 _334_/X
 _335_/X
 _336_/Y
 _337_/X
 _338_/X
 _339_/X
 _340_/X
 _341_/Y
 _342_/X
 _343_/Y
 _344_/Y
 _345_/Y
 _346_/Y
 _347_/Y
 _348_/Y
 _349_/Y
 _350_/Y
 _351_/X
 _352_/Y
 _353_/Y
 _354_/Y
 _355_/X
 _356_/X
 _357_/X
 _358_/Y
 _359_/X
 _360_/Y
 _361_/X
 _362_/X
 _363_/X
 _364_/X
 _365_/X
 _366_/X
 _367_/X
 _368_/X
 _369_/X
 _370_/X
 _371_/X
 _372_/X
 _373_/Y
 _374_/Y
 _375_/X
 _376_/X
 _377_/X
 _378_/Y
 _379_/X
 _380_/X
 _381_/X
 _382_/Y
 _383_/X
 _384_/X
 _385_/X
 _386_/X
 _387_/X
 _388_/X
 _389_/X
 _390_/X
 _391_/X
 _392_/X
 _393_/X
 _394_/X
 _395_/X
 _396_/X
 _397_/X
 _398_/X
 _399_/X
 _400_/X
 _401_/X
 _402_/X
 _403_/X
 _404_/X
 _405_/X
 _406_/X
 _407_/X
 _408_/X
 _409_/X
 _410_/Y
 _411_/X
 _412_/X
 _413_/X
 _414_/X
 _415_/X
 _416_/X
 _417_/X
 _418_/X
 _419_/X
 _420_/X
 _421_/X
 _422_/X
 _423_/X
 _424_/X
 _425_/X
 _426_/X
 _427_/X
 _428_/X
 _429_/X
 _430_/X
 _431_/X
 _432_/X
 _433_/X
 _434_/Y
 _435_/Y
 _436_/Y
 _437_/Q
 _438_/Q
 _439_/Q
 _440_/Q
 _441_/Q
 _442_/Q
 _443_/Q
 _444_/Q
 _445_/Q
 _446_/Q
 _447_/Q
 _448_/Q
 _449_/Q
 _450_/Q
 _451_/Q
 _452_/Q
 _453_/Q
 _454_/Q
 _455_/Q
 _456_/Q
 _457_/Q
 _458_/Q
 _459_/Q
 _460_/Q
 _461_/Q
 _462_/Q
 _463_/Q
 _464_/Q
 _465_/HI
 _465_/LO
 _466_/HI
 _466_/LO
 _467_/HI
 _467_/LO
 _468_/HI
 _468_/LO
Found 0 partially unannotated drivers.

===========================================================================
max slew violation count 0
max fanout violation count 0
max cap violation count 0
============================================================================

===========================================================================
check_setup -verbose -unconstrained_endpoints -multiple_clock -no_clock -no_input_delay -loops -generated_clocks
===========================================================================
Warning: There are 2 input ports missing set_input_delay.
  BTNR
  BTNU
Warning: There are 11 unconstrained endpoints.
  an[0]
  an[1]
  an[2]
  an[3]
  seg[0]
  seg[1]
  seg[2]
  seg[3]
  seg[4]
  seg[5]
  seg[6]
