OpenROAD b16bda7e82721d10566ff7e2b68f1ff0be9f9e38 
Features included (+) or not (-): +Charts +GPU +GUI +Python
This program is licensed under the BSD-3 license. See the LICENSE file for details.
Components of this program may be licensed under more restrictive licenses which must be honored.
define_corners Typical
read_liberty -corner Typical /home/pikachu/.volare/sky130A/libs.ref/sky130_fd_sc_hd/lib/sky130_fd_sc_hd__tt_025C_1v80.lib
Using 1e-12 for capacitance...
Using 1e+03 for resistance...
Using 1e-09 for time...
Using 1e+00 for voltage...
Using 1e-03 for current...
Using 1e-09 for power...
Using 1e-06 for distance...
[INFO]: Reading ODB at '/openlane/designs/TopZeroToFive/runs/RUN_2025.05.25_10.40.04/tmp/routing/21-fill.odb'…
Reading design constraints file at '/openlane/designs/TopZeroToFive/constraints/topz5_pnr.sdc'…
[INFO ORD-0030] Using 2 thread(s).
[INFO DRT-0149] Reading tech and libs.
[WARNING DRT-0349] LEF58_ENCLOSURE with no CUTCLASS is not supported. Skipping for layer mcon
[WARNING DRT-0349] LEF58_ENCLOSURE with no CUTCLASS is not supported. Skipping for layer mcon
[WARNING DRT-0349] LEF58_ENCLOSURE with no CUTCLASS is not supported. Skipping for layer via
[WARNING DRT-0349] LEF58_ENCLOSURE with no CUTCLASS is not supported. Skipping for layer via
[WARNING DRT-0349] LEF58_ENCLOSURE with no CUTCLASS is not supported. Skipping for layer via2
[WARNING DRT-0349] LEF58_ENCLOSURE with no CUTCLASS is not supported. Skipping for layer via2
[WARNING DRT-0349] LEF58_ENCLOSURE with no CUTCLASS is not supported. Skipping for layer via3
[WARNING DRT-0349] LEF58_ENCLOSURE with no CUTCLASS is not supported. Skipping for layer via3
[WARNING DRT-0349] LEF58_ENCLOSURE with no CUTCLASS is not supported. Skipping for layer via4
[WARNING DRT-0349] LEF58_ENCLOSURE with no CUTCLASS is not supported. Skipping for layer via4

Units:                1000
Number of layers:     13
Number of macros:     441
Number of vias:       29
Number of viarulegen: 25

[INFO DRT-0150] Reading design.

Design:                   TopZeroToFive
Die area:                 ( 0 0 ) ( 100000 100000 )
Number of track patterns: 12
Number of DEF vias:       0
Number of components:     810
Number of terminals:      19
Number of snets:          2
Number of nets:           116

[INFO DRT-0167] List of default vias:
  Layer via
    default via: M1M2_PR
  Layer via2
    default via: M2M3_PR
  Layer via3
    default via: M3M4_PR
  Layer via4
    default via: M4M5_PR
[INFO DRT-0162] Library cell analysis.
[INFO DRT-0163] Instance analysis.
[INFO DRT-0164] Number of unique instances = 82.
[INFO DRT-0168] Init region query.
[INFO DRT-0024]   Complete FR_MASTERSLICE.
[INFO DRT-0024]   Complete Fr_VIA.
[INFO DRT-0024]   Complete li1.
[INFO DRT-0024]   Complete mcon.
[INFO DRT-0024]   Complete met1.
[INFO DRT-0024]   Complete via.
[INFO DRT-0024]   Complete met2.
[INFO DRT-0024]   Complete via2.
[INFO DRT-0024]   Complete met3.
[INFO DRT-0024]   Complete via3.
[INFO DRT-0024]   Complete met4.
[INFO DRT-0024]   Complete via4.
[INFO DRT-0024]   Complete met5.
[INFO DRT-0033] FR_MASTERSLICE shape region query size = 0.
[INFO DRT-0033] FR_VIA shape region query size = 0.
[INFO DRT-0033] li1 shape region query size = 7646.
[INFO DRT-0033] mcon shape region query size = 6264.
[INFO DRT-0033] met1 shape region query size = 1981.
[INFO DRT-0033] via shape region query size = 580.
[INFO DRT-0033] met2 shape region query size = 365.
[INFO DRT-0033] via2 shape region query size = 464.
[INFO DRT-0033] met3 shape region query size = 348.
[INFO DRT-0033] via3 shape region query size = 464.
[INFO DRT-0033] met4 shape region query size = 156.
[INFO DRT-0033] via4 shape region query size = 24.
[INFO DRT-0033] met5 shape region query size = 36.
[INFO DRT-0165] Start pin access.
[INFO DRT-0078]   Complete 204 pins.
[INFO DRT-0081]   Complete 64 unique inst patterns.
[INFO DRT-0084]   Complete 105 groups.
#scanned instances     = 810
#unique  instances     = 82
#stdCellGenAp          = 1768
#stdCellValidPlanarAp  = 16
#stdCellValidViaAp     = 1233
#stdCellPinNoAp        = 0
#stdCellPinCnt         = 345
#instTermValidViaApCnt = 0
#macroGenAp            = 0
#macroValidPlanarAp    = 0
#macroValidViaAp       = 0
#macroNoAp             = 0
[INFO DRT-0166] Complete pin access.
[INFO DRT-0267] cpu time = 00:00:06, elapsed time = 00:00:02, memory = 117.00 (MB), peak = 117.00 (MB)

Number of guides:     1077

[INFO DRT-0169] Post process guides.
[INFO DRT-0176] GCELLGRID X 0 DO 14 STEP 6900 ;
[INFO DRT-0177] GCELLGRID Y 0 DO 14 STEP 6900 ;
[INFO DRT-0028]   Complete FR_MASTERSLICE.
[INFO DRT-0028]   Complete Fr_VIA.
[INFO DRT-0028]   Complete li1.
[INFO DRT-0028]   Complete mcon.
[INFO DRT-0028]   Complete met1.
[INFO DRT-0028]   Complete via.
[INFO DRT-0028]   Complete met2.
[INFO DRT-0028]   Complete via2.
[INFO DRT-0028]   Complete met3.
[INFO DRT-0028]   Complete via3.
[INFO DRT-0028]   Complete met4.
[INFO DRT-0028]   Complete via4.
[INFO DRT-0028]   Complete met5.
[INFO DRT-0178] Init guide query.
[INFO DRT-0035]   Complete FR_MASTERSLICE (guide).
[INFO DRT-0035]   Complete Fr_VIA (guide).
[INFO DRT-0035]   Complete li1 (guide).
[INFO DRT-0035]   Complete mcon (guide).
[INFO DRT-0035]   Complete met1 (guide).
[INFO DRT-0035]   Complete via (guide).
[INFO DRT-0035]   Complete met2 (guide).
[INFO DRT-0035]   Complete via2 (guide).
[INFO DRT-0035]   Complete met3 (guide).
[INFO DRT-0035]   Complete via3 (guide).
[INFO DRT-0035]   Complete met4 (guide).
[INFO DRT-0035]   Complete via4 (guide).
[INFO DRT-0035]   Complete met5 (guide).
[INFO DRT-0036] FR_MASTERSLICE guide region query size = 0.
[INFO DRT-0036] FR_VIA guide region query size = 0.
[INFO DRT-0036] li1 guide region query size = 333.
[INFO DRT-0036] mcon guide region query size = 0.
[INFO DRT-0036] met1 guide region query size = 337.
[INFO DRT-0036] via guide region query size = 0.
[INFO DRT-0036] met2 guide region query size = 202.
[INFO DRT-0036] via2 guide region query size = 0.
[INFO DRT-0036] met3 guide region query size = 8.
[INFO DRT-0036] via3 guide region query size = 0.
[INFO DRT-0036] met4 guide region query size = 3.
[INFO DRT-0036] via4 guide region query size = 0.
[INFO DRT-0036] met5 guide region query size = 0.
[INFO DRT-0179] Init gr pin query.
[INFO DRT-0245] skipped writing guide updates to database.
[INFO DRT-0185] Post process initialize RPin region query.
[INFO DRT-0181] Start track assignment.
[INFO DRT-0184] Done with 538 vertical wires in 1 frboxes and 345 horizontal wires in 1 frboxes.
[INFO DRT-0186] Done with 61 vertical wires in 1 frboxes and 93 horizontal wires in 1 frboxes.
[INFO DRT-0182] Complete track assignment.
[INFO DRT-0267] cpu time = 00:00:00, elapsed time = 00:00:00, memory = 122.82 (MB), peak = 122.82 (MB)
[INFO DRT-0187] Start routing data preparation.
[INFO DRT-0267] cpu time = 00:00:00, elapsed time = 00:00:00, memory = 122.82 (MB), peak = 122.82 (MB)
[INFO DRT-0194] Start detail routing.
[INFO DRT-0195] Start 0th optimization iteration.
    Completing 10% with 0 violations.
    elapsed time = 00:00:00, memory = 128.66 (MB).
    Completing 20% with 0 violations.
    elapsed time = 00:00:00, memory = 129.18 (MB).
    Completing 30% with 6 violations.
    elapsed time = 00:00:00, memory = 131.35 (MB).
    Completing 40% with 13 violations.
    elapsed time = 00:00:00, memory = 135.92 (MB).
[INFO DRT-0199]   Number of violations = 33.
Viol/Layer        met1   met2   met3
Metal Spacing        1      5      1
Recheck              6      3      2
Short                8      7      0
[INFO DRT-0267] cpu time = 00:00:01, elapsed time = 00:00:01, memory = 484.27 (MB), peak = 484.27 (MB)
Total wire length = 7285 um.
Total wire length on LAYER li1 = 0 um.
Total wire length on LAYER met1 = 3472 um.
Total wire length on LAYER met2 = 3511 um.
Total wire length on LAYER met3 = 210 um.
Total wire length on LAYER met4 = 91 um.
Total wire length on LAYER met5 = 0 um.
Total number of vias = 786.
Up-via summary (total 786):

----------------------
 FR_MASTERSLICE      0
            li1    343
           met1    427
           met2     10
           met3      6
           met4      0
----------------------
                   786


[INFO DRT-0195] Start 1st optimization iteration.
    Completing 10% with 33 violations.
    elapsed time = 00:00:00, memory = 484.27 (MB).
    Completing 20% with 33 violations.
    elapsed time = 00:00:00, memory = 484.27 (MB).
    Completing 30% with 33 violations.
    elapsed time = 00:00:00, memory = 485.04 (MB).
    Completing 40% with 33 violations.
    elapsed time = 00:00:00, memory = 485.04 (MB).
    Completing 50% with 33 violations.
    elapsed time = 00:00:00, memory = 485.81 (MB).
    Completing 60% with 33 violations.
    elapsed time = 00:00:00, memory = 485.81 (MB).
    Completing 70% with 33 violations.
    elapsed time = 00:00:00, memory = 485.81 (MB).
    Completing 80% with 33 violations.
    elapsed time = 00:00:00, memory = 485.81 (MB).
    Completing 90% with 31 violations.
    elapsed time = 00:00:00, memory = 485.81 (MB).
    Completing 100% with 6 violations.
    elapsed time = 00:00:00, memory = 485.81 (MB).
[INFO DRT-0199]   Number of violations = 6.
Viol/Layer        met1   met2
Metal Spacing        0      4
Short                1      1
[INFO DRT-0267] cpu time = 00:00:01, elapsed time = 00:00:00, memory = 486.20 (MB), peak = 486.20 (MB)
Total wire length = 7240 um.
Total wire length on LAYER li1 = 0 um.
Total wire length on LAYER met1 = 3454 um.
Total wire length on LAYER met2 = 3490 um.
Total wire length on LAYER met3 = 204 um.
Total wire length on LAYER met4 = 90 um.
Total wire length on LAYER met5 = 0 um.
Total number of vias = 785.
Up-via summary (total 785):

----------------------
 FR_MASTERSLICE      0
            li1    343
           met1    428
           met2     10
           met3      4
           met4      0
----------------------
                   785


[INFO DRT-0195] Start 2nd optimization iteration.
    Completing 10% with 6 violations.
    elapsed time = 00:00:00, memory = 486.20 (MB).
    Completing 20% with 6 violations.
    elapsed time = 00:00:00, memory = 486.20 (MB).
    Completing 30% with 6 violations.
    elapsed time = 00:00:00, memory = 486.20 (MB).
    Completing 40% with 6 violations.
    elapsed time = 00:00:00, memory = 486.20 (MB).
    Completing 50% with 6 violations.
    elapsed time = 00:00:00, memory = 486.20 (MB).
    Completing 60% with 6 violations.
    elapsed time = 00:00:00, memory = 497.73 (MB).
    Completing 70% with 5 violations.
    elapsed time = 00:00:00, memory = 497.73 (MB).
    Completing 80% with 5 violations.
    elapsed time = 00:00:00, memory = 497.73 (MB).
    Completing 90% with 4 violations.
    elapsed time = 00:00:00, memory = 497.79 (MB).
    Completing 100% with 16 violations.
    elapsed time = 00:00:00, memory = 497.79 (MB).
[INFO DRT-0199]   Number of violations = 16.
Viol/Layer        met1   met2
Metal Spacing        0      4
Short               11      1
[INFO DRT-0267] cpu time = 00:00:01, elapsed time = 00:00:00, memory = 497.79 (MB), peak = 505.33 (MB)
Total wire length = 7250 um.
Total wire length on LAYER li1 = 0 um.
Total wire length on LAYER met1 = 3470 um.
Total wire length on LAYER met2 = 3490 um.
Total wire length on LAYER met3 = 199 um.
Total wire length on LAYER met4 = 89 um.
Total wire length on LAYER met5 = 0 um.
Total number of vias = 789.
Up-via summary (total 789):

----------------------
 FR_MASTERSLICE      0
            li1    343
           met1    432
           met2     10
           met3      4
           met4      0
----------------------
                   789


[INFO DRT-0195] Start 3rd optimization iteration.
    Completing 10% with 16 violations.
    elapsed time = 00:00:00, memory = 497.79 (MB).
    Completing 20% with 16 violations.
    elapsed time = 00:00:00, memory = 500.88 (MB).
    Completing 30% with 13 violations.
    elapsed time = 00:00:00, memory = 505.45 (MB).
    Completing 40% with 1 violations.
    elapsed time = 00:00:00, memory = 505.45 (MB).
[INFO DRT-0199]   Number of violations = 0.
[INFO DRT-0267] cpu time = 00:00:00, elapsed time = 00:00:00, memory = 505.45 (MB), peak = 505.45 (MB)
Total wire length = 7245 um.
Total wire length on LAYER li1 = 0 um.
Total wire length on LAYER met1 = 3370 um.
Total wire length on LAYER met2 = 3488 um.
Total wire length on LAYER met3 = 296 um.
Total wire length on LAYER met4 = 89 um.
Total wire length on LAYER met5 = 0 um.
Total number of vias = 787.
Up-via summary (total 787):

----------------------
 FR_MASTERSLICE      0
            li1    343
           met1    420
           met2     20
           met3      4
           met4      0
----------------------
                   787


[INFO DRT-0198] Complete detail routing.
Total wire length = 7245 um.
Total wire length on LAYER li1 = 0 um.
Total wire length on LAYER met1 = 3370 um.
Total wire length on LAYER met2 = 3488 um.
Total wire length on LAYER met3 = 296 um.
Total wire length on LAYER met4 = 89 um.
Total wire length on LAYER met5 = 0 um.
Total number of vias = 787.
Up-via summary (total 787):

----------------------
 FR_MASTERSLICE      0
            li1    343
           met1    420
           met2     20
           met3      4
           met4      0
----------------------
                   787


[INFO DRT-0267] cpu time = 00:00:05, elapsed time = 00:00:03, memory = 505.45 (MB), peak = 505.45 (MB)

[INFO DRT-0180] Post processing.
Setting global connections for newly added cells…
Writing OpenROAD database to '/openlane/designs/TopZeroToFive/runs/RUN_2025.05.25_10.40.04/results/routing/TopZeroToFive.odb'…
Writing netlist to '/openlane/designs/TopZeroToFive/runs/RUN_2025.05.25_10.40.04/results/routing/TopZeroToFive.nl.v'…
Writing powered netlist to '/openlane/designs/TopZeroToFive/runs/RUN_2025.05.25_10.40.04/results/routing/TopZeroToFive.pnl.v'…
Writing layout to '/openlane/designs/TopZeroToFive/runs/RUN_2025.05.25_10.40.04/results/routing/TopZeroToFive.def'…
