OpenROAD b16bda7e82721d10566ff7e2b68f1ff0be9f9e38 
Features included (+) or not (-): +Charts +GPU +GUI +Python
This program is licensed under the BSD-3 license. See the LICENSE file for details.
Components of this program may be licensed under more restrictive licenses which must be honored.
define_corners Typical
read_liberty -corner Typical /home/pikachu/.volare/sky130A/libs.ref/sky130_fd_sc_hd/lib/sky130_fd_sc_hd__tt_025C_1v80.lib
Using 1e-12 for capacitance...
Using 1e+03 for resistance...
Using 1e-09 for time...
Using 1e+00 for voltage...
Using 1e-03 for current...
Using 1e-09 for power...
Using 1e-06 for distance...
[INFO]: Reading ODB at '/openlane/designs/lab5_v1/runs/RUN_2025.05.25_12.28.52/tmp/routing/21-fill.odb'…
Reading design constraints file at '/openlane/designs/lab5_v1/constraints/top_pnr.sdc'…
[INFO ORD-0030] Using 2 thread(s).
[INFO DRT-0149] Reading tech and libs.
[WARNING DRT-0349] LEF58_ENCLOSURE with no CUTCLASS is not supported. Skipping for layer mcon
[WARNING DRT-0349] LEF58_ENCLOSURE with no CUTCLASS is not supported. Skipping for layer mcon
[WARNING DRT-0349] LEF58_ENCLOSURE with no CUTCLASS is not supported. Skipping for layer via
[WARNING DRT-0349] LEF58_ENCLOSURE with no CUTCLASS is not supported. Skipping for layer via
[WARNING DRT-0349] LEF58_ENCLOSURE with no CUTCLASS is not supported. Skipping for layer via2
[WARNING DRT-0349] LEF58_ENCLOSURE with no CUTCLASS is not supported. Skipping for layer via2
[WARNING DRT-0349] LEF58_ENCLOSURE with no CUTCLASS is not supported. Skipping for layer via3
[WARNING DRT-0349] LEF58_ENCLOSURE with no CUTCLASS is not supported. Skipping for layer via3
[WARNING DRT-0349] LEF58_ENCLOSURE with no CUTCLASS is not supported. Skipping for layer via4
[WARNING DRT-0349] LEF58_ENCLOSURE with no CUTCLASS is not supported. Skipping for layer via4

Units:                1000
Number of layers:     13
Number of macros:     441
Number of vias:       29
Number of viarulegen: 25

[INFO DRT-0150] Reading design.

Design:                   top_module
Die area:                 ( 0 0 ) ( 100000 100000 )
Number of track patterns: 12
Number of DEF vias:       0
Number of components:     930
Number of terminals:      16
Number of snets:          2
Number of nets:           269

[INFO DRT-0167] List of default vias:
  Layer via
    default via: M1M2_PR
  Layer via2
    default via: M2M3_PR
  Layer via3
    default via: M3M4_PR
  Layer via4
    default via: M4M5_PR
[INFO DRT-0162] Library cell analysis.
[INFO DRT-0163] Instance analysis.
[INFO DRT-0164] Number of unique instances = 151.
[INFO DRT-0168] Init region query.
[INFO DRT-0024]   Complete FR_MASTERSLICE.
[INFO DRT-0024]   Complete Fr_VIA.
[INFO DRT-0024]   Complete li1.
[INFO DRT-0024]   Complete mcon.
[INFO DRT-0024]   Complete met1.
[INFO DRT-0024]   Complete via.
[INFO DRT-0024]   Complete met2.
[INFO DRT-0024]   Complete via2.
[INFO DRT-0024]   Complete met3.
[INFO DRT-0024]   Complete via3.
[INFO DRT-0024]   Complete met4.
[INFO DRT-0024]   Complete via4.
[INFO DRT-0024]   Complete met5.
[INFO DRT-0033] FR_MASTERSLICE shape region query size = 0.
[INFO DRT-0033] FR_VIA shape region query size = 0.
[INFO DRT-0033] li1 shape region query size = 10664.
[INFO DRT-0033] mcon shape region query size = 4032.
[INFO DRT-0033] met1 shape region query size = 2259.
[INFO DRT-0033] via shape region query size = 580.
[INFO DRT-0033] met2 shape region query size = 348.
[INFO DRT-0033] via2 shape region query size = 464.
[INFO DRT-0033] met3 shape region query size = 362.
[INFO DRT-0033] via3 shape region query size = 464.
[INFO DRT-0033] met4 shape region query size = 164.
[INFO DRT-0033] via4 shape region query size = 32.
[INFO DRT-0033] met5 shape region query size = 48.
[INFO DRT-0165] Start pin access.
[INFO DRT-0078]   Complete 456 pins.
[INFO DRT-0079]   Complete 100 unique inst patterns.
[INFO DRT-0081]   Complete 133 unique inst patterns.
[INFO DRT-0084]   Complete 204 groups.
#scanned instances     = 930
#unique  instances     = 151
#stdCellGenAp          = 3556
#stdCellValidPlanarAp  = 12
#stdCellValidViaAp     = 2744
#stdCellPinNoAp        = 0
#stdCellPinCnt         = 836
#instTermValidViaApCnt = 0
#macroGenAp            = 0
#macroValidPlanarAp    = 0
#macroValidViaAp       = 0
#macroNoAp             = 0
[INFO DRT-0166] Complete pin access.
[INFO DRT-0267] cpu time = 00:00:09, elapsed time = 00:00:03, memory = 120.49 (MB), peak = 120.49 (MB)

Number of guides:     3358

[INFO DRT-0169] Post process guides.
[INFO DRT-0176] GCELLGRID X 0 DO 14 STEP 6900 ;
[INFO DRT-0177] GCELLGRID Y 0 DO 14 STEP 6900 ;
[INFO DRT-0028]   Complete FR_MASTERSLICE.
[INFO DRT-0028]   Complete Fr_VIA.
[INFO DRT-0028]   Complete li1.
[INFO DRT-0028]   Complete mcon.
[INFO DRT-0028]   Complete met1.
[INFO DRT-0028]   Complete via.
[INFO DRT-0028]   Complete met2.
[INFO DRT-0028]   Complete via2.
[INFO DRT-0028]   Complete met3.
[INFO DRT-0028]   Complete via3.
[INFO DRT-0028]   Complete met4.
[INFO DRT-0028]   Complete via4.
[INFO DRT-0028]   Complete met5.
[INFO DRT-0178] Init guide query.
[INFO DRT-0035]   Complete FR_MASTERSLICE (guide).
[INFO DRT-0035]   Complete Fr_VIA (guide).
[INFO DRT-0035]   Complete li1 (guide).
[INFO DRT-0035]   Complete mcon (guide).
[INFO DRT-0035]   Complete met1 (guide).
[INFO DRT-0035]   Complete via (guide).
[INFO DRT-0035]   Complete met2 (guide).
[INFO DRT-0035]   Complete via2 (guide).
[INFO DRT-0035]   Complete met3 (guide).
[INFO DRT-0035]   Complete via3 (guide).
[INFO DRT-0035]   Complete met4 (guide).
[INFO DRT-0035]   Complete via4 (guide).
[INFO DRT-0035]   Complete met5 (guide).
[INFO DRT-0036] FR_MASTERSLICE guide region query size = 0.
[INFO DRT-0036] FR_VIA guide region query size = 0.
[INFO DRT-0036] li1 guide region query size = 820.
[INFO DRT-0036] mcon guide region query size = 0.
[INFO DRT-0036] met1 guide region query size = 842.
[INFO DRT-0036] via guide region query size = 0.
[INFO DRT-0036] met2 guide region query size = 613.
[INFO DRT-0036] via2 guide region query size = 0.
[INFO DRT-0036] met3 guide region query size = 219.
[INFO DRT-0036] via3 guide region query size = 0.
[INFO DRT-0036] met4 guide region query size = 73.
[INFO DRT-0036] via4 guide region query size = 0.
[INFO DRT-0036] met5 guide region query size = 8.
[INFO DRT-0179] Init gr pin query.
[INFO DRT-0245] skipped writing guide updates to database.
[INFO DRT-0185] Post process initialize RPin region query.
[INFO DRT-0181] Start track assignment.
[INFO DRT-0184] Done with 1506 vertical wires in 1 frboxes and 1069 horizontal wires in 1 frboxes.
[INFO DRT-0186] Done with 347 vertical wires in 1 frboxes and 429 horizontal wires in 1 frboxes.
[INFO DRT-0182] Complete track assignment.
[INFO DRT-0267] cpu time = 00:00:00, elapsed time = 00:00:00, memory = 125.98 (MB), peak = 125.98 (MB)
[INFO DRT-0187] Start routing data preparation.
[INFO DRT-0267] cpu time = 00:00:00, elapsed time = 00:00:00, memory = 125.98 (MB), peak = 125.98 (MB)
[INFO DRT-0194] Start detail routing.
[INFO DRT-0195] Start 0th optimization iteration.
    Completing 10% with 0 violations.
    elapsed time = 00:00:03, memory = 133.05 (MB).
    Completing 20% with 104 violations.
    elapsed time = 00:00:04, memory = 136.95 (MB).
    Completing 30% with 191 violations.
    elapsed time = 00:00:08, memory = 146.82 (MB).
    Completing 40% with 297 violations.
    elapsed time = 00:00:14, memory = 160.80 (MB).
[INFO DRT-0199]   Number of violations = 539.
Viol/Layer         li1   met1   met2   met3   met4   via4   met5
Metal Spacing        3     16     49     17      2      0      1
NS Metal             1      0      0      0      0      0      0
Recheck              0     16     25     24      7      0      2
Short                0    214    140     19      2      1      0
[INFO DRT-0267] cpu time = 00:00:15, elapsed time = 00:00:15, memory = 488.46 (MB), peak = 488.46 (MB)
Total wire length = 22510 um.
Total wire length on LAYER li1 = 0 um.
Total wire length on LAYER met1 = 7885 um.
Total wire length on LAYER met2 = 8136 um.
Total wire length on LAYER met3 = 4588 um.
Total wire length on LAYER met4 = 1537 um.
Total wire length on LAYER met5 = 362 um.
Total number of vias = 2660.
Up-via summary (total 2660):

-----------------------
 FR_MASTERSLICE       0
            li1     839
           met1    1322
           met2     338
           met3     149
           met4      12
-----------------------
                   2660


[INFO DRT-0195] Start 1st optimization iteration.
    Completing 10% with 539 violations.
    elapsed time = 00:00:00, memory = 492.07 (MB).
    Completing 20% with 539 violations.
    elapsed time = 00:00:00, memory = 492.07 (MB).
    Completing 30% with 539 violations.
    elapsed time = 00:00:00, memory = 492.07 (MB).
    Completing 40% with 539 violations.
    elapsed time = 00:00:00, memory = 492.07 (MB).
    Completing 50% with 538 violations.
    elapsed time = 00:00:00, memory = 498.97 (MB).
    Completing 60% with 538 violations.
    elapsed time = 00:00:01, memory = 498.97 (MB).
    Completing 70% with 475 violations.
    elapsed time = 00:00:01, memory = 498.97 (MB).
    Completing 80% with 475 violations.
    elapsed time = 00:00:02, memory = 498.97 (MB).
    Completing 90% with 471 violations.
    elapsed time = 00:00:10, memory = 498.97 (MB).
    Completing 100% with 255 violations.
    elapsed time = 00:00:10, memory = 498.97 (MB).
[INFO DRT-0199]   Number of violations = 255.
Viol/Layer        met1   met2   met3   met4
Metal Spacing        9     30     11      1
Short              180     22      2      0
[INFO DRT-0267] cpu time = 00:00:13, elapsed time = 00:00:11, memory = 502.17 (MB), peak = 502.17 (MB)
Total wire length = 22350 um.
Total wire length on LAYER li1 = 0 um.
Total wire length on LAYER met1 = 7817 um.
Total wire length on LAYER met2 = 8026 um.
Total wire length on LAYER met3 = 4492 um.
Total wire length on LAYER met4 = 1664 um.
Total wire length on LAYER met5 = 349 um.
Total number of vias = 2644.
Up-via summary (total 2644):

-----------------------
 FR_MASTERSLICE       0
            li1     839
           met1    1309
           met2     335
           met3     149
           met4      12
-----------------------
                   2644


[INFO DRT-0195] Start 2nd optimization iteration.
    Completing 10% with 255 violations.
    elapsed time = 00:00:00, memory = 502.17 (MB).
    Completing 20% with 255 violations.
    elapsed time = 00:00:00, memory = 502.17 (MB).
    Completing 30% with 255 violations.
    elapsed time = 00:00:00, memory = 502.17 (MB).
    Completing 40% with 255 violations.
    elapsed time = 00:00:00, memory = 503.46 (MB).
    Completing 50% with 273 violations.
    elapsed time = 00:00:00, memory = 515.57 (MB).
    Completing 60% with 273 violations.
    elapsed time = 00:00:04, memory = 512.15 (MB).
    Completing 70% with 267 violations.
    elapsed time = 00:00:04, memory = 512.15 (MB).
    Completing 80% with 267 violations.
    elapsed time = 00:00:05, memory = 513.44 (MB).
    Completing 90% with 268 violations.
    elapsed time = 00:00:12, memory = 513.44 (MB).
    Completing 100% with 302 violations.
    elapsed time = 00:00:12, memory = 513.44 (MB).
[INFO DRT-0199]   Number of violations = 302.
Viol/Layer        met1   met2   met3
Metal Spacing       14     24     10
Short              205     45      4
[INFO DRT-0267] cpu time = 00:00:13, elapsed time = 00:00:13, memory = 513.44 (MB), peak = 523.95 (MB)
Total wire length = 22268 um.
Total wire length on LAYER li1 = 0 um.
Total wire length on LAYER met1 = 7712 um.
Total wire length on LAYER met2 = 7982 um.
Total wire length on LAYER met3 = 4526 um.
Total wire length on LAYER met4 = 1714 um.
Total wire length on LAYER met5 = 333 um.
Total number of vias = 2626.
Up-via summary (total 2626):

-----------------------
 FR_MASTERSLICE       0
            li1     839
           met1    1269
           met2     363
           met3     143
           met4      12
-----------------------
                   2626


[INFO DRT-0195] Start 3rd optimization iteration.
    Completing 10% with 302 violations.
    elapsed time = 00:00:01, memory = 524.07 (MB).
    Completing 20% with 302 violations.
    elapsed time = 00:00:06, memory = 524.07 (MB).
    Completing 30% with 291 violations.
    elapsed time = 00:00:12, memory = 524.07 (MB).
    Completing 40% with 291 violations.
    elapsed time = 00:00:22, memory = 524.07 (MB).
[INFO DRT-0199]   Number of violations = 285.
Viol/Layer        met1   met2   met3   met4
Metal Spacing       17     23      5      3
Short              166     60      0     11
[INFO DRT-0267] cpu time = 00:00:23, elapsed time = 00:00:22, memory = 502.68 (MB), peak = 524.07 (MB)
Total wire length = 22270 um.
Total wire length on LAYER li1 = 0 um.
Total wire length on LAYER met1 = 7655 um.
Total wire length on LAYER met2 = 7901 um.
Total wire length on LAYER met3 = 4505 um.
Total wire length on LAYER met4 = 1875 um.
Total wire length on LAYER met5 = 333 um.
Total number of vias = 2684.
Up-via summary (total 2684):

-----------------------
 FR_MASTERSLICE       0
            li1     839
           met1    1290
           met2     378
           met3     165
           met4      12
-----------------------
                   2684


[INFO DRT-0195] Start 4th optimization iteration.
    Completing 10% with 285 violations.
    elapsed time = 00:00:00, memory = 502.68 (MB).
    Completing 20% with 285 violations.
    elapsed time = 00:00:00, memory = 502.68 (MB).
    Completing 30% with 285 violations.
    elapsed time = 00:00:00, memory = 502.68 (MB).
    Completing 40% with 285 violations.
    elapsed time = 00:00:02, memory = 502.68 (MB).
    Completing 50% with 274 violations.
    elapsed time = 00:00:02, memory = 502.68 (MB).
    Completing 60% with 274 violations.
    elapsed time = 00:00:07, memory = 502.68 (MB).
    Completing 70% with 274 violations.
    elapsed time = 00:00:07, memory = 502.68 (MB).
    Completing 80% with 274 violations.
    elapsed time = 00:00:09, memory = 502.71 (MB).
    Completing 90% with 219 violations.
    elapsed time = 00:00:23, memory = 502.73 (MB).
    Completing 100% with 90 violations.
    elapsed time = 00:00:23, memory = 502.73 (MB).
[INFO DRT-0199]   Number of violations = 90.
Viol/Layer        met1   met2
Metal Spacing        9      9
Short               51     21
[INFO DRT-0267] cpu time = 00:00:24, elapsed time = 00:00:23, memory = 502.73 (MB), peak = 524.07 (MB)
Total wire length = 22251 um.
Total wire length on LAYER li1 = 0 um.
Total wire length on LAYER met1 = 7479 um.
Total wire length on LAYER met2 = 7817 um.
Total wire length on LAYER met3 = 4658 um.
Total wire length on LAYER met4 = 1983 um.
Total wire length on LAYER met5 = 313 um.
Total number of vias = 2776.
Up-via summary (total 2776):

-----------------------
 FR_MASTERSLICE       0
            li1     839
           met1    1310
           met2     429
           met3     188
           met4      10
-----------------------
                   2776


[INFO DRT-0195] Start 5th optimization iteration.
    Completing 10% with 90 violations.
    elapsed time = 00:00:00, memory = 502.73 (MB).
    Completing 20% with 90 violations.
    elapsed time = 00:00:00, memory = 502.73 (MB).
    Completing 30% with 90 violations.
    elapsed time = 00:00:00, memory = 502.73 (MB).
    Completing 40% with 90 violations.
    elapsed time = 00:00:00, memory = 502.73 (MB).
    Completing 50% with 90 violations.
    elapsed time = 00:00:00, memory = 502.73 (MB).
    Completing 60% with 90 violations.
    elapsed time = 00:00:00, memory = 502.73 (MB).
    Completing 70% with 66 violations.
    elapsed time = 00:00:00, memory = 502.73 (MB).
    Completing 80% with 66 violations.
    elapsed time = 00:00:00, memory = 502.73 (MB).
    Completing 90% with 64 violations.
    elapsed time = 00:00:07, memory = 524.32 (MB).
    Completing 100% with 0 violations.
    elapsed time = 00:00:07, memory = 524.32 (MB).
[INFO DRT-0199]   Number of violations = 0.
[INFO DRT-0267] cpu time = 00:00:08, elapsed time = 00:00:07, memory = 524.32 (MB), peak = 553.86 (MB)
Total wire length = 22157 um.
Total wire length on LAYER li1 = 0 um.
Total wire length on LAYER met1 = 7438 um.
Total wire length on LAYER met2 = 7760 um.
Total wire length on LAYER met3 = 4611 um.
Total wire length on LAYER met4 = 2032 um.
Total wire length on LAYER met5 = 313 um.
Total number of vias = 2759.
Up-via summary (total 2759):

-----------------------
 FR_MASTERSLICE       0
            li1     839
           met1    1301
           met2     425
           met3     184
           met4      10
-----------------------
                   2759


[INFO DRT-0198] Complete detail routing.
Total wire length = 22157 um.
Total wire length on LAYER li1 = 0 um.
Total wire length on LAYER met1 = 7438 um.
Total wire length on LAYER met2 = 7760 um.
Total wire length on LAYER met3 = 4611 um.
Total wire length on LAYER met4 = 2032 um.
Total wire length on LAYER met5 = 313 um.
Total number of vias = 2759.
Up-via summary (total 2759):

-----------------------
 FR_MASTERSLICE       0
            li1     839
           met1    1301
           met2     425
           met3     184
           met4      10
-----------------------
                   2759


[INFO DRT-0267] cpu time = 00:01:38, elapsed time = 00:01:33, memory = 524.32 (MB), peak = 553.86 (MB)

[INFO DRT-0180] Post processing.
Setting global connections for newly added cells…
Writing OpenROAD database to '/openlane/designs/lab5_v1/runs/RUN_2025.05.25_12.28.52/results/routing/top_module.odb'…
Writing netlist to '/openlane/designs/lab5_v1/runs/RUN_2025.05.25_12.28.52/results/routing/top_module.nl.v'…
Writing powered netlist to '/openlane/designs/lab5_v1/runs/RUN_2025.05.25_12.28.52/results/routing/top_module.pnl.v'…
Writing layout to '/openlane/designs/lab5_v1/runs/RUN_2025.05.25_12.28.52/results/routing/top_module.def'…
