
===========================================================================
report_checks -unconstrained
===========================================================================
======================= Typical Corner ===================================

Startpoint: _1267_ (rising edge-triggered flip-flop clocked by core_clock)
Endpoint: _1243_ (rising edge-triggered flip-flop clocked by core_clock)
Path Group: core_clock
Path Type: max

Fanout     Cap    Slew   Delay    Time   Description
-----------------------------------------------------------------------------
                          0.00    0.00   clock core_clock (rise edge)
                          0.00    0.00   clock source latency
     1    0.01    0.00    0.00    0.00 ^ clk (in)
                                         clk (net)
                  0.00    0.00    0.00 ^ clkbuf_0_clk/A (sky130_fd_sc_hd__clkbuf_16)
     8    0.03    0.06    0.12    0.12 ^ clkbuf_0_clk/X (sky130_fd_sc_hd__clkbuf_16)
                                         clknet_0_clk (net)
                  0.06    0.00    0.12 ^ clkbuf_3_1_0_clk/A (sky130_fd_sc_hd__clkbuf_8)
     2    0.02    0.05    0.14    0.26 ^ clkbuf_3_1_0_clk/X (sky130_fd_sc_hd__clkbuf_8)
                                         clknet_3_1_0_clk (net)
                  0.05    0.00    0.26 ^ clkbuf_4_2__f_clk/A (sky130_fd_sc_hd__clkbuf_16)
    10    0.02    0.04    0.13    0.38 ^ clkbuf_4_2__f_clk/X (sky130_fd_sc_hd__clkbuf_16)
                                         clknet_4_2__leaf_clk (net)
                  0.04    0.00    0.38 ^ _1267_/CLK (sky130_fd_sc_hd__dfxtp_4)
     3    0.06    0.09    0.39    0.77 v _1267_/Q (sky130_fd_sc_hd__dfxtp_4)
                                         Module2.RegisterFile[21][1] (net)
                  0.09    0.02    0.79 v _0732_/A1 (sky130_fd_sc_hd__mux2_8)
     1    0.05    0.09    0.36    1.15 v _0732_/X (sky130_fd_sc_hd__mux2_8)
                                         _0246_ (net)
                  0.10    0.02    1.17 v _0735_/A2 (sky130_fd_sc_hd__o221a_4)
     1    0.05    0.11    0.35    1.52 v _0735_/X (sky130_fd_sc_hd__o221a_4)
                                         _0249_ (net)
                  0.11    0.01    1.52 v _0736_/B1 (sky130_fd_sc_hd__a21o_1)
     1    0.00    0.03    0.17    1.69 v _0736_/X (sky130_fd_sc_hd__a21o_1)
                                         _0250_ (net)
                  0.03    0.00    1.69 v _0743_/A0 (sky130_fd_sc_hd__mux2_4)
     1    0.05    0.11    0.34    2.03 v _0743_/X (sky130_fd_sc_hd__mux2_4)
                                         _0257_ (net)
                  0.11    0.01    2.04 v _0744_/A1 (sky130_fd_sc_hd__mux2_2)
     1    0.03    0.11    0.36    2.40 v _0744_/X (sky130_fd_sc_hd__mux2_2)
                                         _0258_ (net)
                  0.11    0.00    2.41 v _0745_/A0 (sky130_fd_sc_hd__mux2_4)
     1    0.00    0.05    0.29    2.70 v _0745_/X (sky130_fd_sc_hd__mux2_4)
                                         _0259_ (net)
                  0.05    0.00    2.70 v _0746_/A (sky130_fd_sc_hd__clkbuf_1)
     1    0.00    0.03    0.10    2.80 v _0746_/X (sky130_fd_sc_hd__clkbuf_1)
                                         _0001_ (net)
                  0.03    0.00    2.80 v _1243_/D (sky130_fd_sc_hd__dfxtp_4)
                                  2.80   data arrival time

                         10.00   10.00   clock core_clock (rise edge)
                          0.00   10.00   clock source latency
     1    0.01    0.00    0.00   10.00 ^ clk (in)
                                         clk (net)
                  0.00    0.00   10.00 ^ clkbuf_0_clk/A (sky130_fd_sc_hd__clkbuf_16)
     8    0.03    0.06    0.12   10.12 ^ clkbuf_0_clk/X (sky130_fd_sc_hd__clkbuf_16)
                                         clknet_0_clk (net)
                  0.06    0.00   10.12 ^ clkbuf_3_5_0_clk/A (sky130_fd_sc_hd__clkbuf_8)
     2    0.02    0.05    0.14   10.26 ^ clkbuf_3_5_0_clk/X (sky130_fd_sc_hd__clkbuf_8)
                                         clknet_3_5_0_clk (net)
                  0.05    0.00   10.26 ^ clkbuf_4_11__f_clk/A (sky130_fd_sc_hd__clkbuf_16)
    12    0.03    0.05    0.13   10.39 ^ clkbuf_4_11__f_clk/X (sky130_fd_sc_hd__clkbuf_16)
                                         clknet_4_11__leaf_clk (net)
                  0.05    0.00   10.39 ^ _1243_/CLK (sky130_fd_sc_hd__dfxtp_4)
                          0.00   10.39   clock reconvergence pessimism
                         -0.11   10.28   library setup time
                                 10.28   data required time
-----------------------------------------------------------------------------
                                 10.28   data required time
                                 -2.80   data arrival time
-----------------------------------------------------------------------------
                                  7.49   slack (MET)




===========================================================================
report_checks --slack_max -0.01
============================================================================
======================= Typical Corner ===================================

No paths found.


===========================================================================
 report_check_types -max_slew -max_cap -max_fanout -violators
============================================================================
======================= Typical Corner ===================================


max slew violations count Typical: 0
max fanout violations count Typical: 0
max cap violations count Typical: 0

===========================================================================
report_parasitic_annotation -report_unannotated
============================================================================
Found 8 unannotated drivers.
 clkload0/X
 clkload1/X
 clkload2/Y
 clkload3/X
 clkload4/X
 clkload5/X
 clkload6/X
 clkload7/Y
Found 580 partially unannotated drivers.
 A2[1]
 clk
 inputB[2]
 _0621_/X
 _0622_/X
 _0625_/Y
 _0626_/X
 _0628_/Y
 _0629_/Y
 _0630_/X
 _0632_/Y
 _0633_/X
 _0634_/Y
 _0635_/X
 _0637_/X
 _0639_/X
 _0640_/X
 _0641_/X
 _0642_/Y
 _0644_/Y
 _0645_/X
 _0646_/Y
 _0647_/X
 _0648_/X
 _0649_/X
 _0650_/X
 _0652_/X
 _0653_/X
 _0654_/X
 _0655_/X
 _0661_/Y
 _0662_/X
 _0663_/X
 _0664_/X
 _0667_/Y
 _0668_/Y
 _0670_/Y
 _0674_/X
 _0675_/X
 _0676_/X
 _0677_/X
 _0678_/X
 _0679_/X
 _0680_/X
 _0681_/X
 _0683_/X
 _0684_/X
 _0687_/X
 _0688_/X
 _0689_/Y
 _0690_/X
 _0692_/X
 _0695_/X
 _0697_/X
 _0698_/X
 _0699_/Y
 _0703_/X
 _0709_/X
 _0710_/X
 _0711_/X
 _0713_/Y
 _0717_/X
 _0718_/X
 _0719_/X
 _0720_/X
 _0721_/X
 _0722_/X
 _0723_/X
 _0724_/X
 _0725_/X
 _0726_/X
 _0728_/X
 _0729_/X
 _0730_/X
 _0731_/X
 _0733_/X
 _0734_/X
 _0736_/X
 _0745_/X
 _0748_/X
 _0749_/X
 _0750_/X
 _0751_/X
 _0753_/X
 _0754_/X
 _0756_/X
 _0758_/X
 _0762_/X
 _0767_/X
 _0769_/X
 _0770_/X
 _0771_/X
 _0772_/X
 _0773_/X
 _0774_/X
 _0776_/X
 _0777_/X
 _0778_/X
 _0779_/X
 _0781_/X
 _0782_/X
 _0783_/X
 _0785_/Y
 _0786_/Y
 _0787_/X
 _0788_/X
 _0789_/X
 _0790_/X
 _0791_/X
 _0793_/Y
 _0794_/X
 _0795_/X
 _0798_/X
 _0799_/Y
 _0800_/X
 _0801_/Y
 _0803_/X
 _0804_/X
 _0805_/Y
 _0806_/X
 _0807_/Y
 _0808_/X
 _0809_/X
 _0810_/X
 _0811_/X
 _0813_/X
 _0816_/X
 _0817_/X
 _0818_/X
 _0819_/X
 _0820_/X
 _0821_/X
 _0822_/Y
 _0824_/X
 _0825_/X
 _0826_/X
 _0827_/X
 _0828_/X
 _0829_/X
 _0831_/X
 _0834_/X
 _0835_/X
 _0836_/X
 _0838_/X
 _0839_/X
 _0840_/X
 _0841_/X
 _0842_/X
 _0843_/X
 _0844_/Y
 _0845_/X
 _0849_/X
 _0850_/X
 _0851_/X
 _0852_/X
 _0853_/X
 _0854_/X
 _0855_/X
 _0856_/X
 _0857_/Y
 _0858_/X
 _0860_/X
 _0862_/X
 _0864_/X
 _0866_/Y
 _0867_/Y
 _0868_/X
 _0869_/X
 _0870_/X
 _0872_/X
 _0873_/X
 _0874_/X
 _0876_/X
 _0877_/X
 _0878_/X
 _0879_/X
 _0881_/X
 _0882_/X
 _0883_/X
 _0884_/X
 _0885_/X
 _0886_/X
 _0889_/X
 _0890_/X
 _0891_/X
 _0892_/X
 _0893_/X
 _0895_/X
 _0896_/Y
 _0897_/X
 _0898_/X
 _0899_/X
 _0903_/X
 _0905_/X
 _0906_/X
 _0907_/X
 _0908_/X
 _0909_/X
 _0913_/X
 _0914_/X
 _0916_/X
 _0917_/X
 _0919_/X
 _0920_/X
 _0922_/X
 _0924_/Y
 _0925_/X
 _0927_/X
 _0928_/X
 _0931_/X
 _0933_/X
 _0934_/Y
 _0935_/Y
 _0937_/X
 _0938_/X
 _0941_/X
 _0942_/X
 _0944_/X
 _0945_/X
 _0947_/Y
 _0948_/X
 _0952_/X
 _0953_/X
 _0954_/X
 _0956_/Y
 _0959_/X
 _0960_/X
 _0961_/X
 _0962_/X
 _0963_/X
 _0965_/Y
 _0966_/Y
 _0969_/X
 _0970_/X
 _0974_/X
 _0975_/Y
 _0978_/X
 _0979_/X
 _0980_/X
 _0981_/X
 _0982_/X
 _0983_/X
 _0984_/Y
 _0990_/X
 _0991_/X
 _0992_/X
 _0993_/Y
 _0995_/X
 _0997_/X
 _0998_/X
 _0999_/X
 _1000_/X
 _1002_/Y
 _1004_/X
 _1008_/X
 _1011_/Y
 _1012_/X
 _1013_/X
 _1014_/X
 _1015_/X
 _1016_/X
 _1017_/X
 _1019_/X
 _1020_/Y
 _1021_/X
 _1022_/X
 _1023_/X
 _1024_/X
 _1025_/X
 _1026_/X
 _1027_/X
 _1029_/X
 _1030_/Y
 _1031_/X
 _1032_/X
 _1036_/X
 _1039_/Y
 _1041_/X
 _1042_/X
 _1043_/X
 _1044_/X
 _1046_/X
 _1047_/X
 _1048_/Y
 _1050_/X
 _1051_/X
 _1052_/X
 _1053_/X
 _1054_/X
 _1055_/X
 _1057_/Y
 _1059_/X
 _1060_/X
 _1062_/X
 _1063_/X
 _1064_/X
 _1065_/X
 _1066_/Y
 _1069_/X
 _1072_/X
 _1074_/X
 _1075_/Y
 _1077_/X
 _1078_/X
 _1080_/X
 _1081_/X
 _1083_/X
 _1085_/X
 _1086_/X
 _1087_/X
 _1089_/X
 _1091_/X
 _1092_/X
 _1093_/Y
 _1094_/X
 _1095_/X
 _1096_/X
 _1097_/X
 _1098_/X
 _1099_/X
 _1100_/X
 _1102_/Y
 _1103_/X
 _1104_/X
 _1105_/X
 _1106_/X
 _1107_/X
 _1109_/X
 _1110_/X
 _1111_/Y
 _1115_/X
 _1118_/X
 _1119_/X
 _1120_/Y
 _1121_/X
 _1122_/X
 _1123_/X
 _1124_/X
 _1126_/X
 _1127_/X
 _1128_/X
 _1130_/X
 _1131_/X
 _1132_/X
 _1134_/X
 _1136_/X
 _1137_/X
 _1140_/X
 _1141_/X
 _1142_/X
 _1145_/X
 _1146_/X
 _1147_/X
 _1150_/X
 _1157_/X
 _1158_/X
 _1159_/X
 _1160_/X
 _1161_/X
 _1162_/X
 _1163_/X
 _1165_/X
 _1167_/X
 _1168_/X
 _1170_/X
 _1171_/X
 _1172_/X
 _1173_/X
 _1174_/X
 _1175_/X
 _1176_/X
 _1177_/X
 _1178_/X
 _1180_/X
 _1182_/X
 _1183_/X
 _1186_/X
 _1187_/X
 _1188_/X
 _1189_/X
 _1190_/X
 _1192_/X
 _1193_/X
 _1195_/X
 _1197_/X
 _1198_/X
 _1200_/X
 _1202_/X
 _1204_/X
 _1207_/X
 _1208_/X
 _1209_/X
 _1211_/X
 _1216_/X
 _1218_/X
 _1219_/X
 _1220_/X
 _1221_/X
 _1222_/X
 _1223_/X
 _1226_/X
 _1227_/X
 _1229_/X
 _1233_/X
 _1235_/X
 _1236_/X
 _1238_/X
 _1241_/X
 _1243_/Q
 _1244_/Q
 _1245_/Q
 _1246_/Q
 _1247_/Q
 _1249_/Q
 _1251_/Q
 _1252_/Q
 _1253_/Q
 _1254_/Q
 _1256_/Q
 _1257_/Q
 _1258_/Q
 _1259_/Q
 _1260_/Q
 _1261_/Q
 _1262_/Q
 _1263_/Q
 _1264_/Q
 _1265_/Q
 _1266_/Q
 _1267_/Q
 _1268_/Q
 _1269_/Q
 _1270_/Q
 _1271_/Q
 _1272_/Q
 _1273_/Q
 _1275_/Q
 _1277_/Q
 _1278_/Q
 _1279_/Q
 _1281_/Q
 _1282_/Q
 _1283_/Q
 _1285_/Q
 _1286_/Q
 _1287_/Q
 _1288_/Q
 _1290_/Q
 _1291_/Q
 _1292_/Q
 _1293_/Q
 _1294_/Q
 _1295_/Q
 _1296_/Q
 _1297_/Q
 _1298_/Q
 _1299_/Q
 _1300_/Q
 _1301_/Q
 _1302_/Q
 _1303_/Q
 _1304_/Q
 _1305_/Q
 _1306_/Q
 _1307_/Q
 _1308_/Q
 _1309_/Q
 _1310_/Q
 _1311_/Q
 _1312_/Q
 _1313_/Q
 _1314_/Q
 _1315_/Q
 _1316_/Q
 _1317_/Q
 _1318_/Q
 _1319_/Q
 _1320_/Q
 _1321_/Q
 _1322_/Q
 _1323_/Q
 _1324_/Q
 _1325_/Q
 _1326_/Q
 _1327_/Q
 _1328_/Q
 _1329_/Q
 _1330_/Q
 _1331_/Q
 _1332_/Q
 _1333_/Q
 _1334_/Q
 _1335_/Q
 _1336_/Q
 _1337_/Q
 _1343_/Q
 _1344_/Q
 _1345_/Q
 _1346_/Q
 _1347_/Q
 _1349_/Q
 _1351_/Q
 _1352_/Q
 _1353_/Q
 _1354_/Q
 _1355_/Q
 _1356_/Q
 _1357_/Q
 _1358_/Q
 _1359_/Q
 _1360_/Q
 _1362_/Q
 _1363_/Q
 _1364_/Q
 _1365_/Q
 _1366_/Q
 _1367_/Q
 _1368_/Q
 _1369_/Q
 _1370_/Q
 _1371_/Q
 _1372_/Q
 _1373_/Q
 _1374_/Q
 _1375_/Q
 _1377_/Q
 _1378_/Q
 _1379_/Q
 _1380_/Q
 _1381_/Q
 _1384_/Q
 clkbuf_0_clk/X
 clkbuf_3_0_0_clk/X
 clkbuf_3_1_0_clk/X
 clkbuf_3_2_0_clk/X
 clkbuf_3_3_0_clk/X
 clkbuf_3_4_0_clk/X
 clkbuf_3_5_0_clk/X
 clkbuf_3_6_0_clk/X
 clkbuf_3_7_0_clk/X
 clkbuf_4_0__f_clk/X
 clkbuf_4_10__f_clk/X
 clkbuf_4_11__f_clk/X
 clkbuf_4_12__f_clk/X
 clkbuf_4_13__f_clk/X
 clkbuf_4_14__f_clk/X
 clkbuf_4_1__f_clk/X
 clkbuf_4_2__f_clk/X
 clkbuf_4_3__f_clk/X
 clkbuf_4_4__f_clk/X
 clkbuf_4_5__f_clk/X
 clkbuf_4_6__f_clk/X
 clkbuf_4_7__f_clk/X
 clkbuf_4_8__f_clk/X
 clkbuf_4_9__f_clk/X
 input1/X
 input10/X
 input11/X
 input15/X
 input16/X
 input17/X
 input18/X
 input19/X
 input2/X
 input20/X
 input22/X
 input23/X
 input24/X
 input25/X
 input26/X
 input27/X
 input28/X
 input29/X
 input3/X
 input4/X
 input5/X
 input6/X
 input7/X
 input8/X
 input9/X

===========================================================================
max slew violation count 0
max fanout violation count 0
max cap violation count 0
============================================================================

===========================================================================
check_setup -verbose -unconstrained_endpoints -multiple_clock -no_clock -no_input_delay -loops -generated_clocks
===========================================================================
Warning: There are 30 input ports missing set_input_delay.
  A1[0]
  A1[1]
  A1[2]
  A1[3]
  A1[4]
  A2[0]
  A2[1]
  A2[2]
  A2[3]
  A2[4]
  A3[0]
  A3[1]
  A3[2]
  A3[3]
  A3[4]
  WD3[0]
  WD3[1]
  WD3[2]
  WD3[3]
  WE3
  inputA[0]
  inputA[1]
  inputA[2]
  inputA[3]
  inputB[0]
  inputB[1]
  inputB[2]
  inputB[3]
  opcode[0]
  opcode[1]
Warning: There are 16 unconstrained endpoints.
  RD1[0]
  RD1[1]
  RD1[2]
  RD1[3]
  RD2[0]
  RD2[1]
  RD2[2]
  RD2[3]
  outputC[0]
  outputC[1]
  outputC[2]
  outputC[3]
  _1338_/D
  _1339_/D
  _1340_/D
  _1341_/D
